Java HotSpot(TM) 64-Bit Server VM (25.231-b11) for windows-amd64 JRE (1.8.0_231-b11), built on Oct  5 2019 03:11:30 by "java_re" with MS VC++ 10.0 (VS2010)
Memory: 4k page, physical 16718268k(8514632k free), swap 19208636k(3973876k free)
CommandLine flags: -XX:InitialHeapSize=1073741824 -XX:MaxHeapSize=1073741824 -XX:+PrintGC -XX:+PrintGCDateStamps -XX:+PrintGCDetails -XX:+PrintGCTimeStamps -XX:-UseAdaptiveSizePolicy -XX:+UseCompressedClassPointers -XX:+UseCompressedOops -XX:-UseLargePagesIndividualAllocation -XX:+UseParallelGC 
2022-01-17T00:24:37.860+0800: 0.143: [GC (Allocation Failure) [PSYoungGen: 262144K->43507K(305664K)] 262144K->78053K(1005056K), 0.0097792 secs] [Times: user=0.08 sys=0.08, real=0.01 secs] 
2022-01-17T00:24:37.896+0800: 0.179: [GC (Allocation Failure) [PSYoungGen: 305651K->43509K(305664K)] 340197K->147289K(1005056K), 0.0136563 secs] [Times: user=0.03 sys=0.13, real=0.01 secs] 
2022-01-17T00:24:37.935+0800: 0.218: [GC (Allocation Failure) [PSYoungGen: 305653K->43513K(305664K)] 409433K->219834K(1005056K), 0.0134351 secs] [Times: user=0.02 sys=0.14, real=0.01 secs] 
2022-01-17T00:24:37.972+0800: 0.255: [GC (Allocation Failure) [PSYoungGen: 305657K->43517K(305664K)] 481978K->286965K(1005056K), 0.0132595 secs] [Times: user=0.16 sys=0.00, real=0.01 secs] 
2022-01-17T00:24:38.009+0800: 0.291: [GC (Allocation Failure) [PSYoungGen: 305661K->43517K(305664K)] 549109K->360010K(1005056K), 0.0133627 secs] [Times: user=0.00 sys=0.00, real=0.01 secs] 
2022-01-17T00:24:38.047+0800: 0.329: [GC (Allocation Failure) [PSYoungGen: 305661K->43512K(305664K)] 622154K->436445K(1005056K), 0.0140400 secs] [Times: user=0.08 sys=0.08, real=0.01 secs] 
2022-01-17T00:24:38.083+0800: 0.365: [GC (Allocation Failure) [PSYoungGen: 305656K->43507K(305664K)] 698589K->509977K(1005056K), 0.0139334 secs] [Times: user=0.16 sys=0.00, real=0.01 secs] 
2022-01-17T00:24:38.120+0800: 0.402: [GC (Allocation Failure) [PSYoungGen: 305651K->43508K(305664K)] 772121K->583910K(1005056K), 0.0137504 secs] [Times: user=0.03 sys=0.13, real=0.01 secs] 
2022-01-17T00:24:38.157+0800: 0.440: [GC (Allocation Failure) [PSYoungGen: 305652K->43515K(305664K)] 846054K->650157K(1005056K), 0.0133157 secs] [Times: user=0.05 sys=0.11, real=0.01 secs] 
2022-01-17T00:24:38.197+0800: 0.480: [GC (Allocation Failure) [PSYoungGen: 305659K->43519K(305664K)] 912301K->727472K(1005056K), 0.0155440 secs] [Times: user=0.06 sys=0.09, real=0.02 secs] 
2022-01-17T00:24:38.213+0800: 0.495: [Full GC (Ergonomics) [PSYoungGen: 43519K->0K(305664K)] [ParOldGen: 683952K->350207K(699392K)] 727472K->350207K(1005056K), [Metaspace: 2702K->2702K(1056768K)], 0.0456534 secs] [Times: user=0.28 sys=0.02, real=0.05 secs] 
2022-01-17T00:24:38.287+0800: 0.569: [GC (Allocation Failure) [PSYoungGen: 262144K->43510K(305664K)] 612351K->432631K(1005056K), 0.0096447 secs] [Times: user=0.16 sys=0.00, real=0.01 secs] 
2022-01-17T00:24:38.330+0800: 0.612: [GC (Allocation Failure) [PSYoungGen: 305542K->43518K(305664K)] 694664K->501804K(1005056K), 0.0132686 secs] [Times: user=0.14 sys=0.00, real=0.01 secs] 
2022-01-17T00:24:38.372+0800: 0.654: [GC (Allocation Failure) [PSYoungGen: 305662K->43516K(305664K)] 763948K->572796K(1005056K), 0.0130424 secs] [Times: user=0.16 sys=0.00, real=0.01 secs] 
2022-01-17T00:24:38.412+0800: 0.694: [GC (Allocation Failure) [PSYoungGen: 305660K->43519K(305664K)] 834940K->647394K(1005056K), 0.0133085 secs] [Times: user=0.13 sys=0.00, real=0.01 secs] 
2022-01-17T00:24:38.452+0800: 0.735: [GC (Allocation Failure) [PSYoungGen: 305663K->43518K(305664K)] 909538K->727866K(1005056K), 0.0136953 secs] [Times: user=0.13 sys=0.00, real=0.01 secs] 
2022-01-17T00:24:38.466+0800: 0.748: [Full GC (Ergonomics) [PSYoungGen: 43518K->0K(305664K)] [ParOldGen: 684347K->364884K(699392K)] 727866K->364884K(1005056K), [Metaspace: 2702K->2702K(1056768K)], 0.0441274 secs] [Times: user=0.47 sys=0.00, real=0.04 secs] 
2022-01-17T00:24:38.537+0800: 0.820: [GC (Allocation Failure) [PSYoungGen: 262144K->43516K(305664K)] 627028K->447704K(1005056K), 0.0094847 secs] [Times: user=0.16 sys=0.00, real=0.01 secs] 
2022-01-17T00:24:38.575+0800: 0.858: [GC (Allocation Failure) [PSYoungGen: 305660K->43502K(305664K)] 709848K->527384K(1005056K), 0.0137045 secs] [Times: user=0.16 sys=0.00, real=0.01 secs] 
2022-01-17T00:24:38.615+0800: 0.898: [GC (Allocation Failure) [PSYoungGen: 305646K->43518K(305664K)] 789528K->602627K(1005056K), 0.0132400 secs] [Times: user=0.16 sys=0.00, real=0.01 secs] 
2022-01-17T00:24:38.657+0800: 0.939: [GC (Allocation Failure) [PSYoungGen: 305662K->43507K(305664K)] 864771K->673529K(1005056K), 0.0130992 secs] [Times: user=0.16 sys=0.00, real=0.01 secs] 
2022-01-17T00:24:38.670+0800: 0.952: [Full GC (Ergonomics) [PSYoungGen: 43507K->0K(305664K)] [ParOldGen: 630021K->364799K(699392K)] 673529K->364799K(1005056K), [Metaspace: 2702K->2702K(1056768K)], 0.0446914 secs] [Times: user=0.47 sys=0.00, real=0.04 secs] 
2022-01-17T00:24:38.743+0800: 1.025: [GC (Allocation Failure) [PSYoungGen: 261984K->43516K(305664K)] 626783K->447474K(1005056K), 0.0095821 secs] [Times: user=0.00 sys=0.00, real=0.01 secs] 
2022-01-17T00:24:38.782+0800: 1.065: [GC (Allocation Failure) [PSYoungGen: 305660K->43514K(305664K)] 709618K->517652K(1005056K), 0.0133545 secs] [Times: user=0.11 sys=0.00, real=0.01 secs] 
2022-01-17T00:24:38.825+0800: 1.108: [GC (Allocation Failure) [PSYoungGen: 305658K->43517K(305664K)] 779796K->601947K(1005056K), 0.0140072 secs] [Times: user=0.16 sys=0.00, real=0.01 secs] 
2022-01-17T00:24:38.865+0800: 1.147: [GC (Allocation Failure) [PSYoungGen: 305661K->43515K(305664K)] 864091K->678004K(1005056K), 0.0139196 secs] [Times: user=0.14 sys=0.00, real=0.01 secs] 
2022-01-17T00:24:38.879+0800: 1.161: [Full GC (Ergonomics) [PSYoungGen: 43515K->0K(305664K)] [ParOldGen: 634489K->379560K(699392K)] 678004K->379560K(1005056K), [Metaspace: 2702K->2702K(1056768K)], 0.0454046 secs] [Times: user=0.44 sys=0.00, real=0.05 secs] 
2022-01-17T00:24:38.948+0800: 1.231: [GC (Allocation Failure) [PSYoungGen: 262144K->43503K(305664K)] 641704K->458574K(1005056K), 0.0086440 secs] [Times: user=0.00 sys=0.00, real=0.01 secs] 
2022-01-17T00:24:38.983+0800: 1.265: [GC (Allocation Failure) [PSYoungGen: 305647K->43512K(305664K)] 720718K->528733K(1005056K), 0.0123985 secs] [Times: user=0.16 sys=0.00, real=0.01 secs] 
2022-01-17T00:24:39.020+0800: 1.303: [GC (Allocation Failure) [PSYoungGen: 305656K->43511K(305664K)] 790877K->595253K(1005056K), 0.0126638 secs] [Times: user=0.16 sys=0.00, real=0.01 secs] 
2022-01-17T00:24:39.060+0800: 1.342: [GC (Allocation Failure) [PSYoungGen: 305655K->43509K(305664K)] 857397K->664598K(1005056K), 0.0123873 secs] [Times: user=0.16 sys=0.00, real=0.01 secs] 
2022-01-17T00:24:39.072+0800: 1.354: [Full GC (Ergonomics) [PSYoungGen: 43509K->0K(305664K)] [ParOldGen: 621089K->376267K(699392K)] 664598K->376267K(1005056K), [Metaspace: 2702K->2702K(1056768K)], 0.0424965 secs] [Times: user=0.31 sys=0.00, real=0.04 secs] 
2022-01-17T00:24:39.140+0800: 1.422: [GC (Allocation Failure) [PSYoungGen: 262144K->43519K(305664K)] 638411K->452916K(1005056K), 0.0082775 secs] [Times: user=0.00 sys=0.00, real=0.01 secs] 
2022-01-17T00:24:39.175+0800: 1.457: [GC (Allocation Failure) [PSYoungGen: 305663K->43514K(305664K)] 715060K->515021K(1005056K), 0.0116366 secs] [Times: user=0.16 sys=0.00, real=0.01 secs] 
2022-01-17T00:24:39.213+0800: 1.495: [GC (Allocation Failure) [PSYoungGen: 305658K->43512K(305664K)] 777165K->586674K(1005056K), 0.0124168 secs] [Times: user=0.00 sys=0.00, real=0.01 secs] 
2022-01-17T00:24:39.250+0800: 1.533: [GC (Allocation Failure) [PSYoungGen: 305628K->43515K(305664K)] 848789K->665258K(1005056K), 0.0136084 secs] [Times: user=0.14 sys=0.00, real=0.01 secs] 
2022-01-17T00:24:39.264+0800: 1.546: [Full GC (Ergonomics) [PSYoungGen: 43515K->0K(305664K)] [ParOldGen: 621742K->369615K(699392K)] 665258K->369615K(1005056K), [Metaspace: 2702K->2702K(1056768K)], 0.0442351 secs] [Times: user=0.42 sys=0.00, real=0.05 secs] 
2022-01-17T00:24:39.336+0800: 1.618: [GC (Allocation Failure) [PSYoungGen: 262144K->43519K(305664K)] 631759K->455690K(1005056K), 0.0095905 secs] [Times: user=0.00 sys=0.00, real=0.01 secs] 
2022-01-17T00:24:39.371+0800: 1.653: [GC (Allocation Failure) [PSYoungGen: 305663K->43511K(305664K)] 717834K->522234K(1005056K), 0.0117681 secs] [Times: user=0.00 sys=0.01, real=0.01 secs] 
2022-01-17T00:24:39.411+0800: 1.694: [GC (Allocation Failure) [PSYoungGen: 305655K->43505K(305664K)] 784378K->594801K(1005056K), 0.0125715 secs] [Times: user=0.16 sys=0.00, real=0.01 secs] 
2022-01-17T00:24:39.447+0800: 1.730: [GC (Allocation Failure) [PSYoungGen: 305649K->43514K(305664K)] 856945K->670957K(1005056K), 0.0127948 secs] [Times: user=0.00 sys=0.00, real=0.01 secs] 
2022-01-17T00:24:39.460+0800: 1.743: [Full GC (Ergonomics) [PSYoungGen: 43514K->0K(305664K)] [ParOldGen: 627443K->389434K(699392K)] 670957K->389434K(1005056K), [Metaspace: 2702K->2702K(1056768K)], 0.0432724 secs] [Times: user=0.47 sys=0.00, real=0.04 secs] 
2022-01-17T00:24:39.527+0800: 1.809: [GC (Allocation Failure) [PSYoungGen: 262144K->43508K(305664K)] 651578K->477679K(1005056K), 0.0094326 secs] [Times: user=0.00 sys=0.00, real=0.01 secs] 
2022-01-17T00:24:39.560+0800: 1.842: [GC (Allocation Failure) [PSYoungGen: 305652K->43513K(305664K)] 739823K->557749K(1005056K), 0.0128652 secs] [Times: user=0.16 sys=0.00, real=0.01 secs] 
2022-01-17T00:24:39.597+0800: 1.879: [GC (Allocation Failure) [PSYoungGen: 305626K->43509K(305664K)] 819862K->637616K(1005056K), 0.0133261 secs] [Times: user=0.16 sys=0.00, real=0.01 secs] 
2022-01-17T00:24:39.636+0800: 1.918: [GC (Allocation Failure) [PSYoungGen: 305334K->43505K(305664K)] 899441K->717693K(1005056K), 0.0134366 secs] [Times: user=0.16 sys=0.00, real=0.01 secs] 
2022-01-17T00:24:39.649+0800: 1.931: [Full GC (Ergonomics) [PSYoungGen: 43505K->0K(305664K)] [ParOldGen: 674187K->399670K(699392K)] 717693K->399670K(1005056K), [Metaspace: 2702K->2702K(1056768K)], 0.0445996 secs] [Times: user=0.31 sys=0.00, real=0.05 secs] 
2022-01-17T00:24:39.718+0800: 2.000: [GC (Allocation Failure) [PSYoungGen: 262144K->43515K(305664K)] 661814K->476700K(1005056K), 0.0084461 secs] [Times: user=0.16 sys=0.00, real=0.01 secs] 
2022-01-17T00:24:39.750+0800: 2.033: [GC (Allocation Failure) [PSYoungGen: 305659K->43517K(305664K)] 738844K->555900K(1005056K), 0.0131261 secs] [Times: user=0.16 sys=0.00, real=0.01 secs] 
2022-01-17T00:24:39.788+0800: 2.070: [GC (Allocation Failure) [PSYoungGen: 305661K->43515K(305664K)] 818044K->629738K(1005056K), 0.0128280 secs] [Times: user=0.16 sys=0.00, real=0.01 secs] 
2022-01-17T00:24:39.826+0800: 2.108: [GC (Allocation Failure) [PSYoungGen: 305659K->43516K(305664K)] 891882K->696020K(1005056K), 0.0116765 secs] [Times: user=0.16 sys=0.00, real=0.01 secs] 
2022-01-17T00:24:39.838+0800: 2.120: [Full GC (Ergonomics) [PSYoungGen: 43516K->0K(305664K)] [ParOldGen: 652503K->380069K(699392K)] 696020K->380069K(1005056K), [Metaspace: 2702K->2702K(1056768K)], 0.0428855 secs] [Times: user=0.31 sys=0.00, real=0.04 secs] 
2022-01-17T00:24:39.904+0800: 2.187: [GC (Allocation Failure) [PSYoungGen: 262144K->43518K(305664K)] 642213K->460016K(1005056K), 0.0088068 secs] [Times: user=0.00 sys=0.00, real=0.01 secs] 
2022-01-17T00:24:39.936+0800: 2.218: [GC (Allocation Failure) [PSYoungGen: 305662K->43512K(305664K)] 722160K->535424K(1005056K), 0.0127659 secs] [Times: user=0.16 sys=0.00, real=0.01 secs] 
2022-01-17T00:24:39.972+0800: 2.255: [GC (Allocation Failure) [PSYoungGen: 305656K->43513K(305664K)] 797568K->606167K(1005056K), 0.0123467 secs] [Times: user=0.16 sys=0.00, real=0.01 secs] 
2022-01-17T00:24:40.009+0800: 2.291: [GC (Allocation Failure) [PSYoungGen: 305657K->43513K(305664K)] 868311K->677187K(1005056K), 0.0122673 secs] [Times: user=0.00 sys=0.00, real=0.01 secs] 
2022-01-17T00:24:40.021+0800: 2.303: [Full GC (Ergonomics) [PSYoungGen: 43513K->0K(305664K)] [ParOldGen: 633673K->370999K(699392K)] 677187K->370999K(1005056K), [Metaspace: 2702K->2702K(1056768K)], 0.0417357 secs] [Times: user=0.47 sys=0.00, real=0.04 secs] 
2022-01-17T00:24:40.087+0800: 2.369: [GC (Allocation Failure) [PSYoungGen: 262144K->43517K(305664K)] 633143K->454948K(1005056K), 0.0095481 secs] [Times: user=0.00 sys=0.00, real=0.01 secs] 
2022-01-17T00:24:40.121+0800: 2.403: [GC (Allocation Failure) [PSYoungGen: 305661K->43504K(305664K)] 717092K->528366K(1005056K), 0.0124252 secs] [Times: user=0.16 sys=0.00, real=0.01 secs] 
2022-01-17T00:24:40.159+0800: 2.441: [GC (Allocation Failure) [PSYoungGen: 305539K->43518K(305664K)] 790401K->603691K(1005056K), 0.0126284 secs] [Times: user=0.16 sys=0.00, real=0.01 secs] 
2022-01-17T00:24:40.195+0800: 2.478: [GC (Allocation Failure) [PSYoungGen: 305662K->43504K(305664K)] 865835K->681758K(1005056K), 0.0134473 secs] [Times: user=0.00 sys=0.00, real=0.01 secs] 
2022-01-17T00:24:40.209+0800: 2.492: [Full GC (Ergonomics) [PSYoungGen: 43504K->0K(305664K)] [ParOldGen: 638253K->377985K(699392K)] 681758K->377985K(1005056K), [Metaspace: 2702K->2702K(1056768K)], 0.0421582 secs] [Times: user=0.31 sys=0.00, real=0.04 secs] 
2022-01-17T00:24:40.277+0800: 2.559: [GC (Allocation Failure) [PSYoungGen: 262144K->43519K(305664K)] 640129K->458301K(1005056K), 0.0086285 secs] [Times: user=0.00 sys=0.00, real=0.01 secs] 
2022-01-17T00:24:40.310+0800: 2.591: [GC (Allocation Failure) [PSYoungGen: 305663K->43514K(305664K)] 720445K->533849K(1005056K), 0.0131647 secs] [Times: user=0.16 sys=0.00, real=0.01 secs] 
2022-01-17T00:24:40.346+0800: 2.629: [GC (Allocation Failure) [PSYoungGen: 305658K->43510K(305664K)] 795993K->609148K(1005056K), 0.0131445 secs] [Times: user=0.16 sys=0.00, real=0.01 secs] 
2022-01-17T00:24:40.383+0800: 2.666: [GC (Allocation Failure) [PSYoungGen: 305654K->43511K(305664K)] 871292K->680641K(1005056K), 0.0132394 secs] [Times: user=0.00 sys=0.00, real=0.01 secs] 
2022-01-17T00:24:40.396+0800: 2.679: [Full GC (Ergonomics) [PSYoungGen: 43511K->0K(305664K)] [ParOldGen: 637130K->366655K(699392K)] 680641K->366655K(1005056K), [Metaspace: 2702K->2702K(1056768K)], 0.0410678 secs] [Times: user=0.33 sys=0.00, real=0.04 secs] 
2022-01-17T00:24:40.461+0800: 2.743: [GC (Allocation Failure) [PSYoungGen: 262144K->43517K(305664K)] 628799K->451280K(1005056K), 0.0093577 secs] [Times: user=0.00 sys=0.00, real=0.01 secs] 
2022-01-17T00:24:40.493+0800: 2.776: [GC (Allocation Failure) [PSYoungGen: 305627K->43508K(305664K)] 713389K->522797K(1005056K), 0.0123223 secs] [Times: user=0.00 sys=0.00, real=0.01 secs] 
2022-01-17T00:24:40.529+0800: 2.811: [GC (Allocation Failure) [PSYoungGen: 305652K->43517K(305664K)] 784941K->593834K(1005056K), 0.0126042 secs] [Times: user=0.16 sys=0.00, real=0.01 secs] 
2022-01-17T00:24:40.565+0800: 2.847: [GC (Allocation Failure) [PSYoungGen: 305661K->43503K(305664K)] 855978K->665923K(1005056K), 0.0127106 secs] [Times: user=0.16 sys=0.00, real=0.01 secs] 
2022-01-17T00:24:40.578+0800: 2.860: [Full GC (Ergonomics) [PSYoungGen: 43503K->0K(305664K)] [ParOldGen: 622419K->363204K(699392K)] 665923K->363204K(1005056K), [Metaspace: 2702K->2702K(1056768K)], 0.0412558 secs] [Times: user=0.47 sys=0.00, real=0.04 secs] 
2022-01-17T00:24:40.642+0800: 2.924: [GC (Allocation Failure) [PSYoungGen: 261789K->43519K(305664K)] 624994K->442386K(1005056K), 0.0085844 secs] [Times: user=0.16 sys=0.00, real=0.01 secs] 
2022-01-17T00:24:40.675+0800: 2.957: [GC (Allocation Failure) [PSYoungGen: 305663K->43509K(305664K)] 704530K->516845K(1005056K), 0.0129546 secs] [Times: user=0.16 sys=0.00, real=0.01 secs] 
2022-01-17T00:24:40.710+0800: 2.993: [GC (Allocation Failure) [PSYoungGen: 305653K->43510K(305664K)] 778989K->595796K(1005056K), 0.0135941 secs] [Times: user=0.16 sys=0.00, real=0.01 secs] 
2022-01-17T00:24:40.747+0800: 3.030: [GC (Allocation Failure) [PSYoungGen: 305654K->43512K(305664K)] 857940K->673460K(1005056K), 0.0130593 secs] [Times: user=0.16 sys=0.00, real=0.01 secs] 
2022-01-17T00:24:40.760+0800: 3.043: [Full GC (Ergonomics) [PSYoungGen: 43512K->0K(305664K)] [ParOldGen: 629948K->371355K(699392K)] 673460K->371355K(1005056K), [Metaspace: 2709K->2709K(1056768K)], 0.0427509 secs] [Times: user=0.31 sys=0.00, real=0.04 secs] 
Heap
 PSYoungGen      total 305664K, used 11032K [0x00000000eab00000, 0x0000000100000000, 0x0000000100000000)
  eden space 262144K, 4% used [0x00000000eab00000,0x00000000eb5c62c0,0x00000000fab00000)
  from space 43520K, 0% used [0x00000000fab00000,0x00000000fab00000,0x00000000fd580000)
  to   space 43520K, 0% used [0x00000000fd580000,0x00000000fd580000,0x0000000100000000)
 ParOldGen       total 699392K, used 371355K [0x00000000c0000000, 0x00000000eab00000, 0x00000000eab00000)
  object space 699392K, 53% used [0x00000000c0000000,0x00000000d6aa6c18,0x00000000eab00000)
 Metaspace       used 2716K, capacity 4490K, committed 4864K, reserved 1056768K
  class space    used 291K, capacity 386K, committed 512K, reserved 1048576K
