Java HotSpot(TM) 64-Bit Server VM (25.231-b11) for windows-amd64 JRE (1.8.0_231-b11), built on Oct  5 2019 03:11:30 by "java_re" with MS VC++ 10.0 (VS2010)
Memory: 4k page, physical 16718268k(8513328k free), swap 19208636k(3973552k free)
CommandLine flags: -XX:InitialHeapSize=1073741824 -XX:MaxHeapSize=1073741824 -XX:MaxNewSize=357916672 -XX:MaxTenuringThreshold=6 -XX:NewSize=357916672 -XX:OldPLABSize=16 -XX:OldSize=715825152 -XX:+PrintGC -XX:+PrintGCDateStamps -XX:+PrintGCDetails -XX:+PrintGCTimeStamps -XX:-UseAdaptiveSizePolicy -XX:+UseCompressedClassPointers -XX:+UseCompressedOops -XX:+UseConcMarkSweepGC -XX:-UseLargePagesIndividualAllocation -XX:+UseParNewGC 
2022-01-17T00:24:42.621+0800: 0.150: [GC (Allocation Failure) 2022-01-17T00:24:42.624+0800: 0.153: [ParNew: 279616K->34943K(314560K), 0.0110692 secs] 279616K->87435K(1013632K), 0.0132810 secs] [Times: user=0.06 sys=0.09, real=0.01 secs] 
2022-01-17T00:24:42.663+0800: 0.192: [GC (Allocation Failure) 2022-01-17T00:24:42.663+0800: 0.192: [ParNew: 314559K->34944K(314560K), 0.0151324 secs] 367051K->169750K(1013632K), 0.0152033 secs] [Times: user=0.02 sys=0.00, real=0.01 secs] 
2022-01-17T00:24:42.705+0800: 0.235: [GC (Allocation Failure) 2022-01-17T00:24:42.705+0800: 0.235: [ParNew: 314560K->34944K(314560K), 0.0301148 secs] 449366K->254460K(1013632K), 0.0301800 secs] [Times: user=0.30 sys=0.00, real=0.03 secs] 
2022-01-17T00:24:42.761+0800: 0.290: [GC (Allocation Failure) 2022-01-17T00:24:42.761+0800: 0.290: [ParNew: 314560K->34943K(314560K), 0.0275275 secs] 534076K->329401K(1013632K), 0.0276171 secs] [Times: user=0.16 sys=0.00, real=0.03 secs] 
2022-01-17T00:24:42.814+0800: 0.344: [GC (Allocation Failure) 2022-01-17T00:24:42.815+0800: 0.344: [ParNew: 314559K->34944K(314560K), 0.0285307 secs] 609017K->409658K(1013632K), 0.0286002 secs] [Times: user=0.27 sys=0.02, real=0.03 secs] 
2022-01-17T00:24:42.843+0800: 0.372: [GC (CMS Initial Mark) [1 CMS-initial-mark: 374714K(699072K)] 415495K(1013632K), 0.0004215 secs] [Times: user=0.00 sys=0.00, real=0.00 secs] 
2022-01-17T00:24:42.844+0800: 0.373: [CMS-concurrent-mark-start]
2022-01-17T00:24:42.845+0800: 0.374: [CMS-concurrent-mark: 0.001/0.001 secs] [Times: user=0.00 sys=0.00, real=0.00 secs] 
2022-01-17T00:24:42.845+0800: 0.374: [CMS-concurrent-preclean-start]
2022-01-17T00:24:42.846+0800: 0.375: [CMS-concurrent-preclean: 0.001/0.001 secs] [Times: user=0.00 sys=0.00, real=0.00 secs] 
2022-01-17T00:24:42.846+0800: 0.375: [CMS-concurrent-abortable-preclean-start]
2022-01-17T00:24:42.871+0800: 0.400: [GC (Allocation Failure) 2022-01-17T00:24:42.871+0800: 0.400: [ParNew: 314560K->34943K(314560K), 0.0265703 secs] 689274K->482172K(1013632K), 0.0266324 secs] [Times: user=0.11 sys=0.05, real=0.03 secs] 
2022-01-17T00:24:42.923+0800: 0.452: [GC (Allocation Failure) 2022-01-17T00:24:42.923+0800: 0.452: [ParNew: 314559K->34943K(314560K), 0.0289744 secs] 761788K->561205K(1013632K), 0.0290360 secs] [Times: user=0.26 sys=0.05, real=0.03 secs] 
2022-01-17T00:24:42.978+0800: 0.507: [GC (Allocation Failure) 2022-01-17T00:24:42.978+0800: 0.507: [ParNew: 314559K->34943K(314560K), 0.0278513 secs] 840821K->634238K(1013632K), 0.0279184 secs] [Times: user=0.14 sys=0.02, real=0.03 secs] 
2022-01-17T00:24:43.035+0800: 0.564: [GC (Allocation Failure) 2022-01-17T00:24:43.035+0800: 0.564: [ParNew: 314333K->34943K(314560K), 0.0299347 secs] 913629K->710289K(1013632K), 0.0300175 secs] [Times: user=0.25 sys=0.02, real=0.03 secs] 
2022-01-17T00:24:43.064+0800: 0.594: [CMS-concurrent-abortable-preclean: 0.005/0.219 secs] [Times: user=0.91 sys=0.13, real=0.22 secs] 
2022-01-17T00:24:43.064+0800: 0.594: [GC (CMS Final Remark) [YG occupancy: 35718 K (314560 K)]2022-01-17T00:24:43.064+0800: 0.594: [Rescan (parallel) , 0.0003142 secs]2022-01-17T00:24:43.065+0800: 0.594: [weak refs processing, 0.0000103 secs]2022-01-17T00:24:43.065+0800: 0.594: [class unloading, 0.0002039 secs]2022-01-17T00:24:43.065+0800: 0.594: [scrub symbol table, 0.0002875 secs]2022-01-17T00:24:43.065+0800: 0.595: [scrub string table, 0.0000764 secs][1 CMS-remark: 675345K(699072K)] 711064K(1013632K), 0.0009788 secs] [Times: user=0.00 sys=0.00, real=0.00 secs] 
2022-01-17T00:24:43.065+0800: 0.595: [CMS-concurrent-sweep-start]
2022-01-17T00:24:43.066+0800: 0.596: [CMS-concurrent-sweep: 0.001/0.001 secs] [Times: user=0.00 sys=0.00, real=0.00 secs] 
2022-01-17T00:24:43.066+0800: 0.596: [CMS-concurrent-reset-start]
2022-01-17T00:24:43.067+0800: 0.597: [CMS-concurrent-reset: 0.001/0.001 secs] [Times: user=0.00 sys=0.00, real=0.00 secs] 
2022-01-17T00:24:43.097+0800: 0.627: [GC (Allocation Failure) 2022-01-17T00:24:43.097+0800: 0.627: [ParNew: 314559K->34943K(314560K), 0.0153327 secs] 852824K->654113K(1013632K), 0.0153991 secs] [Times: user=0.16 sys=0.00, real=0.02 secs] 
2022-01-17T00:24:43.113+0800: 0.642: [GC (CMS Initial Mark) [1 CMS-initial-mark: 619170K(699072K)] 654559K(1013632K), 0.0001229 secs] [Times: user=0.00 sys=0.00, real=0.00 secs] 
2022-01-17T00:24:43.113+0800: 0.642: [CMS-concurrent-mark-start]
2022-01-17T00:24:43.114+0800: 0.644: [CMS-concurrent-mark: 0.002/0.002 secs] [Times: user=0.00 sys=0.00, real=0.00 secs] 
2022-01-17T00:24:43.114+0800: 0.644: [CMS-concurrent-preclean-start]
2022-01-17T00:24:43.115+0800: 0.645: [CMS-concurrent-preclean: 0.001/0.001 secs] [Times: user=0.00 sys=0.00, real=0.00 secs] 
2022-01-17T00:24:43.115+0800: 0.645: [CMS-concurrent-abortable-preclean-start]
2022-01-17T00:24:43.149+0800: 0.678: [GC (Allocation Failure) 2022-01-17T00:24:43.149+0800: 0.678: [ParNew: 314559K->314559K(314560K), 0.0000160 secs]2022-01-17T00:24:43.149+0800: 0.678: [CMS2022-01-17T00:24:43.149+0800: 0.679: [CMS-concurrent-abortable-preclean: 0.001/0.034 secs] [Times: user=0.05 sys=0.00, real=0.03 secs] 
 (concurrent mode failure): 619170K->365644K(699072K), 0.0511147 secs] 933729K->365644K(1013632K), [Metaspace: 2702K->2702K(1056768K)], 0.0512065 secs] [Times: user=0.05 sys=0.00, real=0.05 secs] 
2022-01-17T00:24:43.230+0800: 0.760: [GC (Allocation Failure) 2022-01-17T00:24:43.230+0800: 0.760: [ParNew: 279616K->34942K(314560K), 0.0119511 secs] 645260K->451368K(1013632K), 0.0120194 secs] [Times: user=0.16 sys=0.00, real=0.01 secs] 
2022-01-17T00:24:43.271+0800: 0.801: [GC (Allocation Failure) 2022-01-17T00:24:43.271+0800: 0.801: [ParNew: 314558K->34943K(314560K), 0.0157748 secs] 730984K->528798K(1013632K), 0.0158468 secs] [Times: user=0.16 sys=0.00, real=0.02 secs] 
2022-01-17T00:24:43.287+0800: 0.817: [GC (CMS Initial Mark) [1 CMS-initial-mark: 493854K(699072K)] 534910K(1013632K), 0.0001575 secs] [Times: user=0.00 sys=0.00, real=0.00 secs] 
2022-01-17T00:24:43.288+0800: 0.817: [CMS-concurrent-mark-start]
2022-01-17T00:24:43.289+0800: 0.818: [CMS-concurrent-mark: 0.001/0.001 secs] [Times: user=0.06 sys=0.00, real=0.00 secs] 
2022-01-17T00:24:43.289+0800: 0.818: [CMS-concurrent-preclean-start]
2022-01-17T00:24:43.290+0800: 0.819: [CMS-concurrent-preclean: 0.001/0.001 secs] [Times: user=0.00 sys=0.00, real=0.00 secs] 
2022-01-17T00:24:43.290+0800: 0.819: [CMS-concurrent-abortable-preclean-start]
2022-01-17T00:24:43.316+0800: 0.845: [GC (Allocation Failure) 2022-01-17T00:24:43.316+0800: 0.845: [ParNew: 314559K->34943K(314560K), 0.0162790 secs] 808414K->614281K(1013632K), 0.0163517 secs] [Times: user=0.16 sys=0.00, real=0.02 secs] 
2022-01-17T00:24:43.361+0800: 0.890: [GC (Allocation Failure) 2022-01-17T00:24:43.361+0800: 0.890: [ParNew: 314559K->34943K(314560K), 0.0144718 secs] 893897K->688155K(1013632K), 0.0145430 secs] [Times: user=0.16 sys=0.00, real=0.01 secs] 
2022-01-17T00:24:43.376+0800: 0.905: [CMS-concurrent-abortable-preclean: 0.003/0.086 secs] [Times: user=0.36 sys=0.00, real=0.09 secs] 
2022-01-17T00:24:43.377+0800: 0.905: [GC (CMS Final Remark) [YG occupancy: 47705 K (314560 K)]2022-01-17T00:24:43.377+0800: 0.905: [Rescan (parallel) , 0.0003732 secs]2022-01-17T00:24:43.377+0800: 0.906: [weak refs processing, 0.0000106 secs]2022-01-17T00:24:43.377+0800: 0.906: [class unloading, 0.0001757 secs]2022-01-17T00:24:43.377+0800: 0.906: [scrub symbol table, 0.0002792 secs]2022-01-17T00:24:43.378+0800: 0.906: [scrub string table, 0.0000780 secs][1 CMS-remark: 653212K(699072K)] 700918K(1013632K), 0.0009783 secs] [Times: user=0.00 sys=0.00, real=0.00 secs] 
2022-01-17T00:24:43.378+0800: 0.906: [CMS-concurrent-sweep-start]
2022-01-17T00:24:43.379+0800: 0.907: [CMS-concurrent-sweep: 0.001/0.001 secs] [Times: user=0.00 sys=0.00, real=0.00 secs] 
2022-01-17T00:24:43.379+0800: 0.907: [CMS-concurrent-reset-start]
2022-01-17T00:24:43.379+0800: 0.908: [CMS-concurrent-reset: 0.001/0.001 secs] [Times: user=0.00 sys=0.00, real=0.00 secs] 
2022-01-17T00:24:43.405+0800: 0.933: [GC (Allocation Failure) 2022-01-17T00:24:43.405+0800: 0.933: [ParNew: 314559K->34943K(314560K), 0.0139121 secs] 802902K->598263K(1013632K), 0.0139739 secs] [Times: user=0.16 sys=0.00, real=0.01 secs] 
2022-01-17T00:24:43.419+0800: 0.948: [GC (CMS Initial Mark) [1 CMS-initial-mark: 563319K(699072K)] 604879K(1013632K), 0.0003175 secs] [Times: user=0.00 sys=0.00, real=0.00 secs] 
2022-01-17T00:24:43.419+0800: 0.948: [CMS-concurrent-mark-start]
2022-01-17T00:24:43.420+0800: 0.949: [CMS-concurrent-mark: 0.001/0.001 secs] [Times: user=0.00 sys=0.00, real=0.00 secs] 
2022-01-17T00:24:43.420+0800: 0.949: [CMS-concurrent-preclean-start]
2022-01-17T00:24:43.421+0800: 0.950: [CMS-concurrent-preclean: 0.001/0.001 secs] [Times: user=0.00 sys=0.00, real=0.00 secs] 
2022-01-17T00:24:43.421+0800: 0.950: [CMS-concurrent-abortable-preclean-start]
2022-01-17T00:24:43.448+0800: 0.977: [GC (Allocation Failure) 2022-01-17T00:24:43.448+0800: 0.977: [ParNew: 314559K->34941K(314560K), 0.0171269 secs] 877879K->678134K(1013632K), 0.0171953 secs] [Times: user=0.13 sys=0.00, real=0.02 secs] 
2022-01-17T00:24:43.495+0800: 1.024: [GC (Allocation Failure) 2022-01-17T00:24:43.495+0800: 1.025: [ParNew: 314557K->314557K(314560K), 0.0000211 secs]2022-01-17T00:24:43.495+0800: 1.025: [CMS2022-01-17T00:24:43.495+0800: 1.025: [CMS-concurrent-abortable-preclean: 0.002/0.075 secs] [Times: user=0.19 sys=0.00, real=0.07 secs] 
 (concurrent mode failure): 643192K->370396K(699072K), 0.0507677 secs] 957750K->370396K(1013632K), [Metaspace: 2702K->2702K(1056768K)], 0.0508657 secs] [Times: user=0.05 sys=0.00, real=0.05 secs] 
2022-01-17T00:24:43.578+0800: 1.107: [GC (Allocation Failure) 2022-01-17T00:24:43.578+0800: 1.107: [ParNew: 279616K->34943K(314560K), 0.0117178 secs] 650012K->460771K(1013632K), 0.0118061 secs] [Times: user=0.16 sys=0.00, real=0.01 secs] 
2022-01-17T00:24:43.616+0800: 1.146: [GC (Allocation Failure) 2022-01-17T00:24:43.616+0800: 1.146: [ParNew: 314559K->34943K(314560K), 0.0144472 secs] 740387K->544618K(1013632K), 0.0145274 secs] [Times: user=0.00 sys=0.00, real=0.02 secs] 
2022-01-17T00:24:43.631+0800: 1.160: [GC (CMS Initial Mark) [1 CMS-initial-mark: 509674K(699072K)] 550231K(1013632K), 0.0001712 secs] [Times: user=0.00 sys=0.00, real=0.00 secs] 
2022-01-17T00:24:43.631+0800: 1.161: [CMS-concurrent-mark-start]
2022-01-17T00:24:43.632+0800: 1.161: [CMS-concurrent-mark: 0.001/0.001 secs] [Times: user=0.00 sys=0.00, real=0.00 secs] 
2022-01-17T00:24:43.632+0800: 1.161: [CMS-concurrent-preclean-start]
2022-01-17T00:24:43.633+0800: 1.162: [CMS-concurrent-preclean: 0.001/0.001 secs] [Times: user=0.03 sys=0.00, real=0.00 secs] 
2022-01-17T00:24:43.633+0800: 1.162: [CMS-concurrent-abortable-preclean-start]
2022-01-17T00:24:43.658+0800: 1.187: [GC (Allocation Failure) 2022-01-17T00:24:43.658+0800: 1.187: [ParNew: 314559K->34943K(314560K), 0.0124633 secs] 824234K->619083K(1013632K), 0.0125245 secs] [Times: user=0.14 sys=0.02, real=0.01 secs] 
2022-01-17T00:24:43.697+0800: 1.226: [GC (Allocation Failure) 2022-01-17T00:24:43.697+0800: 1.226: [ParNew: 314559K->34942K(314560K), 0.0122140 secs] 898699K->690116K(1013632K), 0.0122716 secs] [Times: user=0.00 sys=0.00, real=0.01 secs] 
2022-01-17T00:24:43.710+0800: 1.239: [CMS-concurrent-abortable-preclean: 0.003/0.077 secs] [Times: user=0.19 sys=0.02, real=0.08 secs] 
2022-01-17T00:24:43.710+0800: 1.239: [GC (CMS Final Remark) [YG occupancy: 52677 K (314560 K)]2022-01-17T00:24:43.710+0800: 1.239: [Rescan (parallel) , 0.0004025 secs]2022-01-17T00:24:43.711+0800: 1.240: [weak refs processing, 0.0000141 secs]2022-01-17T00:24:43.711+0800: 1.240: [class unloading, 0.0001716 secs]2022-01-17T00:24:43.711+0800: 1.240: [scrub symbol table, 0.0002666 secs]2022-01-17T00:24:43.711+0800: 1.240: [scrub string table, 0.0000746 secs][1 CMS-remark: 655173K(699072K)] 707850K(1013632K), 0.0009832 secs] [Times: user=0.13 sys=0.00, real=0.00 secs] 
2022-01-17T00:24:43.711+0800: 1.240: [CMS-concurrent-sweep-start]
2022-01-17T00:24:43.712+0800: 1.241: [CMS-concurrent-sweep: 0.001/0.001 secs] [Times: user=0.00 sys=0.00, real=0.00 secs] 
2022-01-17T00:24:43.712+0800: 1.241: [CMS-concurrent-reset-start]
2022-01-17T00:24:43.713+0800: 1.242: [CMS-concurrent-reset: 0.001/0.001 secs] [Times: user=0.00 sys=0.00, real=0.00 secs] 
2022-01-17T00:24:43.735+0800: 1.264: [GC (Allocation Failure) 2022-01-17T00:24:43.735+0800: 1.264: [ParNew: 314558K->34943K(314560K), 0.0132231 secs] 790975K->590370K(1013632K), 0.0132826 secs] [Times: user=0.16 sys=0.00, real=0.01 secs] 
2022-01-17T00:24:43.749+0800: 1.277: [GC (CMS Initial Mark) [1 CMS-initial-mark: 555426K(699072K)] 596675K(1013632K), 0.0004170 secs] [Times: user=0.00 sys=0.00, real=0.00 secs] 
2022-01-17T00:24:43.749+0800: 1.278: [CMS-concurrent-mark-start]
2022-01-17T00:24:43.750+0800: 1.279: [CMS-concurrent-mark: 0.001/0.001 secs] [Times: user=0.00 sys=0.00, real=0.00 secs] 
2022-01-17T00:24:43.750+0800: 1.279: [CMS-concurrent-preclean-start]
2022-01-17T00:24:43.751+0800: 1.280: [CMS-concurrent-preclean: 0.001/0.001 secs] [Times: user=0.00 sys=0.00, real=0.00 secs] 
2022-01-17T00:24:43.751+0800: 1.280: [CMS-concurrent-abortable-preclean-start]
2022-01-17T00:24:43.775+0800: 1.304: [GC (Allocation Failure) 2022-01-17T00:24:43.775+0800: 1.304: [ParNew: 314559K->34943K(314560K), 0.0131292 secs] 869986K->666972K(1013632K), 0.0131986 secs] [Times: user=0.00 sys=0.00, real=0.01 secs] 
2022-01-17T00:24:43.814+0800: 1.343: [GC (Allocation Failure) 2022-01-17T00:24:43.814+0800: 1.343: [ParNew: 314559K->314559K(314560K), 0.0000164 secs]2022-01-17T00:24:43.814+0800: 1.343: [CMS2022-01-17T00:24:43.815+0800: 1.343: [CMS-concurrent-abortable-preclean: 0.002/0.063 secs] [Times: user=0.08 sys=0.00, real=0.06 secs] 
 (concurrent mode failure): 632029K->360861K(699072K), 0.0420283 secs] 946588K->360861K(1013632K), [Metaspace: 2702K->2702K(1056768K)], 0.0421208 secs] [Times: user=0.05 sys=0.00, real=0.04 secs] 
2022-01-17T00:24:43.881+0800: 1.410: [GC (Allocation Failure) 2022-01-17T00:24:43.881+0800: 1.410: [ParNew: 279616K->34942K(314560K), 0.0123895 secs] 640477K->455694K(1013632K), 0.0124606 secs] [Times: user=0.16 sys=0.00, real=0.01 secs] 
2022-01-17T00:24:43.917+0800: 1.446: [GC (Allocation Failure) 2022-01-17T00:24:43.917+0800: 1.446: [ParNew: 314558K->34943K(314560K), 0.0150757 secs] 735310K->538638K(1013632K), 0.0151372 secs] [Times: user=0.16 sys=0.00, real=0.01 secs] 
2022-01-17T00:24:43.932+0800: 1.461: [GC (CMS Initial Mark) [1 CMS-initial-mark: 503695K(699072K)] 544683K(1013632K), 0.0005889 secs] [Times: user=0.00 sys=0.00, real=0.00 secs] 
2022-01-17T00:24:43.933+0800: 1.462: [CMS-concurrent-mark-start]
2022-01-17T00:24:43.934+0800: 1.463: [CMS-concurrent-mark: 0.001/0.001 secs] [Times: user=0.00 sys=0.00, real=0.00 secs] 
2022-01-17T00:24:43.934+0800: 1.463: [CMS-concurrent-preclean-start]
2022-01-17T00:24:43.934+0800: 1.464: [CMS-concurrent-preclean: 0.001/0.001 secs] [Times: user=0.00 sys=0.00, real=0.00 secs] 
2022-01-17T00:24:43.934+0800: 1.464: [CMS-concurrent-abortable-preclean-start]
2022-01-17T00:24:43.958+0800: 1.488: [GC (Allocation Failure) 2022-01-17T00:24:43.958+0800: 1.488: [ParNew: 314559K->34943K(314560K), 0.0166453 secs] 818254K->620290K(1013632K), 0.0167103 secs] [Times: user=0.09 sys=0.00, real=0.02 secs] 
2022-01-17T00:24:44.001+0800: 1.530: [GC (Allocation Failure) 2022-01-17T00:24:44.001+0800: 1.530: [ParNew: 314534K->34943K(314560K), 0.0152057 secs] 899881K->702442K(1013632K), 0.0152600 secs] [Times: user=0.16 sys=0.00, real=0.02 secs] 
2022-01-17T00:24:44.016+0800: 1.545: [CMS-concurrent-abortable-preclean: 0.002/0.082 secs] [Times: user=0.31 sys=0.00, real=0.08 secs] 
2022-01-17T00:24:44.016+0800: 1.545: [GC (CMS Final Remark) [YG occupancy: 40906 K (314560 K)]2022-01-17T00:24:44.016+0800: 1.545: [Rescan (parallel) , 0.0004598 secs]2022-01-17T00:24:44.017+0800: 1.546: [weak refs processing, 0.0000100 secs]2022-01-17T00:24:44.017+0800: 1.546: [class unloading, 0.0001747 secs]2022-01-17T00:24:44.017+0800: 1.546: [scrub symbol table, 0.0002828 secs]2022-01-17T00:24:44.017+0800: 1.546: [scrub string table, 0.0000857 secs][1 CMS-remark: 667499K(699072K)] 708405K(1013632K), 0.0010650 secs] [Times: user=0.00 sys=0.00, real=0.00 secs] 
2022-01-17T00:24:44.017+0800: 1.547: [CMS-concurrent-sweep-start]
2022-01-17T00:24:44.018+0800: 1.548: [CMS-concurrent-sweep: 0.001/0.001 secs] [Times: user=0.00 sys=0.00, real=0.00 secs] 
2022-01-17T00:24:44.018+0800: 1.548: [CMS-concurrent-reset-start]
2022-01-17T00:24:44.019+0800: 1.548: [CMS-concurrent-reset: 0.000/0.000 secs] [Times: user=0.00 sys=0.00, real=0.00 secs] 
2022-01-17T00:24:44.044+0800: 1.573: [GC (Allocation Failure) 2022-01-17T00:24:44.044+0800: 1.573: [ParNew: 314559K->34940K(314560K), 0.0155145 secs] 821316K->617257K(1013632K), 0.0155743 secs] [Times: user=0.16 sys=0.00, real=0.02 secs] 
2022-01-17T00:24:44.060+0800: 1.589: [GC (CMS Initial Mark) [1 CMS-initial-mark: 582317K(699072K)] 623006K(1013632K), 0.0001418 secs] [Times: user=0.00 sys=0.00, real=0.00 secs] 
2022-01-17T00:24:44.060+0800: 1.589: [CMS-concurrent-mark-start]
2022-01-17T00:24:44.062+0800: 1.591: [CMS-concurrent-mark: 0.002/0.002 secs] [Times: user=0.00 sys=0.00, real=0.00 secs] 
2022-01-17T00:24:44.062+0800: 1.591: [CMS-concurrent-preclean-start]
2022-01-17T00:24:44.062+0800: 1.591: [CMS-concurrent-preclean: 0.001/0.001 secs] [Times: user=0.00 sys=0.00, real=0.00 secs] 
2022-01-17T00:24:44.062+0800: 1.591: [CMS-concurrent-abortable-preclean-start]
2022-01-17T00:24:44.088+0800: 1.617: [GC (Allocation Failure) 2022-01-17T00:24:44.088+0800: 1.617: [ParNew: 314556K->34943K(314560K), 0.0140447 secs] 896873K->687663K(1013632K), 0.0141025 secs] [Times: user=0.16 sys=0.00, real=0.01 secs] 
2022-01-17T00:24:44.103+0800: 1.632: [CMS-concurrent-abortable-preclean: 0.002/0.041 secs] [Times: user=0.19 sys=0.00, real=0.04 secs] 
2022-01-17T00:24:44.103+0800: 1.632: [GC (CMS Final Remark) [YG occupancy: 53020 K (314560 K)]2022-01-17T00:24:44.103+0800: 1.632: [Rescan (parallel) , 0.0005868 secs]2022-01-17T00:24:44.104+0800: 1.633: [weak refs processing, 0.0000108 secs]2022-01-17T00:24:44.104+0800: 1.633: [class unloading, 0.0001968 secs]2022-01-17T00:24:44.104+0800: 1.633: [scrub symbol table, 0.0002941 secs]2022-01-17T00:24:44.104+0800: 1.633: [scrub string table, 0.0000849 secs][1 CMS-remark: 652720K(699072K)] 705740K(1013632K), 0.0012304 secs] [Times: user=0.00 sys=0.00, real=0.00 secs] 
2022-01-17T00:24:44.105+0800: 1.634: [CMS-concurrent-sweep-start]
2022-01-17T00:24:44.106+0800: 1.635: [CMS-concurrent-sweep: 0.001/0.001 secs] [Times: user=0.00 sys=0.00, real=0.00 secs] 
2022-01-17T00:24:44.106+0800: 1.635: [CMS-concurrent-reset-start]
2022-01-17T00:24:44.106+0800: 1.635: [CMS-concurrent-reset: 0.001/0.001 secs] [Times: user=0.00 sys=0.00, real=0.00 secs] 
2022-01-17T00:24:44.132+0800: 1.661: [GC (Allocation Failure) 2022-01-17T00:24:44.132+0800: 1.661: [ParNew: 314559K->34942K(314560K), 0.0158522 secs] 726671K->523774K(1013632K), 0.0159124 secs] [Times: user=0.16 sys=0.00, real=0.02 secs] 
2022-01-17T00:24:44.148+0800: 1.677: [GC (CMS Initial Mark) [1 CMS-initial-mark: 488832K(699072K)] 523810K(1013632K), 0.0002996 secs] [Times: user=0.00 sys=0.00, real=0.00 secs] 
2022-01-17T00:24:44.148+0800: 1.677: [CMS-concurrent-mark-start]
2022-01-17T00:24:44.150+0800: 1.678: [CMS-concurrent-mark: 0.001/0.001 secs] [Times: user=0.02 sys=0.00, real=0.00 secs] 
2022-01-17T00:24:44.150+0800: 1.678: [CMS-concurrent-preclean-start]
2022-01-17T00:24:44.150+0800: 1.679: [CMS-concurrent-preclean: 0.001/0.001 secs] [Times: user=0.00 sys=0.00, real=0.00 secs] 
2022-01-17T00:24:44.150+0800: 1.679: [CMS-concurrent-abortable-preclean-start]
2022-01-17T00:24:44.175+0800: 1.704: [GC (Allocation Failure) 2022-01-17T00:24:44.175+0800: 1.704: [ParNew: 314558K->34942K(314560K), 0.0168715 secs] 803390K->606397K(1013632K), 0.0169446 secs] [Times: user=0.13 sys=0.00, real=0.02 secs] 
2022-01-17T00:24:44.217+0800: 1.746: [GC (Allocation Failure) 2022-01-17T00:24:44.217+0800: 1.746: [ParNew: 314558K->34942K(314560K), 0.0137955 secs] 886013K->678639K(1013632K), 0.0138599 secs] [Times: user=0.16 sys=0.00, real=0.01 secs] 
2022-01-17T00:24:44.254+0800: 1.784: [GC (Allocation Failure) 2022-01-17T00:24:44.254+0800: 1.784: [ParNew: 314558K->314558K(314560K), 0.0000155 secs]2022-01-17T00:24:44.254+0800: 1.784: [CMS2022-01-17T00:24:44.254+0800: 1.784: [CMS-concurrent-abortable-preclean: 0.004/0.104 secs] [Times: user=0.34 sys=0.00, real=0.10 secs] 
 (concurrent mode failure): 643696K->360538K(699072K), 0.0427911 secs] 958255K->360538K(1013632K), [Metaspace: 2702K->2702K(1056768K)], 0.0428844 secs] [Times: user=0.05 sys=0.00, real=0.04 secs] 
2022-01-17T00:24:44.323+0800: 1.853: [GC (Allocation Failure) 2022-01-17T00:24:44.323+0800: 1.853: [ParNew: 279616K->34943K(314560K), 0.0108817 secs] 640154K->449081K(1013632K), 0.0109468 secs] [Times: user=0.00 sys=0.00, real=0.01 secs] 
2022-01-17T00:24:44.359+0800: 1.888: [GC (Allocation Failure) 2022-01-17T00:24:44.359+0800: 1.888: [ParNew: 314559K->34943K(314560K), 0.0139612 secs] 728697K->524051K(1013632K), 0.0140294 secs] [Times: user=0.16 sys=0.00, real=0.01 secs] 
2022-01-17T00:24:44.373+0800: 1.902: [GC (CMS Initial Mark) [1 CMS-initial-mark: 489107K(699072K)] 530343K(1013632K), 0.0005770 secs] [Times: user=0.00 sys=0.00, real=0.00 secs] 
2022-01-17T00:24:44.373+0800: 1.903: [CMS-concurrent-mark-start]
2022-01-17T00:24:44.375+0800: 1.904: [CMS-concurrent-mark: 0.001/0.001 secs] [Times: user=0.00 sys=0.00, real=0.00 secs] 
2022-01-17T00:24:44.375+0800: 1.904: [CMS-concurrent-preclean-start]
2022-01-17T00:24:44.375+0800: 1.904: [CMS-concurrent-preclean: 0.001/0.001 secs] [Times: user=0.00 sys=0.00, real=0.00 secs] 
2022-01-17T00:24:44.375+0800: 1.904: [CMS-concurrent-abortable-preclean-start]
2022-01-17T00:24:44.398+0800: 1.928: [GC (Allocation Failure) 2022-01-17T00:24:44.398+0800: 1.928: [ParNew: 314559K->34943K(314560K), 0.0147997 secs] 803667K->606283K(1013632K), 0.0148735 secs] [Times: user=0.00 sys=0.00, real=0.02 secs] 
2022-01-17T00:24:44.440+0800: 1.969: [GC (Allocation Failure) 2022-01-17T00:24:44.440+0800: 1.969: [ParNew: 314559K->34942K(314560K), 0.0136355 secs] 885899K->683198K(1013632K), 0.0136982 secs] [Times: user=0.14 sys=0.02, real=0.01 secs] 
2022-01-17T00:24:44.478+0800: 2.007: [GC (Allocation Failure) 2022-01-17T00:24:44.478+0800: 2.007: [ParNew: 314361K->314361K(314560K), 0.0000159 secs]2022-01-17T00:24:44.478+0800: 2.007: [CMS2022-01-17T00:24:44.479+0800: 2.008: [CMS-concurrent-abortable-preclean: 0.004/0.103 secs] [Times: user=0.24 sys=0.02, real=0.10 secs] 
 (concurrent mode failure): 648255K->378000K(699072K), 0.0442614 secs] 962617K->378000K(1013632K), [Metaspace: 2702K->2702K(1056768K)], 0.0443615 secs] [Times: user=0.03 sys=0.00, real=0.05 secs] 
2022-01-17T00:24:44.548+0800: 2.077: [GC (Allocation Failure) 2022-01-17T00:24:44.548+0800: 2.077: [ParNew: 279616K->34943K(314560K), 0.0110120 secs] 657616K->462624K(1013632K), 0.0110761 secs] [Times: user=0.16 sys=0.00, real=0.01 secs] 
2022-01-17T00:24:44.584+0800: 2.113: [GC (Allocation Failure) 2022-01-17T00:24:44.584+0800: 2.113: [ParNew: 314559K->34943K(314560K), 0.0147582 secs] 742240K->541424K(1013632K), 0.0148290 secs] [Times: user=0.16 sys=0.00, real=0.01 secs] 
2022-01-17T00:24:44.598+0800: 2.128: [GC (CMS Initial Mark) [1 CMS-initial-mark: 506480K(699072K)] 547092K(1013632K), 0.0005172 secs] [Times: user=0.00 sys=0.00, real=0.00 secs] 
2022-01-17T00:24:44.599+0800: 2.129: [CMS-concurrent-mark-start]
2022-01-17T00:24:44.600+0800: 2.129: [CMS-concurrent-mark: 0.001/0.001 secs] [Times: user=0.00 sys=0.00, real=0.00 secs] 
2022-01-17T00:24:44.600+0800: 2.130: [CMS-concurrent-preclean-start]
2022-01-17T00:24:44.601+0800: 2.130: [CMS-concurrent-preclean: 0.001/0.001 secs] [Times: user=0.03 sys=0.00, real=0.00 secs] 
2022-01-17T00:24:44.601+0800: 2.130: [CMS-concurrent-abortable-preclean-start]
2022-01-17T00:24:44.625+0800: 2.154: [GC (Allocation Failure) 2022-01-17T00:24:44.625+0800: 2.154: [ParNew: 314559K->34943K(314560K), 0.0148139 secs] 821040K->620194K(1013632K), 0.0148869 secs] [Times: user=0.16 sys=0.00, real=0.02 secs] 
2022-01-17T00:24:44.664+0800: 2.193: [GC (Allocation Failure) 2022-01-17T00:24:44.664+0800: 2.194: [ParNew: 314559K->34943K(314560K), 0.0151925 secs] 899810K->701825K(1013632K), 0.0152634 secs] [Times: user=0.00 sys=0.00, real=0.02 secs] 
2022-01-17T00:24:44.680+0800: 2.209: [CMS-concurrent-abortable-preclean: 0.002/0.078 secs] [Times: user=0.20 sys=0.00, real=0.08 secs] 
2022-01-17T00:24:44.680+0800: 2.209: [GC (CMS Final Remark) [YG occupancy: 41755 K (314560 K)]2022-01-17T00:24:44.680+0800: 2.209: [Rescan (parallel) , 0.0004910 secs]2022-01-17T00:24:44.680+0800: 2.209: [weak refs processing, 0.0000097 secs]2022-01-17T00:24:44.680+0800: 2.210: [class unloading, 0.0001764 secs]2022-01-17T00:24:44.681+0800: 2.210: [scrub symbol table, 0.0002529 secs]2022-01-17T00:24:44.681+0800: 2.210: [scrub string table, 0.0000722 secs][1 CMS-remark: 666881K(699072K)] 708636K(1013632K), 0.0010559 secs] [Times: user=0.00 sys=0.00, real=0.00 secs] 
2022-01-17T00:24:44.681+0800: 2.210: [CMS-concurrent-sweep-start]
2022-01-17T00:24:44.682+0800: 2.211: [CMS-concurrent-sweep: 0.001/0.001 secs] [Times: user=0.00 sys=0.00, real=0.00 secs] 
2022-01-17T00:24:44.682+0800: 2.211: [CMS-concurrent-reset-start]
2022-01-17T00:24:44.683+0800: 2.212: [CMS-concurrent-reset: 0.001/0.001 secs] [Times: user=0.00 sys=0.00, real=0.00 secs] 
2022-01-17T00:24:44.707+0800: 2.236: [GC (Allocation Failure) 2022-01-17T00:24:44.707+0800: 2.236: [ParNew: 314559K->34943K(314560K), 0.0152468 secs] 812951K->616836K(1013632K), 0.0153127 secs] [Times: user=0.16 sys=0.00, real=0.01 secs] 
2022-01-17T00:24:44.722+0800: 2.251: [GC (CMS Initial Mark) [1 CMS-initial-mark: 581892K(699072K)] 622671K(1013632K), 0.0004211 secs] [Times: user=0.00 sys=0.00, real=0.00 secs] 
2022-01-17T00:24:44.723+0800: 2.252: [CMS-concurrent-mark-start]
2022-01-17T00:24:44.724+0800: 2.253: [CMS-concurrent-mark: 0.001/0.001 secs] [Times: user=0.00 sys=0.00, real=0.00 secs] 
2022-01-17T00:24:44.724+0800: 2.253: [CMS-concurrent-preclean-start]
2022-01-17T00:24:44.724+0800: 2.253: [CMS-concurrent-preclean: 0.001/0.001 secs] [Times: user=0.00 sys=0.00, real=0.00 secs] 
2022-01-17T00:24:44.724+0800: 2.253: [CMS-concurrent-abortable-preclean-start]
2022-01-17T00:24:44.748+0800: 2.277: [GC (Allocation Failure) 2022-01-17T00:24:44.748+0800: 2.277: [ParNew: 314559K->34942K(314560K), 0.0140208 secs] 896452K->691002K(1013632K), 0.0140885 secs] [Times: user=0.16 sys=0.00, real=0.01 secs] 
2022-01-17T00:24:44.763+0800: 2.292: [CMS-concurrent-abortable-preclean: 0.002/0.039 secs] [Times: user=0.19 sys=0.00, real=0.04 secs] 
2022-01-17T00:24:44.764+0800: 2.293: [GC (CMS Final Remark) [YG occupancy: 48754 K (314560 K)]2022-01-17T00:24:44.764+0800: 2.293: [Rescan (parallel) , 0.0004534 secs]2022-01-17T00:24:44.764+0800: 2.293: [weak refs processing, 0.0000107 secs]2022-01-17T00:24:44.764+0800: 2.293: [class unloading, 0.0001848 secs]2022-01-17T00:24:44.764+0800: 2.293: [scrub symbol table, 0.0002860 secs]2022-01-17T00:24:44.764+0800: 2.293: [scrub string table, 0.0000855 secs][1 CMS-remark: 656059K(699072K)] 704814K(1013632K), 0.0010770 secs] [Times: user=0.00 sys=0.00, real=0.00 secs] 
2022-01-17T00:24:44.765+0800: 2.294: [CMS-concurrent-sweep-start]
2022-01-17T00:24:44.766+0800: 2.295: [CMS-concurrent-sweep: 0.001/0.001 secs] [Times: user=0.00 sys=0.00, real=0.00 secs] 
2022-01-17T00:24:44.766+0800: 2.295: [CMS-concurrent-reset-start]
2022-01-17T00:24:44.766+0800: 2.295: [CMS-concurrent-reset: 0.000/0.000 secs] [Times: user=0.00 sys=0.00, real=0.00 secs] 
2022-01-17T00:24:44.789+0800: 2.318: [GC (Allocation Failure) 2022-01-17T00:24:44.789+0800: 2.318: [ParNew: 314558K->34943K(314560K), 0.0142256 secs] 726354K->521009K(1013632K), 0.0143242 secs] [Times: user=0.00 sys=0.00, real=0.01 secs] 
2022-01-17T00:24:44.804+0800: 2.333: [GC (CMS Initial Mark) [1 CMS-initial-mark: 486065K(699072K)] 527287K(1013632K), 0.0005114 secs] [Times: user=0.00 sys=0.00, real=0.00 secs] 
2022-01-17T00:24:44.804+0800: 2.333: [CMS-concurrent-mark-start]
2022-01-17T00:24:44.805+0800: 2.334: [CMS-concurrent-mark: 0.001/0.001 secs] [Times: user=0.06 sys=0.00, real=0.00 secs] 
2022-01-17T00:24:44.805+0800: 2.334: [CMS-concurrent-preclean-start]
2022-01-17T00:24:44.806+0800: 2.335: [CMS-concurrent-preclean: 0.001/0.001 secs] [Times: user=0.00 sys=0.00, real=0.00 secs] 
2022-01-17T00:24:44.806+0800: 2.335: [CMS-concurrent-abortable-preclean-start]
2022-01-17T00:24:44.831+0800: 2.359: [GC (Allocation Failure) 2022-01-17T00:24:44.831+0800: 2.360: [ParNew: 314559K->34942K(314560K), 0.0148854 secs] 800625K->600178K(1013632K), 0.0149526 secs] [Times: user=0.14 sys=0.01, real=0.01 secs] 
2022-01-17T00:24:44.871+0800: 2.400: [GC (Allocation Failure) 2022-01-17T00:24:44.871+0800: 2.400: [ParNew: 314558K->34942K(314560K), 0.0149399 secs] 879794K->684024K(1013632K), 0.0150829 secs] [Times: user=0.16 sys=0.00, real=0.01 secs] 
2022-01-17T00:24:44.912+0800: 2.441: [GC (Allocation Failure) 2022-01-17T00:24:44.912+0800: 2.441: [ParNew: 314558K->314558K(314560K), 0.0000170 secs]2022-01-17T00:24:44.912+0800: 2.441: [CMS2022-01-17T00:24:44.912+0800: 2.441: [CMS-concurrent-abortable-preclean: 0.004/0.106 secs] [Times: user=0.36 sys=0.01, real=0.11 secs] 
 (concurrent mode failure): 649082K->368759K(699072K), 0.0511405 secs] 963640K->368759K(1013632K), [Metaspace: 2702K->2702K(1056768K)], 0.0512353 secs] [Times: user=0.06 sys=0.00, real=0.05 secs] 
2022-01-17T00:24:44.993+0800: 2.522: [GC (Allocation Failure) 2022-01-17T00:24:44.993+0800: 2.522: [ParNew: 279616K->34942K(314560K), 0.0118224 secs] 648375K->451853K(1013632K), 0.0118873 secs] [Times: user=0.00 sys=0.00, real=0.01 secs] 
2022-01-17T00:24:45.031+0800: 2.560: [GC (Allocation Failure) 2022-01-17T00:24:45.031+0800: 2.560: [ParNew: 314558K->34943K(314560K), 0.0167876 secs] 731469K->541101K(1013632K), 0.0168530 secs] [Times: user=0.14 sys=0.00, real=0.02 secs] 
2022-01-17T00:24:45.048+0800: 2.577: [GC (CMS Initial Mark) [1 CMS-initial-mark: 506158K(699072K)] 546718K(1013632K), 0.0006722 secs] [Times: user=0.00 sys=0.00, real=0.00 secs] 
2022-01-17T00:24:45.049+0800: 2.578: [CMS-concurrent-mark-start]
2022-01-17T00:24:45.050+0800: 2.579: [CMS-concurrent-mark: 0.001/0.001 secs] [Times: user=0.00 sys=0.00, real=0.00 secs] 
2022-01-17T00:24:45.050+0800: 2.579: [CMS-concurrent-preclean-start]
2022-01-17T00:24:45.050+0800: 2.580: [CMS-concurrent-preclean: 0.001/0.001 secs] [Times: user=0.00 sys=0.00, real=0.00 secs] 
2022-01-17T00:24:45.050+0800: 2.580: [CMS-concurrent-abortable-preclean-start]
2022-01-17T00:24:45.078+0800: 2.607: [GC (Allocation Failure) 2022-01-17T00:24:45.078+0800: 2.607: [ParNew: 314559K->34943K(314560K), 0.0143133 secs] 820717K->614230K(1013632K), 0.0143869 secs] [Times: user=0.14 sys=0.02, real=0.01 secs] 
2022-01-17T00:24:45.118+0800: 2.648: [GC (Allocation Failure) 2022-01-17T00:24:45.118+0800: 2.648: [ParNew: 314559K->34942K(314560K), 0.0141186 secs] 893846K->690463K(1013632K), 0.0141929 secs] [Times: user=0.00 sys=0.00, real=0.01 secs] 
2022-01-17T00:24:45.134+0800: 2.663: [CMS-concurrent-abortable-preclean: 0.003/0.083 secs] [Times: user=0.20 sys=0.02, real=0.08 secs] 
2022-01-17T00:24:45.134+0800: 2.663: [GC (CMS Final Remark) [YG occupancy: 46334 K (314560 K)]2022-01-17T00:24:45.134+0800: 2.663: [Rescan (parallel) , 0.0003132 secs]2022-01-17T00:24:45.134+0800: 2.663: [weak refs processing, 0.0000109 secs]2022-01-17T00:24:45.134+0800: 2.663: [class unloading, 0.0001790 secs]2022-01-17T00:24:45.134+0800: 2.663: [scrub symbol table, 0.0002708 secs]2022-01-17T00:24:45.134+0800: 2.664: [scrub string table, 0.0001153 secs][1 CMS-remark: 655520K(699072K)] 701855K(1013632K), 0.0009460 secs] [Times: user=0.00 sys=0.00, real=0.00 secs] 
2022-01-17T00:24:45.135+0800: 2.664: [CMS-concurrent-sweep-start]
2022-01-17T00:24:45.136+0800: 2.665: [CMS-concurrent-sweep: 0.001/0.001 secs] [Times: user=0.00 sys=0.00, real=0.00 secs] 
2022-01-17T00:24:45.136+0800: 2.665: [CMS-concurrent-reset-start]
2022-01-17T00:24:45.136+0800: 2.665: [CMS-concurrent-reset: 0.000/0.000 secs] [Times: user=0.00 sys=0.00, real=0.00 secs] 
2022-01-17T00:24:45.162+0800: 2.691: [GC (Allocation Failure) 2022-01-17T00:24:45.162+0800: 2.691: [ParNew: 314558K->34942K(314560K), 0.0187378 secs] 811194K->608837K(1013632K), 0.0188275 secs] [Times: user=0.27 sys=0.00, real=0.02 secs] 
2022-01-17T00:24:45.181+0800: 2.710: [GC (CMS Initial Mark) [1 CMS-initial-mark: 573894K(699072K)] 615342K(1013632K), 0.0005613 secs] [Times: user=0.00 sys=0.00, real=0.00 secs] 
2022-01-17T00:24:45.181+0800: 2.710: [CMS-concurrent-mark-start]
2022-01-17T00:24:45.183+0800: 2.712: [CMS-concurrent-mark: 0.001/0.001 secs] [Times: user=0.00 sys=0.00, real=0.00 secs] 
2022-01-17T00:24:45.183+0800: 2.712: [CMS-concurrent-preclean-start]
2022-01-17T00:24:45.184+0800: 2.713: [CMS-concurrent-preclean: 0.001/0.001 secs] [Times: user=0.00 sys=0.00, real=0.00 secs] 
2022-01-17T00:24:45.184+0800: 2.713: [CMS-concurrent-abortable-preclean-start]
2022-01-17T00:24:45.214+0800: 2.743: [GC (Allocation Failure) 2022-01-17T00:24:45.214+0800: 2.743: [ParNew: 314264K->34943K(314560K), 0.0185666 secs] 888159K->685071K(1013632K), 0.0186486 secs] [Times: user=0.11 sys=0.01, real=0.02 secs] 
2022-01-17T00:24:45.260+0800: 2.789: [GC (Allocation Failure) 2022-01-17T00:24:45.260+0800: 2.789: [ParNew: 314559K->314559K(314560K), 0.0000157 secs]2022-01-17T00:24:45.260+0800: 2.789: [CMS2022-01-17T00:24:45.261+0800: 2.789: [CMS-concurrent-abortable-preclean: 0.002/0.077 secs] [Times: user=0.17 sys=0.01, real=0.08 secs] 
 (concurrent mode failure): 650127K->378146K(699072K), 0.0437392 secs] 964687K->378146K(1013632K), [Metaspace: 2702K->2702K(1056768K)], 0.0438291 secs] [Times: user=0.03 sys=0.00, real=0.04 secs] 
2022-01-17T00:24:45.331+0800: 2.860: [GC (Allocation Failure) 2022-01-17T00:24:45.331+0800: 2.860: [ParNew: 279616K->34943K(314560K), 0.0107159 secs] 657762K->459115K(1013632K), 0.0107780 secs] [Times: user=0.16 sys=0.00, real=0.01 secs] 
2022-01-17T00:24:45.367+0800: 2.896: [GC (Allocation Failure) 2022-01-17T00:24:45.367+0800: 2.896: [ParNew: 314559K->34942K(314560K), 0.0149299 secs] 738731K->538650K(1013632K), 0.0149983 secs] [Times: user=0.00 sys=0.00, real=0.01 secs] 
2022-01-17T00:24:45.382+0800: 2.911: [GC (CMS Initial Mark) [1 CMS-initial-mark: 503707K(699072K)] 544472K(1013632K), 0.0005921 secs] [Times: user=0.00 sys=0.00, real=0.00 secs] 
2022-01-17T00:24:45.382+0800: 2.912: [CMS-concurrent-mark-start]
2022-01-17T00:24:45.383+0800: 2.913: [CMS-concurrent-mark: 0.001/0.001 secs] [Times: user=0.06 sys=0.00, real=0.00 secs] 
2022-01-17T00:24:45.383+0800: 2.913: [CMS-concurrent-preclean-start]
2022-01-17T00:24:45.384+0800: 2.913: [CMS-concurrent-preclean: 0.001/0.001 secs] [Times: user=0.00 sys=0.00, real=0.00 secs] 
2022-01-17T00:24:45.384+0800: 2.913: [CMS-concurrent-abortable-preclean-start]
2022-01-17T00:24:45.408+0800: 2.938: [GC (Allocation Failure) 2022-01-17T00:24:45.409+0800: 2.938: [ParNew: 314558K->34943K(314560K), 0.0161953 secs] 818266K->628997K(1013632K), 0.0162683 secs] [Times: user=0.14 sys=0.02, real=0.02 secs] 
2022-01-17T00:24:45.450+0800: 2.980: [GC (Allocation Failure) 2022-01-17T00:24:45.450+0800: 2.980: [ParNew: 314559K->314559K(314560K), 0.0000165 secs]2022-01-17T00:24:45.450+0800: 2.980: [CMS2022-01-17T00:24:45.450+0800: 2.980: [CMS-concurrent-abortable-preclean: 0.002/0.067 secs] [Times: user=0.19 sys=0.02, real=0.07 secs] 
 (concurrent mode failure): 594053K->379480K(699072K), 0.0432225 secs] 908613K->379480K(1013632K), [Metaspace: 2709K->2709K(1056768K)], 0.0433122 secs] [Times: user=0.05 sys=0.00, real=0.04 secs] 
2022-01-17T00:24:45.519+0800: 3.049: [GC (Allocation Failure) 2022-01-17T00:24:45.519+0800: 3.049: [ParNew: 279616K->34943K(314560K), 0.0118105 secs] 659096K->463608K(1013632K), 0.0118793 secs] [Times: user=0.16 sys=0.00, real=0.01 secs] 
Heap
 par new generation   total 314560K, used 53182K [0x00000000c0000000, 0x00000000d5550000, 0x00000000d5550000)
  eden space 279616K,   6% used [0x00000000c0000000, 0x00000000c11cfc40, 0x00000000d1110000)
  from space 34944K,  99% used [0x00000000d1110000, 0x00000000d332ff70, 0x00000000d3330000)
  to   space 34944K,   0% used [0x00000000d3330000, 0x00000000d3330000, 0x00000000d5550000)
 concurrent mark-sweep generation total 699072K, used 428664K [0x00000000d5550000, 0x0000000100000000, 0x0000000100000000)
 Metaspace       used 2716K, capacity 4490K, committed 4864K, reserved 1056768K
  class space    used 291K, capacity 386K, committed 512K, reserved 1048576K
