Java HotSpot(TM) 64-Bit Server VM (25.231-b11) for windows-amd64 JRE (1.8.0_231-b11), built on Oct  5 2019 03:11:30 by "java_re" with MS VC++ 10.0 (VS2010)
Memory: 4k page, physical 16718268k(8510844k free), swap 19208636k(3970804k free)
CommandLine flags: -XX:InitialHeapSize=1073741824 -XX:MaxHeapSize=1073741824 -XX:+PrintGC -XX:+PrintGCDateStamps -XX:+PrintGCDetails -XX:+PrintGCTimeStamps -XX:-UseAdaptiveSizePolicy -XX:+UseCompressedClassPointers -XX:+UseCompressedOops -XX:-UseLargePagesIndividualAllocation -XX:+UseSerialGC 
2022-01-17T00:24:33.483+0800: 0.149: [GC (Allocation Failure) 2022-01-17T00:24:33.483+0800: 0.150: [DefNew: 279616K->34943K(314560K), 0.0266001 secs] 279616K->90605K(1013632K), 0.0267552 secs] [Times: user=0.03 sys=0.00, real=0.03 secs] 
2022-01-17T00:24:33.538+0800: 0.205: [GC (Allocation Failure) 2022-01-17T00:24:33.538+0800: 0.205: [DefNew: 314439K->34944K(314560K), 0.0327352 secs] 370100K->169276K(1013632K), 0.0328009 secs] [Times: user=0.02 sys=0.03, real=0.03 secs] 
2022-01-17T00:24:33.599+0800: 0.266: [GC (Allocation Failure) 2022-01-17T00:24:33.599+0800: 0.266: [DefNew: 314180K->34942K(314560K), 0.0267332 secs] 448512K->245874K(1013632K), 0.0267937 secs] [Times: user=0.00 sys=0.03, real=0.03 secs] 
2022-01-17T00:24:33.651+0800: 0.318: [GC (Allocation Failure) 2022-01-17T00:24:33.651+0800: 0.318: [DefNew: 314558K->34943K(314560K), 0.0292310 secs] 525490K->324453K(1013632K), 0.0292940 secs] [Times: user=0.02 sys=0.02, real=0.03 secs] 
2022-01-17T00:24:33.707+0800: 0.374: [GC (Allocation Failure) 2022-01-17T00:24:33.707+0800: 0.374: [DefNew: 314559K->34944K(314560K), 0.0308695 secs] 604069K->405554K(1013632K), 0.0309316 secs] [Times: user=0.02 sys=0.02, real=0.03 secs] 
2022-01-17T00:24:33.766+0800: 0.432: [GC (Allocation Failure) 2022-01-17T00:24:33.766+0800: 0.433: [DefNew: 314560K->34942K(314560K), 0.0301667 secs] 685170K->485055K(1013632K), 0.0302287 secs] [Times: user=0.00 sys=0.03, real=0.03 secs] 
2022-01-17T00:24:33.822+0800: 0.489: [GC (Allocation Failure) 2022-01-17T00:24:33.822+0800: 0.489: [DefNew: 314534K->34943K(314560K), 0.0299060 secs] 764647K->560465K(1013632K), 0.0299720 secs] [Times: user=0.03 sys=0.00, real=0.03 secs] 
2022-01-17T00:24:33.878+0800: 0.545: [GC (Allocation Failure) 2022-01-17T00:24:33.878+0800: 0.545: [DefNew: 314559K->34943K(314560K), 0.0320615 secs] 840081K->642163K(1013632K), 0.0321273 secs] [Times: user=0.02 sys=0.01, real=0.03 secs] 
2022-01-17T00:24:33.936+0800: 0.603: [GC (Allocation Failure) 2022-01-17T00:24:33.936+0800: 0.603: [DefNew: 314559K->34943K(314560K), 0.0349540 secs] 921779K->728143K(1013632K), 0.0350146 secs] [Times: user=0.02 sys=0.02, real=0.03 secs] 
2022-01-17T00:24:33.998+0800: 0.665: [GC (Allocation Failure) 2022-01-17T00:24:33.998+0800: 0.665: [DefNew: 314559K->314559K(314560K), 0.0000135 secs]2022-01-17T00:24:33.998+0800: 0.665: [Tenured: 693199K->398951K(699072K), 0.0425930 secs] 1007759K->398951K(1013632K), [Metaspace: 2702K->2702K(1056768K)], 0.0426959 secs] [Times: user=0.05 sys=0.00, real=0.04 secs] 
2022-01-17T00:24:34.066+0800: 0.733: [GC (Allocation Failure) 2022-01-17T00:24:34.066+0800: 0.733: [DefNew: 279616K->34943K(314560K), 0.0105850 secs] 678567K->485088K(1013632K), 0.0106455 secs] [Times: user=0.02 sys=0.00, real=0.01 secs] 
2022-01-17T00:24:34.104+0800: 0.771: [GC (Allocation Failure) 2022-01-17T00:24:34.104+0800: 0.771: [DefNew: 314559K->34943K(314560K), 0.0148338 secs] 764704K->562394K(1013632K), 0.0149060 secs] [Times: user=0.01 sys=0.00, real=0.01 secs] 
2022-01-17T00:24:34.149+0800: 0.815: [GC (Allocation Failure) 2022-01-17T00:24:34.149+0800: 0.816: [DefNew: 314559K->34943K(314560K), 0.0151864 secs] 842010K->640924K(1013632K), 0.0152705 secs] [Times: user=0.02 sys=0.00, real=0.02 secs] 
2022-01-17T00:24:34.192+0800: 0.858: [GC (Allocation Failure) 2022-01-17T00:24:34.192+0800: 0.858: [DefNew: 314559K->34943K(314560K), 0.0126994 secs] 920540K->714110K(1013632K), 0.0127590 secs] [Times: user=0.02 sys=0.00, real=0.01 secs] 
2022-01-17T00:24:34.231+0800: 0.897: [GC (Allocation Failure) 2022-01-17T00:24:34.231+0800: 0.897: [DefNew: 314559K->314559K(314560K), 0.0000510 secs]2022-01-17T00:24:34.231+0800: 0.897: [Tenured: 679167K->377276K(699072K), 0.0413116 secs] 993726K->377276K(1013632K), [Metaspace: 2702K->2702K(1056768K)], 0.0414334 secs] [Times: user=0.03 sys=0.00, real=0.04 secs] 
2022-01-17T00:24:34.297+0800: 0.964: [GC (Allocation Failure) 2022-01-17T00:24:34.297+0800: 0.964: [DefNew: 279616K->34943K(314560K), 0.0101367 secs] 656892K->461920K(1013632K), 0.0102061 secs] [Times: user=0.02 sys=0.00, real=0.01 secs] 
2022-01-17T00:24:34.337+0800: 1.004: [GC (Allocation Failure) 2022-01-17T00:24:34.337+0800: 1.004: [DefNew: 314559K->34943K(314560K), 0.0164380 secs] 741536K->537871K(1013632K), 0.0165075 secs] [Times: user=0.02 sys=0.00, real=0.02 secs] 
2022-01-17T00:24:34.379+0800: 1.045: [GC (Allocation Failure) 2022-01-17T00:24:34.379+0800: 1.045: [DefNew: 314559K->34943K(314560K), 0.0148970 secs] 817487K->623426K(1013632K), 0.0149654 secs] [Times: user=0.02 sys=0.00, real=0.02 secs] 
2022-01-17T00:24:34.419+0800: 1.085: [GC (Allocation Failure) 2022-01-17T00:24:34.419+0800: 1.085: [DefNew: 314559K->34941K(314560K), 0.0127292 secs] 903042K->695787K(1013632K), 0.0127927 secs] [Times: user=0.02 sys=0.00, real=0.01 secs] 
2022-01-17T00:24:34.458+0800: 1.124: [GC (Allocation Failure) 2022-01-17T00:24:34.458+0800: 1.124: [DefNew: 314557K->314557K(314560K), 0.0000132 secs]2022-01-17T00:24:34.458+0800: 1.124: [Tenured: 660845K->406612K(699072K), 0.0414062 secs] 975403K->406612K(1013632K), [Metaspace: 2702K->2702K(1056768K)], 0.0414906 secs] [Times: user=0.05 sys=0.00, real=0.04 secs] 
2022-01-17T00:24:34.523+0800: 1.190: [GC (Allocation Failure) 2022-01-17T00:24:34.523+0800: 1.190: [DefNew: 279616K->34942K(314560K), 0.0105856 secs] 686228K->495928K(1013632K), 0.0106513 secs] [Times: user=0.00 sys=0.00, real=0.01 secs] 
2022-01-17T00:24:34.560+0800: 1.227: [GC (Allocation Failure) 2022-01-17T00:24:34.560+0800: 1.227: [DefNew: 314558K->34944K(314560K), 0.0136953 secs] 775544K->572478K(1013632K), 0.0137562 secs] [Times: user=0.02 sys=0.00, real=0.01 secs] 
2022-01-17T00:24:34.597+0800: 1.264: [GC (Allocation Failure) 2022-01-17T00:24:34.597+0800: 1.264: [DefNew: 314560K->34944K(314560K), 0.0145563 secs] 852094K->662703K(1013632K), 0.0146234 secs] [Times: user=0.02 sys=0.00, real=0.02 secs] 
2022-01-17T00:24:34.637+0800: 1.304: [GC (Allocation Failure) 2022-01-17T00:24:34.637+0800: 1.304: [DefNew: 314560K->314560K(314560K), 0.0000136 secs]2022-01-17T00:24:34.637+0800: 1.304: [Tenured: 627759K->370467K(699072K), 0.0559208 secs] 942319K->370467K(1013632K), [Metaspace: 2702K->2702K(1056768K)], 0.0559957 secs] [Times: user=0.05 sys=0.00, real=0.06 secs] 
2022-01-17T00:24:34.722+0800: 1.389: [GC (Allocation Failure) 2022-01-17T00:24:34.722+0800: 1.389: [DefNew: 279616K->34943K(314560K), 0.0123275 secs] 650083K->457056K(1013632K), 0.0123987 secs] [Times: user=0.02 sys=0.00, real=0.01 secs] 
2022-01-17T00:24:34.763+0800: 1.429: [GC (Allocation Failure) 2022-01-17T00:24:34.763+0800: 1.429: [DefNew: 314559K->34943K(314560K), 0.0142603 secs] 736672K->538957K(1013632K), 0.0143401 secs] [Times: user=0.01 sys=0.00, real=0.01 secs] 
2022-01-17T00:24:34.802+0800: 1.468: [GC (Allocation Failure) 2022-01-17T00:24:34.802+0800: 1.468: [DefNew: 314559K->34943K(314560K), 0.0125307 secs] 818573K->609108K(1013632K), 0.0125980 secs] [Times: user=0.02 sys=0.00, real=0.01 secs] 
2022-01-17T00:24:34.839+0800: 1.505: [GC (Allocation Failure) 2022-01-17T00:24:34.839+0800: 1.505: [DefNew: 314559K->34944K(314560K), 0.0139552 secs] 888724K->690830K(1013632K), 0.0140138 secs] [Times: user=0.02 sys=0.00, real=0.01 secs] 
2022-01-17T00:24:34.876+0800: 1.543: [GC (Allocation Failure) 2022-01-17T00:24:34.876+0800: 1.543: [DefNew: 313904K->313904K(314560K), 0.0000134 secs]2022-01-17T00:24:34.876+0800: 1.543: [Tenured: 655886K->420376K(699072K), 0.0431412 secs] 969790K->420376K(1013632K), [Metaspace: 2702K->2702K(1056768K)], 0.0432260 secs] [Times: user=0.05 sys=0.00, real=0.04 secs] 
2022-01-17T00:24:34.943+0800: 1.610: [GC (Allocation Failure) 2022-01-17T00:24:34.943+0800: 1.610: [DefNew: 279616K->34943K(314560K), 0.0109224 secs] 699992K->511050K(1013632K), 0.0110348 secs] [Times: user=0.02 sys=0.00, real=0.01 secs] 
2022-01-17T00:24:34.979+0800: 1.646: [GC (Allocation Failure) 2022-01-17T00:24:34.979+0800: 1.646: [DefNew: 314559K->34944K(314560K), 0.0135603 secs] 790666K->590357K(1013632K), 0.0136286 secs] [Times: user=0.01 sys=0.00, real=0.01 secs] 
2022-01-17T00:24:35.017+0800: 1.684: [GC (Allocation Failure) 2022-01-17T00:24:35.017+0800: 1.684: [DefNew: 314560K->34942K(314560K), 0.0127921 secs] 869973K->660181K(1013632K), 0.0128532 secs] [Times: user=0.01 sys=0.00, real=0.01 secs] 
2022-01-17T00:24:35.055+0800: 1.722: [GC (Allocation Failure) 2022-01-17T00:24:35.055+0800: 1.722: [DefNew: 314558K->314558K(314560K), 0.0000141 secs]2022-01-17T00:24:35.055+0800: 1.722: [Tenured: 625238K->395470K(699072K), 0.0431186 secs] 939797K->395470K(1013632K), [Metaspace: 2702K->2702K(1056768K)], 0.0432119 secs] [Times: user=0.03 sys=0.00, real=0.04 secs] 
2022-01-17T00:24:35.124+0800: 1.790: [GC (Allocation Failure) 2022-01-17T00:24:35.124+0800: 1.790: [DefNew: 279311K->34943K(314560K), 0.0108506 secs] 674782K->489266K(1013632K), 0.0109292 secs] [Times: user=0.02 sys=0.00, real=0.01 secs] 
2022-01-17T00:24:35.160+0800: 1.827: [GC (Allocation Failure) 2022-01-17T00:24:35.160+0800: 1.827: [DefNew: 314559K->34943K(314560K), 0.0139560 secs] 768882K->565679K(1013632K), 0.0140019 secs] [Times: user=0.02 sys=0.00, real=0.01 secs] 
2022-01-17T00:24:35.202+0800: 1.868: [GC (Allocation Failure) 2022-01-17T00:24:35.202+0800: 1.868: [DefNew: 314559K->34941K(314560K), 0.0147865 secs] 845295K->646702K(1013632K), 0.0148324 secs] [Times: user=0.02 sys=0.00, real=0.02 secs] 
2022-01-17T00:24:35.243+0800: 1.910: [GC (Allocation Failure) 2022-01-17T00:24:35.243+0800: 1.910: [DefNew: 314557K->314557K(314560K), 0.0000140 secs]2022-01-17T00:24:35.243+0800: 1.910: [Tenured: 611761K->409513K(699072K), 0.0451551 secs] 926318K->409513K(1013632K), [Metaspace: 2702K->2702K(1056768K)], 0.0452294 secs] [Times: user=0.03 sys=0.00, real=0.05 secs] 
2022-01-17T00:24:35.314+0800: 1.981: [GC (Allocation Failure) 2022-01-17T00:24:35.314+0800: 1.981: [DefNew: 279616K->34943K(314560K), 0.0123734 secs] 689129K->501923K(1013632K), 0.0124265 secs] [Times: user=0.02 sys=0.00, real=0.01 secs] 
2022-01-17T00:24:35.354+0800: 2.021: [GC (Allocation Failure) 2022-01-17T00:24:35.354+0800: 2.021: [DefNew: 314559K->34943K(314560K), 0.0137960 secs] 781539K->583549K(1013632K), 0.0138502 secs] [Times: user=0.01 sys=0.00, real=0.01 secs] 
2022-01-17T00:24:35.395+0800: 2.061: [GC (Allocation Failure) 2022-01-17T00:24:35.395+0800: 2.061: [DefNew: 314559K->34943K(314560K), 0.0136592 secs] 863165K->663154K(1013632K), 0.0137227 secs] [Times: user=0.01 sys=0.00, real=0.01 secs] 
2022-01-17T00:24:35.433+0800: 2.100: [GC (Allocation Failure) 2022-01-17T00:24:35.433+0800: 2.100: [DefNew: 314559K->314559K(314560K), 0.0000125 secs]2022-01-17T00:24:35.433+0800: 2.100: [Tenured: 628210K->379641K(699072K), 0.0433681 secs] 942770K->379641K(1013632K), [Metaspace: 2702K->2702K(1056768K)], 0.0434491 secs] [Times: user=0.05 sys=0.00, real=0.04 secs] 
2022-01-17T00:24:35.505+0800: 2.172: [GC (Allocation Failure) 2022-01-17T00:24:35.505+0800: 2.172: [DefNew: 279616K->34943K(314560K), 0.0131667 secs] 659257K->470594K(1013632K), 0.0132429 secs] [Times: user=0.02 sys=0.00, real=0.01 secs] 
2022-01-17T00:24:35.545+0800: 2.212: [GC (Allocation Failure) 2022-01-17T00:24:35.545+0800: 2.212: [DefNew: 314559K->34943K(314560K), 0.0128302 secs] 750210K->543895K(1013632K), 0.0128913 secs] [Times: user=0.02 sys=0.00, real=0.01 secs] 
2022-01-17T00:24:35.583+0800: 2.250: [GC (Allocation Failure) 2022-01-17T00:24:35.583+0800: 2.250: [DefNew: 314559K->34943K(314560K), 0.0134572 secs] 823511K->621702K(1013632K), 0.0135118 secs] [Times: user=0.02 sys=0.00, real=0.01 secs] 
2022-01-17T00:24:35.624+0800: 2.291: [GC (Allocation Failure) 2022-01-17T00:24:35.624+0800: 2.291: [DefNew: 314559K->34943K(314560K), 0.0130216 secs] 901318K->696915K(1013632K), 0.0130777 secs] [Times: user=0.02 sys=0.00, real=0.01 secs] 
2022-01-17T00:24:35.662+0800: 2.329: [GC (Allocation Failure) 2022-01-17T00:24:35.662+0800: 2.329: [DefNew: 313921K->313921K(314560K), 0.0000133 secs]2022-01-17T00:24:35.662+0800: 2.329: [Tenured: 661971K->407038K(699072K), 0.0428789 secs] 975892K->407038K(1013632K), [Metaspace: 2702K->2702K(1056768K)], 0.0429684 secs] [Times: user=0.05 sys=0.00, real=0.04 secs] 
2022-01-17T00:24:35.731+0800: 2.397: [GC (Allocation Failure) 2022-01-17T00:24:35.731+0800: 2.397: [DefNew: 279616K->34944K(314560K), 0.0102293 secs] 686654K->493798K(1013632K), 0.0103150 secs] [Times: user=0.00 sys=0.00, real=0.01 secs] 
2022-01-17T00:24:35.766+0800: 2.432: [GC (Allocation Failure) 2022-01-17T00:24:35.766+0800: 2.432: [DefNew: 314560K->34943K(314560K), 0.0138611 secs] 773414K->574616K(1013632K), 0.0139208 secs] [Times: user=0.01 sys=0.00, real=0.01 secs] 
2022-01-17T00:24:35.807+0800: 2.473: [GC (Allocation Failure) 2022-01-17T00:24:35.807+0800: 2.474: [DefNew: 314559K->34943K(314560K), 0.0149854 secs] 854232K->656102K(1013632K), 0.0150373 secs] [Times: user=0.02 sys=0.00, real=0.01 secs] 
2022-01-17T00:24:35.852+0800: 2.519: [GC (Allocation Failure) 2022-01-17T00:24:35.852+0800: 2.519: [DefNew: 314559K->314559K(314560K), 0.0000146 secs]2022-01-17T00:24:35.852+0800: 2.519: [Tenured: 621159K->407244K(699072K), 0.0489408 secs] 935718K->407244K(1013632K), [Metaspace: 2702K->2702K(1056768K)], 0.0490174 secs] [Times: user=0.05 sys=0.00, real=0.05 secs] 
2022-01-17T00:24:35.929+0800: 2.596: [GC (Allocation Failure) 2022-01-17T00:24:35.929+0800: 2.596: [DefNew: 279616K->34943K(314560K), 0.0129655 secs] 686860K->495651K(1013632K), 0.0130355 secs] [Times: user=0.02 sys=0.00, real=0.01 secs] 
2022-01-17T00:24:35.970+0800: 2.636: [GC (Allocation Failure) 2022-01-17T00:24:35.970+0800: 2.636: [DefNew: 314559K->34943K(314560K), 0.0153843 secs] 775267K->571198K(1013632K), 0.0154602 secs] [Times: user=0.02 sys=0.00, real=0.01 secs] 
2022-01-17T00:24:36.016+0800: 2.683: [GC (Allocation Failure) 2022-01-17T00:24:36.016+0800: 2.683: [DefNew: 314559K->34943K(314560K), 0.0154172 secs] 850814K->648947K(1013632K), 0.0154817 secs] [Times: user=0.01 sys=0.00, real=0.02 secs] 
2022-01-17T00:24:36.061+0800: 2.727: [GC (Allocation Failure) 2022-01-17T00:24:36.061+0800: 2.727: [DefNew: 314559K->314559K(314560K), 0.0000136 secs]2022-01-17T00:24:36.061+0800: 2.727: [Tenured: 614003K->405214K(699072K), 0.0513794 secs] 928563K->405214K(1013632K), [Metaspace: 2702K->2702K(1056768K)], 0.0514635 secs] [Times: user=0.05 sys=0.00, real=0.05 secs] 
2022-01-17T00:24:36.137+0800: 2.804: [GC (Allocation Failure) 2022-01-17T00:24:36.137+0800: 2.804: [DefNew: 279616K->34943K(314560K), 0.0101487 secs] 684830K->489558K(1013632K), 0.0102069 secs] [Times: user=0.00 sys=0.00, real=0.01 secs] 
2022-01-17T00:24:36.172+0800: 2.838: [GC (Allocation Failure) 2022-01-17T00:24:36.172+0800: 2.838: [DefNew: 314559K->34944K(314560K), 0.0137268 secs] 769174K->570747K(1013632K), 0.0137855 secs] [Times: user=0.02 sys=0.00, real=0.01 secs] 
2022-01-17T00:24:36.212+0800: 2.879: [GC (Allocation Failure) 2022-01-17T00:24:36.212+0800: 2.879: [DefNew: 314560K->34944K(314560K), 0.0156196 secs] 850363K->651901K(1013632K), 0.0156794 secs] [Times: user=0.02 sys=0.00, real=0.02 secs] 
2022-01-17T00:24:36.256+0800: 2.923: [GC (Allocation Failure) 2022-01-17T00:24:36.256+0800: 2.923: [DefNew: 314560K->314560K(314560K), 0.0000207 secs]2022-01-17T00:24:36.256+0800: 2.923: [Tenured: 616957K->365487K(699072K), 0.0441873 secs] 931517K->365487K(1013632K), [Metaspace: 2709K->2709K(1056768K)], 0.0442915 secs] [Times: user=0.05 sys=0.00, real=0.04 secs] 
2022-01-17T00:24:36.326+0800: 2.993: [GC (Allocation Failure) 2022-01-17T00:24:36.326+0800: 2.993: [DefNew: 279616K->34943K(314560K), 0.0130947 secs] 645103K->457878K(1013632K), 0.0131715 secs] [Times: user=0.02 sys=0.00, real=0.01 secs] 
2022-01-17T00:24:36.366+0800: 3.033: [GC (Allocation Failure) 2022-01-17T00:24:36.366+0800: 3.033: [DefNew: 314379K->34943K(314560K), 0.0141032 secs] 737314K->540908K(1013632K), 0.0141708 secs] [Times: user=0.01 sys=0.00, real=0.01 secs] 
Heap
 def new generation   total 314560K, used 201049K [0x00000000c0000000, 0x00000000d5550000, 0x00000000d5550000)
  eden space 279616K,  59% used [0x00000000c0000000, 0x00000000ca2365b8, 0x00000000d1110000)
  from space 34944K,  99% used [0x00000000d1110000, 0x00000000d332fff0, 0x00000000d3330000)
  to   space 34944K,   0% used [0x00000000d3330000, 0x00000000d3330000, 0x00000000d5550000)
 tenured generation   total 699072K, used 505964K [0x00000000d5550000, 0x0000000100000000, 0x0000000100000000)
   the space 699072K,  72% used [0x00000000d5550000, 0x00000000f436b290, 0x00000000f436b400, 0x0000000100000000)
 Metaspace       used 2716K, capacity 4490K, committed 4864K, reserved 1056768K
  class space    used 291K, capacity 386K, committed 512K, reserved 1048576K
