Java HotSpot(TM) 64-Bit Server VM (25.231-b11) for windows-amd64 JRE (1.8.0_231-b11), built on Oct  5 2019 03:11:30 by "java_re" with MS VC++ 10.0 (VS2010)
Memory: 4k page, physical 16718268k(8523920k free), swap 19416984k(4186152k free)
CommandLine flags: -XX:InitialHeapSize=2147483648 -XX:MaxHeapSize=2147483648 -XX:+PrintGC -XX:+PrintGCDateStamps -XX:+PrintGCDetails -XX:+PrintGCTimeStamps -XX:-UseAdaptiveSizePolicy -XX:+UseCompressedClassPointers -XX:+UseCompressedOops -XX:-UseLargePagesIndividualAllocation -XX:+UseParallelGC 
2022-01-17T00:25:36.773+0800: 0.222: [GC (Allocation Failure) [PSYoungGen: 524800K->87034K(611840K)] 524800K->144375K(2010112K), 0.0173124 secs] [Times: user=0.09 sys=0.22, real=0.02 secs] 
2022-01-17T00:25:36.847+0800: 0.296: [GC (Allocation Failure) [PSYoungGen: 611834K->87029K(611840K)] 669175K->260486K(2010112K), 0.0260786 secs] [Times: user=0.13 sys=0.17, real=0.03 secs] 
2022-01-17T00:25:36.931+0800: 0.381: [GC (Allocation Failure) [PSYoungGen: 611829K->87024K(611840K)] 785286K->370157K(2010112K), 0.0262846 secs] [Times: user=0.05 sys=0.09, real=0.03 secs] 
2022-01-17T00:25:37.016+0800: 0.466: [GC (Allocation Failure) [PSYoungGen: 611824K->87033K(611840K)] 894957K->490784K(2010112K), 0.0266296 secs] [Times: user=0.14 sys=0.11, real=0.03 secs] 
2022-01-17T00:25:37.100+0800: 0.549: [GC (Allocation Failure) [PSYoungGen: 611833K->87031K(611840K)] 1015584K->603742K(2010112K), 0.0242487 secs] [Times: user=0.16 sys=0.14, real=0.02 secs] 
2022-01-17T00:25:37.178+0800: 0.627: [GC (Allocation Failure) [PSYoungGen: 611196K->87028K(611840K)] 1127907K->721164K(2010112K), 0.0243847 secs] [Times: user=0.17 sys=0.14, real=0.03 secs] 
2022-01-17T00:25:37.258+0800: 0.707: [GC (Allocation Failure) [PSYoungGen: 611828K->87037K(611840K)] 1245964K->828115K(2010112K), 0.0243492 secs] [Times: user=0.05 sys=0.08, real=0.02 secs] 
2022-01-17T00:25:37.341+0800: 0.791: [GC (Allocation Failure) [PSYoungGen: 611837K->87020K(611840K)] 1352915K->941569K(2010112K), 0.0250705 secs] [Times: user=0.16 sys=0.00, real=0.02 secs] 
2022-01-17T00:25:37.423+0800: 0.873: [GC (Allocation Failure) [PSYoungGen: 611820K->87035K(611840K)] 1466369K->1048798K(2010112K), 0.0216210 secs] [Times: user=0.28 sys=0.03, real=0.02 secs] 
2022-01-17T00:25:37.493+0800: 0.942: [GC (Allocation Failure) [PSYoungGen: 611835K->87023K(611840K)] 1573598K->1166835K(2010112K), 0.0235201 secs] [Times: user=0.06 sys=0.09, real=0.02 secs] 
2022-01-17T00:25:37.565+0800: 1.014: [GC (Allocation Failure) [PSYoungGen: 611823K->87039K(611840K)] 1691635K->1275928K(2010112K), 0.0214881 secs] [Times: user=0.20 sys=0.11, real=0.02 secs] 
2022-01-17T00:25:37.635+0800: 1.083: [GC (Allocation Failure) [PSYoungGen: 611839K->87023K(611840K)] 1800728K->1396440K(2010112K), 0.0225053 secs] [Times: user=0.03 sys=0.13, real=0.02 secs] 
2022-01-17T00:25:37.657+0800: 1.106: [Full GC (Ergonomics) [PSYoungGen: 87023K->0K(611840K)] [ParOldGen: 1309416K->380661K(1398272K)] 1396440K->380661K(2010112K), [Metaspace: 2702K->2702K(1056768K)], 0.0508593 secs] [Times: user=0.47 sys=0.00, real=0.05 secs] 
2022-01-17T00:25:37.754+0800: 1.203: [GC (Allocation Failure) [PSYoungGen: 524800K->87035K(611840K)] 905461K->518653K(2010112K), 0.0149777 secs] [Times: user=0.16 sys=0.00, real=0.02 secs] 
2022-01-17T00:25:37.820+0800: 1.270: [GC (Allocation Failure) [PSYoungGen: 611835K->87021K(611840K)] 1043453K->629930K(2010112K), 0.0214219 secs] [Times: user=0.16 sys=0.00, real=0.02 secs] 
2022-01-17T00:25:37.899+0800: 1.348: [GC (Allocation Failure) [PSYoungGen: 611821K->87037K(611840K)] 1154730K->737454K(2010112K), 0.0211498 secs] [Times: user=0.16 sys=0.00, real=0.02 secs] 
2022-01-17T00:25:37.971+0800: 1.420: [GC (Allocation Failure) [PSYoungGen: 611837K->87035K(611840K)] 1262254K->860133K(2010112K), 0.0224731 secs] [Times: user=0.31 sys=0.00, real=0.02 secs] 
2022-01-17T00:25:38.046+0800: 1.495: [GC (Allocation Failure) [PSYoungGen: 611835K->87034K(611840K)] 1384933K->979417K(2010112K), 0.0218433 secs] [Times: user=0.16 sys=0.00, real=0.02 secs] 
2022-01-17T00:25:38.114+0800: 1.564: [GC (Allocation Failure) [PSYoungGen: 611834K->87038K(611840K)] 1504217K->1089414K(2010112K), 0.0212892 secs] [Times: user=0.31 sys=0.00, real=0.02 secs] 
2022-01-17T00:25:38.182+0800: 1.631: [GC (Allocation Failure) [PSYoungGen: 611838K->87037K(611840K)] 1614214K->1208107K(2010112K), 0.0218754 secs] [Times: user=0.16 sys=0.00, real=0.02 secs] 
2022-01-17T00:25:38.249+0800: 1.698: [GC (Allocation Failure) [PSYoungGen: 611837K->87034K(611840K)] 1732907K->1317510K(2010112K), 0.0209632 secs] [Times: user=0.16 sys=0.00, real=0.02 secs] 
2022-01-17T00:25:38.317+0800: 1.766: [GC (Allocation Failure) [PSYoungGen: 611834K->87025K(611840K)] 1842310K->1430346K(2010112K), 0.0234762 secs] [Times: user=0.20 sys=0.11, real=0.02 secs] 
2022-01-17T00:25:38.341+0800: 1.790: [Full GC (Ergonomics) [PSYoungGen: 87025K->0K(611840K)] [ParOldGen: 1343321K->371507K(1398272K)] 1430346K->371507K(2010112K), [Metaspace: 2702K->2702K(1056768K)], 0.0447631 secs] [Times: user=0.47 sys=0.00, real=0.04 secs] 
2022-01-17T00:25:38.434+0800: 1.884: [GC (Allocation Failure) [PSYoungGen: 524800K->87035K(611840K)] 896307K->520666K(2010112K), 0.0162082 secs] [Times: user=0.16 sys=0.00, real=0.02 secs] 
2022-01-17T00:25:38.496+0800: 1.945: [GC (Allocation Failure) [PSYoungGen: 611835K->87026K(611840K)] 1045466K->634312K(2010112K), 0.0212601 secs] [Times: user=0.16 sys=0.00, real=0.02 secs] 
2022-01-17T00:25:38.565+0800: 2.014: [GC (Allocation Failure) [PSYoungGen: 611826K->87037K(611840K)] 1159112K->748447K(2010112K), 0.0219848 secs] [Times: user=0.31 sys=0.00, real=0.02 secs] 
2022-01-17T00:25:38.634+0800: 2.083: [GC (Allocation Failure) [PSYoungGen: 611837K->87037K(611840K)] 1273247K->859400K(2010112K), 0.0214046 secs] [Times: user=0.16 sys=0.00, real=0.02 secs] 
2022-01-17T00:25:38.702+0800: 2.151: [GC (Allocation Failure) [PSYoungGen: 611837K->87032K(611840K)] 1384200K->980004K(2010112K), 0.0227409 secs] [Times: user=0.16 sys=0.00, real=0.02 secs] 
2022-01-17T00:25:38.772+0800: 2.222: [GC (Allocation Failure) [PSYoungGen: 611832K->87034K(611840K)] 1504804K->1095418K(2010112K), 0.0214364 secs] [Times: user=0.31 sys=0.00, real=0.02 secs] 
2022-01-17T00:25:38.840+0800: 2.289: [GC (Allocation Failure) [PSYoungGen: 611834K->87039K(611840K)] 1620218K->1214750K(2010112K), 0.0218399 secs] [Times: user=0.16 sys=0.00, real=0.02 secs] 
2022-01-17T00:25:38.906+0800: 2.355: [GC (Allocation Failure) [PSYoungGen: 611839K->87028K(611840K)] 1739550K->1331247K(2010112K), 0.0220075 secs] [Times: user=0.16 sys=0.00, real=0.02 secs] 
2022-01-17T00:25:38.974+0800: 2.423: [GC (Allocation Failure) [PSYoungGen: 611828K->87033K(611840K)] 1856047K->1438352K(2010112K), 0.0217477 secs] [Times: user=0.31 sys=0.00, real=0.02 secs] 
2022-01-17T00:25:38.996+0800: 2.445: [Full GC (Ergonomics) [PSYoungGen: 87033K->0K(611840K)] [ParOldGen: 1351318K->375911K(1398272K)] 1438352K->375911K(2010112K), [Metaspace: 2702K->2702K(1056768K)], 0.0444134 secs] [Times: user=0.33 sys=0.00, real=0.04 secs] 
2022-01-17T00:25:39.089+0800: 2.537: [GC (Allocation Failure) [PSYoungGen: 524800K->87039K(611840K)] 900711K->520364K(2010112K), 0.0168504 secs] [Times: user=0.16 sys=0.00, real=0.02 secs] 
2022-01-17T00:25:39.159+0800: 2.609: [GC (Allocation Failure) [PSYoungGen: 611839K->87038K(611840K)] 1045164K->637133K(2010112K), 0.0229246 secs] [Times: user=0.31 sys=0.00, real=0.02 secs] 
2022-01-17T00:25:39.233+0800: 2.682: [GC (Allocation Failure) [PSYoungGen: 611838K->87024K(611840K)] 1161933K->749145K(2010112K), 0.0225198 secs] [Times: user=0.16 sys=0.00, real=0.02 secs] 
2022-01-17T00:25:39.305+0800: 2.755: [GC (Allocation Failure) [PSYoungGen: 611824K->87036K(611840K)] 1273945K->862078K(2010112K), 0.0216460 secs] [Times: user=0.16 sys=0.00, real=0.02 secs] 
2022-01-17T00:25:39.381+0800: 2.830: [GC (Allocation Failure) [PSYoungGen: 611836K->87038K(611840K)] 1386878K->982332K(2010112K), 0.0226793 secs] [Times: user=0.31 sys=0.00, real=0.02 secs] 
2022-01-17T00:25:39.461+0800: 2.910: [GC (Allocation Failure) [PSYoungGen: 611838K->87028K(611840K)] 1507132K->1099985K(2010112K), 0.0223236 secs] [Times: user=0.14 sys=0.00, real=0.02 secs] 
2022-01-17T00:25:39.531+0800: 2.980: [GC (Allocation Failure) [PSYoungGen: 611828K->87039K(611840K)] 1624785K->1219390K(2010112K), 0.0218466 secs] [Times: user=0.16 sys=0.00, real=0.02 secs] 
2022-01-17T00:25:39.602+0800: 3.051: [GC (Allocation Failure) [PSYoungGen: 611839K->87027K(611840K)] 1744190K->1335108K(2010112K), 0.0227667 secs] [Times: user=0.16 sys=0.00, real=0.02 secs] 
Heap
 PSYoungGen      total 611840K, used 108228K [0x00000000d5580000, 0x0000000100000000, 0x0000000100000000)
  eden space 524800K, 4% used [0x00000000d5580000,0x00000000d6a34358,0x00000000f5600000)
  from space 87040K, 99% used [0x00000000fab00000,0x00000000ffffcfb8,0x0000000100000000)
  to   space 87040K, 0% used [0x00000000f5600000,0x00000000f5600000,0x00000000fab00000)
 ParOldGen       total 1398272K, used 1248080K [0x0000000080000000, 0x00000000d5580000, 0x00000000d5580000)
  object space 1398272K, 89% used [0x0000000080000000,0x00000000cc2d4250,0x00000000d5580000)
 Metaspace       used 2716K, capacity 4490K, committed 4864K, reserved 1056768K
  class space    used 291K, capacity 386K, committed 512K, reserved 1048576K
