Java HotSpot(TM) 64-Bit Server VM (25.231-b11) for windows-amd64 JRE (1.8.0_231-b11), built on Oct  5 2019 03:11:30 by "java_re" with MS VC++ 10.0 (VS2010)
Memory: 4k page, physical 16718268k(8430780k free), swap 19208636k(3843136k free)
CommandLine flags: -XX:InitialHeapSize=268435456 -XX:MaxHeapSize=268435456 -XX:+PrintGC -XX:+PrintGCDateStamps -XX:+PrintGCDetails -XX:+PrintGCTimeStamps -XX:-UseAdaptiveSizePolicy -XX:+UseCompressedClassPointers -XX:+UseCompressedOops -XX:-UseLargePagesIndividualAllocation -XX:+UseSerialGC 
2022-01-17T00:22:41.985+0800: 0.092: [GC (Allocation Failure) 2022-01-17T00:22:41.985+0800: 0.092: [DefNew: 69952K->8704K(78656K), 0.0083612 secs] 69952K->26184K(253440K), 0.0084821 secs] [Times: user=0.01 sys=0.00, real=0.01 secs] 
2022-01-17T00:22:42.003+0800: 0.110: [GC (Allocation Failure) 2022-01-17T00:22:42.003+0800: 0.110: [DefNew: 78656K->8702K(78656K), 0.0105873 secs] 96136K->52136K(253440K), 0.0106438 secs] [Times: user=0.00 sys=0.02, real=0.01 secs] 
2022-01-17T00:22:42.021+0800: 0.128: [GC (Allocation Failure) 2022-01-17T00:22:42.021+0800: 0.128: [DefNew: 78654K->8701K(78656K), 0.0076916 secs] 122088K->73615K(253440K), 0.0077478 secs] [Times: user=0.02 sys=0.00, real=0.01 secs] 
2022-01-17T00:22:42.037+0800: 0.143: [GC (Allocation Failure) 2022-01-17T00:22:42.037+0800: 0.143: [DefNew: 78653K->8704K(78656K), 0.0081520 secs] 143567K->96476K(253440K), 0.0082130 secs] [Times: user=0.00 sys=0.02, real=0.01 secs] 
2022-01-17T00:22:42.052+0800: 0.158: [GC (Allocation Failure) 2022-01-17T00:22:42.052+0800: 0.158: [DefNew: 78199K->8701K(78656K), 0.0078213 secs] 165971K->119248K(253440K), 0.0078753 secs] [Times: user=0.02 sys=0.00, real=0.01 secs] 
2022-01-17T00:22:42.066+0800: 0.173: [GC (Allocation Failure) 2022-01-17T00:22:42.066+0800: 0.173: [DefNew: 78653K->8701K(78656K), 0.0086880 secs] 189200K->144416K(253440K), 0.0087380 secs] [Times: user=0.00 sys=0.02, real=0.01 secs] 
2022-01-17T00:22:42.083+0800: 0.190: [GC (Allocation Failure) 2022-01-17T00:22:42.083+0800: 0.190: [DefNew: 78653K->8702K(78656K), 0.0079347 secs] 214368K->167349K(253440K), 0.0079908 secs] [Times: user=0.00 sys=0.01, real=0.01 secs] 
2022-01-17T00:22:42.099+0800: 0.206: [GC (Allocation Failure) 2022-01-17T00:22:42.099+0800: 0.206: [DefNew: 78654K->78654K(78656K), 0.0000138 secs]2022-01-17T00:22:42.099+0800: 0.206: [Tenured: 158647K->160963K(174784K), 0.0169911 secs] 237301K->160963K(253440K), [Metaspace: 2702K->2702K(1056768K)], 0.0170808 secs] [Times: user=0.02 sys=0.00, real=0.02 secs] 
2022-01-17T00:22:42.123+0800: 0.230: [GC (Allocation Failure) 2022-01-17T00:22:42.123+0800: 0.230: [DefNew: 69952K->69952K(78656K), 0.0000130 secs]2022-01-17T00:22:42.123+0800: 0.230: [Tenured: 160963K->171386K(174784K), 0.0191953 secs] 230915K->171386K(253440K), [Metaspace: 2702K->2702K(1056768K)], 0.0192733 secs] [Times: user=0.02 sys=0.00, real=0.02 secs] 
2022-01-17T00:22:42.150+0800: 0.256: [GC (Allocation Failure) 2022-01-17T00:22:42.150+0800: 0.256: [DefNew: 69952K->69952K(78656K), 0.0000125 secs]2022-01-17T00:22:42.150+0800: 0.256: [Tenured: 171386K->174771K(174784K), 0.0201509 secs] 241338K->182874K(253440K), [Metaspace: 2702K->2702K(1056768K)], 0.0202295 secs] [Times: user=0.02 sys=0.00, real=0.02 secs] 
2022-01-17T00:22:42.177+0800: 0.283: [Full GC (Allocation Failure) 2022-01-17T00:22:42.177+0800: 0.283: [Tenured: 174771K->174769K(174784K), 0.0215042 secs] 253388K->188706K(253440K), [Metaspace: 2702K->2702K(1056768K)], 0.0215734 secs] [Times: user=0.03 sys=0.00, real=0.02 secs] 
2022-01-17T00:22:42.204+0800: 0.311: [Full GC (Allocation Failure) 2022-01-17T00:22:42.204+0800: 0.311: [Tenured: 174769K->174573K(174784K), 0.0114866 secs] 253297K->208749K(253440K), [Metaspace: 2702K->2702K(1056768K)], 0.0115449 secs] [Times: user=0.02 sys=0.00, real=0.01 secs] 
2022-01-17T00:22:42.220+0800: 0.327: [Full GC (Allocation Failure) 2022-01-17T00:22:42.220+0800: 0.327: [Tenured: 174751K->174782K(174784K), 0.0157036 secs] 253389K->214605K(253440K), [Metaspace: 2702K->2702K(1056768K)], 0.0157649 secs] [Times: user=0.02 sys=0.00, real=0.02 secs] 
2022-01-17T00:22:42.240+0800: 0.347: [Full GC (Allocation Failure) 2022-01-17T00:22:42.240+0800: 0.347: [Tenured: 174782K->174777K(174784K), 0.0173892 secs] 253321K->223050K(253440K), [Metaspace: 2702K->2702K(1056768K)], 0.0174514 secs] [Times: user=0.02 sys=0.00, real=0.02 secs] 
2022-01-17T00:22:42.261+0800: 0.367: [Full GC (Allocation Failure) 2022-01-17T00:22:42.261+0800: 0.367: [Tenured: 174777K->174467K(174784K), 0.0238774 secs] 253371K->219044K(253440K), [Metaspace: 2702K->2702K(1056768K)], 0.0239374 secs] [Times: user=0.02 sys=0.00, real=0.02 secs] 
2022-01-17T00:22:42.288+0800: 0.394: [Full GC (Allocation Failure) 2022-01-17T00:22:42.288+0800: 0.394: [Tenured: 174755K->174755K(174784K), 0.0070206 secs] 253386K->228197K(253440K), [Metaspace: 2702K->2702K(1056768K)], 0.0070724 secs] [Times: user=0.01 sys=0.00, real=0.01 secs] 
2022-01-17T00:22:42.297+0800: 0.404: [Full GC (Allocation Failure) 2022-01-17T00:22:42.297+0800: 0.404: [Tenured: 174755K->174355K(174784K), 0.0140885 secs] 253182K->231229K(253440K), [Metaspace: 2702K->2702K(1056768K)], 0.0141391 secs] [Times: user=0.02 sys=0.00, real=0.02 secs] 
2022-01-17T00:22:42.314+0800: 0.421: [Full GC (Allocation Failure) 2022-01-17T00:22:42.314+0800: 0.421: [Tenured: 174355K->174722K(174784K), 0.0149876 secs] 252673K->233332K(253440K), [Metaspace: 2702K->2702K(1056768K)], 0.0150475 secs] [Times: user=0.01 sys=0.00, real=0.02 secs] 
2022-01-17T00:22:42.331+0800: 0.437: [Full GC (Allocation Failure) 2022-01-17T00:22:42.331+0800: 0.437: [Tenured: 174722K->174563K(174784K), 0.0265683 secs] 253378K->232392K(253440K), [Metaspace: 2702K->2702K(1056768K)], 0.0266136 secs] [Times: user=0.03 sys=0.00, real=0.03 secs] 
2022-01-17T00:22:42.360+0800: 0.466: [Full GC (Allocation Failure) 2022-01-17T00:22:42.360+0800: 0.466: [Tenured: 174644K->174644K(174784K), 0.0072214 secs] 253254K->237783K(253440K), [Metaspace: 2702K->2702K(1056768K)], 0.0072694 secs] [Times: user=0.02 sys=0.00, real=0.01 secs] 
2022-01-17T00:22:42.369+0800: 0.475: [Full GC (Allocation Failure) 2022-01-17T00:22:42.369+0800: 0.475: [Tenured: 174716K->174716K(174784K), 0.0027907 secs] 253311K->241277K(253440K), [Metaspace: 2702K->2702K(1056768K)], 0.0028311 secs] [Times: user=0.00 sys=0.00, real=0.00 secs] 
2022-01-17T00:22:42.373+0800: 0.479: [Full GC (Allocation Failure) 2022-01-17T00:22:42.373+0800: 0.479: [Tenured: 174730K->174730K(174784K), 0.0063035 secs] 253376K->244915K(253440K), [Metaspace: 2702K->2702K(1056768K)], 0.0063487 secs] [Times: user=0.00 sys=0.00, real=0.01 secs] 
2022-01-17T00:22:42.380+0800: 0.486: [Full GC (Allocation Failure) 2022-01-17T00:22:42.380+0800: 0.486: [Tenured: 174748K->174656K(174784K), 0.0295997 secs] 253393K->236821K(253440K), [Metaspace: 2702K->2702K(1056768K)], 0.0296599 secs] [Times: user=0.03 sys=0.00, real=0.03 secs] 
2022-01-17T00:22:42.412+0800: 0.518: [Full GC (Allocation Failure) 2022-01-17T00:22:42.412+0800: 0.518: [Tenured: 174656K->174656K(174784K), 0.0077884 secs] 253139K->241176K(253440K), [Metaspace: 2702K->2702K(1056768K)], 0.0078534 secs] [Times: user=0.01 sys=0.00, real=0.01 secs] 
2022-01-17T00:22:42.421+0800: 0.528: [Full GC (Allocation Failure) 2022-01-17T00:22:42.421+0800: 0.528: [Tenured: 174656K->174656K(174784K), 0.0078883 secs] 253255K->245092K(253440K), [Metaspace: 2702K->2702K(1056768K)], 0.0079360 secs] [Times: user=0.00 sys=0.00, real=0.01 secs] 
2022-01-17T00:22:42.430+0800: 0.537: [Full GC (Allocation Failure) 2022-01-17T00:22:42.430+0800: 0.537: [Tenured: 174656K->174656K(174784K), 0.0056520 secs] 253224K->247507K(253440K), [Metaspace: 2702K->2702K(1056768K)], 0.0056971 secs] [Times: user=0.00 sys=0.00, real=0.01 secs] 
2022-01-17T00:22:42.437+0800: 0.543: [Full GC (Allocation Failure) 2022-01-17T00:22:42.437+0800: 0.543: [Tenured: 174764K->174397K(174784K), 0.0280516 secs] 253387K->240952K(253440K), [Metaspace: 2702K->2702K(1056768K)], 0.0280993 secs] [Times: user=0.03 sys=0.00, real=0.03 secs] 
2022-01-17T00:22:42.466+0800: 0.573: [Full GC (Allocation Failure) 2022-01-17T00:22:42.466+0800: 0.573: [Tenured: 174628K->174628K(174784K), 0.0072258 secs] 253284K->244221K(253440K), [Metaspace: 2702K->2702K(1056768K)], 0.0072810 secs] [Times: user=0.00 sys=0.00, real=0.01 secs] 
2022-01-17T00:22:42.475+0800: 0.581: [Full GC (Allocation Failure) 2022-01-17T00:22:42.475+0800: 0.581: [Tenured: 174628K->174628K(174784K), 0.0090370 secs] 253088K->245250K(253440K), [Metaspace: 2702K->2702K(1056768K)], 0.0090914 secs] [Times: user=0.02 sys=0.00, real=0.01 secs] 
2022-01-17T00:22:42.485+0800: 0.591: [Full GC (Allocation Failure) 2022-01-17T00:22:42.485+0800: 0.591: [Tenured: 174742K->174742K(174784K), 0.0049064 secs] 253378K->245912K(253440K), [Metaspace: 2702K->2702K(1056768K)], 0.0049539 secs] [Times: user=0.00 sys=0.00, real=0.01 secs] 
2022-01-17T00:22:42.491+0800: 0.597: [Full GC (Allocation Failure) 2022-01-17T00:22:42.491+0800: 0.597: [Tenured: 174742K->174683K(174784K), 0.0264930 secs] 253361K->242504K(253440K), [Metaspace: 2702K->2702K(1056768K)], 0.0265489 secs] [Times: user=0.03 sys=0.00, real=0.03 secs] 
2022-01-17T00:22:42.519+0800: 0.625: [Full GC (Allocation Failure) 2022-01-17T00:22:42.519+0800: 0.625: [Tenured: 174683K->174683K(174784K), 0.0085954 secs] 253295K->246129K(253440K), [Metaspace: 2702K->2702K(1056768K)], 0.0086483 secs] [Times: user=0.02 sys=0.00, real=0.01 secs] 
2022-01-17T00:22:42.527+0800: 0.634: [Full GC (Allocation Failure) 2022-01-17T00:22:42.527+0800: 0.634: [Tenured: 174779K->174779K(174784K), 0.0047373 secs] 253369K->248732K(253440K), [Metaspace: 2702K->2702K(1056768K)], 0.0047884 secs] [Times: user=0.00 sys=0.00, real=0.01 secs] 
2022-01-17T00:22:42.533+0800: 0.640: [Full GC (Allocation Failure) 2022-01-17T00:22:42.533+0800: 0.640: [Tenured: 174779K->174779K(174784K), 0.0068620 secs] 253324K->249980K(253440K), [Metaspace: 2702K->2702K(1056768K)], 0.0068971 secs] [Times: user=0.01 sys=0.00, real=0.01 secs] 
2022-01-17T00:22:42.540+0800: 0.647: [Full GC (Allocation Failure) 2022-01-17T00:22:42.540+0800: 0.647: [Tenured: 174779K->174776K(174784K), 0.0272659 secs] 253371K->247891K(253440K), [Metaspace: 2702K->2702K(1056768K)], 0.0273050 secs] [Times: user=0.02 sys=0.00, real=0.03 secs] 
2022-01-17T00:22:42.568+0800: 0.675: [Full GC (Allocation Failure) 2022-01-17T00:22:42.568+0800: 0.675: [Tenured: 174776K->174776K(174784K), 0.0015463 secs] 253266K->249726K(253440K), [Metaspace: 2702K->2702K(1056768K)], 0.0015766 secs] [Times: user=0.01 sys=0.00, real=0.00 secs] 
2022-01-17T00:22:42.570+0800: 0.677: [Full GC (Allocation Failure) 2022-01-17T00:22:42.570+0800: 0.677: [Tenured: 174776K->174776K(174784K), 0.0060309 secs] 253185K->250813K(253440K), [Metaspace: 2702K->2702K(1056768K)], 0.0060691 secs] [Times: user=0.00 sys=0.00, real=0.01 secs] 
2022-01-17T00:22:42.576+0800: 0.683: [Full GC (Allocation Failure) 2022-01-17T00:22:42.576+0800: 0.683: [Tenured: 174776K->174776K(174784K), 0.0052441 secs] 253375K->251338K(253440K), [Metaspace: 2702K->2702K(1056768K)], 0.0052950 secs] [Times: user=0.00 sys=0.00, real=0.01 secs] 
2022-01-17T00:22:42.582+0800: 0.689: [Full GC (Allocation Failure) 2022-01-17T00:22:42.582+0800: 0.689: [Tenured: 174776K->174477K(174784K), 0.0303248 secs] 253300K->250920K(253440K), [Metaspace: 2702K->2702K(1056768K)], 0.0303747 secs] [Times: user=0.03 sys=0.00, real=0.03 secs] 
2022-01-17T00:22:42.613+0800: 0.720: [Full GC (Allocation Failure) 2022-01-17T00:22:42.613+0800: 0.720: [Tenured: 174477K->174477K(174784K), 0.0067390 secs] 253010K->251593K(253440K), [Metaspace: 2702K->2702K(1056768K)], 0.0067908 secs] [Times: user=0.02 sys=0.00, real=0.01 secs] 
2022-01-17T00:22:42.620+0800: 0.727: [Full GC (Allocation Failure) 2022-01-17T00:22:42.620+0800: 0.727: [Tenured: 174573K->174573K(174784K), 0.0045753 secs] 253162K->252635K(253440K), [Metaspace: 2702K->2702K(1056768K)], 0.0046204 secs] [Times: user=0.00 sys=0.00, real=0.01 secs] 
2022-01-17T00:22:42.625+0800: 0.731: [Full GC (Allocation Failure) 2022-01-17T00:22:42.625+0800: 0.731: [Tenured: 174573K->174679K(174784K), 0.0283789 secs] 252635K->252207K(253440K), [Metaspace: 2702K->2702K(1056768K)], 0.0284149 secs] [Times: user=0.03 sys=0.00, real=0.03 secs] 
Heap
 def new generation   total 78656K, used 78096K [0x00000000f0000000, 0x00000000f5550000, 0x00000000f5550000)
  eden space 69952K, 100% used [0x00000000f0000000, 0x00000000f4450000, 0x00000000f4450000)
  from space 8704K,  93% used [0x00000000f4cd0000, 0x00000000f54c4078, 0x00000000f5550000)
  to   space 8704K,   0% used [0x00000000f4450000, 0x00000000f4450000, 0x00000000f4cd0000)
 tenured generation   total 174784K, used 174679K [0x00000000f5550000, 0x0000000100000000, 0x0000000100000000)
   the space 174784K,  99% used [0x00000000f5550000, 0x00000000fffe5ee8, 0x00000000fffe6000, 0x0000000100000000)
 Metaspace       used 2733K, capacity 4486K, committed 4864K, reserved 1056768K
  class space    used 294K, capacity 386K, committed 512K, reserved 1048576K
