Java HotSpot(TM) 64-Bit Server VM (25.231-b11) for windows-amd64 JRE (1.8.0_231-b11), built on Oct  5 2019 03:11:30 by "java_re" with MS VC++ 10.0 (VS2010)
Memory: 4k page, physical 16718268k(8489956k free), swap 19208636k(3941004k free)
CommandLine flags: -XX:InitialHeapSize=268435456 -XX:MaxHeapSize=268435456 -XX:MaxNewSize=89481216 -XX:MaxTenuringThreshold=6 -XX:NewSize=89481216 -XX:OldPLABSize=16 -XX:OldSize=178954240 -XX:+PrintGC -XX:+PrintGCDateStamps -XX:+PrintGCDetails -XX:+PrintGCTimeStamps -XX:-UseAdaptiveSizePolicy -XX:+UseCompressedClassPointers -XX:+UseCompressedOops -XX:+UseConcMarkSweepGC -XX:-UseLargePagesIndividualAllocation -XX:+UseParNewGC 
2022-01-17T00:23:43.693+0800: 0.087: [GC (Allocation Failure) 2022-01-17T00:23:43.693+0800: 0.087: [ParNew: 69952K->8701K(78656K), 0.0036346 secs] 69952K->23793K(253440K), 0.0037883 secs] [Times: user=0.05 sys=0.11, real=0.00 secs] 
2022-01-17T00:23:43.707+0800: 0.100: [GC (Allocation Failure) 2022-01-17T00:23:43.707+0800: 0.100: [ParNew: 78653K->8704K(78656K), 0.0051330 secs] 93745K->49749K(253440K), 0.0052269 secs] [Times: user=0.08 sys=0.08, real=0.00 secs] 
2022-01-17T00:23:43.718+0800: 0.112: [GC (Allocation Failure) 2022-01-17T00:23:43.718+0800: 0.112: [ParNew: 77930K->8696K(78656K), 0.0089280 secs] 118976K->75113K(253440K), 0.0089871 secs] [Times: user=0.16 sys=0.00, real=0.01 secs] 
2022-01-17T00:23:43.734+0800: 0.127: [GC (Allocation Failure) 2022-01-17T00:23:43.734+0800: 0.127: [ParNew: 78455K->8697K(78656K), 0.0095012 secs] 144872K->100271K(253440K), 0.0095768 secs] [Times: user=0.14 sys=0.02, real=0.01 secs] 
2022-01-17T00:23:43.744+0800: 0.137: [GC (CMS Initial Mark) [1 CMS-initial-mark: 91573K(174784K)] 102376K(253440K), 0.0004715 secs] [Times: user=0.00 sys=0.00, real=0.00 secs] 
2022-01-17T00:23:43.744+0800: 0.138: [CMS-concurrent-mark-start]
2022-01-17T00:23:43.745+0800: 0.138: [CMS-concurrent-mark: 0.001/0.001 secs] [Times: user=0.00 sys=0.00, real=0.00 secs] 
2022-01-17T00:23:43.745+0800: 0.138: [CMS-concurrent-preclean-start]
2022-01-17T00:23:43.745+0800: 0.138: [CMS-concurrent-preclean: 0.000/0.000 secs] [Times: user=0.00 sys=0.00, real=0.00 secs] 
2022-01-17T00:23:43.745+0800: 0.138: [CMS-concurrent-abortable-preclean-start]
2022-01-17T00:23:43.751+0800: 0.145: [GC (Allocation Failure) 2022-01-17T00:23:43.751+0800: 0.145: [ParNew: 78612K->8701K(78656K), 0.0094662 secs] 170186K->126436K(253440K), 0.0095269 secs] [Times: user=0.16 sys=0.00, real=0.01 secs] 
2022-01-17T00:23:43.767+0800: 0.161: [GC (Allocation Failure) 2022-01-17T00:23:43.767+0800: 0.161: [ParNew: 78578K->8692K(78656K), 0.0101150 secs] 196314K->152440K(253440K), 0.0101767 secs] [Times: user=0.14 sys=0.01, real=0.01 secs] 
2022-01-17T00:23:43.785+0800: 0.178: [GC (Allocation Failure) 2022-01-17T00:23:43.785+0800: 0.178: [ParNew: 78644K->8702K(78656K), 0.0098158 secs] 222392K->179460K(253440K), 0.0098748 secs] [Times: user=0.14 sys=0.02, real=0.01 secs] 
2022-01-17T00:23:43.795+0800: 0.188: [CMS-concurrent-abortable-preclean: 0.001/0.050 secs] [Times: user=0.44 sys=0.03, real=0.05 secs] 
2022-01-17T00:23:43.796+0800: 0.188: [GC (CMS Final Remark) [YG occupancy: 10376 K (78656 K)]2022-01-17T00:23:43.796+0800: 0.188: [Rescan (parallel) , 0.0002027 secs]2022-01-17T00:23:43.796+0800: 0.189: [weak refs processing, 0.0000097 secs]2022-01-17T00:23:43.796+0800: 0.189: [class unloading, 0.0001647 secs]2022-01-17T00:23:43.796+0800: 0.189: [scrub symbol table, 0.0002520 secs]2022-01-17T00:23:43.796+0800: 0.189: [scrub string table, 0.0000691 secs][1 CMS-remark: 170757K(174784K)] 181134K(253440K), 0.0007573 secs] [Times: user=0.00 sys=0.00, real=0.00 secs] 
2022-01-17T00:23:43.796+0800: 0.189: [CMS-concurrent-sweep-start]
2022-01-17T00:23:43.797+0800: 0.190: [CMS-concurrent-sweep: 0.000/0.000 secs] [Times: user=0.00 sys=0.00, real=0.00 secs] 
2022-01-17T00:23:43.797+0800: 0.190: [CMS-concurrent-reset-start]
2022-01-17T00:23:43.797+0800: 0.190: [CMS-concurrent-reset: 0.000/0.000 secs] [Times: user=0.00 sys=0.00, real=0.00 secs] 
2022-01-17T00:23:43.803+0800: 0.196: [GC (Allocation Failure) 2022-01-17T00:23:43.803+0800: 0.196: [ParNew: 78654K->78654K(78656K), 0.0000197 secs]2022-01-17T00:23:43.803+0800: 0.196: [CMS: 160843K->163016K(174784K), 0.0190550 secs] 239498K->163016K(253440K), [Metaspace: 2702K->2702K(1056768K)], 0.0192093 secs] [Times: user=0.03 sys=0.00, real=0.02 secs] 
2022-01-17T00:23:43.823+0800: 0.215: [GC (CMS Initial Mark) [1 CMS-initial-mark: 163016K(174784K)] 164715K(253440K), 0.0005629 secs] [Times: user=0.00 sys=0.00, real=0.00 secs] 
2022-01-17T00:23:43.823+0800: 0.216: [CMS-concurrent-mark-start]
2022-01-17T00:23:43.823+0800: 0.217: [CMS-concurrent-mark: 0.001/0.001 secs] [Times: user=0.00 sys=0.00, real=0.00 secs] 
2022-01-17T00:23:43.823+0800: 0.217: [CMS-concurrent-preclean-start]
2022-01-17T00:23:43.823+0800: 0.217: [CMS-concurrent-preclean: 0.000/0.000 secs] [Times: user=0.00 sys=0.00, real=0.00 secs] 
2022-01-17T00:23:43.823+0800: 0.217: [CMS-concurrent-abortable-preclean-start]
2022-01-17T00:23:43.830+0800: 0.223: [GC (Allocation Failure) 2022-01-17T00:23:43.830+0800: 0.223: [ParNew: 69923K->69923K(78656K), 0.0000159 secs]2022-01-17T00:23:43.830+0800: 0.223: [CMS2022-01-17T00:23:43.830+0800: 0.223: [CMS-concurrent-abortable-preclean: 0.000/0.007 secs] [Times: user=0.00 sys=0.00, real=0.01 secs] 
 (concurrent mode failure): 163016K->171886K(174784K), 0.0196584 secs] 232940K->171886K(253440K), [Metaspace: 2702K->2702K(1056768K)], 0.0197583 secs] [Times: user=0.02 sys=0.00, real=0.02 secs] 
2022-01-17T00:23:43.856+0800: 0.250: [GC (Allocation Failure) 2022-01-17T00:23:43.856+0800: 0.250: [ParNew: 69952K->69952K(78656K), 0.0000158 secs]2022-01-17T00:23:43.856+0800: 0.250: [CMS: 171886K->174423K(174784K), 0.0203458 secs] 241838K->183437K(253440K), [Metaspace: 2702K->2702K(1056768K)], 0.0204350 secs] [Times: user=0.02 sys=0.00, real=0.02 secs] 
2022-01-17T00:23:43.877+0800: 0.271: [GC (CMS Initial Mark) [1 CMS-initial-mark: 174423K(174784K)] 185280K(253440K), 0.0006438 secs] [Times: user=0.00 sys=0.00, real=0.00 secs] 
2022-01-17T00:23:43.878+0800: 0.271: [CMS-concurrent-mark-start]
2022-01-17T00:23:43.878+0800: 0.272: [CMS-concurrent-mark: 0.001/0.001 secs] [Times: user=0.00 sys=0.00, real=0.00 secs] 
2022-01-17T00:23:43.878+0800: 0.272: [CMS-concurrent-preclean-start]
2022-01-17T00:23:43.879+0800: 0.273: [CMS-concurrent-preclean: 0.001/0.001 secs] [Times: user=0.00 sys=0.00, real=0.00 secs] 
2022-01-17T00:23:43.879+0800: 0.273: [CMS-concurrent-abortable-preclean-start]
2022-01-17T00:23:43.879+0800: 0.273: [CMS-concurrent-abortable-preclean: 0.000/0.000 secs] [Times: user=0.00 sys=0.00, real=0.00 secs] 
2022-01-17T00:23:43.879+0800: 0.273: [GC (CMS Final Remark) [YG occupancy: 23866 K (78656 K)]2022-01-17T00:23:43.879+0800: 0.273: [Rescan (parallel) , 0.0003719 secs]2022-01-17T00:23:43.879+0800: 0.273: [weak refs processing, 0.0000095 secs]2022-01-17T00:23:43.879+0800: 0.273: [class unloading, 0.0001634 secs]2022-01-17T00:23:43.880+0800: 0.273: [scrub symbol table, 0.0002816 secs]2022-01-17T00:23:43.880+0800: 0.274: [scrub string table, 0.0000828 secs][1 CMS-remark: 174423K(174784K)] 198290K(253440K), 0.0009607 secs] [Times: user=0.00 sys=0.00, real=0.00 secs] 
2022-01-17T00:23:43.880+0800: 0.274: [CMS-concurrent-sweep-start]
2022-01-17T00:23:43.880+0800: 0.274: [CMS-concurrent-sweep: 0.000/0.000 secs] [Times: user=0.00 sys=0.00, real=0.00 secs] 
2022-01-17T00:23:43.880+0800: 0.274: [CMS-concurrent-reset-start]
2022-01-17T00:23:43.880+0800: 0.274: [CMS-concurrent-reset: 0.000/0.000 secs] [Times: user=0.00 sys=0.00, real=0.00 secs] 
2022-01-17T00:23:43.886+0800: 0.280: [GC (Allocation Failure) 2022-01-17T00:23:43.886+0800: 0.280: [ParNew: 78403K->78403K(78656K), 0.0000145 secs]2022-01-17T00:23:43.886+0800: 0.280: [CMS: 173712K->174440K(174784K), 0.0218538 secs] 252116K->200452K(253440K), [Metaspace: 2702K->2702K(1056768K)], 0.0219340 secs] [Times: user=0.02 sys=0.00, real=0.02 secs] 
2022-01-17T00:23:43.908+0800: 0.302: [GC (CMS Initial Mark) [1 CMS-initial-mark: 174440K(174784K)] 202837K(253440K), 0.0004685 secs] [Times: user=0.00 sys=0.00, real=0.00 secs] 
2022-01-17T00:23:43.909+0800: 0.302: [CMS-concurrent-mark-start]
2022-01-17T00:23:43.909+0800: 0.303: [CMS-concurrent-mark: 0.001/0.001 secs] [Times: user=0.00 sys=0.00, real=0.00 secs] 
2022-01-17T00:23:43.909+0800: 0.303: [CMS-concurrent-preclean-start]
2022-01-17T00:23:43.910+0800: 0.303: [CMS-concurrent-preclean: 0.000/0.000 secs] [Times: user=0.00 sys=0.00, real=0.00 secs] 
2022-01-17T00:23:43.910+0800: 0.303: [CMS-concurrent-abortable-preclean-start]
2022-01-17T00:23:43.910+0800: 0.303: [CMS-concurrent-abortable-preclean: 0.000/0.000 secs] [Times: user=0.00 sys=0.00, real=0.00 secs] 
2022-01-17T00:23:43.910+0800: 0.304: [GC (CMS Final Remark) [YG occupancy: 40027 K (78656 K)]2022-01-17T00:23:43.910+0800: 0.304: [Rescan (parallel) , 0.0002039 secs]2022-01-17T00:23:43.910+0800: 0.304: [weak refs processing, 0.0000076 secs]2022-01-17T00:23:43.910+0800: 0.304: [class unloading, 0.0001561 secs]2022-01-17T00:23:43.910+0800: 0.304: [scrub symbol table, 0.0002497 secs]2022-01-17T00:23:43.910+0800: 0.304: [scrub string table, 0.0000732 secs][1 CMS-remark: 174440K(174784K)] 214468K(253440K), 0.0007328 secs] [Times: user=0.00 sys=0.00, real=0.00 secs] 
2022-01-17T00:23:43.911+0800: 0.304: [CMS-concurrent-sweep-start]
2022-01-17T00:23:43.911+0800: 0.304: [CMS-concurrent-sweep: 0.000/0.000 secs] [Times: user=0.00 sys=0.00, real=0.00 secs] 
2022-01-17T00:23:43.911+0800: 0.305: [CMS-concurrent-reset-start]
2022-01-17T00:23:43.911+0800: 0.305: [CMS-concurrent-reset: 0.000/0.000 secs] [Times: user=0.00 sys=0.00, real=0.00 secs] 
2022-01-17T00:23:43.915+0800: 0.309: [GC (Allocation Failure) 2022-01-17T00:23:43.915+0800: 0.309: [ParNew: 78655K->78655K(78656K), 0.0000130 secs]2022-01-17T00:23:43.915+0800: 0.309: [CMS: 174440K->174717K(174784K), 0.0224051 secs] 253096K->205498K(253440K), [Metaspace: 2702K->2702K(1056768K)], 0.0224791 secs] [Times: user=0.02 sys=0.00, real=0.02 secs] 
2022-01-17T00:23:43.937+0800: 0.331: [GC (CMS Initial Mark) [1 CMS-initial-mark: 174717K(174784K)] 206788K(253440K), 0.0003521 secs] [Times: user=0.00 sys=0.00, real=0.00 secs] 
2022-01-17T00:23:43.938+0800: 0.332: [CMS-concurrent-mark-start]
2022-01-17T00:23:43.938+0800: 0.332: [CMS-concurrent-mark: 0.001/0.001 secs] [Times: user=0.00 sys=0.00, real=0.00 secs] 
2022-01-17T00:23:43.938+0800: 0.332: [CMS-concurrent-preclean-start]
2022-01-17T00:23:43.939+0800: 0.333: [CMS-concurrent-preclean: 0.001/0.001 secs] [Times: user=0.00 sys=0.00, real=0.00 secs] 
2022-01-17T00:23:43.939+0800: 0.333: [CMS-concurrent-abortable-preclean-start]
2022-01-17T00:23:43.939+0800: 0.333: [CMS-concurrent-abortable-preclean: 0.000/0.000 secs] [Times: user=0.00 sys=0.00, real=0.00 secs] 
2022-01-17T00:23:43.939+0800: 0.333: [GC (CMS Final Remark) [YG occupancy: 44363 K (78656 K)]2022-01-17T00:23:43.939+0800: 0.333: [Rescan (parallel) , 0.0005262 secs]2022-01-17T00:23:43.940+0800: 0.333: [weak refs processing, 0.0000098 secs]2022-01-17T00:23:43.940+0800: 0.333: [class unloading, 0.0001894 secs]2022-01-17T00:23:43.940+0800: 0.333: [scrub symbol table, 0.0003035 secs]2022-01-17T00:23:43.940+0800: 0.334: [scrub string table, 0.0000864 secs][1 CMS-remark: 174717K(174784K)] 219080K(253440K), 0.0011670 secs] [Times: user=0.00 sys=0.00, real=0.00 secs] 
2022-01-17T00:23:43.940+0800: 0.334: [CMS-concurrent-sweep-start]
2022-01-17T00:23:43.940+0800: 0.334: [CMS-concurrent-sweep: 0.000/0.000 secs] [Times: user=0.00 sys=0.00, real=0.00 secs] 
2022-01-17T00:23:43.940+0800: 0.334: [CMS-concurrent-reset-start]
2022-01-17T00:23:43.941+0800: 0.334: [CMS-concurrent-reset: 0.000/0.000 secs] [Times: user=0.00 sys=0.00, real=0.00 secs] 
2022-01-17T00:23:43.944+0800: 0.337: [GC (Allocation Failure) 2022-01-17T00:23:43.944+0800: 0.337: [ParNew: 78615K->78615K(78656K), 0.0000130 secs]2022-01-17T00:23:43.944+0800: 0.337: [CMS: 173665K->174142K(174784K), 0.0231304 secs] 252280K->210159K(253440K), [Metaspace: 2702K->2702K(1056768K)], 0.0231999 secs] [Times: user=0.03 sys=0.00, real=0.02 secs] 
2022-01-17T00:23:43.967+0800: 0.361: [GC (CMS Initial Mark) [1 CMS-initial-mark: 174142K(174784K)] 210895K(253440K), 0.0002837 secs] [Times: user=0.00 sys=0.00, real=0.00 secs] 
2022-01-17T00:23:43.968+0800: 0.361: [CMS-concurrent-mark-start]
2022-01-17T00:23:43.968+0800: 0.362: [CMS-concurrent-mark: 0.001/0.001 secs] [Times: user=0.00 sys=0.00, real=0.00 secs] 
2022-01-17T00:23:43.968+0800: 0.362: [CMS-concurrent-preclean-start]
2022-01-17T00:23:43.969+0800: 0.362: [CMS-concurrent-preclean: 0.000/0.000 secs] [Times: user=0.00 sys=0.00, real=0.00 secs] 
2022-01-17T00:23:43.969+0800: 0.362: [CMS-concurrent-abortable-preclean-start]
2022-01-17T00:23:43.969+0800: 0.362: [CMS-concurrent-abortable-preclean: 0.000/0.000 secs] [Times: user=0.00 sys=0.00, real=0.00 secs] 
2022-01-17T00:23:43.969+0800: 0.362: [GC (CMS Final Remark) [YG occupancy: 48560 K (78656 K)]2022-01-17T00:23:43.969+0800: 0.362: [Rescan (parallel) , 0.0002077 secs]2022-01-17T00:23:43.969+0800: 0.362: [weak refs processing, 0.0000081 secs]2022-01-17T00:23:43.969+0800: 0.362: [class unloading, 0.0001501 secs]2022-01-17T00:23:43.969+0800: 0.363: [scrub symbol table, 0.0002523 secs]2022-01-17T00:23:43.969+0800: 0.363: [scrub string table, 0.0000718 secs][1 CMS-remark: 174142K(174784K)] 222702K(253440K), 0.0007324 secs] [Times: user=0.00 sys=0.00, real=0.00 secs] 
2022-01-17T00:23:43.970+0800: 0.363: [CMS-concurrent-sweep-start]
2022-01-17T00:23:43.970+0800: 0.363: [CMS-concurrent-sweep: 0.000/0.000 secs] [Times: user=0.00 sys=0.00, real=0.00 secs] 
2022-01-17T00:23:43.970+0800: 0.363: [CMS-concurrent-reset-start]
2022-01-17T00:23:43.970+0800: 0.363: [CMS-concurrent-reset: 0.000/0.000 secs] [Times: user=0.00 sys=0.00, real=0.00 secs] 
2022-01-17T00:23:43.972+0800: 0.366: [GC (Allocation Failure) 2022-01-17T00:23:43.972+0800: 0.366: [ParNew: 78645K->78645K(78656K), 0.0000117 secs]2022-01-17T00:23:43.972+0800: 0.366: [CMS: 174142K->174486K(174784K), 0.0247159 secs] 252787K->215314K(253440K), [Metaspace: 2702K->2702K(1056768K)], 0.0247772 secs] [Times: user=0.03 sys=0.00, real=0.03 secs] 
2022-01-17T00:23:43.997+0800: 0.391: [GC (CMS Initial Mark) [1 CMS-initial-mark: 174486K(174784K)] 215472K(253440K), 0.0001185 secs] [Times: user=0.00 sys=0.00, real=0.00 secs] 
2022-01-17T00:23:43.997+0800: 0.391: [CMS-concurrent-mark-start]
2022-01-17T00:23:43.998+0800: 0.391: [CMS-concurrent-mark: 0.000/0.000 secs] [Times: user=0.00 sys=0.00, real=0.00 secs] 
2022-01-17T00:23:43.998+0800: 0.391: [CMS-concurrent-preclean-start]
2022-01-17T00:23:43.998+0800: 0.392: [CMS-concurrent-preclean: 0.000/0.000 secs] [Times: user=0.00 sys=0.00, real=0.00 secs] 
2022-01-17T00:23:43.998+0800: 0.392: [CMS-concurrent-abortable-preclean-start]
2022-01-17T00:23:43.998+0800: 0.392: [CMS-concurrent-abortable-preclean: 0.000/0.000 secs] [Times: user=0.00 sys=0.00, real=0.00 secs] 
2022-01-17T00:23:43.999+0800: 0.392: [GC (CMS Final Remark) [YG occupancy: 50163 K (78656 K)]2022-01-17T00:23:43.999+0800: 0.392: [Rescan (parallel) , 0.0002090 secs]2022-01-17T00:23:43.999+0800: 0.392: [weak refs processing, 0.0000080 secs]2022-01-17T00:23:43.999+0800: 0.392: [class unloading, 0.0001577 secs]2022-01-17T00:23:43.999+0800: 0.392: [scrub symbol table, 0.0002524 secs]2022-01-17T00:23:43.999+0800: 0.393: [scrub string table, 0.0000718 secs][1 CMS-remark: 174486K(174784K)] 224650K(253440K), 0.0007426 secs] [Times: user=0.00 sys=0.00, real=0.00 secs] 
2022-01-17T00:23:43.999+0800: 0.393: [CMS-concurrent-sweep-start]
2022-01-17T00:23:44.000+0800: 0.393: [CMS-concurrent-sweep: 0.000/0.000 secs] [Times: user=0.00 sys=0.00, real=0.00 secs] 
2022-01-17T00:23:44.000+0800: 0.393: [CMS-concurrent-reset-start]
2022-01-17T00:23:44.000+0800: 0.393: [CMS-concurrent-reset: 0.000/0.000 secs] [Times: user=0.00 sys=0.00, real=0.00 secs] 
2022-01-17T00:23:44.002+0800: 0.396: [GC (Allocation Failure) 2022-01-17T00:23:44.002+0800: 0.396: [ParNew: 78463K->78463K(78656K), 0.0000135 secs]2022-01-17T00:23:44.002+0800: 0.396: [CMS: 174137K->174767K(174784K), 0.0240873 secs] 252600K->220642K(253440K), [Metaspace: 2702K->2702K(1056768K)], 0.0241666 secs] [Times: user=0.03 sys=0.00, real=0.02 secs] 
2022-01-17T00:23:44.027+0800: 0.420: [GC (CMS Initial Mark) [1 CMS-initial-mark: 174767K(174784K)] 221983K(253440K), 0.0002851 secs] [Times: user=0.00 sys=0.00, real=0.00 secs] 
2022-01-17T00:23:44.027+0800: 0.420: [CMS-concurrent-mark-start]
2022-01-17T00:23:44.028+0800: 0.421: [CMS-concurrent-mark: 0.001/0.001 secs] [Times: user=0.00 sys=0.00, real=0.00 secs] 
2022-01-17T00:23:44.028+0800: 0.421: [CMS-concurrent-preclean-start]
2022-01-17T00:23:44.028+0800: 0.422: [CMS-concurrent-preclean: 0.001/0.001 secs] [Times: user=0.00 sys=0.00, real=0.00 secs] 
2022-01-17T00:23:44.028+0800: 0.422: [CMS-concurrent-abortable-preclean-start]
2022-01-17T00:23:44.028+0800: 0.422: [CMS-concurrent-abortable-preclean: 0.000/0.000 secs] [Times: user=0.00 sys=0.00, real=0.00 secs] 
2022-01-17T00:23:44.029+0800: 0.422: [GC (CMS Final Remark) [YG occupancy: 59366 K (78656 K)]2022-01-17T00:23:44.029+0800: 0.422: [Rescan (parallel) , 0.0001311 secs]2022-01-17T00:23:44.029+0800: 0.422: [weak refs processing, 0.0000082 secs]2022-01-17T00:23:44.029+0800: 0.422: [class unloading, 0.0001677 secs]2022-01-17T00:23:44.029+0800: 0.422: [scrub symbol table, 0.0002585 secs]2022-01-17T00:23:44.029+0800: 0.422: [scrub string table, 0.0000725 secs][1 CMS-remark: 174767K(174784K)] 234134K(253440K), 0.0006847 secs] [Times: user=0.00 sys=0.00, real=0.00 secs] 
2022-01-17T00:23:44.029+0800: 0.423: [CMS-concurrent-sweep-start]
2022-01-17T00:23:44.029+0800: 0.423: [CMS-concurrent-sweep: 0.000/0.000 secs] [Times: user=0.00 sys=0.00, real=0.00 secs] 
2022-01-17T00:23:44.029+0800: 0.423: [CMS-concurrent-reset-start]
2022-01-17T00:23:44.030+0800: 0.423: [CMS-concurrent-reset: 0.000/0.000 secs] [Times: user=0.00 sys=0.00, real=0.00 secs] 
2022-01-17T00:23:44.031+0800: 0.425: [GC (Allocation Failure) 2022-01-17T00:23:44.031+0800: 0.425: [ParNew: 78368K->78368K(78656K), 0.0000119 secs]2022-01-17T00:23:44.031+0800: 0.425: [CMS: 174694K->174521K(174784K), 0.0244425 secs] 253062K->224510K(253440K), [Metaspace: 2702K->2702K(1056768K)], 0.0245100 secs] [Times: user=0.03 sys=0.00, real=0.03 secs] 
2022-01-17T00:23:44.056+0800: 0.449: [GC (CMS Initial Mark) [1 CMS-initial-mark: 174521K(174784K)] 225788K(253440K), 0.0005062 secs] [Times: user=0.00 sys=0.00, real=0.00 secs] 
2022-01-17T00:23:44.057+0800: 0.450: [CMS-concurrent-mark-start]
2022-01-17T00:23:44.057+0800: 0.451: [CMS-concurrent-mark: 0.001/0.001 secs] [Times: user=0.00 sys=0.00, real=0.00 secs] 
2022-01-17T00:23:44.057+0800: 0.451: [CMS-concurrent-preclean-start]
2022-01-17T00:23:44.058+0800: 0.451: [CMS-concurrent-preclean: 0.001/0.001 secs] [Times: user=0.00 sys=0.00, real=0.00 secs] 
2022-01-17T00:23:44.058+0800: 0.451: [CMS-concurrent-abortable-preclean-start]
2022-01-17T00:23:44.058+0800: 0.451: [CMS-concurrent-abortable-preclean: 0.000/0.000 secs] [Times: user=0.00 sys=0.00, real=0.00 secs] 
2022-01-17T00:23:44.058+0800: 0.452: [GC (CMS Final Remark) [YG occupancy: 62268 K (78656 K)]2022-01-17T00:23:44.058+0800: 0.452: [Rescan (parallel) , 0.0002456 secs]2022-01-17T00:23:44.059+0800: 0.452: [weak refs processing, 0.0000094 secs]2022-01-17T00:23:44.059+0800: 0.452: [class unloading, 0.0002094 secs]2022-01-17T00:23:44.059+0800: 0.452: [scrub symbol table, 0.0002693 secs]2022-01-17T00:23:44.059+0800: 0.452: [scrub string table, 0.0000735 secs][1 CMS-remark: 174521K(174784K)] 236789K(253440K), 0.0008637 secs] [Times: user=0.00 sys=0.00, real=0.00 secs] 
2022-01-17T00:23:44.059+0800: 0.453: [CMS-concurrent-sweep-start]
2022-01-17T00:23:44.060+0800: 0.453: [CMS-concurrent-sweep: 0.000/0.000 secs] [Times: user=0.00 sys=0.00, real=0.00 secs] 
2022-01-17T00:23:44.060+0800: 0.453: [CMS-concurrent-reset-start]
2022-01-17T00:23:44.060+0800: 0.453: [CMS-concurrent-reset: 0.000/0.000 secs] [Times: user=0.00 sys=0.00, real=0.00 secs] 
2022-01-17T00:23:44.061+0800: 0.455: [GC (Allocation Failure) 2022-01-17T00:23:44.061+0800: 0.455: [ParNew: 78363K->78363K(78656K), 0.0000134 secs]2022-01-17T00:23:44.061+0800: 0.455: [CMS: 173805K->174528K(174784K), 0.0243695 secs] 252169K->228886K(253440K), [Metaspace: 2702K->2702K(1056768K)], 0.0244433 secs] [Times: user=0.03 sys=0.00, real=0.02 secs] 
2022-01-17T00:23:44.086+0800: 0.479: [GC (CMS Initial Mark) [1 CMS-initial-mark: 174528K(174784K)] 229949K(253440K), 0.0004392 secs] [Times: user=0.00 sys=0.00, real=0.00 secs] 
2022-01-17T00:23:44.087+0800: 0.480: [CMS-concurrent-mark-start]
2022-01-17T00:23:44.087+0800: 0.480: [CMS-concurrent-mark: 0.001/0.001 secs] [Times: user=0.00 sys=0.00, real=0.00 secs] 
2022-01-17T00:23:44.087+0800: 0.480: [CMS-concurrent-preclean-start]
2022-01-17T00:23:44.088+0800: 0.481: [CMS-concurrent-preclean: 0.001/0.001 secs] [Times: user=0.00 sys=0.00, real=0.00 secs] 
2022-01-17T00:23:44.088+0800: 0.481: [CMS-concurrent-abortable-preclean-start]
2022-01-17T00:23:44.088+0800: 0.481: [CMS-concurrent-abortable-preclean: 0.000/0.000 secs] [Times: user=0.00 sys=0.00, real=0.00 secs] 
2022-01-17T00:23:44.088+0800: 0.481: [GC (CMS Final Remark) [YG occupancy: 64812 K (78656 K)]2022-01-17T00:23:44.088+0800: 0.481: [Rescan (parallel) , 0.0001462 secs]2022-01-17T00:23:44.088+0800: 0.481: [weak refs processing, 0.0000081 secs]2022-01-17T00:23:44.088+0800: 0.481: [class unloading, 0.0001517 secs]2022-01-17T00:23:44.088+0800: 0.481: [scrub symbol table, 0.0002523 secs]2022-01-17T00:23:44.089+0800: 0.482: [scrub string table, 0.0000727 secs][1 CMS-remark: 174528K(174784K)] 239340K(253440K), 0.0006784 secs] [Times: user=0.00 sys=0.00, real=0.00 secs] 
2022-01-17T00:23:44.089+0800: 0.482: [CMS-concurrent-sweep-start]
2022-01-17T00:23:44.089+0800: 0.482: [CMS-concurrent-sweep: 0.000/0.000 secs] [Times: user=0.00 sys=0.00, real=0.00 secs] 
2022-01-17T00:23:44.089+0800: 0.482: [CMS-concurrent-reset-start]
2022-01-17T00:23:44.089+0800: 0.482: [CMS-concurrent-reset: 0.000/0.000 secs] [Times: user=0.00 sys=0.00, real=0.00 secs] 
2022-01-17T00:23:44.091+0800: 0.484: [GC (Allocation Failure) 2022-01-17T00:23:44.091+0800: 0.484: [ParNew: 78270K->78270K(78656K), 0.0000132 secs]2022-01-17T00:23:44.091+0800: 0.484: [CMS: 174306K->174628K(174784K), 0.0249537 secs] 252577K->232819K(253440K), [Metaspace: 2702K->2702K(1056768K)], 0.0250311 secs] [Times: user=0.01 sys=0.00, real=0.02 secs] 
2022-01-17T00:23:44.116+0800: 0.509: [GC (CMS Initial Mark) [1 CMS-initial-mark: 174628K(174784K)] 234231K(253440K), 0.0005231 secs] [Times: user=0.00 sys=0.00, real=0.00 secs] 
2022-01-17T00:23:44.117+0800: 0.509: [CMS-concurrent-mark-start]
2022-01-17T00:23:44.117+0800: 0.510: [CMS-concurrent-mark: 0.001/0.001 secs] [Times: user=0.00 sys=0.00, real=0.00 secs] 
2022-01-17T00:23:44.117+0800: 0.510: [CMS-concurrent-preclean-start]
2022-01-17T00:23:44.118+0800: 0.511: [CMS-concurrent-preclean: 0.001/0.001 secs] [Times: user=0.03 sys=0.00, real=0.00 secs] 
2022-01-17T00:23:44.118+0800: 0.511: [CMS-concurrent-abortable-preclean-start]
2022-01-17T00:23:44.118+0800: 0.511: [CMS-concurrent-abortable-preclean: 0.000/0.000 secs] [Times: user=0.00 sys=0.00, real=0.00 secs] 
2022-01-17T00:23:44.118+0800: 0.511: [GC (CMS Final Remark) [YG occupancy: 69952 K (78656 K)]2022-01-17T00:23:44.118+0800: 0.511: [Rescan (parallel) , 0.0001992 secs]2022-01-17T00:23:44.118+0800: 0.511: [weak refs processing, 0.0000080 secs]2022-01-17T00:23:44.118+0800: 0.511: [class unloading, 0.0001538 secs]2022-01-17T00:23:44.118+0800: 0.511: [scrub symbol table, 0.0002534 secs]2022-01-17T00:23:44.118+0800: 0.511: [scrub string table, 0.0000726 secs][1 CMS-remark: 174628K(174784K)] 244580K(253440K), 0.0007331 secs] [Times: user=0.00 sys=0.00, real=0.00 secs] 
2022-01-17T00:23:44.119+0800: 0.512: [CMS-concurrent-sweep-start]
2022-01-17T00:23:44.119+0800: 0.512: [CMS-concurrent-sweep: 0.000/0.000 secs] [Times: user=0.00 sys=0.00, real=0.00 secs] 
2022-01-17T00:23:44.119+0800: 0.512: [CMS-concurrent-reset-start]
2022-01-17T00:23:44.119+0800: 0.512: [CMS-concurrent-reset: 0.000/0.000 secs] [Times: user=0.00 sys=0.00, real=0.00 secs] 
2022-01-17T00:23:44.120+0800: 0.513: [GC (Allocation Failure) 2022-01-17T00:23:44.120+0800: 0.513: [ParNew: 78248K->78248K(78656K), 0.0000111 secs]2022-01-17T00:23:44.120+0800: 0.513: [CMS: 174628K->174264K(174784K), 0.0252795 secs] 252876K->232783K(253440K), [Metaspace: 2702K->2702K(1056768K)], 0.0253449 secs] [Times: user=0.02 sys=0.00, real=0.03 secs] 
2022-01-17T00:23:44.145+0800: 0.538: [GC (CMS Initial Mark) [1 CMS-initial-mark: 174264K(174784K)] 233351K(253440K), 0.0002774 secs] [Times: user=0.00 sys=0.00, real=0.00 secs] 
2022-01-17T00:23:44.146+0800: 0.538: [CMS-concurrent-mark-start]
2022-01-17T00:23:44.146+0800: 0.539: [CMS-concurrent-mark: 0.001/0.001 secs] [Times: user=0.00 sys=0.00, real=0.00 secs] 
2022-01-17T00:23:44.146+0800: 0.539: [CMS-concurrent-preclean-start]
2022-01-17T00:23:44.147+0800: 0.540: [CMS-concurrent-preclean: 0.001/0.001 secs] [Times: user=0.00 sys=0.00, real=0.00 secs] 
2022-01-17T00:23:44.147+0800: 0.540: [CMS-concurrent-abortable-preclean-start]
2022-01-17T00:23:44.147+0800: 0.540: [CMS-concurrent-abortable-preclean: 0.000/0.000 secs] [Times: user=0.00 sys=0.00, real=0.00 secs] 
2022-01-17T00:23:44.147+0800: 0.540: [GC (CMS Final Remark) [YG occupancy: 70568 K (78656 K)]2022-01-17T00:23:44.147+0800: 0.540: [Rescan (parallel) , 0.0002881 secs]2022-01-17T00:23:44.147+0800: 0.540: [weak refs processing, 0.0000078 secs]2022-01-17T00:23:44.147+0800: 0.540: [class unloading, 0.0001497 secs]2022-01-17T00:23:44.147+0800: 0.540: [scrub symbol table, 0.0002531 secs]2022-01-17T00:23:44.147+0800: 0.540: [scrub string table, 0.0000729 secs][1 CMS-remark: 174264K(174784K)] 244832K(253440K), 0.0008120 secs] [Times: user=0.00 sys=0.00, real=0.00 secs] 
2022-01-17T00:23:44.148+0800: 0.540: [CMS-concurrent-sweep-start]
2022-01-17T00:23:44.148+0800: 0.541: [CMS-concurrent-sweep: 0.000/0.000 secs] [Times: user=0.00 sys=0.00, real=0.00 secs] 
2022-01-17T00:23:44.148+0800: 0.541: [CMS-concurrent-reset-start]
2022-01-17T00:23:44.148+0800: 0.541: [CMS-concurrent-reset: 0.000/0.000 secs] [Times: user=0.00 sys=0.00, real=0.00 secs] 
2022-01-17T00:23:44.148+0800: 0.541: [GC (Allocation Failure) 2022-01-17T00:23:44.148+0800: 0.541: [ParNew: 78171K->78171K(78656K), 0.0000105 secs]2022-01-17T00:23:44.148+0800: 0.541: [CMS: 174264K->174264K(174784K), 0.0247030 secs] 252435K->235096K(253440K), [Metaspace: 2702K->2702K(1056768K)], 0.0247564 secs] [Times: user=0.03 sys=0.00, real=0.02 secs] 
2022-01-17T00:23:44.172+0800: 0.566: [GC (CMS Initial Mark) [1 CMS-initial-mark: 174264K(174784K)] 235622K(253440K), 0.0001707 secs] [Times: user=0.00 sys=0.00, real=0.00 secs] 
2022-01-17T00:23:44.172+0800: 0.566: [CMS-concurrent-mark-start]
2022-01-17T00:23:44.173+0800: 0.567: [CMS-concurrent-mark: 0.001/0.001 secs] [Times: user=0.00 sys=0.00, real=0.00 secs] 
2022-01-17T00:23:44.173+0800: 0.567: [CMS-concurrent-preclean-start]
2022-01-17T00:23:44.174+0800: 0.567: [CMS-concurrent-preclean: 0.001/0.001 secs] [Times: user=0.00 sys=0.00, real=0.00 secs] 
2022-01-17T00:23:44.174+0800: 0.567: [CMS-concurrent-abortable-preclean-start]
2022-01-17T00:23:44.174+0800: 0.567: [CMS-concurrent-abortable-preclean: 0.000/0.000 secs] [Times: user=0.00 sys=0.00, real=0.00 secs] 
2022-01-17T00:23:44.174+0800: 0.567: [GC (CMS Final Remark) [YG occupancy: 74089 K (78656 K)]2022-01-17T00:23:44.174+0800: 0.567: [Rescan (parallel) , 0.0001426 secs]2022-01-17T00:23:44.174+0800: 0.568: [weak refs processing, 0.0000077 secs]2022-01-17T00:23:44.174+0800: 0.568: [class unloading, 0.0001527 secs]2022-01-17T00:23:44.174+0800: 0.568: [scrub symbol table, 0.0002530 secs]2022-01-17T00:23:44.174+0800: 0.568: [scrub string table, 0.0000718 secs][1 CMS-remark: 174264K(174784K)] 248353K(253440K), 0.0006703 secs] [Times: user=0.00 sys=0.00, real=0.00 secs] 
2022-01-17T00:23:44.174+0800: 0.568: [CMS-concurrent-sweep-start]
2022-01-17T00:23:44.175+0800: 0.568: [CMS-concurrent-sweep: 0.000/0.000 secs] [Times: user=0.00 sys=0.00, real=0.00 secs] 
2022-01-17T00:23:44.175+0800: 0.568: [CMS-concurrent-reset-start]
2022-01-17T00:23:44.175+0800: 0.568: [CMS-concurrent-reset: 0.000/0.000 secs] [Times: user=0.00 sys=0.00, real=0.00 secs] 
2022-01-17T00:23:44.175+0800: 0.569: [GC (Allocation Failure) 2022-01-17T00:23:44.175+0800: 0.569: [ParNew: 78655K->78655K(78656K), 0.0000148 secs]2022-01-17T00:23:44.175+0800: 0.569: [CMS: 174116K->174383K(174784K), 0.0285058 secs] 252771K->236952K(253440K), [Metaspace: 2702K->2702K(1056768K)], 0.0285663 secs] [Times: user=0.03 sys=0.00, real=0.03 secs] 
2022-01-17T00:23:44.204+0800: 0.597: [GC (CMS Initial Mark) [1 CMS-initial-mark: 174383K(174784K)] 237411K(253440K), 0.0001369 secs] [Times: user=0.00 sys=0.00, real=0.00 secs] 
2022-01-17T00:23:44.204+0800: 0.598: [CMS-concurrent-mark-start]
2022-01-17T00:23:44.204+0800: 0.598: [CMS-concurrent-mark: 0.001/0.001 secs] [Times: user=0.00 sys=0.00, real=0.00 secs] 
2022-01-17T00:23:44.204+0800: 0.598: [CMS-concurrent-preclean-start]
2022-01-17T00:23:44.205+0800: 0.599: [CMS-concurrent-preclean: 0.001/0.001 secs] [Times: user=0.00 sys=0.00, real=0.00 secs] 
2022-01-17T00:23:44.205+0800: 0.599: [CMS-concurrent-abortable-preclean-start]
2022-01-17T00:23:44.205+0800: 0.599: [CMS-concurrent-abortable-preclean: 0.000/0.000 secs] [Times: user=0.00 sys=0.00, real=0.00 secs] 
2022-01-17T00:23:44.205+0800: 0.599: [GC (CMS Final Remark) [YG occupancy: 71150 K (78656 K)]2022-01-17T00:23:44.205+0800: 0.599: [Rescan (parallel) , 0.0001373 secs]2022-01-17T00:23:44.205+0800: 0.599: [weak refs processing, 0.0000093 secs]2022-01-17T00:23:44.205+0800: 0.599: [class unloading, 0.0001715 secs]2022-01-17T00:23:44.206+0800: 0.599: [scrub symbol table, 0.0002793 secs]2022-01-17T00:23:44.206+0800: 0.600: [scrub string table, 0.0000748 secs][1 CMS-remark: 174383K(174784K)] 245534K(253440K), 0.0007299 secs] [Times: user=0.00 sys=0.00, real=0.00 secs] 
2022-01-17T00:23:44.206+0800: 0.600: [CMS-concurrent-sweep-start]
2022-01-17T00:23:44.206+0800: 0.600: [CMS-concurrent-sweep: 0.000/0.000 secs] [Times: user=0.00 sys=0.00, real=0.00 secs] 
2022-01-17T00:23:44.206+0800: 0.600: [CMS-concurrent-reset-start]
2022-01-17T00:23:44.206+0800: 0.600: [CMS-concurrent-reset: 0.000/0.000 secs] [Times: user=0.00 sys=0.00, real=0.00 secs] 
2022-01-17T00:23:44.207+0800: 0.601: [GC (Allocation Failure) 2022-01-17T00:23:44.207+0800: 0.601: [ParNew: 78648K->78648K(78656K), 0.0000159 secs]2022-01-17T00:23:44.208+0800: 0.601: [CMS: 174383K->174654K(174784K), 0.0299361 secs] 253032K->236480K(253440K), [Metaspace: 2702K->2702K(1056768K)], 0.0300193 secs] [Times: user=0.03 sys=0.00, real=0.03 secs] 
2022-01-17T00:23:44.238+0800: 0.631: [GC (CMS Initial Mark) [1 CMS-initial-mark: 174654K(174784K)] 236994K(253440K), 0.0001580 secs] [Times: user=0.00 sys=0.00, real=0.00 secs] 
2022-01-17T00:23:44.238+0800: 0.631: [CMS-concurrent-mark-start]
2022-01-17T00:23:44.238+0800: 0.632: [CMS-concurrent-mark: 0.001/0.001 secs] [Times: user=0.00 sys=0.00, real=0.00 secs] 
2022-01-17T00:23:44.238+0800: 0.632: [CMS-concurrent-preclean-start]
2022-01-17T00:23:44.239+0800: 0.633: [CMS-concurrent-preclean: 0.001/0.001 secs] [Times: user=0.00 sys=0.00, real=0.00 secs] 
2022-01-17T00:23:44.239+0800: 0.633: [CMS-concurrent-abortable-preclean-start]
2022-01-17T00:23:44.239+0800: 0.633: [CMS-concurrent-abortable-preclean: 0.000/0.000 secs] [Times: user=0.00 sys=0.00, real=0.00 secs] 
2022-01-17T00:23:44.239+0800: 0.633: [GC (CMS Final Remark) [YG occupancy: 72031 K (78656 K)]2022-01-17T00:23:44.239+0800: 0.633: [Rescan (parallel) , 0.0001095 secs]2022-01-17T00:23:44.239+0800: 0.633: [weak refs processing, 0.0000106 secs]2022-01-17T00:23:44.239+0800: 0.633: [class unloading, 0.0001629 secs]2022-01-17T00:23:44.239+0800: 0.633: [scrub symbol table, 0.0003192 secs]2022-01-17T00:23:44.240+0800: 0.633: [scrub string table, 0.0000792 secs][1 CMS-remark: 174654K(174784K)] 246685K(253440K), 0.0007411 secs] [Times: user=0.00 sys=0.00, real=0.00 secs] 
2022-01-17T00:23:44.240+0800: 0.634: [CMS-concurrent-sweep-start]
2022-01-17T00:23:44.240+0800: 0.634: [CMS-concurrent-sweep: 0.000/0.000 secs] [Times: user=0.00 sys=0.00, real=0.00 secs] 
2022-01-17T00:23:44.240+0800: 0.634: [CMS-concurrent-reset-start]
2022-01-17T00:23:44.241+0800: 0.634: [CMS-concurrent-reset: 0.000/0.000 secs] [Times: user=0.00 sys=0.00, real=0.00 secs] 
2022-01-17T00:23:44.241+0800: 0.634: [GC (Allocation Failure) 2022-01-17T00:23:44.241+0800: 0.635: [ParNew: 78592K->78592K(78656K), 0.0000138 secs]2022-01-17T00:23:44.241+0800: 0.635: [CMS: 174654K->174395K(174784K), 0.0275504 secs] 253246K->240566K(253440K), [Metaspace: 2702K->2702K(1056768K)], 0.0276339 secs] [Times: user=0.03 sys=0.00, real=0.03 secs] 
2022-01-17T00:23:44.269+0800: 0.662: [GC (CMS Initial Mark) [1 CMS-initial-mark: 174395K(174784K)] 241379K(253440K), 0.0004756 secs] [Times: user=0.00 sys=0.00, real=0.00 secs] 
2022-01-17T00:23:44.269+0800: 0.663: [CMS-concurrent-mark-start]
2022-01-17T00:23:44.270+0800: 0.663: [CMS-concurrent-mark: 0.001/0.001 secs] [Times: user=0.00 sys=0.00, real=0.00 secs] 
2022-01-17T00:23:44.270+0800: 0.663: [CMS-concurrent-preclean-start]
2022-01-17T00:23:44.270+0800: 0.664: [CMS-concurrent-preclean: 0.001/0.001 secs] [Times: user=0.00 sys=0.00, real=0.00 secs] 
2022-01-17T00:23:44.270+0800: 0.664: [CMS-concurrent-abortable-preclean-start]
2022-01-17T00:23:44.270+0800: 0.664: [CMS-concurrent-abortable-preclean: 0.000/0.000 secs] [Times: user=0.00 sys=0.00, real=0.00 secs] 
2022-01-17T00:23:44.271+0800: 0.664: [GC (CMS Final Remark) [YG occupancy: 78352 K (78656 K)]2022-01-17T00:23:44.271+0800: 0.664: [Rescan (parallel) , 0.0003825 secs]2022-01-17T00:23:44.271+0800: 0.664: [weak refs processing, 0.0000100 secs]2022-01-17T00:23:44.271+0800: 0.664: [class unloading, 0.0001669 secs]2022-01-17T00:23:44.271+0800: 0.665: [scrub symbol table, 0.0002848 secs]2022-01-17T00:23:44.271+0800: 0.665: [scrub string table, 0.0000824 secs][1 CMS-remark: 174395K(174784K)] 252747K(253440K), 0.0009788 secs] [Times: user=0.00 sys=0.00, real=0.00 secs] 
2022-01-17T00:23:44.272+0800: 0.665: [Full GC (Allocation Failure) 2022-01-17T00:23:44.272+0800: 0.665: [CMS (concurrent mode failure): 174395K->174604K(174784K), 0.0228475 secs] 252803K->243088K(253440K), [Metaspace: 2702K->2702K(1056768K)], 0.0228898 secs] [Times: user=0.03 sys=0.00, real=0.02 secs] 
2022-01-17T00:23:44.296+0800: 0.689: [Full GC (Allocation Failure) 2022-01-17T00:23:44.296+0800: 0.689: [CMS: 174604K->174163K(174784K), 0.0250158 secs] 252781K->244691K(253440K), [Metaspace: 2702K->2702K(1056768K)], 0.0250668 secs] [Times: user=0.03 sys=0.00, real=0.03 secs] 
2022-01-17T00:23:44.321+0800: 0.715: [GC (CMS Initial Mark) [1 CMS-initial-mark: 174163K(174784K)] 245247K(253440K), 0.0005056 secs] [Times: user=0.00 sys=0.00, real=0.00 secs] 
2022-01-17T00:23:44.322+0800: 0.715: [CMS-concurrent-mark-start]
2022-01-17T00:23:44.322+0800: 0.716: [CMS-concurrent-mark: 0.001/0.001 secs] [Times: user=0.00 sys=0.00, real=0.00 secs] 
2022-01-17T00:23:44.322+0800: 0.716: [CMS-concurrent-preclean-start]
2022-01-17T00:23:44.323+0800: 0.716: [Full GC (Allocation Failure) 2022-01-17T00:23:44.323+0800: 0.716: [CMS2022-01-17T00:23:44.323+0800: 0.716: [CMS-concurrent-preclean: 0.000/0.001 secs] [Times: user=0.00 sys=0.00, real=0.00 secs] 
 (concurrent mode failure): 174600K->174351K(174784K), 0.0150914 secs] 253253K->246301K(253440K), [Metaspace: 2702K->2702K(1056768K)], 0.0151371 secs] [Times: user=0.01 sys=0.00, real=0.02 secs] 
2022-01-17T00:23:44.339+0800: 0.732: [Full GC (Allocation Failure) 2022-01-17T00:23:44.339+0800: 0.732: [CMS: 174351K->174435K(174784K), 0.0353409 secs] 252991K->246288K(253440K), [Metaspace: 2702K->2702K(1056768K)], 0.0353976 secs] [Times: user=0.03 sys=0.00, real=0.04 secs] 
2022-01-17T00:23:44.375+0800: 0.768: [GC (CMS Initial Mark) [1 CMS-initial-mark: 174435K(174784K)] 246858K(253440K), 0.0001326 secs] [Times: user=0.00 sys=0.00, real=0.00 secs] 
2022-01-17T00:23:44.375+0800: 0.768: [CMS-concurrent-mark-start]
2022-01-17T00:23:44.375+0800: 0.769: [CMS-concurrent-mark: 0.001/0.001 secs] [Times: user=0.00 sys=0.00, real=0.00 secs] 
2022-01-17T00:23:44.375+0800: 0.769: [CMS-concurrent-preclean-start]
2022-01-17T00:23:44.376+0800: 0.769: [Full GC (Allocation Failure) 2022-01-17T00:23:44.376+0800: 0.769: [CMS2022-01-17T00:23:44.376+0800: 0.769: [CMS-concurrent-preclean: 0.001/0.001 secs] [Times: user=0.00 sys=0.00, real=0.00 secs] 
 (concurrent mode failure): 174711K->174508K(174784K), 0.0272885 secs] 253343K->247087K(253440K), [Metaspace: 2702K->2702K(1056768K)], 0.0273417 secs] [Times: user=0.03 sys=0.00, real=0.03 secs] 
2022-01-17T00:23:44.404+0800: 0.797: [Full GC (Allocation Failure) 2022-01-17T00:23:44.404+0800: 0.797: [CMS: 174771K->174780K(174784K), 0.0321045 secs] 253411K->246146K(253440K), [Metaspace: 2702K->2702K(1056768K)], 0.0321612 secs] [Times: user=0.03 sys=0.00, real=0.03 secs] 
2022-01-17T00:23:44.436+0800: 0.830: [GC (CMS Initial Mark) [1 CMS-initial-mark: 174780K(174784K)] 246356K(253440K), 0.0003404 secs] [Times: user=0.00 sys=0.00, real=0.00 secs] 
2022-01-17T00:23:44.437+0800: 0.830: [CMS-concurrent-mark-start]
2022-01-17T00:23:44.437+0800: 0.830: [CMS-concurrent-mark: 0.001/0.001 secs] [Times: user=0.00 sys=0.00, real=0.00 secs] 
2022-01-17T00:23:44.437+0800: 0.830: [CMS-concurrent-preclean-start]
2022-01-17T00:23:44.438+0800: 0.831: [Full GC (Allocation Failure) 2022-01-17T00:23:44.438+0800: 0.831: [CMS2022-01-17T00:23:44.438+0800: 0.831: [CMS-concurrent-preclean: 0.001/0.001 secs] [Times: user=0.00 sys=0.00, real=0.00 secs] 
 (concurrent mode failure): 174780K->174770K(174784K), 0.0266792 secs] 253257K->244992K(253440K), [Metaspace: 2702K->2702K(1056768K)], 0.0267626 secs] [Times: user=0.03 sys=0.00, real=0.03 secs] 
2022-01-17T00:23:44.466+0800: 0.859: [Full GC (Allocation Failure) 2022-01-17T00:23:44.466+0800: 0.859: [CMS: 174770K->174182K(174784K), 0.0239701 secs] 253383K->246602K(253440K), [Metaspace: 2702K->2702K(1056768K)], 0.0240347 secs] [Times: user=0.02 sys=0.00, real=0.02 secs] 
2022-01-17T00:23:44.490+0800: 0.883: [GC (CMS Initial Mark) [1 CMS-initial-mark: 174182K(174784K)] 246928K(253440K), 0.0003354 secs] [Times: user=0.00 sys=0.00, real=0.00 secs] 
2022-01-17T00:23:44.490+0800: 0.883: [CMS-concurrent-mark-start]
2022-01-17T00:23:44.491+0800: 0.884: [CMS-concurrent-mark: 0.001/0.001 secs] [Times: user=0.00 sys=0.00, real=0.00 secs] 
2022-01-17T00:23:44.491+0800: 0.884: [CMS-concurrent-preclean-start]
2022-01-17T00:23:44.491+0800: 0.884: [Full GC (Allocation Failure) 2022-01-17T00:23:44.491+0800: 0.884: [CMS2022-01-17T00:23:44.492+0800: 0.885: [CMS-concurrent-preclean: 0.001/0.001 secs] [Times: user=0.00 sys=0.00, real=0.00 secs] 
 (concurrent mode failure): 174182K->174596K(174784K), 0.0254857 secs] 252417K->246820K(253440K), [Metaspace: 2702K->2702K(1056768K)], 0.0255454 secs] [Times: user=0.03 sys=0.00, real=0.03 secs] 
2022-01-17T00:23:44.518+0800: 0.911: [Full GC (Allocation Failure) 2022-01-17T00:23:44.518+0800: 0.911: [CMS: 174596K->174725K(174784K), 0.0277446 secs] 253167K->248583K(253440K), [Metaspace: 2702K->2702K(1056768K)], 0.0277996 secs] [Times: user=0.03 sys=0.00, real=0.03 secs] 
2022-01-17T00:23:44.546+0800: 0.939: [GC (CMS Initial Mark) [1 CMS-initial-mark: 174725K(174784K)] 249464K(253440K), 0.0003100 secs] [Times: user=0.00 sys=0.00, real=0.00 secs] 
2022-01-17T00:23:44.546+0800: 0.939: [CMS-concurrent-mark-start]
2022-01-17T00:23:44.546+0800: 0.940: [Full GC (Allocation Failure) 2022-01-17T00:23:44.546+0800: 0.940: [CMS2022-01-17T00:23:44.559+0800: 0.952: [CMS-concurrent-mark: 0.001/0.013 secs] [Times: user=0.00 sys=0.00, real=0.01 secs] 
 (concurrent mode failure): 174725K->174485K(174784K), 0.0324566 secs] 253048K->248577K(253440K), [Metaspace: 2702K->2702K(1056768K)], 0.0325107 secs] [Times: user=0.02 sys=0.00, real=0.03 secs] 
2022-01-17T00:23:44.580+0800: 0.973: [Full GC (Allocation Failure) 2022-01-17T00:23:44.580+0800: 0.973: [CMS: 174485K->174478K(174784K), 0.0167128 secs] 252892K->249333K(253440K), [Metaspace: 2702K->2702K(1056768K)], 0.0167618 secs] [Times: user=0.02 sys=0.00, real=0.02 secs] 
2022-01-17T00:23:44.597+0800: 0.990: [GC (CMS Initial Mark) [1 CMS-initial-mark: 174478K(174784K)] 249621K(253440K), 0.0006066 secs] [Times: user=0.00 sys=0.00, real=0.00 secs] 
2022-01-17T00:23:44.597+0800: 0.990: [CMS-concurrent-mark-start]
2022-01-17T00:23:44.598+0800: 0.991: [Full GC (Allocation Failure) 2022-01-17T00:23:44.598+0800: 0.991: [CMS2022-01-17T00:23:44.605+0800: 0.998: [CMS-concurrent-mark: 0.001/0.008 secs] [Times: user=0.00 sys=0.00, real=0.01 secs] 
 (concurrent mode failure): 174478K->174430K(174784K), 0.0330382 secs] 252947K->249587K(253440K), [Metaspace: 2702K->2702K(1056768K)], 0.0330886 secs] [Times: user=0.01 sys=0.00, real=0.03 secs] 
2022-01-17T00:23:44.631+0800: 1.024: [Full GC (Allocation Failure) 2022-01-17T00:23:44.631+0800: 1.024: [CMS: 174430K->174735K(174784K), 0.0208825 secs] 252872K->248268K(253440K), [Metaspace: 2702K->2702K(1056768K)], 0.0209274 secs] [Times: user=0.03 sys=0.00, real=0.02 secs] 
2022-01-17T00:23:44.652+0800: 1.045: [GC (CMS Initial Mark) [1 CMS-initial-mark: 174735K(174784K)] 248891K(253440K), 0.0002967 secs] [Times: user=0.00 sys=0.00, real=0.00 secs] 
2022-01-17T00:23:44.653+0800: 1.046: [CMS-concurrent-mark-start]
2022-01-17T00:23:44.653+0800: 1.046: [CMS-concurrent-mark: 0.001/0.001 secs] [Times: user=0.00 sys=0.00, real=0.00 secs] 
2022-01-17T00:23:44.653+0800: 1.046: [CMS-concurrent-preclean-start]
2022-01-17T00:23:44.654+0800: 1.047: [Full GC (Allocation Failure) 2022-01-17T00:23:44.654+0800: 1.047: [CMS2022-01-17T00:23:44.654+0800: 1.047: [CMS-concurrent-preclean: 0.000/0.001 secs] [Times: user=0.00 sys=0.00, real=0.00 secs] 
 (concurrent mode failure): 174735K->174615K(174784K), 0.0161005 secs] 253228K->248814K(253440K), [Metaspace: 2702K->2702K(1056768K)], 0.0161510 secs] [Times: user=0.02 sys=0.00, real=0.02 secs] 
2022-01-17T00:23:44.671+0800: 1.064: [Full GC (Allocation Failure) 2022-01-17T00:23:44.671+0800: 1.064: [CMS: 174687K->174726K(174784K), 0.0308493 secs] 253294K->249009K(253440K), [Metaspace: 2702K->2702K(1056768K)], 0.0309160 secs] [Times: user=0.03 sys=0.00, real=0.03 secs] 
2022-01-17T00:23:44.702+0800: 1.095: [GC (CMS Initial Mark) [1 CMS-initial-mark: 174726K(174784K)] 249153K(253440K), 0.0004708 secs] [Times: user=0.00 sys=0.00, real=0.00 secs] 
2022-01-17T00:23:44.702+0800: 1.095: [CMS-concurrent-mark-start]
2022-01-17T00:23:44.703+0800: 1.096: [Full GC (Allocation Failure) 2022-01-17T00:23:44.703+0800: 1.096: [CMS2022-01-17T00:23:44.715+0800: 1.108: [CMS-concurrent-mark: 0.001/0.013 secs] [Times: user=0.00 sys=0.00, real=0.01 secs] 
 (concurrent mode failure): 174726K->174713K(174784K), 0.0298706 secs] 253335K->248913K(253440K), [Metaspace: 2702K->2702K(1056768K)], 0.0299265 secs] [Times: user=0.02 sys=0.00, real=0.03 secs] 
2022-01-17T00:23:44.733+0800: 1.126: [Full GC (Allocation Failure) 2022-01-17T00:23:44.733+0800: 1.127: [CMS: 174749K->174538K(174784K), 0.0259948 secs] 253395K->249186K(253440K), [Metaspace: 2702K->2702K(1056768K)], 0.0260512 secs] [Times: user=0.03 sys=0.00, real=0.03 secs] 
2022-01-17T00:23:44.759+0800: 1.153: [GC (CMS Initial Mark) [1 CMS-initial-mark: 174538K(174784K)] 249402K(253440K), 0.0004891 secs] [Times: user=0.00 sys=0.00, real=0.00 secs] 
2022-01-17T00:23:44.760+0800: 1.153: [CMS-concurrent-mark-start]
2022-01-17T00:23:44.760+0800: 1.154: [Full GC (Allocation Failure) 2022-01-17T00:23:44.760+0800: 1.154: [CMS2022-01-17T00:23:44.762+0800: 1.155: [CMS-concurrent-mark: 0.001/0.002 secs] [Times: user=0.00 sys=0.00, real=0.00 secs] 
 (concurrent mode failure): 174538K->174713K(174784K), 0.0230111 secs] 252953K->250092K(253440K), [Metaspace: 2702K->2702K(1056768K)], 0.0230624 secs] [Times: user=0.02 sys=0.00, real=0.02 secs] 
2022-01-17T00:23:44.784+0800: 1.177: [Full GC (Allocation Failure) 2022-01-17T00:23:44.784+0800: 1.177: [CMS: 174713K->174722K(174784K), 0.0258640 secs] 252773K->250714K(253440K), [Metaspace: 2702K->2702K(1056768K)], 0.0259112 secs] [Times: user=0.03 sys=0.00, real=0.03 secs] 
2022-01-17T00:23:44.810+0800: 1.203: [GC (CMS Initial Mark) [1 CMS-initial-mark: 174722K(174784K)] 251389K(253440K), 0.0001177 secs] [Times: user=0.00 sys=0.00, real=0.00 secs] 
2022-01-17T00:23:44.810+0800: 1.203: [CMS-concurrent-mark-start]
2022-01-17T00:23:44.810+0800: 1.204: [Full GC (Allocation Failure) 2022-01-17T00:23:44.810+0800: 1.204: [CMS2022-01-17T00:23:44.824+0800: 1.217: [CMS-concurrent-mark: 0.001/0.014 secs] [Times: user=0.00 sys=0.00, real=0.01 secs] 
 (concurrent mode failure): 174722K->174384K(174784K), 0.0243764 secs] 253339K->251480K(253440K), [Metaspace: 2702K->2702K(1056768K)], 0.0244330 secs] [Times: user=0.00 sys=0.00, real=0.03 secs] 
2022-01-17T00:23:44.835+0800: 1.229: [Full GC (Allocation Failure) 2022-01-17T00:23:44.835+0800: 1.229: [CMS: 174540K->174384K(174784K), 0.0015205 secs] 253144K->251192K(253440K), [Metaspace: 2702K->2702K(1056768K)], 0.0015510 secs] [Times: user=0.02 sys=0.00, real=0.00 secs] 
2022-01-17T00:23:44.837+0800: 1.230: [GC (CMS Initial Mark) [1 CMS-initial-mark: 174384K(174784K)] 251363K(253440K), 0.0004488 secs] [Times: user=0.00 sys=0.00, real=0.00 secs] 
2022-01-17T00:23:44.838+0800: 1.231: [CMS-concurrent-mark-start]
2022-01-17T00:23:44.838+0800: 1.231: [Full GC (Allocation Failure) 2022-01-17T00:23:44.838+0800: 1.231: [CMS2022-01-17T00:23:44.840+0800: 1.233: [CMS-concurrent-mark: 0.001/0.002 secs] [Times: user=0.00 sys=0.00, real=0.00 secs] 
 (concurrent mode failure): 174653K->174686K(174784K), 0.0292408 secs] 253297K->250838K(253440K), [Metaspace: 2702K->2702K(1056768K)], 0.0292923 secs] [Times: user=0.02 sys=0.02, real=0.03 secs] 
2022-01-17T00:23:44.868+0800: 1.261: [Full GC (Allocation Failure) 2022-01-17T00:23:44.868+0800: 1.261: [CMS: 174686K->174727K(174784K), 0.0279670 secs] 253258K->250563K(253440K), [Metaspace: 2702K->2702K(1056768K)], 0.0280169 secs] [Times: user=0.02 sys=0.00, real=0.03 secs] 
2022-01-17T00:23:44.896+0800: 1.289: [GC (CMS Initial Mark) [1 CMS-initial-mark: 174727K(174784K)] 250897K(253440K), 0.0003440 secs] [Times: user=0.00 sys=0.00, real=0.00 secs] 
2022-01-17T00:23:44.897+0800: 1.289: [CMS-concurrent-mark-start]
2022-01-17T00:23:44.897+0800: 1.290: [Full GC (Allocation Failure) 2022-01-17T00:23:44.897+0800: 1.290: [CMS2022-01-17T00:23:44.903+0800: 1.296: [CMS-concurrent-mark: 0.001/0.006 secs] [Times: user=0.00 sys=0.00, real=0.01 secs] 
 (concurrent mode failure): 174763K->174763K(174784K), 0.0139543 secs] 253400K->251534K(253440K), [Metaspace: 2702K->2702K(1056768K)], 0.0140061 secs] [Times: user=0.00 sys=0.00, real=0.01 secs] 
2022-01-17T00:23:44.911+0800: 1.304: [Full GC (Allocation Failure) 2022-01-17T00:23:44.911+0800: 1.304: [CMS: 174763K->174152K(174784K), 0.0264599 secs] 252818K->250524K(253440K), [Metaspace: 2702K->2702K(1056768K)], 0.0265068 secs] [Times: user=0.03 sys=0.00, real=0.03 secs] 
2022-01-17T00:23:44.937+0800: 1.331: [GC (CMS Initial Mark) [1 CMS-initial-mark: 174152K(174784K)] 251255K(253440K), 0.0003001 secs] [Times: user=0.00 sys=0.00, real=0.00 secs] 
2022-01-17T00:23:44.938+0800: 1.331: [CMS-concurrent-mark-start]
2022-01-17T00:23:44.938+0800: 1.331: [Full GC (Allocation Failure) 2022-01-17T00:23:44.938+0800: 1.331: [CMS2022-01-17T00:23:44.949+0800: 1.342: [CMS-concurrent-mark: 0.001/0.011 secs] [Times: user=0.00 sys=0.00, real=0.01 secs] 
 (concurrent mode failure): 174704K->174672K(174784K), 0.0283596 secs] 253307K->250599K(253440K), [Metaspace: 2702K->2702K(1056768K)], 0.0284002 secs] [Times: user=0.02 sys=0.00, real=0.03 secs] 
2022-01-17T00:23:44.967+0800: 1.360: [Full GC (Allocation Failure) 2022-01-17T00:23:44.967+0800: 1.360: [CMS: 174672K->174754K(174784K), 0.0263747 secs] 253268K->250397K(253440K), [Metaspace: 2702K->2702K(1056768K)], 0.0264264 secs] [Times: user=0.03 sys=0.00, real=0.03 secs] 
2022-01-17T00:23:44.994+0800: 1.387: [GC (CMS Initial Mark) [1 CMS-initial-mark: 174754K(174784K)] 251415K(253440K), 0.0005585 secs] [Times: user=0.00 sys=0.00, real=0.00 secs] 
2022-01-17T00:23:44.994+0800: 1.387: [CMS-concurrent-mark-start]
2022-01-17T00:23:44.995+0800: 1.388: [Full GC (Allocation Failure) 2022-01-17T00:23:44.995+0800: 1.388: [CMS2022-01-17T00:23:45.010+0800: 1.403: [CMS-concurrent-mark: 0.001/0.016 secs] [Times: user=0.00 sys=0.00, real=0.02 secs] 
 (concurrent mode failure): 174754K->174769K(174784K), 0.0299745 secs] 253345K->250633K(253440K), [Metaspace: 2702K->2702K(1056768K)], 0.0300290 secs] [Times: user=0.00 sys=0.00, real=0.03 secs] 
2022-01-17T00:23:45.025+0800: 1.418: [Full GC (Allocation Failure) 2022-01-17T00:23:45.025+0800: 1.418: [CMS: 174769K->174739K(174784K), 0.0189385 secs] 253056K->251071K(253440K), [Metaspace: 2702K->2702K(1056768K)], 0.0189906 secs] [Times: user=0.02 sys=0.00, real=0.02 secs] 
2022-01-17T00:23:45.045+0800: 1.437: [GC (CMS Initial Mark) [1 CMS-initial-mark: 174739K(174784K)] 251667K(253440K), 0.0004964 secs] [Times: user=0.00 sys=0.00, real=0.00 secs] 
2022-01-17T00:23:45.045+0800: 1.438: [CMS-concurrent-mark-start]
2022-01-17T00:23:45.045+0800: 1.438: [Full GC (Allocation Failure) 2022-01-17T00:23:45.045+0800: 1.438: [CMS2022-01-17T00:23:45.058+0800: 1.451: [CMS-concurrent-mark: 0.001/0.013 secs] [Times: user=0.00 sys=0.00, real=0.01 secs] 
 (concurrent mode failure): 174739K->174686K(174784K), 0.0235579 secs] 253308K->251087K(253440K), [Metaspace: 2702K->2702K(1056768K)], 0.0235991 secs] [Times: user=0.00 sys=0.00, real=0.02 secs] 
2022-01-17T00:23:45.069+0800: 1.462: [Full GC (Allocation Failure) 2022-01-17T00:23:45.069+0800: 1.462: [CMS: 174686K->174629K(174784K), 0.0205675 secs] 253213K->250611K(253440K), [Metaspace: 2702K->2702K(1056768K)], 0.0206239 secs] [Times: user=0.03 sys=0.00, real=0.02 secs] 
2022-01-17T00:23:45.090+0800: 1.483: [GC (CMS Initial Mark) [1 CMS-initial-mark: 174629K(174784K)] 251346K(253440K), 0.0005329 secs] [Times: user=0.00 sys=0.00, real=0.00 secs] 
2022-01-17T00:23:45.090+0800: 1.484: [CMS-concurrent-mark-start]
2022-01-17T00:23:45.090+0800: 1.484: [Full GC (Allocation Failure) 2022-01-17T00:23:45.090+0800: 1.484: [CMS2022-01-17T00:23:45.103+0800: 1.497: [CMS-concurrent-mark: 0.001/0.013 secs] [Times: user=0.00 sys=0.00, real=0.01 secs] 
 (concurrent mode failure): 174629K->174382K(174784K), 0.0320096 secs] 253104K->250948K(253440K), [Metaspace: 2702K->2702K(1056768K)], 0.0320562 secs] [Times: user=0.02 sys=0.00, real=0.03 secs] 
2022-01-17T00:23:45.123+0800: 1.516: [Full GC (Allocation Failure) 2022-01-17T00:23:45.123+0800: 1.516: [CMS: 174634K->174526K(174784K), 0.0016309 secs] 253286K->251910K(253440K), [Metaspace: 2702K->2702K(1056768K)], 0.0016625 secs] [Times: user=0.00 sys=0.00, real=0.00 secs] 
2022-01-17T00:23:45.125+0800: 1.518: [GC (CMS Initial Mark) [1 CMS-initial-mark: 174526K(174784K)] 252198K(253440K), 0.0003812 secs] [Times: user=0.00 sys=0.00, real=0.00 secs] 
2022-01-17T00:23:45.125+0800: 1.519: [CMS-concurrent-mark-start]
2022-01-17T00:23:45.125+0800: 1.519: [Full GC (Allocation Failure) 2022-01-17T00:23:45.125+0800: 1.519: [CMS2022-01-17T00:23:45.134+0800: 1.528: [CMS-concurrent-mark: 0.000/0.009 secs] [Times: user=0.00 sys=0.00, real=0.01 secs] 
 (concurrent mode failure): 174526K->174661K(174784K), 0.0352556 secs] 253162K->252015K(253440K), [Metaspace: 2702K->2702K(1056768K)], 0.0353101 secs] [Times: user=0.01 sys=0.00, real=0.04 secs] 
2022-01-17T00:23:45.161+0800: 1.554: [Full GC (Allocation Failure) 2022-01-17T00:23:45.161+0800: 1.554: [CMS: 174733K->174733K(174784K), 0.0084716 secs] 253319K->252222K(253440K), [Metaspace: 2702K->2702K(1056768K)], 0.0085178 secs] [Times: user=0.02 sys=0.00, real=0.01 secs] 
2022-01-17T00:23:45.169+0800: 1.563: [GC (CMS Initial Mark) [1 CMS-initial-mark: 174733K(174784K)] 252400K(253440K), 0.0001572 secs] [Times: user=0.00 sys=0.00, real=0.00 secs] 
2022-01-17T00:23:45.170+0800: 1.563: [CMS-concurrent-mark-start]
2022-01-17T00:23:45.170+0800: 1.563: [Full GC (Allocation Failure) 2022-01-17T00:23:45.170+0800: 1.563: [CMS2022-01-17T00:23:45.181+0800: 1.575: [CMS-concurrent-mark: 0.001/0.011 secs] [Times: user=0.00 sys=0.00, real=0.01 secs] 
 (concurrent mode failure): 174733K->174733K(174784K), 0.0236999 secs] 253266K->252260K(253440K), [Metaspace: 2702K->2702K(1056768K)], 0.0237424 secs] [Times: user=0.00 sys=0.00, real=0.02 secs] 
2022-01-17T00:23:45.194+0800: 1.587: [Full GC (Allocation Failure) 2022-01-17T00:23:45.194+0800: 1.588: [CMS: 174733K->174733K(174784K), 0.0016838 secs] 253120K->252456K(253440K), [Metaspace: 2702K->2702K(1056768K)], 0.0017155 secs] [Times: user=0.01 sys=0.00, real=0.00 secs] 
2022-01-17T00:23:45.196+0800: 1.589: [GC (CMS Initial Mark) [1 CMS-initial-mark: 174733K(174784K)] 252954K(253440K), 0.0006920 secs] [Times: user=0.00 sys=0.00, real=0.00 secs] 
2022-01-17T00:23:45.196+0800: 1.590: [CMS-concurrent-mark-start]
2022-01-17T00:23:45.197+0800: 1.590: [Full GC (Allocation Failure) 2022-01-17T00:23:45.197+0800: 1.590: [CMS2022-01-17T00:23:45.213+0800: 1.606: [CMS-concurrent-mark: 0.001/0.016 secs] [Times: user=0.00 sys=0.00, real=0.02 secs] 
 (concurrent mode failure): 174733K->174733K(174784K), 0.0174359 secs] 253289K->252450K(253440K), [Metaspace: 2702K->2702K(1056768K)], 0.0174819 secs] [Times: user=0.00 sys=0.00, real=0.02 secs] 
2022-01-17T00:23:45.215+0800: 1.608: [Full GC (Allocation Failure) 2022-01-17T00:23:45.215+0800: 1.608: [CMS: 174733K->174747K(174784K), 0.0163693 secs] 253298K->252699K(253440K), [Metaspace: 2702K->2702K(1056768K)], 0.0164130 secs] [Times: user=0.02 sys=0.00, real=0.02 secs] 
2022-01-17T00:23:45.232+0800: 1.625: [Full GC (Allocation Failure) 2022-01-17T00:23:45.232+0800: 1.625: [CMS: 174747K->174747K(174784K), 0.0040546 secs] 252804K->252767K(253440K), [Metaspace: 2702K->2702K(1056768K)], 0.0040907 secs] [Times: user=0.00 sys=0.00, real=0.00 secs] 
2022-01-17T00:23:45.236+0800: 1.629: [Full GC (Allocation Failure) 2022-01-17T00:23:45.236+0800: 1.629: [CMS: 174747K->174727K(174784K), 0.0207484 secs] 252767K->252748K(253440K), [Metaspace: 2702K->2702K(1056768K)], 0.0207930 secs] [Times: user=0.02 sys=0.00, real=0.02 secs] 
2022-01-17T00:23:45.257+0800: 1.650: [GC (CMS Initial Mark) [1 CMS-initial-mark: 174727K(174784K)] 252748K(253440K), 0.0002718 secs] [Times: user=0.00 sys=0.00, real=0.00 secs] 
2022-01-17T00:23:45.257+0800: 1.650: [CMS-concurrent-mark-start]
2022-01-17T00:23:45.257+0800: 1.650: [CMS-concurrent-mark: 0.000/0.000 secs] [Times: user=0.00 sys=0.00, real=0.00 secs] 
2022-01-17T00:23:45.257+0800: 1.650: [CMS-concurrent-preclean-start]
2022-01-17T00:23:45.258+0800: 1.651: [CMS-concurrent-preclean: 0.000/0.000 secs] [Times: user=0.03 sys=0.00, real=0.00 secs] 
2022-01-17T00:23:45.258+0800: 1.651: [CMS-concurrent-abortable-preclean-start]
2022-01-17T00:23:45.258+0800: 1.651: [CMS-concurrent-abortable-preclean: 0.000/0.000 secs] [Times: user=0.00 sys=0.00, real=0.00 secs] 
2022-01-17T00:23:45.258+0800: 1.651: [GC (CMS Final Remark) [YG occupancy: 78040 K (78656 K)]2022-01-17T00:23:45.258+0800: 1.651: [Rescan (parallel) , 0.0003859 secs]2022-01-17T00:23:45.258+0800: 1.651: [weak refs processing, 0.0000088 secs]2022-01-17T00:23:45.258+0800: 1.651: [class unloading, 0.0001463 secs]2022-01-17T00:23:45.259+0800: 1.652: [scrub symbol table, 0.0002474 secs]2022-01-17T00:23:45.259+0800: 1.652: [scrub string table, 0.0000697 secs][1 CMS-remark: 174727K(174784K)] 252768K(253440K), 0.0009066 secs] [Times: user=0.00 sys=0.00, real=0.00 secs] 
2022-01-17T00:23:45.259+0800: 1.652: [CMS-concurrent-sweep-start]
2022-01-17T00:23:45.259+0800: 1.652: [CMS-concurrent-sweep: 0.000/0.000 secs] [Times: user=0.00 sys=0.00, real=0.00 secs] 
2022-01-17T00:23:45.259+0800: 1.652: [CMS-concurrent-reset-start]
2022-01-17T00:23:45.259+0800: 1.652: [CMS-concurrent-reset: 0.000/0.000 secs] [Times: user=0.00 sys=0.00, real=0.00 secs] 
Heap
 par new generation   total 78656K, used 78067K [0x00000000f0000000, 0x00000000f5550000, 0x00000000f5550000)
  eden space 69952K, 100% used [0x00000000f0000000, 0x00000000f4450000, 0x00000000f4450000)
  from space 8704K,  93% used [0x00000000f4cd0000, 0x00000000f54bced8, 0x00000000f5550000)
  to   space 8704K,   0% used [0x00000000f4450000, 0x00000000f4450000, 0x00000000f4cd0000)
 concurrent mark-sweep generation total 174784K, used 798K [0x00000000f5550000, 0x0000000100000000, 0x0000000100000000)
 Metaspace       used 2733K, capacity 4486K, committed 4864K, reserved 1056768K
  class space    used 294K, capacity 386K, committed 512K, reserved 1048576K
