Java HotSpot(TM) 64-Bit Server VM (25.231-b11) for windows-amd64 JRE (1.8.0_231-b11), built on Oct  5 2019 03:11:30 by "java_re" with MS VC++ 10.0 (VS2010)
Memory: 4k page, physical 16718268k(8510588k free), swap 19256368k(4021848k free)
CommandLine flags: -XX:InitialHeapSize=2147483648 -XX:MaxHeapSize=2147483648 -XX:+PrintGC -XX:+PrintGCDateStamps -XX:+PrintGCDetails -XX:+PrintGCTimeStamps -XX:-UseAdaptiveSizePolicy -XX:+UseCompressedClassPointers -XX:+UseCompressedOops -XX:+UseG1GC -XX:-UseLargePagesIndividualAllocation 
2022-01-17T00:25:45.086+0800: 0.128: [GC pause (G1 Evacuation Pause) (young), 0.0065503 secs]
   [Parallel Time: 4.8 ms, GC Workers: 10]
      [GC Worker Start (ms): Min: 128.2, Avg: 128.3, Max: 128.4, Diff: 0.2]
      [Ext Root Scanning (ms): Min: 0.0, Avg: 0.1, Max: 0.2, Diff: 0.2, Sum: 0.8]
      [Update RS (ms): Min: 0.3, Avg: 0.4, Max: 0.4, Diff: 0.1, Sum: 3.8]
         [Processed Buffers: Min: 6, Avg: 6.1, Max: 7, Diff: 1, Sum: 61]
      [Scan RS (ms): Min: 0.0, Avg: 0.0, Max: 0.0, Diff: 0.0, Sum: 0.1]
      [Code Root Scanning (ms): Min: 0.0, Avg: 0.0, Max: 0.0, Diff: 0.0, Sum: 0.0]
      [Object Copy (ms): Min: 4.0, Avg: 4.1, Max: 4.2, Diff: 0.2, Sum: 40.8]
      [Termination (ms): Min: 0.0, Avg: 0.1, Max: 0.2, Diff: 0.2, Sum: 1.0]
         [Termination Attempts: Min: 1, Avg: 1.0, Max: 1, Diff: 0, Sum: 10]
      [GC Worker Other (ms): Min: 0.0, Avg: 0.0, Max: 0.0, Diff: 0.0, Sum: 0.2]
      [GC Worker Total (ms): Min: 4.6, Avg: 4.7, Max: 4.8, Diff: 0.2, Sum: 46.8]
      [GC Worker End (ms): Min: 133.0, Avg: 133.0, Max: 133.0, Diff: 0.0]
   [Code Root Fixup: 0.0 ms]
   [Code Root Purge: 0.0 ms]
   [Clear CT: 0.5 ms]
   [Other: 1.2 ms]
      [Choose CSet: 0.0 ms]
      [Ref Proc: 0.5 ms]
      [Ref Enq: 0.0 ms]
      [Redirty Cards: 0.4 ms]
      [Humongous Register: 0.0 ms]
      [Humongous Reclaim: 0.0 ms]
      [Free CSet: 0.0 ms]
   [Eden: 102.0M(102.0M)->0.0B(89.0M) Survivors: 0.0B->13.0M Heap: 131.0M(2048.0M)->44.4M(2048.0M)]
 [Times: user=0.00 sys=0.00, real=0.01 secs] 
2022-01-17T00:25:45.112+0800: 0.154: [GC pause (G1 Evacuation Pause) (young), 0.0068940 secs]
   [Parallel Time: 5.2 ms, GC Workers: 10]
      [GC Worker Start (ms): Min: 153.7, Avg: 153.8, Max: 153.8, Diff: 0.2]
      [Ext Root Scanning (ms): Min: 0.0, Avg: 0.1, Max: 0.2, Diff: 0.2, Sum: 0.8]
      [Update RS (ms): Min: 0.3, Avg: 0.4, Max: 0.4, Diff: 0.1, Sum: 3.6]
         [Processed Buffers: Min: 5, Avg: 6.7, Max: 9, Diff: 4, Sum: 67]
      [Scan RS (ms): Min: 0.0, Avg: 0.0, Max: 0.0, Diff: 0.0, Sum: 0.1]
      [Code Root Scanning (ms): Min: 0.0, Avg: 0.0, Max: 0.0, Diff: 0.0, Sum: 0.0]
      [Object Copy (ms): Min: 4.2, Avg: 4.2, Max: 4.4, Diff: 0.2, Sum: 42.3]
      [Termination (ms): Min: 0.0, Avg: 0.2, Max: 0.3, Diff: 0.3, Sum: 1.6]
         [Termination Attempts: Min: 1, Avg: 1.0, Max: 1, Diff: 0, Sum: 10]
      [GC Worker Other (ms): Min: 0.0, Avg: 0.0, Max: 0.0, Diff: 0.0, Sum: 0.1]
      [GC Worker Total (ms): Min: 4.8, Avg: 4.8, Max: 4.9, Diff: 0.2, Sum: 48.5]
      [GC Worker End (ms): Min: 158.6, Avg: 158.6, Max: 158.6, Diff: 0.0]
   [Code Root Fixup: 0.0 ms]
   [Code Root Purge: 0.0 ms]
   [Clear CT: 0.7 ms]
   [Other: 1.0 ms]
      [Choose CSet: 0.0 ms]
      [Ref Proc: 0.3 ms]
      [Ref Enq: 0.0 ms]
      [Redirty Cards: 0.4 ms]
      [Humongous Register: 0.0 ms]
      [Humongous Reclaim: 0.0 ms]
      [Free CSet: 0.0 ms]
   [Eden: 89.0M(89.0M)->0.0B(89.0M) Survivors: 13.0M->13.0M Heap: 161.9M(2048.0M)->87.9M(2048.0M)]
 [Times: user=0.11 sys=0.05, real=0.01 secs] 
2022-01-17T00:25:45.138+0800: 0.180: [GC pause (G1 Evacuation Pause) (young), 0.0063572 secs]
   [Parallel Time: 4.9 ms, GC Workers: 10]
      [GC Worker Start (ms): Min: 180.1, Avg: 180.2, Max: 180.2, Diff: 0.1]
      [Ext Root Scanning (ms): Min: 0.1, Avg: 0.1, Max: 0.1, Diff: 0.1, Sum: 0.9]
      [Update RS (ms): Min: 0.4, Avg: 0.4, Max: 0.5, Diff: 0.0, Sum: 4.3]
         [Processed Buffers: Min: 5, Avg: 7.4, Max: 10, Diff: 5, Sum: 74]
      [Scan RS (ms): Min: 0.0, Avg: 0.0, Max: 0.0, Diff: 0.0, Sum: 0.1]
      [Code Root Scanning (ms): Min: 0.0, Avg: 0.0, Max: 0.0, Diff: 0.0, Sum: 0.0]
      [Object Copy (ms): Min: 3.9, Avg: 4.0, Max: 4.0, Diff: 0.2, Sum: 39.7]
      [Termination (ms): Min: 0.0, Avg: 0.1, Max: 0.2, Diff: 0.2, Sum: 0.7]
         [Termination Attempts: Min: 1, Avg: 1.0, Max: 1, Diff: 0, Sum: 10]
      [GC Worker Other (ms): Min: 0.0, Avg: 0.0, Max: 0.0, Diff: 0.0, Sum: 0.1]
      [GC Worker Total (ms): Min: 4.6, Avg: 4.6, Max: 4.6, Diff: 0.1, Sum: 45.8]
      [GC Worker End (ms): Min: 184.8, Avg: 184.8, Max: 184.8, Diff: 0.0]
   [Code Root Fixup: 0.0 ms]
   [Code Root Purge: 0.0 ms]
   [Clear CT: 0.5 ms]
   [Other: 0.9 ms]
      [Choose CSet: 0.0 ms]
      [Ref Proc: 0.2 ms]
      [Ref Enq: 0.0 ms]
      [Redirty Cards: 0.5 ms]
      [Humongous Register: 0.0 ms]
      [Humongous Reclaim: 0.0 ms]
      [Free CSet: 0.0 ms]
   [Eden: 89.0M(89.0M)->0.0B(89.0M) Survivors: 13.0M->13.0M Heap: 207.5M(2048.0M)->125.7M(2048.0M)]
 [Times: user=0.00 sys=0.00, real=0.01 secs] 
2022-01-17T00:25:45.161+0800: 0.202: [GC pause (G1 Evacuation Pause) (young), 0.0061406 secs]
   [Parallel Time: 4.8 ms, GC Workers: 10]
      [GC Worker Start (ms): Min: 202.5, Avg: 202.6, Max: 202.7, Diff: 0.2]
      [Ext Root Scanning (ms): Min: 0.0, Avg: 0.1, Max: 0.2, Diff: 0.2, Sum: 0.6]
      [Update RS (ms): Min: 0.4, Avg: 0.5, Max: 0.5, Diff: 0.0, Sum: 4.5]
         [Processed Buffers: Min: 7, Avg: 8.0, Max: 10, Diff: 3, Sum: 80]
      [Scan RS (ms): Min: 0.0, Avg: 0.0, Max: 0.0, Diff: 0.0, Sum: 0.0]
      [Code Root Scanning (ms): Min: 0.0, Avg: 0.0, Max: 0.0, Diff: 0.0, Sum: 0.0]
      [Object Copy (ms): Min: 4.0, Avg: 4.0, Max: 4.1, Diff: 0.1, Sum: 40.3]
      [Termination (ms): Min: 0.0, Avg: 0.1, Max: 0.1, Diff: 0.1, Sum: 0.7]
         [Termination Attempts: Min: 1, Avg: 1.0, Max: 1, Diff: 0, Sum: 10]
      [GC Worker Other (ms): Min: 0.0, Avg: 0.0, Max: 0.0, Diff: 0.0, Sum: 0.1]
      [GC Worker Total (ms): Min: 4.6, Avg: 4.6, Max: 4.7, Diff: 0.2, Sum: 46.3]
      [GC Worker End (ms): Min: 207.3, Avg: 207.3, Max: 207.3, Diff: 0.0]
   [Code Root Fixup: 0.0 ms]
   [Code Root Purge: 0.0 ms]
   [Clear CT: 0.4 ms]
   [Other: 0.9 ms]
      [Choose CSet: 0.0 ms]
      [Ref Proc: 0.2 ms]
      [Ref Enq: 0.0 ms]
      [Redirty Cards: 0.4 ms]
      [Humongous Register: 0.1 ms]
      [Humongous Reclaim: 0.0 ms]
      [Free CSet: 0.0 ms]
   [Eden: 89.0M(89.0M)->0.0B(89.0M) Survivors: 13.0M->13.0M Heap: 239.1M(2048.0M)->162.2M(2048.0M)]
 [Times: user=0.02 sys=0.14, real=0.01 secs] 
2022-01-17T00:25:45.183+0800: 0.225: [GC pause (G1 Evacuation Pause) (young), 0.0067319 secs]
   [Parallel Time: 4.9 ms, GC Workers: 10]
      [GC Worker Start (ms): Min: 224.8, Avg: 224.9, Max: 225.0, Diff: 0.2]
      [Ext Root Scanning (ms): Min: 0.0, Avg: 0.1, Max: 0.1, Diff: 0.1, Sum: 0.5]
      [Update RS (ms): Min: 0.1, Avg: 0.1, Max: 0.2, Diff: 0.1, Sum: 1.3]
         [Processed Buffers: Min: 2, Avg: 2.2, Max: 3, Diff: 1, Sum: 22]
      [Scan RS (ms): Min: 0.0, Avg: 0.0, Max: 0.0, Diff: 0.0, Sum: 0.1]
      [Code Root Scanning (ms): Min: 0.0, Avg: 0.0, Max: 0.0, Diff: 0.0, Sum: 0.0]
      [Object Copy (ms): Min: 4.1, Avg: 4.1, Max: 4.3, Diff: 0.2, Sum: 41.3]
      [Termination (ms): Min: 0.0, Avg: 0.1, Max: 0.2, Diff: 0.2, Sum: 1.3]
         [Termination Attempts: Min: 1, Avg: 1.0, Max: 1, Diff: 0, Sum: 10]
      [GC Worker Other (ms): Min: 0.0, Avg: 0.0, Max: 0.0, Diff: 0.0, Sum: 0.1]
      [GC Worker Total (ms): Min: 4.4, Avg: 4.5, Max: 4.6, Diff: 0.2, Sum: 44.6]
      [GC Worker End (ms): Min: 229.4, Avg: 229.4, Max: 229.4, Diff: 0.0]
   [Code Root Fixup: 0.0 ms]
   [Code Root Purge: 0.0 ms]
   [Clear CT: 0.6 ms]
   [Other: 1.3 ms]
      [Choose CSet: 0.0 ms]
      [Ref Proc: 0.5 ms]
      [Ref Enq: 0.0 ms]
      [Redirty Cards: 0.5 ms]
      [Humongous Register: 0.1 ms]
      [Humongous Reclaim: 0.0 ms]
      [Free CSet: 0.0 ms]
   [Eden: 89.0M(89.0M)->0.0B(118.0M) Survivors: 13.0M->13.0M Heap: 276.9M(2048.0M)->199.9M(2048.0M)]
 [Times: user=0.00 sys=0.00, real=0.01 secs] 
2022-01-17T00:25:45.208+0800: 0.250: [GC pause (G1 Evacuation Pause) (young), 0.0075026 secs]
   [Parallel Time: 5.8 ms, GC Workers: 10]
      [GC Worker Start (ms): Min: 250.2, Avg: 250.3, Max: 250.3, Diff: 0.2]
      [Ext Root Scanning (ms): Min: 0.0, Avg: 0.0, Max: 0.2, Diff: 0.2, Sum: 0.5]
      [Update RS (ms): Min: 0.1, Avg: 0.1, Max: 0.2, Diff: 0.1, Sum: 1.1]
         [Processed Buffers: Min: 0, Avg: 1.7, Max: 2, Diff: 2, Sum: 17]
      [Scan RS (ms): Min: 0.0, Avg: 0.0, Max: 0.0, Diff: 0.0, Sum: 0.1]
      [Code Root Scanning (ms): Min: 0.0, Avg: 0.0, Max: 0.0, Diff: 0.0, Sum: 0.0]
      [Object Copy (ms): Min: 5.3, Avg: 5.4, Max: 5.5, Diff: 0.3, Sum: 53.6]
      [Termination (ms): Min: 0.0, Avg: 0.1, Max: 0.2, Diff: 0.2, Sum: 1.4]
         [Termination Attempts: Min: 1, Avg: 1.0, Max: 1, Diff: 0, Sum: 10]
      [GC Worker Other (ms): Min: 0.0, Avg: 0.0, Max: 0.0, Diff: 0.0, Sum: 0.1]
      [GC Worker Total (ms): Min: 5.6, Avg: 5.7, Max: 5.8, Diff: 0.2, Sum: 56.8]
      [GC Worker End (ms): Min: 255.9, Avg: 255.9, Max: 256.0, Diff: 0.0]
   [Code Root Fixup: 0.0 ms]
   [Code Root Purge: 0.0 ms]
   [Clear CT: 0.5 ms]
   [Other: 1.1 ms]
      [Choose CSet: 0.0 ms]
      [Ref Proc: 0.3 ms]
      [Ref Enq: 0.0 ms]
      [Redirty Cards: 0.5 ms]
      [Humongous Register: 0.1 ms]
      [Humongous Reclaim: 0.1 ms]
      [Free CSet: 0.0 ms]
   [Eden: 118.0M(118.0M)->0.0B(294.0M) Survivors: 13.0M->17.0M Heap: 344.9M(2048.0M)->246.1M(2048.0M)]
 [Times: user=0.08 sys=0.08, real=0.01 secs] 
2022-01-17T00:25:45.291+0800: 0.333: [GC pause (G1 Evacuation Pause) (young), 0.0125579 secs]
   [Parallel Time: 10.6 ms, GC Workers: 10]
      [GC Worker Start (ms): Min: 332.9, Avg: 333.0, Max: 333.1, Diff: 0.2]
      [Ext Root Scanning (ms): Min: 0.0, Avg: 0.1, Max: 0.2, Diff: 0.2, Sum: 0.7]
      [Update RS (ms): Min: 0.1, Avg: 0.1, Max: 0.4, Diff: 0.4, Sum: 1.5]
         [Processed Buffers: Min: 0, Avg: 1.8, Max: 3, Diff: 3, Sum: 18]
      [Scan RS (ms): Min: 0.0, Avg: 0.0, Max: 0.0, Diff: 0.0, Sum: 0.2]
      [Code Root Scanning (ms): Min: 0.0, Avg: 0.0, Max: 0.0, Diff: 0.0, Sum: 0.0]
      [Object Copy (ms): Min: 9.6, Avg: 9.8, Max: 10.0, Diff: 0.3, Sum: 98.1]
      [Termination (ms): Min: 0.0, Avg: 0.1, Max: 0.2, Diff: 0.2, Sum: 1.1]
         [Termination Attempts: Min: 1, Avg: 1.3, Max: 2, Diff: 1, Sum: 13]
      [GC Worker Other (ms): Min: 0.0, Avg: 0.0, Max: 0.0, Diff: 0.0, Sum: 0.1]
      [GC Worker Total (ms): Min: 10.1, Avg: 10.2, Max: 10.3, Diff: 0.2, Sum: 101.8]
      [GC Worker End (ms): Min: 343.2, Avg: 343.2, Max: 343.2, Diff: 0.0]
   [Code Root Fixup: 0.0 ms]
   [Code Root Purge: 0.0 ms]
   [Clear CT: 0.6 ms]
   [Other: 1.4 ms]
      [Choose CSet: 0.0 ms]
      [Ref Proc: 0.4 ms]
      [Ref Enq: 0.0 ms]
      [Redirty Cards: 0.4 ms]
      [Humongous Register: 0.1 ms]
      [Humongous Reclaim: 0.1 ms]
      [Free CSet: 0.1 ms]
   [Eden: 294.0M(294.0M)->0.0B(155.0M) Survivors: 17.0M->39.0M Heap: 603.1M(2048.0M)->327.1M(2048.0M)]
 [Times: user=0.00 sys=0.00, real=0.01 secs] 
2022-01-17T00:25:45.325+0800: 0.367: [GC pause (G1 Evacuation Pause) (young), 0.0106367 secs]
   [Parallel Time: 9.5 ms, GC Workers: 10]
      [GC Worker Start (ms): Min: 367.5, Avg: 367.5, Max: 367.6, Diff: 0.0]
      [Ext Root Scanning (ms): Min: 0.1, Avg: 0.1, Max: 0.1, Diff: 0.0, Sum: 0.9]
      [Update RS (ms): Min: 0.1, Avg: 0.2, Max: 0.8, Diff: 0.7, Sum: 1.9]
         [Processed Buffers: Min: 0, Avg: 1.9, Max: 3, Diff: 3, Sum: 19]
      [Scan RS (ms): Min: 0.0, Avg: 0.0, Max: 0.0, Diff: 0.0, Sum: 0.2]
      [Code Root Scanning (ms): Min: 0.0, Avg: 0.0, Max: 0.0, Diff: 0.0, Sum: 0.0]
      [Object Copy (ms): Min: 8.4, Avg: 9.0, Max: 9.1, Diff: 0.7, Sum: 90.1]
      [Termination (ms): Min: 0.0, Avg: 0.0, Max: 0.1, Diff: 0.1, Sum: 0.5]
         [Termination Attempts: Min: 1, Avg: 1.1, Max: 2, Diff: 1, Sum: 11]
      [GC Worker Other (ms): Min: 0.0, Avg: 0.0, Max: 0.0, Diff: 0.0, Sum: 0.1]
      [GC Worker Total (ms): Min: 9.3, Avg: 9.4, Max: 9.4, Diff: 0.1, Sum: 93.8]
      [GC Worker End (ms): Min: 376.9, Avg: 376.9, Max: 376.9, Diff: 0.0]
   [Code Root Fixup: 0.0 ms]
   [Code Root Purge: 0.0 ms]
   [Clear CT: 0.2 ms]
   [Other: 0.9 ms]
      [Choose CSet: 0.0 ms]
      [Ref Proc: 0.2 ms]
      [Ref Enq: 0.0 ms]
      [Redirty Cards: 0.3 ms]
      [Humongous Register: 0.1 ms]
      [Humongous Reclaim: 0.1 ms]
      [Free CSet: 0.1 ms]
   [Eden: 155.0M(155.0M)->0.0B(248.0M) Survivors: 39.0M->25.0M Heap: 530.3M(2048.0M)->383.5M(2048.0M)]
 [Times: user=0.00 sys=0.00, real=0.01 secs] 
2022-01-17T00:25:45.378+0800: 0.420: [GC pause (G1 Evacuation Pause) (young), 0.0116157 secs]
   [Parallel Time: 9.8 ms, GC Workers: 10]
      [GC Worker Start (ms): Min: 420.2, Avg: 420.3, Max: 420.3, Diff: 0.1]
      [Ext Root Scanning (ms): Min: 0.0, Avg: 0.1, Max: 0.2, Diff: 0.1, Sum: 0.8]
      [Update RS (ms): Min: 0.1, Avg: 0.2, Max: 0.7, Diff: 0.5, Sum: 2.2]
         [Processed Buffers: Min: 0, Avg: 2.8, Max: 4, Diff: 4, Sum: 28]
      [Scan RS (ms): Min: 0.0, Avg: 0.0, Max: 0.0, Diff: 0.0, Sum: 0.2]
      [Code Root Scanning (ms): Min: 0.0, Avg: 0.0, Max: 0.0, Diff: 0.0, Sum: 0.0]
      [Object Copy (ms): Min: 8.5, Avg: 9.0, Max: 9.2, Diff: 0.7, Sum: 90.3]
      [Termination (ms): Min: 0.0, Avg: 0.1, Max: 0.2, Diff: 0.2, Sum: 1.2]
         [Termination Attempts: Min: 1, Avg: 1.0, Max: 1, Diff: 0, Sum: 10]
      [GC Worker Other (ms): Min: 0.0, Avg: 0.0, Max: 0.0, Diff: 0.0, Sum: 0.1]
      [GC Worker Total (ms): Min: 9.4, Avg: 9.5, Max: 9.6, Diff: 0.1, Sum: 94.8]
      [GC Worker End (ms): Min: 429.7, Avg: 429.8, Max: 429.8, Diff: 0.1]
   [Code Root Fixup: 0.0 ms]
   [Code Root Purge: 0.0 ms]
   [Clear CT: 0.7 ms]
   [Other: 1.1 ms]
      [Choose CSet: 0.0 ms]
      [Ref Proc: 0.1 ms]
      [Ref Enq: 0.0 ms]
      [Redirty Cards: 0.4 ms]
      [Humongous Register: 0.1 ms]
      [Humongous Reclaim: 0.1 ms]
      [Free CSet: 0.1 ms]
   [Eden: 248.0M(248.0M)->0.0B(336.0M) Survivors: 25.0M->35.0M Heap: 691.7M(2048.0M)->449.1M(2048.0M)]
 [Times: user=0.09 sys=0.06, real=0.01 secs] 
2022-01-17T00:25:45.446+0800: 0.488: [GC pause (G1 Evacuation Pause) (young), 0.0155444 secs]
   [Parallel Time: 13.9 ms, GC Workers: 10]
      [GC Worker Start (ms): Min: 488.0, Avg: 488.0, Max: 488.1, Diff: 0.1]
      [Ext Root Scanning (ms): Min: 0.0, Avg: 0.1, Max: 0.1, Diff: 0.1, Sum: 0.9]
      [Update RS (ms): Min: 0.2, Avg: 0.3, Max: 0.5, Diff: 0.3, Sum: 2.5]
         [Processed Buffers: Min: 0, Avg: 2.9, Max: 4, Diff: 4, Sum: 29]
      [Scan RS (ms): Min: 0.0, Avg: 0.0, Max: 0.1, Diff: 0.0, Sum: 0.3]
      [Code Root Scanning (ms): Min: 0.0, Avg: 0.0, Max: 0.0, Diff: 0.0, Sum: 0.0]
      [Object Copy (ms): Min: 12.9, Avg: 13.2, Max: 13.3, Diff: 0.4, Sum: 131.9]
      [Termination (ms): Min: 0.0, Avg: 0.1, Max: 0.2, Diff: 0.2, Sum: 1.1]
         [Termination Attempts: Min: 1, Avg: 1.1, Max: 2, Diff: 1, Sum: 11]
      [GC Worker Other (ms): Min: 0.0, Avg: 0.0, Max: 0.1, Diff: 0.1, Sum: 0.5]
      [GC Worker Total (ms): Min: 13.6, Avg: 13.7, Max: 13.8, Diff: 0.3, Sum: 137.2]
      [GC Worker End (ms): Min: 501.7, Avg: 501.8, Max: 501.9, Diff: 0.1]
   [Code Root Fixup: 0.0 ms]
   [Code Root Purge: 0.0 ms]
   [Clear CT: 0.5 ms]
   [Other: 1.1 ms]
      [Choose CSet: 0.0 ms]
      [Ref Proc: 0.2 ms]
      [Ref Enq: 0.0 ms]
      [Redirty Cards: 0.4 ms]
      [Humongous Register: 0.1 ms]
      [Humongous Reclaim: 0.1 ms]
      [Free CSet: 0.1 ms]
   [Eden: 336.0M(336.0M)->0.0B(358.0M) Survivors: 35.0M->47.0M Heap: 871.6M(2048.0M)->534.8M(2048.0M)]
 [Times: user=0.02 sys=0.00, real=0.01 secs] 
2022-01-17T00:25:45.514+0800: 0.557: [GC pause (G1 Evacuation Pause) (young), 0.0171796 secs]
   [Parallel Time: 15.8 ms, GC Workers: 10]
      [GC Worker Start (ms): Min: 556.7, Avg: 556.8, Max: 556.8, Diff: 0.1]
      [Ext Root Scanning (ms): Min: 0.1, Avg: 0.1, Max: 0.2, Diff: 0.1, Sum: 1.0]
      [Update RS (ms): Min: 0.2, Avg: 0.3, Max: 1.2, Diff: 1.1, Sum: 2.9]
         [Processed Buffers: Min: 0, Avg: 2.7, Max: 3, Diff: 3, Sum: 27]
      [Scan RS (ms): Min: 0.0, Avg: 0.0, Max: 0.1, Diff: 0.0, Sum: 0.4]
      [Code Root Scanning (ms): Min: 0.0, Avg: 0.0, Max: 0.0, Diff: 0.0, Sum: 0.0]
      [Object Copy (ms): Min: 14.0, Avg: 15.0, Max: 15.2, Diff: 1.2, Sum: 149.7]
      [Termination (ms): Min: 0.0, Avg: 0.1, Max: 0.2, Diff: 0.2, Sum: 1.2]
         [Termination Attempts: Min: 1, Avg: 1.0, Max: 1, Diff: 0, Sum: 10]
      [GC Worker Other (ms): Min: 0.0, Avg: 0.0, Max: 0.0, Diff: 0.0, Sum: 0.1]
      [GC Worker Total (ms): Min: 15.5, Avg: 15.5, Max: 15.6, Diff: 0.1, Sum: 155.3]
      [GC Worker End (ms): Min: 572.3, Avg: 572.3, Max: 572.3, Diff: 0.0]
   [Code Root Fixup: 0.0 ms]
   [Code Root Purge: 0.0 ms]
   [Clear CT: 0.2 ms]
   [Other: 1.2 ms]
      [Choose CSet: 0.0 ms]
      [Ref Proc: 0.2 ms]
      [Ref Enq: 0.0 ms]
      [Redirty Cards: 0.4 ms]
      [Humongous Register: 0.1 ms]
      [Humongous Reclaim: 0.2 ms]
      [Free CSet: 0.1 ms]
   [Eden: 358.0M(358.0M)->0.0B(1038.0M) Survivors: 47.0M->51.0M Heap: 982.1M(2048.0M)->627.3M(2048.0M)]
 [Times: user=0.06 sys=0.08, real=0.02 secs] 
2022-01-17T00:25:45.675+0800: 0.717: [GC pause (G1 Humongous Allocation) (young) (initial-mark), 0.0231468 secs]
   [Parallel Time: 21.3 ms, GC Workers: 10]
      [GC Worker Start (ms): Min: 717.4, Avg: 717.5, Max: 717.6, Diff: 0.1]
      [Ext Root Scanning (ms): Min: 0.0, Avg: 0.1, Max: 0.1, Diff: 0.1, Sum: 1.0]
      [Update RS (ms): Min: 0.1, Avg: 0.2, Max: 0.4, Diff: 0.3, Sum: 1.8]
         [Processed Buffers: Min: 0, Avg: 2.4, Max: 3, Diff: 3, Sum: 24]
      [Scan RS (ms): Min: 0.0, Avg: 0.0, Max: 0.1, Diff: 0.1, Sum: 0.5]
      [Code Root Scanning (ms): Min: 0.0, Avg: 0.0, Max: 0.0, Diff: 0.0, Sum: 0.0]
      [Object Copy (ms): Min: 20.5, Avg: 20.6, Max: 20.7, Diff: 0.2, Sum: 205.9]
      [Termination (ms): Min: 0.0, Avg: 0.1, Max: 0.2, Diff: 0.2, Sum: 0.8]
         [Termination Attempts: Min: 1, Avg: 1.2, Max: 2, Diff: 1, Sum: 12]
      [GC Worker Other (ms): Min: 0.0, Avg: 0.0, Max: 0.1, Diff: 0.1, Sum: 0.3]
      [GC Worker Total (ms): Min: 21.0, Avg: 21.0, Max: 21.1, Diff: 0.1, Sum: 210.4]
      [GC Worker End (ms): Min: 738.5, Avg: 738.5, Max: 738.6, Diff: 0.1]
   [Code Root Fixup: 0.0 ms]
   [Code Root Purge: 0.0 ms]
   [Clear CT: 0.3 ms]
   [Other: 1.6 ms]
      [Choose CSet: 0.0 ms]
      [Ref Proc: 0.5 ms]
      [Ref Enq: 0.0 ms]
      [Redirty Cards: 0.2 ms]
      [Humongous Register: 0.2 ms]
      [Humongous Reclaim: 0.2 ms]
      [Free CSet: 0.2 ms]
   [Eden: 625.0M(1038.0M)->0.0B(17.0M) Survivors: 51.0M->137.0M Heap: 1432.9M(2048.0M)->760.0M(2048.0M)]
 [Times: user=0.11 sys=0.20, real=0.02 secs] 
2022-01-17T00:25:45.698+0800: 0.740: [GC concurrent-root-region-scan-start]
2022-01-17T00:25:45.698+0800: 0.741: [GC concurrent-root-region-scan-end, 0.0002037 secs]
2022-01-17T00:25:45.698+0800: 0.741: [GC concurrent-mark-start]
2022-01-17T00:25:45.700+0800: 0.742: [GC concurrent-mark-end, 0.0015825 secs]
2022-01-17T00:25:45.700+0800: 0.742: [GC remark 2022-01-17T00:25:45.700+0800: 0.742: [Finalize Marking, 0.0001291 secs] 2022-01-17T00:25:45.700+0800: 0.742: [GC ref-proc, 0.0000610 secs] 2022-01-17T00:25:45.700+0800: 0.742: [Unloading, 0.0003069 secs], 0.0009358 secs]
 [Times: user=0.00 sys=0.00, real=0.00 secs] 
2022-01-17T00:25:45.701+0800: 0.743: [GC cleanup 774M->616M(2048M), 0.0009209 secs]
 [Times: user=0.00 sys=0.00, real=0.00 secs] 
2022-01-17T00:25:45.702+0800: 0.744: [GC concurrent-cleanup-start]
2022-01-17T00:25:45.702+0800: 0.744: [GC concurrent-cleanup-end, 0.0000811 secs]
2022-01-17T00:25:45.703+0800: 0.745: [GC pause (G1 Evacuation Pause) (young), 0.0158993 secs]
   [Parallel Time: 14.9 ms, GC Workers: 10]
      [GC Worker Start (ms): Min: 745.2, Avg: 745.2, Max: 745.3, Diff: 0.0]
      [Ext Root Scanning (ms): Min: 0.1, Avg: 0.1, Max: 0.1, Diff: 0.0, Sum: 1.0]
      [Update RS (ms): Min: 0.1, Avg: 0.2, Max: 0.7, Diff: 0.6, Sum: 2.3]
         [Processed Buffers: Min: 0, Avg: 2.6, Max: 3, Diff: 3, Sum: 26]
      [Scan RS (ms): Min: 0.0, Avg: 0.0, Max: 0.0, Diff: 0.0, Sum: 0.1]
      [Code Root Scanning (ms): Min: 0.0, Avg: 0.0, Max: 0.0, Diff: 0.0, Sum: 0.0]
      [Object Copy (ms): Min: 13.8, Avg: 14.3, Max: 14.5, Diff: 0.7, Sum: 143.4]
      [Termination (ms): Min: 0.0, Avg: 0.1, Max: 0.2, Diff: 0.2, Sum: 1.1]
         [Termination Attempts: Min: 1, Avg: 1.0, Max: 1, Diff: 0, Sum: 10]
      [GC Worker Other (ms): Min: 0.0, Avg: 0.0, Max: 0.0, Diff: 0.0, Sum: 0.2]
      [GC Worker Total (ms): Min: 14.8, Avg: 14.8, Max: 14.8, Diff: 0.0, Sum: 148.1]
      [GC Worker End (ms): Min: 760.0, Avg: 760.1, Max: 760.1, Diff: 0.0]
   [Code Root Fixup: 0.0 ms]
   [Code Root Purge: 0.0 ms]
   [Clear CT: 0.1 ms]
   [Other: 0.9 ms]
      [Choose CSet: 0.0 ms]
      [Ref Proc: 0.1 ms]
      [Ref Enq: 0.0 ms]
      [Redirty Cards: 0.1 ms]
      [Humongous Register: 0.1 ms]
      [Humongous Reclaim: 0.1 ms]
      [Free CSet: 0.2 ms]
   [Eden: 17.0M(17.0M)->0.0B(95.0M) Survivors: 137.0M->7168.0K Heap: 622.8M(2048.0M)->610.6M(2048.0M)]
 [Times: user=0.16 sys=0.00, real=0.02 secs] 
2022-01-17T00:25:45.735+0800: 0.777: [GC pause (G1 Evacuation Pause) (mixed), 0.0058310 secs]
   [Parallel Time: 5.1 ms, GC Workers: 10]
      [GC Worker Start (ms): Min: 777.6, Avg: 777.7, Max: 777.7, Diff: 0.1]
      [Ext Root Scanning (ms): Min: 0.1, Avg: 0.1, Max: 0.1, Diff: 0.1, Sum: 1.0]
      [Update RS (ms): Min: 0.2, Avg: 0.4, Max: 1.0, Diff: 0.8, Sum: 3.7]
         [Processed Buffers: Min: 0, Avg: 3.3, Max: 5, Diff: 5, Sum: 33]
      [Scan RS (ms): Min: 0.0, Avg: 0.0, Max: 0.1, Diff: 0.1, Sum: 0.3]
      [Code Root Scanning (ms): Min: 0.0, Avg: 0.0, Max: 0.0, Diff: 0.0, Sum: 0.0]
      [Object Copy (ms): Min: 3.8, Avg: 4.4, Max: 4.6, Diff: 0.8, Sum: 44.3]
      [Termination (ms): Min: 0.0, Avg: 0.0, Max: 0.1, Diff: 0.1, Sum: 0.4]
         [Termination Attempts: Min: 1, Avg: 1.0, Max: 1, Diff: 0, Sum: 10]
      [GC Worker Other (ms): Min: 0.0, Avg: 0.0, Max: 0.0, Diff: 0.0, Sum: 0.2]
      [GC Worker Total (ms): Min: 5.0, Avg: 5.0, Max: 5.0, Diff: 0.1, Sum: 49.9]
      [GC Worker End (ms): Min: 782.6, Avg: 782.6, Max: 782.7, Diff: 0.0]
   [Code Root Fixup: 0.0 ms]
   [Code Root Purge: 0.0 ms]
   [Clear CT: 0.1 ms]
   [Other: 0.7 ms]
      [Choose CSet: 0.0 ms]
      [Ref Proc: 0.1 ms]
      [Ref Enq: 0.0 ms]
      [Redirty Cards: 0.1 ms]
      [Humongous Register: 0.2 ms]
      [Humongous Reclaim: 0.1 ms]
      [Free CSet: 0.1 ms]
   [Eden: 95.0M(95.0M)->0.0B(89.0M) Survivors: 7168.0K->13.0M Heap: 731.0M(2048.0M)->572.5M(2048.0M)]
 [Times: user=0.00 sys=0.00, real=0.01 secs] 
2022-01-17T00:25:45.758+0800: 0.800: [GC pause (G1 Evacuation Pause) (mixed), 0.0070181 secs]
   [Parallel Time: 6.3 ms, GC Workers: 10]
      [GC Worker Start (ms): Min: 800.2, Avg: 800.3, Max: 800.3, Diff: 0.1]
      [Ext Root Scanning (ms): Min: 0.1, Avg: 0.1, Max: 0.1, Diff: 0.1, Sum: 1.0]
      [Update RS (ms): Min: 0.2, Avg: 0.3, Max: 0.9, Diff: 0.7, Sum: 3.0]
         [Processed Buffers: Min: 0, Avg: 3.5, Max: 4, Diff: 4, Sum: 35]
      [Scan RS (ms): Min: 0.0, Avg: 0.0, Max: 0.1, Diff: 0.1, Sum: 0.4]
      [Code Root Scanning (ms): Min: 0.0, Avg: 0.0, Max: 0.0, Diff: 0.0, Sum: 0.0]
      [Object Copy (ms): Min: 4.9, Avg: 5.6, Max: 5.7, Diff: 0.8, Sum: 55.8]
      [Termination (ms): Min: 0.0, Avg: 0.1, Max: 0.2, Diff: 0.2, Sum: 0.8]
         [Termination Attempts: Min: 1, Avg: 1.0, Max: 1, Diff: 0, Sum: 10]
      [GC Worker Other (ms): Min: 0.0, Avg: 0.0, Max: 0.1, Diff: 0.1, Sum: 0.3]
      [GC Worker Total (ms): Min: 6.1, Avg: 6.1, Max: 6.2, Diff: 0.1, Sum: 61.2]
      [GC Worker End (ms): Min: 806.4, Avg: 806.4, Max: 806.5, Diff: 0.1]
   [Code Root Fixup: 0.0 ms]
   [Code Root Purge: 0.0 ms]
   [Clear CT: 0.1 ms]
   [Other: 0.7 ms]
      [Choose CSet: 0.0 ms]
      [Ref Proc: 0.1 ms]
      [Ref Enq: 0.0 ms]
      [Redirty Cards: 0.1 ms]
      [Humongous Register: 0.1 ms]
      [Humongous Reclaim: 0.1 ms]
      [Free CSet: 0.1 ms]
   [Eden: 89.0M(89.0M)->0.0B(315.0M) Survivors: 13.0M->13.0M Heap: 690.2M(2048.0M)->550.7M(2048.0M)]
 [Times: user=0.00 sys=0.00, real=0.01 secs] 
2022-01-17T00:25:45.817+0800: 0.858: [GC pause (G1 Evacuation Pause) (young), 0.0119446 secs]
   [Parallel Time: 11.0 ms, GC Workers: 10]
      [GC Worker Start (ms): Min: 858.6, Avg: 858.6, Max: 858.7, Diff: 0.1]
      [Ext Root Scanning (ms): Min: 0.0, Avg: 0.1, Max: 0.1, Diff: 0.1, Sum: 0.9]
      [Update RS (ms): Min: 0.2, Avg: 0.4, Max: 1.1, Diff: 0.9, Sum: 3.7]
         [Processed Buffers: Min: 0, Avg: 3.7, Max: 6, Diff: 6, Sum: 37]
      [Scan RS (ms): Min: 0.0, Avg: 0.0, Max: 0.0, Diff: 0.0, Sum: 0.2]
      [Code Root Scanning (ms): Min: 0.0, Avg: 0.0, Max: 0.0, Diff: 0.0, Sum: 0.0]
      [Object Copy (ms): Min: 9.7, Avg: 10.4, Max: 10.5, Diff: 0.9, Sum: 103.9]
      [Termination (ms): Min: 0.0, Avg: 0.1, Max: 0.1, Diff: 0.1, Sum: 0.5]
         [Termination Attempts: Min: 1, Avg: 1.5, Max: 2, Diff: 1, Sum: 15]
      [GC Worker Other (ms): Min: 0.0, Avg: 0.0, Max: 0.1, Diff: 0.0, Sum: 0.3]
      [GC Worker Total (ms): Min: 10.9, Avg: 11.0, Max: 11.0, Diff: 0.1, Sum: 109.6]
      [GC Worker End (ms): Min: 869.6, Avg: 869.6, Max: 869.6, Diff: 0.0]
   [Code Root Fixup: 0.0 ms]
   [Code Root Purge: 0.0 ms]
   [Clear CT: 0.1 ms]
   [Other: 0.8 ms]
      [Choose CSet: 0.0 ms]
      [Ref Proc: 0.1 ms]
      [Ref Enq: 0.0 ms]
      [Redirty Cards: 0.1 ms]
      [Humongous Register: 0.2 ms]
      [Humongous Reclaim: 0.2 ms]
      [Free CSet: 0.1 ms]
   [Eden: 315.0M(315.0M)->0.0B(171.0M) Survivors: 13.0M->41.0M Heap: 963.9M(2048.0M)->640.3M(2048.0M)]
 [Times: user=0.16 sys=0.00, real=0.01 secs] 
2022-01-17T00:25:45.855+0800: 0.897: [GC pause (G1 Evacuation Pause) (young), 0.0097026 secs]
   [Parallel Time: 8.8 ms, GC Workers: 10]
      [GC Worker Start (ms): Min: 896.9, Avg: 896.9, Max: 897.0, Diff: 0.1]
      [Ext Root Scanning (ms): Min: 0.0, Avg: 0.1, Max: 0.1, Diff: 0.1, Sum: 0.9]
      [Update RS (ms): Min: 0.3, Avg: 0.5, Max: 1.6, Diff: 1.2, Sum: 5.3]
         [Processed Buffers: Min: 0, Avg: 4.5, Max: 7, Diff: 7, Sum: 45]
      [Scan RS (ms): Min: 0.0, Avg: 0.0, Max: 0.0, Diff: 0.0, Sum: 0.1]
      [Code Root Scanning (ms): Min: 0.0, Avg: 0.0, Max: 0.0, Diff: 0.0, Sum: 0.0]
      [Object Copy (ms): Min: 7.0, Avg: 8.0, Max: 8.3, Diff: 1.3, Sum: 80.0]
      [Termination (ms): Min: 0.0, Avg: 0.1, Max: 0.2, Diff: 0.2, Sum: 1.0]
         [Termination Attempts: Min: 1, Avg: 1.2, Max: 2, Diff: 1, Sum: 12]
      [GC Worker Other (ms): Min: 0.0, Avg: 0.0, Max: 0.0, Diff: 0.0, Sum: 0.3]
      [GC Worker Total (ms): Min: 8.7, Avg: 8.8, Max: 8.8, Diff: 0.2, Sum: 87.7]
      [GC Worker End (ms): Min: 905.7, Avg: 905.7, Max: 905.7, Diff: 0.0]
   [Code Root Fixup: 0.0 ms]
   [Code Root Purge: 0.0 ms]
   [Clear CT: 0.1 ms]
   [Other: 0.8 ms]
      [Choose CSet: 0.0 ms]
      [Ref Proc: 0.1 ms]
      [Ref Enq: 0.0 ms]
      [Redirty Cards: 0.1 ms]
      [Humongous Register: 0.3 ms]
      [Humongous Reclaim: 0.1 ms]
      [Free CSet: 0.1 ms]
   [Eden: 171.0M(171.0M)->0.0B(300.0M) Survivors: 41.0M->27.0M Heap: 860.1M(2048.0M)->682.8M(2048.0M)]
 [Times: user=0.00 sys=0.00, real=0.01 secs] 
2022-01-17T00:25:45.907+0800: 0.950: [GC pause (G1 Evacuation Pause) (young), 0.0112242 secs]
   [Parallel Time: 10.3 ms, GC Workers: 10]
      [GC Worker Start (ms): Min: 949.7, Avg: 949.7, Max: 949.8, Diff: 0.1]
      [Ext Root Scanning (ms): Min: 0.1, Avg: 0.1, Max: 0.1, Diff: 0.1, Sum: 0.9]
      [Update RS (ms): Min: 0.3, Avg: 0.3, Max: 0.4, Diff: 0.1, Sum: 3.4]
         [Processed Buffers: Min: 2, Avg: 5.3, Max: 6, Diff: 4, Sum: 53]
      [Scan RS (ms): Min: 0.0, Avg: 0.0, Max: 0.0, Diff: 0.0, Sum: 0.2]
      [Code Root Scanning (ms): Min: 0.0, Avg: 0.0, Max: 0.0, Diff: 0.0, Sum: 0.0]
      [Object Copy (ms): Min: 9.6, Avg: 9.7, Max: 9.8, Diff: 0.2, Sum: 96.7]
      [Termination (ms): Min: 0.0, Avg: 0.1, Max: 0.2, Diff: 0.2, Sum: 1.4]
         [Termination Attempts: Min: 1, Avg: 1.4, Max: 2, Diff: 1, Sum: 14]
      [GC Worker Other (ms): Min: 0.0, Avg: 0.0, Max: 0.0, Diff: 0.0, Sum: 0.1]
      [GC Worker Total (ms): Min: 10.2, Avg: 10.3, Max: 10.3, Diff: 0.1, Sum: 102.8]
      [GC Worker End (ms): Min: 960.0, Avg: 960.0, Max: 960.0, Diff: 0.0]
   [Code Root Fixup: 0.0 ms]
   [Code Root Purge: 0.0 ms]
   [Clear CT: 0.1 ms]
   [Other: 0.8 ms]
      [Choose CSet: 0.0 ms]
      [Ref Proc: 0.1 ms]
      [Ref Enq: 0.0 ms]
      [Redirty Cards: 0.1 ms]
      [Humongous Register: 0.2 ms]
      [Humongous Reclaim: 0.2 ms]
      [Free CSet: 0.1 ms]
   [Eden: 300.0M(300.0M)->0.0B(355.0M) Survivors: 27.0M->41.0M Heap: 1065.3M(2048.0M)->757.5M(2048.0M)]
 [Times: user=0.09 sys=0.06, real=0.01 secs] 
2022-01-17T00:25:45.962+0800: 1.004: [GC pause (G1 Humongous Allocation) (young) (initial-mark), 0.0140100 secs]
   [Parallel Time: 12.2 ms, GC Workers: 10]
      [GC Worker Start (ms): Min: 1004.4, Avg: 1004.5, Max: 1004.6, Diff: 0.2]
      [Ext Root Scanning (ms): Min: 0.0, Avg: 0.2, Max: 0.5, Diff: 0.5, Sum: 1.5]
      [Update RS (ms): Min: 0.0, Avg: 0.3, Max: 0.9, Diff: 0.9, Sum: 3.3]
         [Processed Buffers: Min: 0, Avg: 4.1, Max: 6, Diff: 6, Sum: 41]
      [Scan RS (ms): Min: 0.0, Avg: 0.0, Max: 0.0, Diff: 0.0, Sum: 0.2]
      [Code Root Scanning (ms): Min: 0.0, Avg: 0.0, Max: 0.0, Diff: 0.0, Sum: 0.0]
      [Object Copy (ms): Min: 10.7, Avg: 11.2, Max: 11.4, Diff: 0.7, Sum: 112.1]
      [Termination (ms): Min: 0.0, Avg: 0.1, Max: 0.2, Diff: 0.2, Sum: 1.0]
         [Termination Attempts: Min: 1, Avg: 2.0, Max: 4, Diff: 3, Sum: 20]
      [GC Worker Other (ms): Min: 0.0, Avg: 0.0, Max: 0.0, Diff: 0.0, Sum: 0.2]
      [GC Worker Total (ms): Min: 11.7, Avg: 11.8, Max: 11.9, Diff: 0.2, Sum: 118.3]
      [GC Worker End (ms): Min: 1016.3, Avg: 1016.3, Max: 1016.3, Diff: 0.0]
   [Code Root Fixup: 0.0 ms]
   [Code Root Purge: 0.0 ms]
   [Clear CT: 0.3 ms]
   [Other: 1.6 ms]
      [Choose CSet: 0.0 ms]
      [Ref Proc: 0.3 ms]
      [Ref Enq: 0.0 ms]
      [Redirty Cards: 0.3 ms]
      [Humongous Register: 0.2 ms]
      [Humongous Reclaim: 0.4 ms]
      [Free CSet: 0.1 ms]
   [Eden: 268.0M(355.0M)->0.0B(493.0M) Survivors: 41.0M->50.0M Heap: 1106.2M(2048.0M)->825.6M(2048.0M)]
 [Times: user=0.01 sys=0.00, real=0.01 secs] 
2022-01-17T00:25:45.976+0800: 1.018: [GC concurrent-root-region-scan-start]
2022-01-17T00:25:45.976+0800: 1.018: [GC concurrent-root-region-scan-end, 0.0001711 secs]
2022-01-17T00:25:45.976+0800: 1.018: [GC concurrent-mark-start]
2022-01-17T00:25:45.978+0800: 1.020: [GC concurrent-mark-end, 0.0019310 secs]
2022-01-17T00:25:45.978+0800: 1.020: [GC remark 2022-01-17T00:25:45.978+0800: 1.020: [Finalize Marking, 0.0000945 secs] 2022-01-17T00:25:45.978+0800: 1.021: [GC ref-proc, 0.0000627 secs] 2022-01-17T00:25:45.978+0800: 1.021: [Unloading, 0.0003874 secs], 0.0011895 secs]
 [Times: user=0.00 sys=0.00, real=0.00 secs] 
2022-01-17T00:25:45.979+0800: 1.022: [GC cleanup 842M->701M(2048M), 0.0007622 secs]
 [Times: user=0.00 sys=0.00, real=0.00 secs] 
2022-01-17T00:25:45.980+0800: 1.022: [GC concurrent-cleanup-start]
2022-01-17T00:25:45.980+0800: 1.023: [GC concurrent-cleanup-end, 0.0001164 secs]
2022-01-17T00:25:46.066+0800: 1.108: [GC pause (G1 Evacuation Pause) (young), 0.0179523 secs]
   [Parallel Time: 16.4 ms, GC Workers: 10]
      [GC Worker Start (ms): Min: 1108.6, Avg: 1108.7, Max: 1108.8, Diff: 0.2]
      [Ext Root Scanning (ms): Min: 0.0, Avg: 0.1, Max: 0.2, Diff: 0.2, Sum: 0.5]
      [Update RS (ms): Min: 0.3, Avg: 0.4, Max: 1.1, Diff: 0.8, Sum: 3.9]
         [Processed Buffers: Min: 0, Avg: 4.5, Max: 6, Diff: 6, Sum: 45]
      [Scan RS (ms): Min: 0.0, Avg: 0.0, Max: 0.1, Diff: 0.0, Sum: 0.4]
      [Code Root Scanning (ms): Min: 0.0, Avg: 0.0, Max: 0.0, Diff: 0.0, Sum: 0.0]
      [Object Copy (ms): Min: 14.8, Avg: 15.4, Max: 15.6, Diff: 0.8, Sum: 154.2]
      [Termination (ms): Min: 0.0, Avg: 0.1, Max: 0.1, Diff: 0.1, Sum: 0.8]
         [Termination Attempts: Min: 1, Avg: 1.0, Max: 1, Diff: 0, Sum: 10]
      [GC Worker Other (ms): Min: 0.0, Avg: 0.0, Max: 0.0, Diff: 0.0, Sum: 0.2]
      [GC Worker Total (ms): Min: 16.0, Avg: 16.0, Max: 16.1, Diff: 0.2, Sum: 160.1]
      [GC Worker End (ms): Min: 1124.7, Avg: 1124.7, Max: 1124.7, Diff: 0.0]
   [Code Root Fixup: 0.0 ms]
   [Code Root Purge: 0.0 ms]
   [Clear CT: 0.4 ms]
   [Other: 1.2 ms]
      [Choose CSet: 0.0 ms]
      [Ref Proc: 0.2 ms]
      [Ref Enq: 0.0 ms]
      [Redirty Cards: 0.3 ms]
      [Humongous Register: 0.2 ms]
      [Humongous Reclaim: 0.2 ms]
      [Free CSet: 0.2 ms]
   [Eden: 493.0M(493.0M)->0.0B(34.0M) Survivors: 50.0M->68.0M Heap: 1301.3M(2048.0M)->762.4M(2048.0M)]
 [Times: user=0.16 sys=0.00, real=0.02 secs] 
2022-01-17T00:25:46.090+0800: 1.132: [GC pause (G1 Evacuation Pause) (mixed), 0.0115216 secs]
   [Parallel Time: 10.1 ms, GC Workers: 10]
      [GC Worker Start (ms): Min: 1132.3, Avg: 1132.4, Max: 1132.4, Diff: 0.1]
      [Ext Root Scanning (ms): Min: 0.0, Avg: 0.1, Max: 0.1, Diff: 0.1, Sum: 0.8]
      [Update RS (ms): Min: 0.3, Avg: 0.3, Max: 0.4, Diff: 0.1, Sum: 3.5]
         [Processed Buffers: Min: 0, Avg: 5.3, Max: 7, Diff: 7, Sum: 53]
      [Scan RS (ms): Min: 0.0, Avg: 0.0, Max: 0.1, Diff: 0.0, Sum: 0.4]
      [Code Root Scanning (ms): Min: 0.0, Avg: 0.0, Max: 0.0, Diff: 0.0, Sum: 0.0]
      [Object Copy (ms): Min: 9.4, Avg: 9.4, Max: 9.5, Diff: 0.1, Sum: 94.1]
      [Termination (ms): Min: 0.0, Avg: 0.1, Max: 0.1, Diff: 0.1, Sum: 0.6]
         [Termination Attempts: Min: 1, Avg: 1.2, Max: 2, Diff: 1, Sum: 12]
      [GC Worker Other (ms): Min: 0.0, Avg: 0.0, Max: 0.0, Diff: 0.0, Sum: 0.1]
      [GC Worker Total (ms): Min: 9.9, Avg: 9.9, Max: 10.0, Diff: 0.1, Sum: 99.4]
      [GC Worker End (ms): Min: 1142.3, Avg: 1142.3, Max: 1142.3, Diff: 0.0]
   [Code Root Fixup: 0.0 ms]
   [Code Root Purge: 0.0 ms]
   [Clear CT: 0.2 ms]
   [Other: 1.3 ms]
      [Choose CSet: 0.1 ms]
      [Ref Proc: 0.2 ms]
      [Ref Enq: 0.0 ms]
      [Redirty Cards: 0.5 ms]
      [Humongous Register: 0.1 ms]
      [Humongous Reclaim: 0.0 ms]
      [Free CSet: 0.2 ms]
   [Eden: 34.0M(34.0M)->0.0B(93.0M) Survivors: 68.0M->9216.0K Heap: 808.6M(2048.0M)->592.5M(2048.0M)]
 [Times: user=0.01 sys=0.00, real=0.01 secs] 
2022-01-17T00:25:46.115+0800: 1.157: [GC pause (G1 Evacuation Pause) (mixed), 0.0054357 secs]
   [Parallel Time: 4.8 ms, GC Workers: 10]
      [GC Worker Start (ms): Min: 1157.1, Avg: 1157.1, Max: 1157.2, Diff: 0.1]
      [Ext Root Scanning (ms): Min: 0.1, Avg: 0.1, Max: 0.1, Diff: 0.1, Sum: 0.9]
      [Update RS (ms): Min: 0.4, Avg: 0.4, Max: 0.4, Diff: 0.0, Sum: 4.0]
         [Processed Buffers: Min: 3, Avg: 6.1, Max: 8, Diff: 5, Sum: 61]
      [Scan RS (ms): Min: 0.0, Avg: 0.0, Max: 0.1, Diff: 0.1, Sum: 0.3]
      [Code Root Scanning (ms): Min: 0.0, Avg: 0.0, Max: 0.0, Diff: 0.0, Sum: 0.0]
      [Object Copy (ms): Min: 4.1, Avg: 4.1, Max: 4.1, Diff: 0.1, Sum: 41.1]
      [Termination (ms): Min: 0.0, Avg: 0.0, Max: 0.0, Diff: 0.0, Sum: 0.2]
         [Termination Attempts: Min: 1, Avg: 1.7, Max: 3, Diff: 2, Sum: 17]
      [GC Worker Other (ms): Min: 0.0, Avg: 0.0, Max: 0.0, Diff: 0.0, Sum: 0.1]
      [GC Worker Total (ms): Min: 4.6, Avg: 4.7, Max: 4.7, Diff: 0.1, Sum: 46.7]
      [GC Worker End (ms): Min: 1161.8, Avg: 1161.8, Max: 1161.8, Diff: 0.0]
   [Code Root Fixup: 0.0 ms]
   [Code Root Purge: 0.0 ms]
   [Clear CT: 0.1 ms]
   [Other: 0.6 ms]
      [Choose CSet: 0.0 ms]
      [Ref Proc: 0.1 ms]
      [Ref Enq: 0.0 ms]
      [Redirty Cards: 0.1 ms]
      [Humongous Register: 0.1 ms]
      [Humongous Reclaim: 0.1 ms]
      [Free CSet: 0.1 ms]
   [Eden: 93.0M(93.0M)->0.0B(477.0M) Survivors: 9216.0K->13.0M Heap: 709.9M(2048.0M)->602.1M(2048.0M)]
 [Times: user=0.16 sys=0.00, real=0.00 secs] 
2022-01-17T00:25:46.180+0800: 1.222: [GC pause (G1 Evacuation Pause) (young), 0.0151415 secs]
   [Parallel Time: 13.6 ms, GC Workers: 10]
      [GC Worker Start (ms): Min: 1221.9, Avg: 1222.0, Max: 1222.0, Diff: 0.1]
      [Ext Root Scanning (ms): Min: 0.1, Avg: 0.1, Max: 0.1, Diff: 0.1, Sum: 0.9]
      [Update RS (ms): Min: 0.4, Avg: 0.4, Max: 0.5, Diff: 0.1, Sum: 4.1]
         [Processed Buffers: Min: 0, Avg: 6.1, Max: 9, Diff: 9, Sum: 61]
      [Scan RS (ms): Min: 0.0, Avg: 0.0, Max: 0.1, Diff: 0.1, Sum: 0.4]
      [Code Root Scanning (ms): Min: 0.0, Avg: 0.0, Max: 0.0, Diff: 0.0, Sum: 0.0]
      [Object Copy (ms): Min: 12.7, Avg: 12.8, Max: 12.8, Diff: 0.1, Sum: 127.7]
      [Termination (ms): Min: 0.0, Avg: 0.0, Max: 0.1, Diff: 0.1, Sum: 0.3]
         [Termination Attempts: Min: 1, Avg: 3.0, Max: 5, Diff: 4, Sum: 30]
      [GC Worker Other (ms): Min: 0.0, Avg: 0.0, Max: 0.1, Diff: 0.1, Sum: 0.3]
      [GC Worker Total (ms): Min: 13.3, Avg: 13.4, Max: 13.5, Diff: 0.1, Sum: 133.7]
      [GC Worker End (ms): Min: 1235.3, Avg: 1235.4, Max: 1235.4, Diff: 0.1]
   [Code Root Fixup: 0.0 ms]
   [Code Root Purge: 0.0 ms]
   [Clear CT: 0.2 ms]
   [Other: 1.4 ms]
      [Choose CSet: 0.0 ms]
      [Ref Proc: 0.2 ms]
      [Ref Enq: 0.0 ms]
      [Redirty Cards: 0.4 ms]
      [Humongous Register: 0.2 ms]
      [Humongous Reclaim: 0.3 ms]
      [Free CSet: 0.2 ms]
   [Eden: 477.0M(477.0M)->0.0B(479.0M) Survivors: 13.0M->62.0M Heap: 1196.5M(2048.0M)->704.9M(2048.0M)]
 [Times: user=0.00 sys=0.00, real=0.01 secs] 
2022-01-17T00:25:46.258+0800: 1.300: [GC pause (G1 Evacuation Pause) (young), 0.0175022 secs]
   [Parallel Time: 15.8 ms, GC Workers: 10]
      [GC Worker Start (ms): Min: 1300.3, Avg: 1300.3, Max: 1300.4, Diff: 0.1]
      [Ext Root Scanning (ms): Min: 0.1, Avg: 0.1, Max: 0.1, Diff: 0.1, Sum: 1.0]
      [Update RS (ms): Min: 0.4, Avg: 0.5, Max: 0.5, Diff: 0.1, Sum: 4.7]
         [Processed Buffers: Min: 1, Avg: 7.2, Max: 8, Diff: 7, Sum: 72]
      [Scan RS (ms): Min: 0.0, Avg: 0.0, Max: 0.1, Diff: 0.0, Sum: 0.4]
      [Code Root Scanning (ms): Min: 0.0, Avg: 0.0, Max: 0.0, Diff: 0.0, Sum: 0.0]
      [Object Copy (ms): Min: 14.9, Avg: 15.0, Max: 15.1, Diff: 0.1, Sum: 149.9]
      [Termination (ms): Min: 0.0, Avg: 0.1, Max: 0.1, Diff: 0.1, Sum: 0.9]
         [Termination Attempts: Min: 1, Avg: 3.8, Max: 6, Diff: 5, Sum: 38]
      [GC Worker Other (ms): Min: 0.0, Avg: 0.0, Max: 0.1, Diff: 0.1, Sum: 0.3]
      [GC Worker Total (ms): Min: 15.7, Avg: 15.7, Max: 15.8, Diff: 0.1, Sum: 157.2]
      [GC Worker End (ms): Min: 1316.0, Avg: 1316.1, Max: 1316.1, Diff: 0.1]
   [Code Root Fixup: 0.0 ms]
   [Code Root Purge: 0.0 ms]
   [Clear CT: 0.2 ms]
   [Other: 1.5 ms]
      [Choose CSet: 0.0 ms]
      [Ref Proc: 0.2 ms]
      [Ref Enq: 0.0 ms]
      [Redirty Cards: 0.6 ms]
      [Humongous Register: 0.2 ms]
      [Humongous Reclaim: 0.2 ms]
      [Free CSet: 0.2 ms]
   [Eden: 479.0M(479.0M)->0.0B(600.0M) Survivors: 62.0M->68.0M Heap: 1299.9M(2048.0M)->794.4M(2048.0M)]
 [Times: user=0.14 sys=0.02, real=0.02 secs] 
2022-01-17T00:25:46.323+0800: 1.365: [GC pause (G1 Humongous Allocation) (young) (initial-mark), 0.0167317 secs]
   [Parallel Time: 15.3 ms, GC Workers: 10]
      [GC Worker Start (ms): Min: 1365.6, Avg: 1365.7, Max: 1365.8, Diff: 0.1]
      [Ext Root Scanning (ms): Min: 0.0, Avg: 0.1, Max: 0.2, Diff: 0.1, Sum: 0.8]
      [Update RS (ms): Min: 0.4, Avg: 0.5, Max: 0.5, Diff: 0.0, Sum: 4.5]
         [Processed Buffers: Min: 2, Avg: 6.8, Max: 8, Diff: 6, Sum: 68]
      [Scan RS (ms): Min: 0.0, Avg: 0.0, Max: 0.1, Diff: 0.0, Sum: 0.4]
      [Code Root Scanning (ms): Min: 0.0, Avg: 0.0, Max: 0.0, Diff: 0.0, Sum: 0.0]
      [Object Copy (ms): Min: 14.4, Avg: 14.5, Max: 14.6, Diff: 0.2, Sum: 144.7]
      [Termination (ms): Min: 0.0, Avg: 0.1, Max: 0.2, Diff: 0.2, Sum: 0.9]
         [Termination Attempts: Min: 1, Avg: 1.4, Max: 2, Diff: 1, Sum: 14]
      [GC Worker Other (ms): Min: 0.0, Avg: 0.0, Max: 0.0, Diff: 0.0, Sum: 0.1]
      [GC Worker Total (ms): Min: 15.1, Avg: 15.2, Max: 15.2, Diff: 0.1, Sum: 151.5]
      [GC Worker End (ms): Min: 1380.9, Avg: 1380.9, Max: 1380.9, Diff: 0.0]
   [Code Root Fixup: 0.0 ms]
   [Code Root Purge: 0.0 ms]
   [Clear CT: 0.2 ms]
   [Other: 1.2 ms]
      [Choose CSet: 0.0 ms]
      [Ref Proc: 0.2 ms]
      [Ref Enq: 0.0 ms]
      [Redirty Cards: 0.1 ms]
      [Humongous Register: 0.1 ms]
      [Humongous Reclaim: 0.3 ms]
      [Free CSet: 0.3 ms]
   [Eden: 365.0M(600.0M)->0.0B(741.0M) Survivors: 68.0M->84.0M Heap: 1245.8M(2048.0M)->866.4M(2048.0M)]
 [Times: user=0.14 sys=0.02, real=0.02 secs] 
2022-01-17T00:25:46.340+0800: 1.382: [GC concurrent-root-region-scan-start]
2022-01-17T00:25:46.340+0800: 1.382: [GC concurrent-root-region-scan-end, 0.0001514 secs]
2022-01-17T00:25:46.340+0800: 1.382: [GC concurrent-mark-start]
2022-01-17T00:25:46.342+0800: 1.384: [GC concurrent-mark-end, 0.0017128 secs]
2022-01-17T00:25:46.342+0800: 1.384: [GC remark 2022-01-17T00:25:46.342+0800: 1.384: [Finalize Marking, 0.0003052 secs] 2022-01-17T00:25:46.342+0800: 1.385: [GC ref-proc, 0.0000621 secs] 2022-01-17T00:25:46.342+0800: 1.385: [Unloading, 0.0003586 secs], 0.0012929 secs]
 [Times: user=0.00 sys=0.00, real=0.00 secs] 
2022-01-17T00:25:46.343+0800: 1.386: [GC cleanup 883M->661M(2048M), 0.0008978 secs]
 [Times: user=0.00 sys=0.00, real=0.00 secs] 
2022-01-17T00:25:46.344+0800: 1.387: [GC concurrent-cleanup-start]
2022-01-17T00:25:46.344+0800: 1.387: [GC concurrent-cleanup-end, 0.0001630 secs]
2022-01-17T00:25:46.455+0800: 1.498: [GC pause (G1 Evacuation Pause) (young), 0.0222033 secs]
   [Parallel Time: 20.1 ms, GC Workers: 10]
      [GC Worker Start (ms): Min: 1497.8, Avg: 1497.9, Max: 1497.9, Diff: 0.1]
      [Ext Root Scanning (ms): Min: 0.0, Avg: 0.1, Max: 0.1, Diff: 0.1, Sum: 0.7]
      [Update RS (ms): Min: 0.6, Avg: 0.6, Max: 0.6, Diff: 0.0, Sum: 5.7]
         [Processed Buffers: Min: 2, Avg: 8.9, Max: 14, Diff: 12, Sum: 89]
      [Scan RS (ms): Min: 0.1, Avg: 0.1, Max: 0.1, Diff: 0.0, Sum: 0.8]
      [Code Root Scanning (ms): Min: 0.0, Avg: 0.0, Max: 0.0, Diff: 0.0, Sum: 0.0]
      [Object Copy (ms): Min: 18.9, Avg: 19.0, Max: 19.0, Diff: 0.1, Sum: 190.0]
      [Termination (ms): Min: 0.0, Avg: 0.0, Max: 0.1, Diff: 0.1, Sum: 0.3]
         [Termination Attempts: Min: 1, Avg: 1.3, Max: 3, Diff: 2, Sum: 13]
      [GC Worker Other (ms): Min: 0.0, Avg: 0.1, Max: 0.2, Diff: 0.2, Sum: 1.0]
      [GC Worker Total (ms): Min: 19.7, Avg: 19.8, Max: 20.0, Diff: 0.3, Sum: 198.4]
      [GC Worker End (ms): Min: 1517.6, Avg: 1517.7, Max: 1517.8, Diff: 0.2]
   [Code Root Fixup: 0.0 ms]
   [Code Root Purge: 0.0 ms]
   [Clear CT: 0.5 ms]
   [Other: 1.6 ms]
      [Choose CSet: 0.0 ms]
      [Ref Proc: 0.4 ms]
      [Ref Enq: 0.0 ms]
      [Redirty Cards: 0.4 ms]
      [Humongous Register: 0.2 ms]
      [Humongous Reclaim: 0.3 ms]
      [Free CSet: 0.3 ms]
   [Eden: 741.0M(741.0M)->0.0B(8192.0K) Survivors: 84.0M->104.0M Heap: 1567.6M(2048.0M)->756.8M(2048.0M)]
 [Times: user=0.06 sys=0.09, real=0.02 secs] 
2022-01-17T00:25:46.479+0800: 1.521: [GC pause (G1 Evacuation Pause) (mixed), 0.0133061 secs]
   [Parallel Time: 11.6 ms, GC Workers: 10]
      [GC Worker Start (ms): Min: 1521.1, Avg: 1521.1, Max: 1521.1, Diff: 0.0]
      [Ext Root Scanning (ms): Min: 0.1, Avg: 0.1, Max: 0.1, Diff: 0.0, Sum: 0.9]
      [Update RS (ms): Min: 0.1, Avg: 0.1, Max: 0.1, Diff: 0.0, Sum: 1.2]
         [Processed Buffers: Min: 2, Avg: 2.2, Max: 3, Diff: 1, Sum: 22]
      [Scan RS (ms): Min: 0.0, Avg: 0.0, Max: 0.1, Diff: 0.0, Sum: 0.4]
      [Code Root Scanning (ms): Min: 0.0, Avg: 0.0, Max: 0.0, Diff: 0.0, Sum: 0.0]
      [Object Copy (ms): Min: 10.9, Avg: 11.0, Max: 11.0, Diff: 0.1, Sum: 109.9]
      [Termination (ms): Min: 0.0, Avg: 0.1, Max: 0.1, Diff: 0.1, Sum: 0.5]
         [Termination Attempts: Min: 1, Avg: 2.5, Max: 6, Diff: 5, Sum: 25]
      [GC Worker Other (ms): Min: 0.0, Avg: 0.0, Max: 0.0, Diff: 0.0, Sum: 0.1]
      [GC Worker Total (ms): Min: 11.3, Avg: 11.3, Max: 11.3, Diff: 0.0, Sum: 113.0]
      [GC Worker End (ms): Min: 1532.4, Avg: 1532.4, Max: 1532.4, Diff: 0.0]
   [Code Root Fixup: 0.0 ms]
   [Code Root Purge: 0.0 ms]
   [Clear CT: 0.7 ms]
   [Other: 1.0 ms]
      [Choose CSet: 0.1 ms]
      [Ref Proc: 0.2 ms]
      [Ref Enq: 0.0 ms]
      [Redirty Cards: 0.3 ms]
      [Humongous Register: 0.1 ms]
      [Humongous Reclaim: 0.0 ms]
      [Free CSet: 0.2 ms]
   [Eden: 8192.0K(8192.0K)->0.0B(799.0M) Survivors: 104.0M->3072.0K Heap: 766.1M(2048.0M)->570.5M(2048.0M)]
 [Times: user=0.00 sys=0.00, real=0.01 secs] 
2022-01-17T00:25:46.580+0800: 1.622: [GC pause (G1 Humongous Allocation) (young) (initial-mark), 0.0189209 secs]
   [Parallel Time: 16.8 ms, GC Workers: 10]
      [GC Worker Start (ms): Min: 1621.9, Avg: 1622.0, Max: 1622.1, Diff: 0.2]
      [Ext Root Scanning (ms): Min: 0.0, Avg: 0.1, Max: 0.2, Diff: 0.2, Sum: 0.7]
      [Update RS (ms): Min: 0.8, Avg: 0.8, Max: 0.8, Diff: 0.0, Sum: 7.7]
         [Processed Buffers: Min: 6, Avg: 12.0, Max: 17, Diff: 11, Sum: 120]
      [Scan RS (ms): Min: 0.0, Avg: 0.1, Max: 0.1, Diff: 0.0, Sum: 0.6]
      [Code Root Scanning (ms): Min: 0.0, Avg: 0.0, Max: 0.0, Diff: 0.0, Sum: 0.0]
      [Object Copy (ms): Min: 15.4, Avg: 15.4, Max: 15.4, Diff: 0.1, Sum: 153.8]
      [Termination (ms): Min: 0.0, Avg: 0.1, Max: 0.1, Diff: 0.1, Sum: 0.5]
         [Termination Attempts: Min: 1, Avg: 1.0, Max: 1, Diff: 0, Sum: 10]
      [GC Worker Other (ms): Min: 0.0, Avg: 0.1, Max: 0.1, Diff: 0.1, Sum: 0.6]
      [GC Worker Total (ms): Min: 16.3, Avg: 16.4, Max: 16.6, Diff: 0.3, Sum: 163.9]
      [GC Worker End (ms): Min: 1638.4, Avg: 1638.4, Max: 1638.5, Diff: 0.1]
   [Code Root Fixup: 0.0 ms]
   [Code Root Purge: 0.0 ms]
   [Clear CT: 0.5 ms]
   [Other: 1.7 ms]
      [Choose CSet: 0.0 ms]
      [Ref Proc: 0.4 ms]
      [Ref Enq: 0.0 ms]
      [Redirty Cards: 0.5 ms]
      [Humongous Register: 0.1 ms]
      [Humongous Reclaim: 0.2 ms]
      [Free CSet: 0.2 ms]
   [Eden: 707.0M(799.0M)->0.0B(826.0M) Survivors: 3072.0K->101.0M Heap: 1464.5M(2048.0M)->732.8M(2048.0M)]
 [Times: user=0.16 sys=0.00, real=0.02 secs] 
2022-01-17T00:25:46.599+0800: 1.641: [GC concurrent-root-region-scan-start]
2022-01-17T00:25:46.599+0800: 1.641: [GC concurrent-root-region-scan-end, 0.0001946 secs]
2022-01-17T00:25:46.599+0800: 1.641: [GC concurrent-mark-start]
2022-01-17T00:25:46.600+0800: 1.642: [GC concurrent-mark-end, 0.0013110 secs]
2022-01-17T00:25:46.601+0800: 1.642: [GC remark 2022-01-17T00:25:46.601+0800: 1.642: [Finalize Marking, 0.0001631 secs] 2022-01-17T00:25:46.601+0800: 1.642: [GC ref-proc, 0.0000602 secs] 2022-01-17T00:25:46.601+0800: 1.643: [Unloading, 0.0004662 secs], 0.0011607 secs]
 [Times: user=0.00 sys=0.00, real=0.00 secs] 
2022-01-17T00:25:46.602+0800: 1.644: [GC cleanup 750M->630M(2048M), 0.0010053 secs]
 [Times: user=0.00 sys=0.00, real=0.00 secs] 
2022-01-17T00:25:46.602+0800: 1.645: [GC concurrent-cleanup-start]
2022-01-17T00:25:46.602+0800: 1.645: [GC concurrent-cleanup-end, 0.0000602 secs]
2022-01-17T00:25:46.706+0800: 1.748: [GC pause (G1 Evacuation Pause) (young) (to-space exhausted), 0.0214412 secs]
   [Parallel Time: 18.9 ms, GC Workers: 10]
      [GC Worker Start (ms): Min: 1748.4, Avg: 1748.5, Max: 1748.5, Diff: 0.1]
      [Ext Root Scanning (ms): Min: 0.0, Avg: 0.1, Max: 0.1, Diff: 0.1, Sum: 0.7]
      [Update RS (ms): Min: 0.8, Avg: 0.8, Max: 0.9, Diff: 0.0, Sum: 8.4]
         [Processed Buffers: Min: 6, Avg: 13.0, Max: 17, Diff: 11, Sum: 130]
      [Scan RS (ms): Min: 0.1, Avg: 0.1, Max: 0.1, Diff: 0.0, Sum: 1.0]
      [Code Root Scanning (ms): Min: 0.0, Avg: 0.0, Max: 0.0, Diff: 0.0, Sum: 0.0]
      [Object Copy (ms): Min: 17.1, Avg: 17.2, Max: 17.3, Diff: 0.1, Sum: 172.1]
      [Termination (ms): Min: 0.0, Avg: 0.1, Max: 0.1, Diff: 0.1, Sum: 0.7]
         [Termination Attempts: Min: 1, Avg: 1.6, Max: 3, Diff: 2, Sum: 16]
      [GC Worker Other (ms): Min: 0.0, Avg: 0.0, Max: 0.1, Diff: 0.1, Sum: 0.5]
      [GC Worker Total (ms): Min: 18.3, Avg: 18.3, Max: 18.4, Diff: 0.2, Sum: 183.3]
      [GC Worker End (ms): Min: 1766.7, Avg: 1766.8, Max: 1766.9, Diff: 0.1]
   [Code Root Fixup: 0.0 ms]
   [Code Root Purge: 0.0 ms]
   [Clear CT: 0.4 ms]
   [Other: 2.2 ms]
      [Evacuation Failure: 0.5 ms]
      [Choose CSet: 0.0 ms]
      [Ref Proc: 0.4 ms]
      [Ref Enq: 0.0 ms]
      [Redirty Cards: 0.3 ms]
      [Humongous Register: 0.2 ms]
      [Humongous Reclaim: 0.3 ms]
      [Free CSet: 0.3 ms]
   [Eden: 826.0M(826.0M)->0.0B(8192.0K) Survivors: 101.0M->116.0M Heap: 1669.8M(2048.0M)->854.3M(2048.0M)]
 [Times: user=0.14 sys=0.02, real=0.02 secs] 
2022-01-17T00:25:46.729+0800: 1.771: [GC pause (G1 Evacuation Pause) (mixed), 0.0152536 secs]
   [Parallel Time: 13.2 ms, GC Workers: 10]
      [GC Worker Start (ms): Min: 1770.8, Avg: 1770.9, Max: 1771.0, Diff: 0.1]
      [Ext Root Scanning (ms): Min: 0.0, Avg: 0.1, Max: 0.2, Diff: 0.1, Sum: 0.8]
      [Update RS (ms): Min: 0.2, Avg: 0.2, Max: 0.2, Diff: 0.0, Sum: 2.0]
         [Processed Buffers: Min: 3, Avg: 3.7, Max: 5, Diff: 2, Sum: 37]
      [Scan RS (ms): Min: 0.0, Avg: 0.0, Max: 0.1, Diff: 0.0, Sum: 0.4]
      [Code Root Scanning (ms): Min: 0.0, Avg: 0.0, Max: 0.0, Diff: 0.0, Sum: 0.0]
      [Object Copy (ms): Min: 12.4, Avg: 12.4, Max: 12.4, Diff: 0.0, Sum: 124.2]
      [Termination (ms): Min: 0.0, Avg: 0.0, Max: 0.0, Diff: 0.0, Sum: 0.2]
         [Termination Attempts: Min: 1, Avg: 1.4, Max: 3, Diff: 2, Sum: 14]
      [GC Worker Other (ms): Min: 0.0, Avg: 0.0, Max: 0.1, Diff: 0.1, Sum: 0.4]
      [GC Worker Total (ms): Min: 12.7, Avg: 12.8, Max: 12.9, Diff: 0.1, Sum: 127.9]
      [GC Worker End (ms): Min: 1783.7, Avg: 1783.7, Max: 1783.8, Diff: 0.1]
   [Code Root Fixup: 0.0 ms]
   [Code Root Purge: 0.0 ms]
   [Clear CT: 0.6 ms]
   [Other: 1.4 ms]
      [Choose CSet: 0.0 ms]
      [Ref Proc: 0.4 ms]
      [Ref Enq: 0.0 ms]
      [Redirty Cards: 0.6 ms]
      [Humongous Register: 0.1 ms]
      [Humongous Reclaim: 0.0 ms]
      [Free CSet: 0.2 ms]
   [Eden: 8192.0K(8192.0K)->0.0B(851.0M) Survivors: 116.0M->4096.0K Heap: 865.3M(2048.0M)->715.7M(2048.0M)]
 [Times: user=0.00 sys=0.00, real=0.01 secs] 
2022-01-17T00:25:46.785+0800: 1.827: [GC pause (G1 Humongous Allocation) (young) (initial-mark), 0.0128885 secs]
   [Parallel Time: 11.1 ms, GC Workers: 10]
      [GC Worker Start (ms): Min: 1827.2, Avg: 1827.3, Max: 1827.3, Diff: 0.2]
      [Ext Root Scanning (ms): Min: 0.0, Avg: 0.1, Max: 0.2, Diff: 0.2, Sum: 0.6]
      [Update RS (ms): Min: 0.9, Avg: 0.9, Max: 0.9, Diff: 0.0, Sum: 9.0]
         [Processed Buffers: Min: 8, Avg: 14.1, Max: 21, Diff: 13, Sum: 141]
      [Scan RS (ms): Min: 0.0, Avg: 0.0, Max: 0.0, Diff: 0.0, Sum: 0.2]
      [Code Root Scanning (ms): Min: 0.0, Avg: 0.0, Max: 0.0, Diff: 0.0, Sum: 0.0]
      [Object Copy (ms): Min: 9.7, Avg: 9.7, Max: 9.8, Diff: 0.1, Sum: 97.2]
      [Termination (ms): Min: 0.0, Avg: 0.1, Max: 0.1, Diff: 0.1, Sum: 0.6]
         [Termination Attempts: Min: 1, Avg: 1.5, Max: 2, Diff: 1, Sum: 15]
      [GC Worker Other (ms): Min: 0.0, Avg: 0.0, Max: 0.0, Diff: 0.0, Sum: 0.2]
      [GC Worker Total (ms): Min: 10.7, Avg: 10.8, Max: 10.9, Diff: 0.2, Sum: 107.8]
      [GC Worker End (ms): Min: 1838.1, Avg: 1838.1, Max: 1838.1, Diff: 0.0]
   [Code Root Fixup: 0.0 ms]
   [Code Root Purge: 0.0 ms]
   [Clear CT: 0.6 ms]
   [Other: 1.2 ms]
      [Choose CSet: 0.0 ms]
      [Ref Proc: 0.2 ms]
      [Ref Enq: 0.0 ms]
      [Redirty Cards: 0.3 ms]
      [Humongous Register: 0.1 ms]
      [Humongous Reclaim: 0.2 ms]
      [Free CSet: 0.2 ms]
   [Eden: 342.0M(851.0M)->0.0B(118.0M) Survivors: 4096.0K->101.0M Heap: 1143.6M(2048.0M)->801.6M(2048.0M)]
 [Times: user=0.16 sys=0.00, real=0.01 secs] 
2022-01-17T00:25:46.797+0800: 1.840: [GC concurrent-root-region-scan-start]
2022-01-17T00:25:46.797+0800: 1.840: [GC concurrent-root-region-scan-end, 0.0001312 secs]
2022-01-17T00:25:46.797+0800: 1.840: [GC concurrent-mark-start]
2022-01-17T00:25:46.799+0800: 1.841: [GC concurrent-mark-end, 0.0012197 secs]
2022-01-17T00:25:46.799+0800: 1.841: [GC remark 2022-01-17T00:25:46.799+0800: 1.841: [Finalize Marking, 0.0001659 secs] 2022-01-17T00:25:46.800+0800: 1.842: [GC ref-proc, 0.0000605 secs] 2022-01-17T00:25:46.800+0800: 1.842: [Unloading, 0.0005007 secs], 0.0012131 secs]
 [Times: user=0.00 sys=0.00, real=0.00 secs] 
2022-01-17T00:25:46.801+0800: 1.843: [GC cleanup 814M->689M(2048M), 0.0007589 secs]
 [Times: user=0.00 sys=0.00, real=0.00 secs] 
2022-01-17T00:25:46.802+0800: 1.843: [GC concurrent-cleanup-start]
2022-01-17T00:25:46.802+0800: 1.844: [GC concurrent-cleanup-end, 0.0000977 secs]
2022-01-17T00:25:46.816+0800: 1.858: [GC pause (G1 Evacuation Pause) (young), 0.0149374 secs]
   [Parallel Time: 13.3 ms, GC Workers: 10]
      [GC Worker Start (ms): Min: 1858.3, Avg: 1858.4, Max: 1858.4, Diff: 0.1]
      [Ext Root Scanning (ms): Min: 0.0, Avg: 0.1, Max: 0.2, Diff: 0.1, Sum: 0.8]
      [Update RS (ms): Min: 1.0, Avg: 1.0, Max: 1.0, Diff: 0.1, Sum: 10.0]
         [Processed Buffers: Min: 9, Avg: 15.5, Max: 20, Diff: 11, Sum: 155]
      [Scan RS (ms): Min: 0.0, Avg: 0.0, Max: 0.0, Diff: 0.0, Sum: 0.1]
      [Code Root Scanning (ms): Min: 0.0, Avg: 0.0, Max: 0.0, Diff: 0.0, Sum: 0.0]
      [Object Copy (ms): Min: 11.7, Avg: 11.8, Max: 11.8, Diff: 0.1, Sum: 117.7]
      [Termination (ms): Min: 0.0, Avg: 0.1, Max: 0.1, Diff: 0.1, Sum: 0.7]
         [Termination Attempts: Min: 1, Avg: 2.6, Max: 5, Diff: 4, Sum: 26]
      [GC Worker Other (ms): Min: 0.0, Avg: 0.0, Max: 0.0, Diff: 0.0, Sum: 0.1]
      [GC Worker Total (ms): Min: 12.9, Avg: 12.9, Max: 13.0, Diff: 0.1, Sum: 129.3]
      [GC Worker End (ms): Min: 1871.3, Avg: 1871.3, Max: 1871.3, Diff: 0.0]
   [Code Root Fixup: 0.0 ms]
   [Code Root Purge: 0.0 ms]
   [Clear CT: 0.6 ms]
   [Other: 1.1 ms]
      [Choose CSet: 0.0 ms]
      [Ref Proc: 0.2 ms]
      [Ref Enq: 0.0 ms]
      [Redirty Cards: 0.4 ms]
      [Humongous Register: 0.1 ms]
      [Humongous Reclaim: 0.1 ms]
      [Free CSet: 0.1 ms]
   [Eden: 118.0M(118.0M)->0.0B(74.0M) Survivors: 101.0M->28.0M Heap: 825.3M(2048.0M)->699.9M(2048.0M)]
 [Times: user=0.16 sys=0.00, real=0.01 secs] 
2022-01-17T00:25:46.839+0800: 1.882: [GC pause (G1 Evacuation Pause) (mixed), 0.0100605 secs]
   [Parallel Time: 8.4 ms, GC Workers: 10]
      [GC Worker Start (ms): Min: 1882.1, Avg: 1882.2, Max: 1882.2, Diff: 0.1]
      [Ext Root Scanning (ms): Min: 0.0, Avg: 0.1, Max: 0.1, Diff: 0.1, Sum: 0.8]
      [Update RS (ms): Min: 0.8, Avg: 0.9, Max: 0.9, Diff: 0.1, Sum: 8.9]
         [Processed Buffers: Min: 13, Avg: 14.1, Max: 19, Diff: 6, Sum: 141]
      [Scan RS (ms): Min: 0.0, Avg: 0.0, Max: 0.1, Diff: 0.1, Sum: 0.4]
      [Code Root Scanning (ms): Min: 0.0, Avg: 0.0, Max: 0.0, Diff: 0.0, Sum: 0.0]
      [Object Copy (ms): Min: 7.0, Avg: 7.1, Max: 7.2, Diff: 0.2, Sum: 71.4]
      [Termination (ms): Min: 0.0, Avg: 0.0, Max: 0.1, Diff: 0.1, Sum: 0.3]
         [Termination Attempts: Min: 1, Avg: 1.0, Max: 1, Diff: 0, Sum: 10]
      [GC Worker Other (ms): Min: 0.0, Avg: 0.0, Max: 0.0, Diff: 0.0, Sum: 0.1]
      [GC Worker Total (ms): Min: 8.1, Avg: 8.2, Max: 8.2, Diff: 0.1, Sum: 81.9]
      [GC Worker End (ms): Min: 1890.4, Avg: 1890.4, Max: 1890.4, Diff: 0.0]
   [Code Root Fixup: 0.0 ms]
   [Code Root Purge: 0.0 ms]
   [Clear CT: 0.4 ms]
   [Other: 1.2 ms]
      [Choose CSet: 0.1 ms]
      [Ref Proc: 0.3 ms]
      [Ref Enq: 0.0 ms]
      [Redirty Cards: 0.4 ms]
      [Humongous Register: 0.1 ms]
      [Humongous Reclaim: 0.0 ms]
      [Free CSet: 0.2 ms]
   [Eden: 74.0M(74.0M)->0.0B(89.0M) Survivors: 28.0M->13.0M Heap: 790.2M(2048.0M)->538.7M(2048.0M)]
 [Times: user=0.00 sys=0.00, real=0.01 secs] 
2022-01-17T00:25:46.860+0800: 1.903: [GC pause (G1 Evacuation Pause) (mixed), 0.0068805 secs]
   [Parallel Time: 5.4 ms, GC Workers: 10]
      [GC Worker Start (ms): Min: 1903.2, Avg: 1903.2, Max: 1903.3, Diff: 0.1]
      [Ext Root Scanning (ms): Min: 0.0, Avg: 0.1, Max: 0.2, Diff: 0.1, Sum: 0.7]
      [Update RS (ms): Min: 0.9, Avg: 0.9, Max: 1.0, Diff: 0.0, Sum: 9.4]
         [Processed Buffers: Min: 9, Avg: 14.8, Max: 19, Diff: 10, Sum: 148]
      [Scan RS (ms): Min: 0.0, Avg: 0.0, Max: 0.2, Diff: 0.2, Sum: 0.3]
      [Code Root Scanning (ms): Min: 0.0, Avg: 0.0, Max: 0.0, Diff: 0.0, Sum: 0.0]
      [Object Copy (ms): Min: 3.8, Avg: 4.0, Max: 4.0, Diff: 0.2, Sum: 39.7]
      [Termination (ms): Min: 0.0, Avg: 0.0, Max: 0.1, Diff: 0.1, Sum: 0.4]
         [Termination Attempts: Min: 1, Avg: 1.0, Max: 1, Diff: 0, Sum: 10]
      [GC Worker Other (ms): Min: 0.0, Avg: 0.0, Max: 0.0, Diff: 0.0, Sum: 0.1]
      [GC Worker Total (ms): Min: 5.0, Avg: 5.1, Max: 5.2, Diff: 0.1, Sum: 50.7]
      [GC Worker End (ms): Min: 1908.3, Avg: 1908.3, Max: 1908.3, Diff: 0.0]
   [Code Root Fixup: 0.0 ms]
   [Code Root Purge: 0.0 ms]
   [Clear CT: 0.6 ms]
   [Other: 0.9 ms]
      [Choose CSet: 0.0 ms]
      [Ref Proc: 0.2 ms]
      [Ref Enq: 0.0 ms]
      [Redirty Cards: 0.4 ms]
      [Humongous Register: 0.1 ms]
      [Humongous Reclaim: 0.1 ms]
      [Free CSet: 0.1 ms]
   [Eden: 89.0M(89.0M)->0.0B(659.0M) Survivors: 13.0M->13.0M Heap: 655.0M(2048.0M)->553.5M(2048.0M)]
 [Times: user=0.00 sys=0.00, real=0.01 secs] 
2022-01-17T00:25:46.949+0800: 1.992: [GC pause (G1 Evacuation Pause) (young), 0.0190247 secs]
   [Parallel Time: 16.9 ms, GC Workers: 10]
      [GC Worker Start (ms): Min: 1992.0, Avg: 1992.0, Max: 1992.1, Diff: 0.1]
      [Ext Root Scanning (ms): Min: 0.0, Avg: 0.1, Max: 0.1, Diff: 0.1, Sum: 0.9]
      [Update RS (ms): Min: 1.1, Avg: 1.1, Max: 1.2, Diff: 0.0, Sum: 11.4]
         [Processed Buffers: Min: 11, Avg: 17.8, Max: 24, Diff: 13, Sum: 178]
      [Scan RS (ms): Min: 0.0, Avg: 0.1, Max: 0.1, Diff: 0.0, Sum: 0.5]
      [Code Root Scanning (ms): Min: 0.0, Avg: 0.0, Max: 0.0, Diff: 0.0, Sum: 0.0]
      [Object Copy (ms): Min: 15.2, Avg: 15.3, Max: 15.3, Diff: 0.2, Sum: 152.7]
      [Termination (ms): Min: 0.0, Avg: 0.1, Max: 0.2, Diff: 0.2, Sum: 0.8]
         [Termination Attempts: Min: 1, Avg: 1.2, Max: 2, Diff: 1, Sum: 12]
      [GC Worker Other (ms): Min: 0.0, Avg: 0.1, Max: 0.2, Diff: 0.2, Sum: 0.7]
      [GC Worker Total (ms): Min: 16.6, Avg: 16.7, Max: 16.9, Diff: 0.3, Sum: 167.0]
      [GC Worker End (ms): Min: 2008.7, Avg: 2008.7, Max: 2008.9, Diff: 0.2]
   [Code Root Fixup: 0.0 ms]
   [Code Root Purge: 0.0 ms]
   [Clear CT: 0.4 ms]
   [Other: 1.7 ms]
      [Choose CSet: 0.0 ms]
      [Ref Proc: 0.3 ms]
      [Ref Enq: 0.0 ms]
      [Redirty Cards: 0.7 ms]
      [Humongous Register: 0.2 ms]
      [Humongous Reclaim: 0.2 ms]
      [Free CSet: 0.2 ms]
   [Eden: 659.0M(659.0M)->0.0B(651.0M) Survivors: 13.0M->84.0M Heap: 1402.1M(2048.0M)->709.5M(2048.0M)]
 [Times: user=0.16 sys=0.00, real=0.02 secs] 
2022-01-17T00:25:47.038+0800: 2.081: [GC pause (G1 Humongous Allocation) (young) (initial-mark), 0.0216266 secs]
   [Parallel Time: 19.8 ms, GC Workers: 10]
      [GC Worker Start (ms): Min: 2081.0, Avg: 2081.1, Max: 2081.1, Diff: 0.1]
      [Ext Root Scanning (ms): Min: 0.0, Avg: 0.1, Max: 0.2, Diff: 0.1, Sum: 0.8]
      [Update RS (ms): Min: 1.3, Avg: 1.3, Max: 1.4, Diff: 0.0, Sum: 13.5]
         [Processed Buffers: Min: 15, Avg: 21.0, Max: 27, Diff: 12, Sum: 210]
      [Scan RS (ms): Min: 0.0, Avg: 0.0, Max: 0.1, Diff: 0.0, Sum: 0.5]
      [Code Root Scanning (ms): Min: 0.0, Avg: 0.0, Max: 0.0, Diff: 0.0, Sum: 0.0]
      [Object Copy (ms): Min: 17.8, Avg: 17.9, Max: 18.0, Diff: 0.2, Sum: 179.1]
      [Termination (ms): Min: 0.0, Avg: 0.1, Max: 0.2, Diff: 0.2, Sum: 0.9]
         [Termination Attempts: Min: 1, Avg: 4.5, Max: 6, Diff: 5, Sum: 45]
      [GC Worker Other (ms): Min: 0.0, Avg: 0.0, Max: 0.0, Diff: 0.0, Sum: 0.3]
      [GC Worker Total (ms): Min: 19.4, Avg: 19.5, Max: 19.6, Diff: 0.1, Sum: 195.0]
      [GC Worker End (ms): Min: 2100.6, Avg: 2100.6, Max: 2100.6, Diff: 0.0]
   [Code Root Fixup: 0.0 ms]
   [Code Root Purge: 0.0 ms]
   [Clear CT: 0.3 ms]
   [Other: 1.5 ms]
      [Choose CSet: 0.0 ms]
      [Ref Proc: 0.1 ms]
      [Ref Enq: 0.0 ms]
      [Redirty Cards: 0.6 ms]
      [Humongous Register: 0.1 ms]
      [Humongous Reclaim: 0.2 ms]
      [Free CSet: 0.2 ms]
   [Eden: 573.0M(651.0M)->0.0B(762.0M) Survivors: 84.0M->92.0M Heap: 1426.4M(2048.0M)->806.9M(2048.0M)]
 [Times: user=0.22 sys=0.00, real=0.02 secs] 
2022-01-17T00:25:47.060+0800: 2.102: [GC concurrent-root-region-scan-start]
2022-01-17T00:25:47.060+0800: 2.103: [GC concurrent-root-region-scan-end, 0.0001259 secs]
2022-01-17T00:25:47.060+0800: 2.103: [GC concurrent-mark-start]
2022-01-17T00:25:47.061+0800: 2.104: [GC concurrent-mark-end, 0.0010840 secs]
2022-01-17T00:25:47.061+0800: 2.104: [GC remark 2022-01-17T00:25:47.061+0800: 2.104: [Finalize Marking, 0.0000939 secs] 2022-01-17T00:25:47.061+0800: 2.104: [GC ref-proc, 0.0000628 secs] 2022-01-17T00:25:47.061+0800: 2.104: [Unloading, 0.0003219 secs], 0.0009522 secs]
 [Times: user=0.00 sys=0.00, real=0.00 secs] 
2022-01-17T00:25:47.062+0800: 2.105: [GC cleanup 817M->649M(2048M), 0.0008164 secs]
 [Times: user=0.00 sys=0.00, real=0.00 secs] 
2022-01-17T00:25:47.063+0800: 2.106: [GC concurrent-cleanup-start]
2022-01-17T00:25:47.063+0800: 2.106: [GC concurrent-cleanup-end, 0.0000998 secs]
2022-01-17T00:25:47.156+0800: 2.198: [GC pause (G1 Evacuation Pause) (young), 0.0243911 secs]
   [Parallel Time: 22.2 ms, GC Workers: 10]
      [GC Worker Start (ms): Min: 2198.3, Avg: 2198.4, Max: 2198.4, Diff: 0.2]
      [Ext Root Scanning (ms): Min: 0.0, Avg: 0.1, Max: 0.2, Diff: 0.2, Sum: 0.6]
      [Update RS (ms): Min: 1.1, Avg: 1.1, Max: 1.1, Diff: 0.0, Sum: 11.2]
         [Processed Buffers: Min: 11, Avg: 17.4, Max: 23, Diff: 12, Sum: 174]
      [Scan RS (ms): Min: 0.1, Avg: 0.1, Max: 0.1, Diff: 0.0, Sum: 0.8]
      [Code Root Scanning (ms): Min: 0.0, Avg: 0.0, Max: 0.0, Diff: 0.0, Sum: 0.0]
      [Object Copy (ms): Min: 20.2, Avg: 20.3, Max: 20.3, Diff: 0.1, Sum: 202.7]
      [Termination (ms): Min: 0.0, Avg: 0.0, Max: 0.1, Diff: 0.1, Sum: 0.5]
         [Termination Attempts: Min: 1, Avg: 4.9, Max: 7, Diff: 6, Sum: 49]
      [GC Worker Other (ms): Min: 0.0, Avg: 0.1, Max: 0.2, Diff: 0.2, Sum: 0.7]
      [GC Worker Total (ms): Min: 21.5, Avg: 21.6, Max: 21.8, Diff: 0.3, Sum: 216.4]
      [GC Worker End (ms): Min: 2220.0, Avg: 2220.0, Max: 2220.1, Diff: 0.2]
   [Code Root Fixup: 0.0 ms]
   [Code Root Purge: 0.0 ms]
   [Clear CT: 0.5 ms]
   [Other: 1.7 ms]
      [Choose CSet: 0.0 ms]
      [Ref Proc: 0.3 ms]
      [Ref Enq: 0.0 ms]
      [Redirty Cards: 0.5 ms]
      [Humongous Register: 0.2 ms]
      [Humongous Reclaim: 0.3 ms]
      [Free CSet: 0.3 ms]
   [Eden: 762.0M(762.0M)->0.0B(9216.0K) Survivors: 92.0M->107.0M Heap: 1603.4M(2048.0M)->751.7M(2048.0M)]
 [Times: user=0.16 sys=0.00, real=0.02 secs] 
2022-01-17T00:25:47.181+0800: 2.224: [GC pause (G1 Evacuation Pause) (mixed), 0.0138336 secs]
   [Parallel Time: 12.2 ms, GC Workers: 10]
      [GC Worker Start (ms): Min: 2223.8, Avg: 2223.8, Max: 2223.8, Diff: 0.0]
      [Ext Root Scanning (ms): Min: 0.1, Avg: 0.1, Max: 0.1, Diff: 0.0, Sum: 0.9]
      [Update RS (ms): Min: 0.0, Avg: 0.1, Max: 0.2, Diff: 0.2, Sum: 0.7]
         [Processed Buffers: Min: 1, Avg: 1.6, Max: 3, Diff: 2, Sum: 16]
      [Scan RS (ms): Min: 0.0, Avg: 0.0, Max: 0.1, Diff: 0.1, Sum: 0.4]
      [Code Root Scanning (ms): Min: 0.0, Avg: 0.0, Max: 0.0, Diff: 0.0, Sum: 0.0]
      [Object Copy (ms): Min: 11.7, Avg: 11.9, Max: 11.9, Diff: 0.2, Sum: 118.8]
      [Termination (ms): Min: 0.0, Avg: 0.0, Max: 0.1, Diff: 0.1, Sum: 0.4]
         [Termination Attempts: Min: 1, Avg: 1.0, Max: 1, Diff: 0, Sum: 10]
      [GC Worker Other (ms): Min: 0.0, Avg: 0.0, Max: 0.0, Diff: 0.0, Sum: 0.1]
      [GC Worker Total (ms): Min: 12.1, Avg: 12.1, Max: 12.2, Diff: 0.0, Sum: 121.5]
      [GC Worker End (ms): Min: 2236.0, Avg: 2236.0, Max: 2236.0, Diff: 0.0]
   [Code Root Fixup: 0.0 ms]
   [Code Root Purge: 0.0 ms]
   [Clear CT: 0.5 ms]
   [Other: 1.1 ms]
      [Choose CSet: 0.1 ms]
      [Ref Proc: 0.2 ms]
      [Ref Enq: 0.0 ms]
      [Redirty Cards: 0.5 ms]
      [Humongous Register: 0.1 ms]
      [Humongous Reclaim: 0.0 ms]
      [Free CSet: 0.2 ms]
   [Eden: 9216.0K(9216.0K)->0.0B(154.0M) Survivors: 107.0M->3072.0K Heap: 761.3M(2048.0M)->595.2M(2048.0M)]
 [Times: user=0.00 sys=0.02, real=0.01 secs] 
2022-01-17T00:25:47.215+0800: 2.257: [GC pause (G1 Evacuation Pause) (young), 0.0075041 secs]
   [Parallel Time: 6.2 ms, GC Workers: 10]
      [GC Worker Start (ms): Min: 2257.4, Avg: 2257.4, Max: 2257.4, Diff: 0.1]
      [Ext Root Scanning (ms): Min: 0.0, Avg: 0.1, Max: 0.1, Diff: 0.1, Sum: 0.9]
      [Update RS (ms): Min: 1.3, Avg: 1.3, Max: 1.4, Diff: 0.0, Sum: 13.5]
         [Processed Buffers: Min: 19, Avg: 21.0, Max: 25, Diff: 6, Sum: 210]
      [Scan RS (ms): Min: 0.0, Avg: 0.0, Max: 0.0, Diff: 0.0, Sum: 0.1]
      [Code Root Scanning (ms): Min: 0.0, Avg: 0.0, Max: 0.0, Diff: 0.0, Sum: 0.0]
      [Object Copy (ms): Min: 4.4, Avg: 4.5, Max: 4.5, Diff: 0.1, Sum: 44.7]
      [Termination (ms): Min: 0.0, Avg: 0.1, Max: 0.1, Diff: 0.1, Sum: 0.5]
         [Termination Attempts: Min: 1, Avg: 1.4, Max: 2, Diff: 1, Sum: 14]
      [GC Worker Other (ms): Min: 0.0, Avg: 0.0, Max: 0.0, Diff: 0.0, Sum: 0.1]
      [GC Worker Total (ms): Min: 5.9, Avg: 6.0, Max: 6.0, Diff: 0.1, Sum: 59.8]
      [GC Worker End (ms): Min: 2263.4, Avg: 2263.4, Max: 2263.4, Diff: 0.0]
   [Code Root Fixup: 0.0 ms]
   [Code Root Purge: 0.0 ms]
   [Clear CT: 0.3 ms]
   [Other: 1.1 ms]
      [Choose CSet: 0.0 ms]
      [Ref Proc: 0.2 ms]
      [Ref Enq: 0.0 ms]
      [Redirty Cards: 0.4 ms]
      [Humongous Register: 0.2 ms]
      [Humongous Reclaim: 0.1 ms]
      [Free CSet: 0.1 ms]
   [Eden: 154.0M(154.0M)->0.0B(163.0M) Survivors: 3072.0K->20.0M Heap: 789.2M(2048.0M)->646.1M(2048.0M)]
 [Times: user=0.00 sys=0.00, real=0.01 secs] 
2022-01-17T00:25:47.243+0800: 2.285: [GC pause (G1 Evacuation Pause) (young), 0.0097376 secs]
   [Parallel Time: 8.2 ms, GC Workers: 10]
      [GC Worker Start (ms): Min: 2285.2, Avg: 2285.3, Max: 2285.4, Diff: 0.1]
      [Ext Root Scanning (ms): Min: 0.0, Avg: 0.1, Max: 0.1, Diff: 0.1, Sum: 0.7]
      [Update RS (ms): Min: 1.5, Avg: 1.5, Max: 1.5, Diff: 0.0, Sum: 14.7]
         [Processed Buffers: Min: 21, Avg: 23.0, Max: 28, Diff: 7, Sum: 230]
      [Scan RS (ms): Min: 0.0, Avg: 0.0, Max: 0.0, Diff: 0.0, Sum: 0.1]
      [Code Root Scanning (ms): Min: 0.0, Avg: 0.0, Max: 0.0, Diff: 0.0, Sum: 0.0]
      [Object Copy (ms): Min: 6.2, Avg: 6.2, Max: 6.3, Diff: 0.1, Sum: 62.2]
      [Termination (ms): Min: 0.0, Avg: 0.0, Max: 0.1, Diff: 0.1, Sum: 0.4]
         [Termination Attempts: Min: 1, Avg: 1.4, Max: 2, Diff: 1, Sum: 14]
      [GC Worker Other (ms): Min: 0.0, Avg: 0.0, Max: 0.0, Diff: 0.0, Sum: 0.1]
      [GC Worker Total (ms): Min: 7.8, Avg: 7.8, Max: 7.9, Diff: 0.1, Sum: 78.3]
      [GC Worker End (ms): Min: 2293.2, Avg: 2293.2, Max: 2293.2, Diff: 0.0]
   [Code Root Fixup: 0.0 ms]
   [Code Root Purge: 0.0 ms]
   [Clear CT: 0.4 ms]
   [Other: 1.1 ms]
      [Choose CSet: 0.0 ms]
      [Ref Proc: 0.3 ms]
      [Ref Enq: 0.0 ms]
      [Redirty Cards: 0.3 ms]
      [Humongous Register: 0.1 ms]
      [Humongous Reclaim: 0.1 ms]
      [Free CSet: 0.1 ms]
   [Eden: 163.0M(163.0M)->0.0B(214.0M) Survivors: 20.0M->23.0M Heap: 853.5M(2048.0M)->688.4M(2048.0M)]
 [Times: user=0.00 sys=0.00, real=0.01 secs] 
2022-01-17T00:25:47.280+0800: 2.322: [GC pause (G1 Evacuation Pause) (young), 0.0118648 secs]
   [Parallel Time: 10.4 ms, GC Workers: 10]
      [GC Worker Start (ms): Min: 2321.8, Avg: 2321.8, Max: 2321.8, Diff: 0.0]
      [Ext Root Scanning (ms): Min: 0.1, Avg: 0.1, Max: 0.1, Diff: 0.0, Sum: 0.9]
      [Update RS (ms): Min: 2.0, Avg: 2.1, Max: 2.1, Diff: 0.0, Sum: 20.5]
         [Processed Buffers: Min: 30, Avg: 32.0, Max: 41, Diff: 11, Sum: 320]
      [Scan RS (ms): Min: 0.0, Avg: 0.0, Max: 0.0, Diff: 0.0, Sum: 0.1]
      [Code Root Scanning (ms): Min: 0.0, Avg: 0.0, Max: 0.0, Diff: 0.0, Sum: 0.0]
      [Object Copy (ms): Min: 7.9, Avg: 8.0, Max: 8.1, Diff: 0.1, Sum: 80.0]
      [Termination (ms): Min: 0.0, Avg: 0.1, Max: 0.1, Diff: 0.1, Sum: 0.6]
         [Termination Attempts: Min: 1, Avg: 1.6, Max: 4, Diff: 3, Sum: 16]
      [GC Worker Other (ms): Min: 0.0, Avg: 0.0, Max: 0.0, Diff: 0.0, Sum: 0.1]
      [GC Worker Total (ms): Min: 10.2, Avg: 10.2, Max: 10.3, Diff: 0.1, Sum: 102.3]
      [GC Worker End (ms): Min: 2332.0, Avg: 2332.0, Max: 2332.0, Diff: 0.0]
   [Code Root Fixup: 0.0 ms]
   [Code Root Purge: 0.0 ms]
   [Clear CT: 0.3 ms]
   [Other: 1.1 ms]
      [Choose CSet: 0.0 ms]
      [Ref Proc: 0.3 ms]
      [Ref Enq: 0.0 ms]
      [Redirty Cards: 0.2 ms]
      [Humongous Register: 0.2 ms]
      [Humongous Reclaim: 0.2 ms]
      [Free CSet: 0.1 ms]
   [Eden: 214.0M(214.0M)->0.0B(266.0M) Survivors: 23.0M->30.0M Heap: 958.3M(2048.0M)->744.8M(2048.0M)]
 [Times: user=0.16 sys=0.00, real=0.01 secs] 
2022-01-17T00:25:47.324+0800: 2.366: [GC pause (G1 Evacuation Pause) (young), 0.0126255 secs]
   [Parallel Time: 11.0 ms, GC Workers: 10]
      [GC Worker Start (ms): Min: 2366.6, Avg: 2366.6, Max: 2366.6, Diff: 0.1]
      [Ext Root Scanning (ms): Min: 0.0, Avg: 0.1, Max: 0.1, Diff: 0.1, Sum: 0.8]
      [Update RS (ms): Min: 1.6, Avg: 1.6, Max: 1.6, Diff: 0.0, Sum: 16.1]
         [Processed Buffers: Min: 17, Avg: 24.9, Max: 32, Diff: 15, Sum: 249]
      [Scan RS (ms): Min: 0.0, Avg: 0.0, Max: 0.0, Diff: 0.0, Sum: 0.2]
      [Code Root Scanning (ms): Min: 0.0, Avg: 0.0, Max: 0.0, Diff: 0.0, Sum: 0.0]
      [Object Copy (ms): Min: 9.0, Avg: 9.0, Max: 9.0, Diff: 0.1, Sum: 90.0]
      [Termination (ms): Min: 0.0, Avg: 0.0, Max: 0.1, Diff: 0.1, Sum: 0.3]
         [Termination Attempts: Min: 1, Avg: 1.0, Max: 1, Diff: 0, Sum: 10]
      [GC Worker Other (ms): Min: 0.0, Avg: 0.0, Max: 0.1, Diff: 0.1, Sum: 0.3]
      [GC Worker Total (ms): Min: 10.7, Avg: 10.8, Max: 10.8, Diff: 0.1, Sum: 107.8]
      [GC Worker End (ms): Min: 2377.4, Avg: 2377.4, Max: 2377.5, Diff: 0.1]
   [Code Root Fixup: 0.0 ms]
   [Code Root Purge: 0.0 ms]
   [Clear CT: 0.5 ms]
   [Other: 1.1 ms]
      [Choose CSet: 0.0 ms]
      [Ref Proc: 0.4 ms]
      [Ref Enq: 0.0 ms]
      [Redirty Cards: 0.3 ms]
      [Humongous Register: 0.2 ms]
      [Humongous Reclaim: 0.1 ms]
      [Free CSet: 0.1 ms]
   [Eden: 266.0M(266.0M)->0.0B(322.0M) Survivors: 30.0M->37.0M Heap: 1097.9M(2048.0M)->819.2M(2048.0M)]
 [Times: user=0.05 sys=0.00, real=0.01 secs] 
2022-01-17T00:25:47.363+0800: 2.405: [GC pause (G1 Humongous Allocation) (young) (initial-mark), 0.0139084 secs]
   [Parallel Time: 12.4 ms, GC Workers: 10]
      [GC Worker Start (ms): Min: 2405.3, Avg: 2405.4, Max: 2405.4, Diff: 0.2]
      [Ext Root Scanning (ms): Min: 0.0, Avg: 0.1, Max: 0.2, Diff: 0.2, Sum: 0.7]
      [Update RS (ms): Min: 2.4, Avg: 2.4, Max: 2.4, Diff: 0.0, Sum: 24.3]
         [Processed Buffers: Min: 35, Avg: 38.5, Max: 48, Diff: 13, Sum: 385]
      [Scan RS (ms): Min: 0.0, Avg: 0.0, Max: 0.0, Diff: 0.0, Sum: 0.1]
      [Code Root Scanning (ms): Min: 0.0, Avg: 0.0, Max: 0.0, Diff: 0.0, Sum: 0.0]
      [Object Copy (ms): Min: 9.6, Avg: 9.7, Max: 9.8, Diff: 0.1, Sum: 97.0]
      [Termination (ms): Min: 0.0, Avg: 0.1, Max: 0.1, Diff: 0.1, Sum: 0.7]
         [Termination Attempts: Min: 1, Avg: 1.0, Max: 1, Diff: 0, Sum: 10]
      [GC Worker Other (ms): Min: 0.0, Avg: 0.0, Max: 0.0, Diff: 0.0, Sum: 0.1]
      [GC Worker Total (ms): Min: 12.2, Avg: 12.3, Max: 12.4, Diff: 0.2, Sum: 122.9]
      [GC Worker End (ms): Min: 2417.7, Avg: 2417.7, Max: 2417.7, Diff: 0.0]
   [Code Root Fixup: 0.0 ms]
   [Code Root Purge: 0.0 ms]
   [Clear CT: 0.3 ms]
   [Other: 1.1 ms]
      [Choose CSet: 0.0 ms]
      [Ref Proc: 0.3 ms]
      [Ref Enq: 0.0 ms]
      [Redirty Cards: 0.3 ms]
      [Humongous Register: 0.1 ms]
      [Humongous Reclaim: 0.1 ms]
      [Free CSet: 0.1 ms]
   [Eden: 218.0M(322.0M)->0.0B(442.0M) Survivors: 37.0M->45.0M Heap: 1083.6M(2048.0M)->873.2M(2048.0M)]
 [Times: user=0.16 sys=0.00, real=0.01 secs] 
2022-01-17T00:25:47.377+0800: 2.419: [GC concurrent-root-region-scan-start]
2022-01-17T00:25:47.377+0800: 2.419: [GC concurrent-root-region-scan-end, 0.0001154 secs]
2022-01-17T00:25:47.377+0800: 2.419: [GC concurrent-mark-start]
2022-01-17T00:25:47.378+0800: 2.421: [GC concurrent-mark-end, 0.0017361 secs]
2022-01-17T00:25:47.379+0800: 2.421: [GC remark 2022-01-17T00:25:47.379+0800: 2.421: [Finalize Marking, 0.0002005 secs] 2022-01-17T00:25:47.379+0800: 2.421: [GC ref-proc, 0.0000619 secs] 2022-01-17T00:25:47.379+0800: 2.421: [Unloading, 0.0004397 secs], 0.0013176 secs]
 [Times: user=0.00 sys=0.00, real=0.00 secs] 
2022-01-17T00:25:47.380+0800: 2.422: [GC cleanup 890M->710M(2048M), 0.0008657 secs]
 [Times: user=0.00 sys=0.00, real=0.00 secs] 
2022-01-17T00:25:47.381+0800: 2.423: [GC concurrent-cleanup-start]
2022-01-17T00:25:47.381+0800: 2.423: [GC concurrent-cleanup-end, 0.0000939 secs]
2022-01-17T00:25:47.437+0800: 2.479: [GC pause (G1 Evacuation Pause) (young), 0.0179001 secs]
   [Parallel Time: 16.1 ms, GC Workers: 10]
      [GC Worker Start (ms): Min: 2479.4, Avg: 2479.5, Max: 2479.6, Diff: 0.2]
      [Ext Root Scanning (ms): Min: 0.0, Avg: 0.1, Max: 0.2, Diff: 0.2, Sum: 0.6]
      [Update RS (ms): Min: 2.1, Avg: 2.1, Max: 2.2, Diff: 0.0, Sum: 21.3]
         [Processed Buffers: Min: 25, Avg: 33.1, Max: 45, Diff: 20, Sum: 331]
      [Scan RS (ms): Min: 0.0, Avg: 0.0, Max: 0.1, Diff: 0.0, Sum: 0.4]
      [Code Root Scanning (ms): Min: 0.0, Avg: 0.0, Max: 0.0, Diff: 0.0, Sum: 0.0]
      [Object Copy (ms): Min: 13.3, Avg: 13.3, Max: 13.3, Diff: 0.1, Sum: 133.1]
      [Termination (ms): Min: 0.0, Avg: 0.0, Max: 0.1, Diff: 0.1, Sum: 0.3]
         [Termination Attempts: Min: 1, Avg: 3.4, Max: 5, Diff: 4, Sum: 34]
      [GC Worker Other (ms): Min: 0.0, Avg: 0.0, Max: 0.1, Diff: 0.1, Sum: 0.2]
      [GC Worker Total (ms): Min: 15.5, Avg: 15.6, Max: 15.7, Diff: 0.2, Sum: 155.9]
      [GC Worker End (ms): Min: 2495.1, Avg: 2495.1, Max: 2495.2, Diff: 0.1]
   [Code Root Fixup: 0.0 ms]
   [Code Root Purge: 0.0 ms]
   [Clear CT: 0.7 ms]
   [Other: 1.1 ms]
      [Choose CSet: 0.0 ms]
      [Ref Proc: 0.2 ms]
      [Ref Enq: 0.0 ms]
      [Redirty Cards: 0.3 ms]
      [Humongous Register: 0.2 ms]
      [Humongous Reclaim: 0.2 ms]
      [Free CSet: 0.2 ms]
   [Eden: 442.0M(442.0M)->0.0B(41.0M) Survivors: 45.0M->61.0M Heap: 1269.0M(2048.0M)->793.8M(2048.0M)]
 [Times: user=0.16 sys=0.00, real=0.02 secs] 
2022-01-17T00:25:47.460+0800: 2.502: [GC pause (G1 Evacuation Pause) (mixed), 0.0121170 secs]
   [Parallel Time: 10.2 ms, GC Workers: 10]
      [GC Worker Start (ms): Min: 2502.2, Avg: 2502.3, Max: 2502.4, Diff: 0.2]
      [Ext Root Scanning (ms): Min: 0.0, Avg: 0.1, Max: 0.2, Diff: 0.2, Sum: 0.7]
      [Update RS (ms): Min: 0.6, Avg: 0.6, Max: 0.7, Diff: 0.1, Sum: 6.3]
         [Processed Buffers: Min: 8, Avg: 10.0, Max: 12, Diff: 4, Sum: 100]
      [Scan RS (ms): Min: 0.0, Avg: 0.1, Max: 0.1, Diff: 0.1, Sum: 0.6]
      [Code Root Scanning (ms): Min: 0.0, Avg: 0.0, Max: 0.0, Diff: 0.0, Sum: 0.0]
      [Object Copy (ms): Min: 8.9, Avg: 9.0, Max: 9.0, Diff: 0.1, Sum: 89.9]
      [Termination (ms): Min: 0.0, Avg: 0.0, Max: 0.1, Diff: 0.1, Sum: 0.3]
         [Termination Attempts: Min: 1, Avg: 1.1, Max: 2, Diff: 1, Sum: 11]
      [GC Worker Other (ms): Min: 0.0, Avg: 0.0, Max: 0.0, Diff: 0.0, Sum: 0.1]
      [GC Worker Total (ms): Min: 9.7, Avg: 9.8, Max: 9.9, Diff: 0.2, Sum: 97.9]
      [GC Worker End (ms): Min: 2512.1, Avg: 2512.1, Max: 2512.1, Diff: 0.0]
   [Code Root Fixup: 0.0 ms]
   [Code Root Purge: 0.0 ms]
   [Clear CT: 0.5 ms]
   [Other: 1.5 ms]
      [Choose CSet: 0.1 ms]
      [Ref Proc: 0.4 ms]
      [Ref Enq: 0.0 ms]
      [Redirty Cards: 0.5 ms]
      [Humongous Register: 0.1 ms]
      [Humongous Reclaim: 0.0 ms]
      [Free CSet: 0.2 ms]
   [Eden: 41.0M(41.0M)->0.0B(89.0M) Survivors: 61.0M->13.0M Heap: 845.8M(2048.0M)->617.5M(2048.0M)]
 [Times: user=0.16 sys=0.00, real=0.01 secs] 
2022-01-17T00:25:47.483+0800: 2.525: [GC pause (G1 Evacuation Pause) (mixed), 0.0089388 secs]
   [Parallel Time: 7.1 ms, GC Workers: 10]
      [GC Worker Start (ms): Min: 2524.7, Avg: 2524.8, Max: 2524.9, Diff: 0.2]
      [Ext Root Scanning (ms): Min: 0.0, Avg: 0.1, Max: 0.2, Diff: 0.2, Sum: 0.6]
      [Update RS (ms): Min: 1.5, Avg: 1.5, Max: 1.6, Diff: 0.1, Sum: 15.3]
         [Processed Buffers: Min: 21, Avg: 23.4, Max: 28, Diff: 7, Sum: 234]
      [Scan RS (ms): Min: 0.0, Avg: 0.0, Max: 0.1, Diff: 0.1, Sum: 0.3]
      [Code Root Scanning (ms): Min: 0.0, Avg: 0.0, Max: 0.0, Diff: 0.0, Sum: 0.0]
      [Object Copy (ms): Min: 5.0, Avg: 5.1, Max: 5.1, Diff: 0.1, Sum: 50.6]
      [Termination (ms): Min: 0.0, Avg: 0.0, Max: 0.1, Diff: 0.1, Sum: 0.5]
         [Termination Attempts: Min: 1, Avg: 1.1, Max: 2, Diff: 1, Sum: 11]
      [GC Worker Other (ms): Min: 0.0, Avg: 0.0, Max: 0.0, Diff: 0.0, Sum: 0.1]
      [GC Worker Total (ms): Min: 6.7, Avg: 6.7, Max: 6.8, Diff: 0.2, Sum: 67.4]
      [GC Worker End (ms): Min: 2531.5, Avg: 2531.5, Max: 2531.5, Diff: 0.0]
   [Code Root Fixup: 0.0 ms]
   [Code Root Purge: 0.0 ms]
   [Clear CT: 0.8 ms]
   [Other: 1.0 ms]
      [Choose CSet: 0.0 ms]
      [Ref Proc: 0.2 ms]
      [Ref Enq: 0.0 ms]
      [Redirty Cards: 0.4 ms]
      [Humongous Register: 0.1 ms]
      [Humongous Reclaim: 0.1 ms]
      [Free CSet: 0.1 ms]
   [Eden: 89.0M(89.0M)->0.0B(768.0M) Survivors: 13.0M->13.0M Heap: 734.3M(2048.0M)->610.9M(2048.0M)]
 [Times: user=0.00 sys=0.00, real=0.01 secs] 
2022-01-17T00:25:47.579+0800: 2.621: [GC pause (G1 Humongous Allocation) (young) (initial-mark), 0.0226314 secs]
   [Parallel Time: 20.4 ms, GC Workers: 10]
      [GC Worker Start (ms): Min: 2621.4, Avg: 2621.5, Max: 2621.6, Diff: 0.1]
      [Ext Root Scanning (ms): Min: 0.0, Avg: 0.2, Max: 0.3, Diff: 0.3, Sum: 1.9]
      [Update RS (ms): Min: 2.9, Avg: 2.9, Max: 3.0, Diff: 0.2, Sum: 29.3]
         [Processed Buffers: Min: 42, Avg: 46.1, Max: 58, Diff: 16, Sum: 461]
      [Scan RS (ms): Min: 0.1, Avg: 0.1, Max: 0.1, Diff: 0.0, Sum: 0.7]
      [Code Root Scanning (ms): Min: 0.0, Avg: 0.0, Max: 0.0, Diff: 0.0, Sum: 0.0]
      [Object Copy (ms): Min: 16.7, Avg: 16.7, Max: 16.8, Diff: 0.1, Sum: 167.3]
      [Termination (ms): Min: 0.0, Avg: 0.0, Max: 0.1, Diff: 0.1, Sum: 0.4]
         [Termination Attempts: Min: 1, Avg: 1.6, Max: 4, Diff: 3, Sum: 16]
      [GC Worker Other (ms): Min: 0.0, Avg: 0.1, Max: 0.1, Diff: 0.1, Sum: 0.5]
      [GC Worker Total (ms): Min: 19.9, Avg: 20.0, Max: 20.1, Diff: 0.2, Sum: 200.2]
      [GC Worker End (ms): Min: 2641.5, Avg: 2641.5, Max: 2641.6, Diff: 0.1]
   [Code Root Fixup: 0.0 ms]
   [Code Root Purge: 0.0 ms]
   [Clear CT: 0.5 ms]
   [Other: 1.7 ms]
      [Choose CSet: 0.0 ms]
      [Ref Proc: 0.5 ms]
      [Ref Enq: 0.0 ms]
      [Redirty Cards: 0.5 ms]
      [Humongous Register: 0.1 ms]
      [Humongous Reclaim: 0.2 ms]
      [Free CSet: 0.2 ms]
   [Eden: 729.0M(768.0M)->0.0B(752.0M) Survivors: 13.0M->98.0M Heap: 1505.2M(2048.0M)->759.2M(2048.0M)]
 [Times: user=0.17 sys=0.00, real=0.02 secs] 
2022-01-17T00:25:47.602+0800: 2.644: [GC concurrent-root-region-scan-start]
2022-01-17T00:25:47.602+0800: 2.644: [GC concurrent-root-region-scan-end, 0.0002214 secs]
2022-01-17T00:25:47.602+0800: 2.644: [GC concurrent-mark-start]
2022-01-17T00:25:47.604+0800: 2.646: [GC concurrent-mark-end, 0.0013907 secs]
2022-01-17T00:25:47.604+0800: 2.646: [GC remark 2022-01-17T00:25:47.604+0800: 2.646: [Finalize Marking, 0.0001854 secs] 2022-01-17T00:25:47.604+0800: 2.646: [GC ref-proc, 0.0000617 secs] 2022-01-17T00:25:47.604+0800: 2.646: [Unloading, 0.0003403 secs], 0.0011752 secs]
 [Times: user=0.00 sys=0.00, real=0.00 secs] 
2022-01-17T00:25:47.605+0800: 2.647: [GC cleanup 773M->641M(2048M), 0.0010802 secs]
 [Times: user=0.00 sys=0.00, real=0.00 secs] 
2022-01-17T00:25:47.606+0800: 2.648: [GC concurrent-cleanup-start]
2022-01-17T00:25:47.606+0800: 2.648: [GC concurrent-cleanup-end, 0.0000880 secs]
2022-01-17T00:25:47.699+0800: 2.742: [GC pause (G1 Evacuation Pause) (young), 0.0243358 secs]
   [Parallel Time: 22.4 ms, GC Workers: 10]
      [GC Worker Start (ms): Min: 2741.9, Avg: 2742.0, Max: 2742.0, Diff: 0.1]
      [Ext Root Scanning (ms): Min: 0.1, Avg: 0.1, Max: 0.1, Diff: 0.1, Sum: 0.9]
      [Update RS (ms): Min: 2.8, Avg: 2.8, Max: 2.8, Diff: 0.0, Sum: 28.1]
         [Processed Buffers: Min: 36, Avg: 44.0, Max: 57, Diff: 21, Sum: 440]
      [Scan RS (ms): Min: 0.1, Avg: 0.1, Max: 0.1, Diff: 0.0, Sum: 0.9]
      [Code Root Scanning (ms): Min: 0.0, Avg: 0.0, Max: 0.0, Diff: 0.0, Sum: 0.0]
      [Object Copy (ms): Min: 19.1, Avg: 19.2, Max: 19.2, Diff: 0.1, Sum: 191.6]
      [Termination (ms): Min: 0.0, Avg: 0.1, Max: 0.1, Diff: 0.1, Sum: 0.6]
         [Termination Attempts: Min: 1, Avg: 5.1, Max: 7, Diff: 6, Sum: 51]
      [GC Worker Other (ms): Min: 0.0, Avg: 0.0, Max: 0.0, Diff: 0.0, Sum: 0.3]
      [GC Worker Total (ms): Min: 22.2, Avg: 22.2, Max: 22.3, Diff: 0.1, Sum: 222.4]
      [GC Worker End (ms): Min: 2764.2, Avg: 2764.2, Max: 2764.2, Diff: 0.0]
   [Code Root Fixup: 0.0 ms]
   [Code Root Purge: 0.0 ms]
   [Clear CT: 0.3 ms]
   [Other: 1.6 ms]
      [Choose CSet: 0.0 ms]
      [Ref Proc: 0.4 ms]
      [Ref Enq: 0.0 ms]
      [Redirty Cards: 0.5 ms]
      [Humongous Register: 0.2 ms]
      [Humongous Reclaim: 0.3 ms]
      [Free CSet: 0.2 ms]
   [Eden: 752.0M(752.0M)->0.0B(9216.0K) Survivors: 98.0M->107.0M Heap: 1593.3M(2048.0M)->747.6M(2048.0M)]
 [Times: user=0.16 sys=0.00, real=0.03 secs] 
2022-01-17T00:25:47.725+0800: 2.767: [GC pause (G1 Evacuation Pause) (mixed), 0.0135777 secs]
   [Parallel Time: 12.6 ms, GC Workers: 10]
      [GC Worker Start (ms): Min: 2767.5, Avg: 2767.6, Max: 2767.6, Diff: 0.1]
      [Ext Root Scanning (ms): Min: 0.0, Avg: 0.1, Max: 0.1, Diff: 0.1, Sum: 0.8]
      [Update RS (ms): Min: 0.1, Avg: 0.1, Max: 0.2, Diff: 0.0, Sum: 1.4]
         [Processed Buffers: Min: 2, Avg: 2.8, Max: 4, Diff: 2, Sum: 28]
      [Scan RS (ms): Min: 0.0, Avg: 0.0, Max: 0.1, Diff: 0.0, Sum: 0.4]
      [Code Root Scanning (ms): Min: 0.0, Avg: 0.0, Max: 0.0, Diff: 0.0, Sum: 0.0]
      [Object Copy (ms): Min: 11.8, Avg: 11.9, Max: 12.0, Diff: 0.2, Sum: 118.7]
      [Termination (ms): Min: 0.0, Avg: 0.1, Max: 0.2, Diff: 0.2, Sum: 1.2]
         [Termination Attempts: Min: 1, Avg: 1.0, Max: 1, Diff: 0, Sum: 10]
      [GC Worker Other (ms): Min: 0.0, Avg: 0.0, Max: 0.0, Diff: 0.0, Sum: 0.1]
      [GC Worker Total (ms): Min: 12.2, Avg: 12.3, Max: 12.3, Diff: 0.1, Sum: 122.7]
      [GC Worker End (ms): Min: 2779.8, Avg: 2779.8, Max: 2779.8, Diff: 0.0]
   [Code Root Fixup: 0.0 ms]
   [Code Root Purge: 0.0 ms]
   [Clear CT: 0.2 ms]
   [Other: 0.8 ms]
      [Choose CSet: 0.1 ms]
      [Ref Proc: 0.2 ms]
      [Ref Enq: 0.0 ms]
      [Redirty Cards: 0.2 ms]
      [Humongous Register: 0.1 ms]
      [Humongous Reclaim: 0.0 ms]
      [Free CSet: 0.2 ms]
   [Eden: 9216.0K(9216.0K)->0.0B(326.0M) Survivors: 107.0M->3072.0K Heap: 758.7M(2048.0M)->602.0M(2048.0M)]
 [Times: user=0.16 sys=0.00, real=0.01 secs] 
2022-01-17T00:25:47.779+0800: 2.822: [GC pause (G1 Evacuation Pause) (young), 0.0126588 secs]
   [Parallel Time: 11.5 ms, GC Workers: 10]
      [GC Worker Start (ms): Min: 2821.9, Avg: 2822.0, Max: 2822.0, Diff: 0.1]
      [Ext Root Scanning (ms): Min: 0.1, Avg: 0.1, Max: 0.1, Diff: 0.1, Sum: 0.9]
      [Update RS (ms): Min: 2.9, Avg: 2.9, Max: 2.9, Diff: 0.0, Sum: 28.7]
         [Processed Buffers: Min: 38, Avg: 44.2, Max: 57, Diff: 19, Sum: 442]
      [Scan RS (ms): Min: 0.0, Avg: 0.0, Max: 0.0, Diff: 0.0, Sum: 0.2]
      [Code Root Scanning (ms): Min: 0.0, Avg: 0.0, Max: 0.0, Diff: 0.0, Sum: 0.0]
      [Object Copy (ms): Min: 8.3, Avg: 8.3, Max: 8.4, Diff: 0.1, Sum: 83.0]
      [Termination (ms): Min: 0.0, Avg: 0.1, Max: 0.1, Diff: 0.1, Sum: 0.7]
         [Termination Attempts: Min: 1, Avg: 1.0, Max: 1, Diff: 0, Sum: 10]
      [GC Worker Other (ms): Min: 0.0, Avg: 0.0, Max: 0.0, Diff: 0.0, Sum: 0.2]
      [GC Worker Total (ms): Min: 11.3, Avg: 11.4, Max: 11.4, Diff: 0.1, Sum: 113.7]
      [GC Worker End (ms): Min: 2833.4, Avg: 2833.4, Max: 2833.4, Diff: 0.0]
   [Code Root Fixup: 0.0 ms]
   [Code Root Purge: 0.0 ms]
   [Clear CT: 0.2 ms]
   [Other: 1.0 ms]
      [Choose CSet: 0.0 ms]
      [Ref Proc: 0.1 ms]
      [Ref Enq: 0.0 ms]
      [Redirty Cards: 0.3 ms]
      [Humongous Register: 0.2 ms]
      [Humongous Reclaim: 0.2 ms]
      [Free CSet: 0.1 ms]
   [Eden: 326.0M(326.0M)->0.0B(349.0M) Survivors: 3072.0K->42.0M Heap: 1023.5M(2048.0M)->687.7M(2048.0M)]
 [Times: user=0.16 sys=0.00, real=0.01 secs] 
2022-01-17T00:25:47.835+0800: 2.877: [GC pause (G1 Evacuation Pause) (young), 0.0169562 secs]
   [Parallel Time: 15.3 ms, GC Workers: 10]
      [GC Worker Start (ms): Min: 2877.4, Avg: 2877.5, Max: 2877.6, Diff: 0.2]
      [Ext Root Scanning (ms): Min: 0.0, Avg: 0.1, Max: 0.2, Diff: 0.2, Sum: 0.8]
      [Update RS (ms): Min: 2.9, Avg: 3.0, Max: 3.0, Diff: 0.0, Sum: 29.6]
         [Processed Buffers: Min: 37, Avg: 45.5, Max: 55, Diff: 18, Sum: 455]
      [Scan RS (ms): Min: 0.0, Avg: 0.0, Max: 0.0, Diff: 0.0, Sum: 0.3]
      [Code Root Scanning (ms): Min: 0.0, Avg: 0.0, Max: 0.0, Diff: 0.0, Sum: 0.0]
      [Object Copy (ms): Min: 11.7, Avg: 11.7, Max: 11.8, Diff: 0.1, Sum: 117.3]
      [Termination (ms): Min: 0.0, Avg: 0.0, Max: 0.1, Diff: 0.1, Sum: 0.3]
         [Termination Attempts: Min: 1, Avg: 1.0, Max: 1, Diff: 0, Sum: 10]
      [GC Worker Other (ms): Min: 0.0, Avg: 0.0, Max: 0.1, Diff: 0.1, Sum: 0.4]
      [GC Worker Total (ms): Min: 14.8, Avg: 14.9, Max: 15.0, Diff: 0.2, Sum: 148.7]
      [GC Worker End (ms): Min: 2892.3, Avg: 2892.4, Max: 2892.4, Diff: 0.1]
   [Code Root Fixup: 0.0 ms]
   [Code Root Purge: 0.0 ms]
   [Clear CT: 0.6 ms]
   [Other: 1.1 ms]
      [Choose CSet: 0.0 ms]
      [Ref Proc: 0.2 ms]
      [Ref Enq: 0.0 ms]
      [Redirty Cards: 0.3 ms]
      [Humongous Register: 0.2 ms]
      [Humongous Reclaim: 0.2 ms]
      [Free CSet: 0.1 ms]
   [Eden: 349.0M(349.0M)->0.0B(417.0M) Survivors: 42.0M->49.0M Heap: 1131.9M(2048.0M)->772.1M(2048.0M)]
 [Times: user=0.17 sys=0.00, real=0.02 secs] 
2022-01-17T00:25:47.897+0800: 2.939: [GC pause (G1 Humongous Allocation) (young) (initial-mark), 0.0193869 secs]
   [Parallel Time: 17.4 ms, GC Workers: 10]
      [GC Worker Start (ms): Min: 2939.4, Avg: 2939.5, Max: 2939.6, Diff: 0.2]
      [Ext Root Scanning (ms): Min: 0.0, Avg: 0.1, Max: 0.2, Diff: 0.2, Sum: 0.7]
      [Update RS (ms): Min: 4.1, Avg: 4.1, Max: 4.2, Diff: 0.0, Sum: 41.5]
         [Processed Buffers: Min: 60, Avg: 65.3, Max: 83, Diff: 23, Sum: 653]
      [Scan RS (ms): Min: 0.0, Avg: 0.0, Max: 0.0, Diff: 0.0, Sum: 0.3]
      [Code Root Scanning (ms): Min: 0.0, Avg: 0.0, Max: 0.0, Diff: 0.0, Sum: 0.0]
      [Object Copy (ms): Min: 12.6, Avg: 12.7, Max: 12.7, Diff: 0.1, Sum: 126.9]
      [Termination (ms): Min: 0.0, Avg: 0.0, Max: 0.1, Diff: 0.1, Sum: 0.4]
         [Termination Attempts: Min: 1, Avg: 1.1, Max: 2, Diff: 1, Sum: 11]
      [GC Worker Other (ms): Min: 0.0, Avg: 0.0, Max: 0.1, Diff: 0.1, Sum: 0.2]
      [GC Worker Total (ms): Min: 16.9, Avg: 17.0, Max: 17.1, Diff: 0.2, Sum: 170.0]
      [GC Worker End (ms): Min: 2956.5, Avg: 2956.6, Max: 2956.6, Diff: 0.1]
   [Code Root Fixup: 0.0 ms]
   [Code Root Purge: 0.0 ms]
   [Clear CT: 0.6 ms]
   [Other: 1.4 ms]
      [Choose CSet: 0.0 ms]
      [Ref Proc: 0.4 ms]
      [Ref Enq: 0.0 ms]
      [Redirty Cards: 0.3 ms]
      [Humongous Register: 0.2 ms]
      [Humongous Reclaim: 0.2 ms]
      [Free CSet: 0.2 ms]
   [Eden: 367.0M(417.0M)->0.0B(499.0M) Survivors: 49.0M->59.0M Heap: 1218.4M(2048.0M)->840.0M(2048.0M)]
 [Times: user=0.30 sys=0.01, real=0.02 secs] 
2022-01-17T00:25:47.917+0800: 2.959: [GC concurrent-root-region-scan-start]
2022-01-17T00:25:47.917+0800: 2.959: [GC concurrent-root-region-scan-end, 0.0001416 secs]
2022-01-17T00:25:47.917+0800: 2.959: [GC concurrent-mark-start]
2022-01-17T00:25:47.918+0800: 2.960: [GC concurrent-mark-end, 0.0012537 secs]
2022-01-17T00:25:47.918+0800: 2.960: [GC remark 2022-01-17T00:25:47.918+0800: 2.960: [Finalize Marking, 0.0001279 secs] 2022-01-17T00:25:47.918+0800: 2.960: [GC ref-proc, 0.0000590 secs] 2022-01-17T00:25:47.918+0800: 2.960: [Unloading, 0.0003181 secs], 0.0010128 secs]
 [Times: user=0.00 sys=0.00, real=0.00 secs] 
2022-01-17T00:25:47.919+0800: 2.961: [GC cleanup 853M->673M(2048M), 0.0007854 secs]
 [Times: user=0.00 sys=0.00, real=0.00 secs] 
2022-01-17T00:25:47.920+0800: 2.962: [GC concurrent-cleanup-start]
2022-01-17T00:25:47.920+0800: 2.962: [GC concurrent-cleanup-end, 0.0001149 secs]
2022-01-17T00:25:47.980+0800: 3.022: [GC pause (G1 Evacuation Pause) (young), 0.0223734 secs]
   [Parallel Time: 20.4 ms, GC Workers: 10]
      [GC Worker Start (ms): Min: 3022.6, Avg: 3022.7, Max: 3022.7, Diff: 0.1]
      [Ext Root Scanning (ms): Min: 0.0, Avg: 0.1, Max: 0.2, Diff: 0.2, Sum: 0.7]
      [Update RS (ms): Min: 4.5, Avg: 4.6, Max: 4.6, Diff: 0.0, Sum: 45.6]
         [Processed Buffers: Min: 59, Avg: 71.7, Max: 98, Diff: 39, Sum: 717]
      [Scan RS (ms): Min: 0.0, Avg: 0.0, Max: 0.1, Diff: 0.0, Sum: 0.4]
      [Code Root Scanning (ms): Min: 0.0, Avg: 0.0, Max: 0.0, Diff: 0.0, Sum: 0.0]
      [Object Copy (ms): Min: 15.3, Avg: 15.3, Max: 15.3, Diff: 0.1, Sum: 153.2]
      [Termination (ms): Min: 0.0, Avg: 0.0, Max: 0.1, Diff: 0.1, Sum: 0.3]
         [Termination Attempts: Min: 1, Avg: 1.0, Max: 1, Diff: 0, Sum: 10]
      [GC Worker Other (ms): Min: 0.0, Avg: 0.1, Max: 0.2, Diff: 0.2, Sum: 0.6]
      [GC Worker Total (ms): Min: 20.0, Avg: 20.1, Max: 20.2, Diff: 0.2, Sum: 200.9]
      [GC Worker End (ms): Min: 3042.7, Avg: 3042.8, Max: 3042.9, Diff: 0.2]
   [Code Root Fixup: 0.0 ms]
   [Code Root Purge: 0.0 ms]
   [Clear CT: 0.6 ms]
   [Other: 1.3 ms]
      [Choose CSet: 0.0 ms]
      [Ref Proc: 0.2 ms]
      [Ref Enq: 0.0 ms]
      [Redirty Cards: 0.4 ms]
      [Humongous Register: 0.2 ms]
      [Humongous Reclaim: 0.2 ms]
      [Free CSet: 0.2 ms]
   [Eden: 499.0M(499.0M)->0.0B(32.0M) Survivors: 59.0M->70.0M Heap: 1287.2M(2048.0M)->763.4M(2048.0M)]
 [Times: user=0.16 sys=0.00, real=0.02 secs] 
2022-01-17T00:25:48.007+0800: 3.048: [GC pause (G1 Evacuation Pause) (mixed), 0.0116885 secs]
   [Parallel Time: 10.2 ms, GC Workers: 10]
      [GC Worker Start (ms): Min: 3048.6, Avg: 3048.7, Max: 3048.8, Diff: 0.1]
      [Ext Root Scanning (ms): Min: 0.0, Avg: 0.1, Max: 0.2, Diff: 0.1, Sum: 0.7]
      [Update RS (ms): Min: 0.3, Avg: 0.4, Max: 0.4, Diff: 0.0, Sum: 3.6]
         [Processed Buffers: Min: 5, Avg: 6.0, Max: 8, Diff: 3, Sum: 60]
      [Scan RS (ms): Min: 0.0, Avg: 0.0, Max: 0.1, Diff: 0.0, Sum: 0.5]
      [Code Root Scanning (ms): Min: 0.0, Avg: 0.0, Max: 0.0, Diff: 0.0, Sum: 0.0]
      [Object Copy (ms): Min: 9.3, Avg: 9.3, Max: 9.4, Diff: 0.1, Sum: 93.4]
      [Termination (ms): Min: 0.0, Avg: 0.0, Max: 0.1, Diff: 0.1, Sum: 0.5]
         [Termination Attempts: Min: 1, Avg: 1.0, Max: 1, Diff: 0, Sum: 10]
      [GC Worker Other (ms): Min: 0.0, Avg: 0.0, Max: 0.1, Diff: 0.1, Sum: 0.2]
      [GC Worker Total (ms): Min: 9.8, Avg: 9.9, Max: 10.0, Diff: 0.1, Sum: 98.9]
      [GC Worker End (ms): Min: 3058.6, Avg: 3058.6, Max: 3058.7, Diff: 0.1]
   [Code Root Fixup: 0.0 ms]
   [Code Root Purge: 0.0 ms]
   [Clear CT: 0.3 ms]
   [Other: 1.1 ms]
      [Choose CSet: 0.1 ms]
      [Ref Proc: 0.3 ms]
      [Ref Enq: 0.0 ms]
      [Redirty Cards: 0.3 ms]
      [Humongous Register: 0.1 ms]
      [Humongous Reclaim: 0.0 ms]
      [Free CSet: 0.2 ms]
   [Eden: 32.0M(32.0M)->0.0B(961.0M) Survivors: 70.0M->11.0M Heap: 801.5M(2048.0M)->590.7M(2048.0M)]
 [Times: user=0.16 sys=0.00, real=0.01 secs] 
Heap
 garbage-first heap   total 2097152K, used 871224K [0x0000000080000000, 0x0000000080104000, 0x0000000100000000)
  region size 1024K, 214 young (219136K), 11 survivors (11264K)
 Metaspace       used 2716K, capacity 4490K, committed 4864K, reserved 1056768K
  class space    used 291K, capacity 386K, committed 512K, reserved 1048576K
