Java HotSpot(TM) 64-Bit Server VM (25.231-b11) for windows-amd64 JRE (1.8.0_231-b11), built on Oct  5 2019 03:11:30 by "java_re" with MS VC++ 10.0 (VS2010)
Memory: 4k page, physical 16718268k(8512128k free), swap 20479896k(5247404k free)
CommandLine flags: -XX:InitialHeapSize=2147483648 -XX:MaxHeapSize=2147483648 -XX:MaxNewSize=715829248 -XX:MaxTenuringThreshold=6 -XX:NewSize=715829248 -XX:OldPLABSize=16 -XX:OldSize=1431654400 -XX:+PrintGC -XX:+PrintGCDateStamps -XX:+PrintGCDetails -XX:+PrintGCTimeStamps -XX:-UseAdaptiveSizePolicy -XX:+UseCompressedClassPointers -XX:+UseCompressedOops -XX:+UseConcMarkSweepGC -XX:-UseLargePagesIndividualAllocation -XX:+UseParNewGC 
2022-01-17T00:25:40.825+0800: 0.234: [GC (Allocation Failure) 2022-01-17T00:25:40.826+0800: 0.234: [ParNew: 559232K->69888K(629120K), 0.0186054 secs] 559232K->149241K(2027264K), 0.0187568 secs] [Times: user=0.05 sys=0.11, real=0.02 secs] 
2022-01-17T00:25:40.907+0800: 0.315: [GC (Allocation Failure) 2022-01-17T00:25:40.907+0800: 0.315: [ParNew: 629120K->69886K(629120K), 0.0253414 secs] 708473K->276177K(2027264K), 0.0254075 secs] [Times: user=0.11 sys=0.20, real=0.02 secs] 
2022-01-17T00:25:41.000+0800: 0.407: [GC (Allocation Failure) 2022-01-17T00:25:41.000+0800: 0.407: [ParNew: 629118K->69888K(629120K), 0.0521215 secs] 835409K->412789K(2027264K), 0.0521971 secs] [Times: user=0.44 sys=0.01, real=0.05 secs] 
2022-01-17T00:25:41.109+0800: 0.517: [GC (Allocation Failure) 2022-01-17T00:25:41.110+0800: 0.517: [ParNew: 629120K->69888K(629120K), 0.0490017 secs] 972021K->535106K(2027264K), 0.0490849 secs] [Times: user=0.45 sys=0.02, real=0.05 secs] 
2022-01-17T00:25:41.218+0800: 0.626: [GC (Allocation Failure) 2022-01-17T00:25:41.218+0800: 0.626: [ParNew: 629120K->69888K(629120K), 0.0496396 secs] 1094338K->661400K(2027264K), 0.0497169 secs] [Times: user=0.44 sys=0.02, real=0.05 secs] 
2022-01-17T00:25:41.334+0800: 0.742: [GC (Allocation Failure) 2022-01-17T00:25:41.334+0800: 0.742: [ParNew: 629120K->69888K(629120K), 0.0536134 secs] 1220632K->790732K(2027264K), 0.0536932 secs] [Times: user=0.61 sys=0.00, real=0.05 secs] 
2022-01-17T00:25:41.388+0800: 0.796: [GC (CMS Initial Mark) [1 CMS-initial-mark: 720844K(1398144K)] 790804K(2027264K), 0.0001816 secs] [Times: user=0.00 sys=0.00, real=0.00 secs] 
2022-01-17T00:25:41.388+0800: 0.796: [CMS-concurrent-mark-start]
2022-01-17T00:25:41.392+0800: 0.799: [CMS-concurrent-mark: 0.003/0.003 secs] [Times: user=0.00 sys=0.00, real=0.00 secs] 
2022-01-17T00:25:41.392+0800: 0.799: [CMS-concurrent-preclean-start]
2022-01-17T00:25:41.393+0800: 0.801: [CMS-concurrent-preclean: 0.001/0.001 secs] [Times: user=0.00 sys=0.00, real=0.00 secs] 
2022-01-17T00:25:41.393+0800: 0.801: [CMS-concurrent-abortable-preclean-start]
2022-01-17T00:25:41.450+0800: 0.858: [GC (Allocation Failure) 2022-01-17T00:25:41.450+0800: 0.858: [ParNew2022-01-17T00:25:41.497+0800: 0.904: [CMS-concurrent-abortable-preclean: 0.001/0.103 secs] [Times: user=0.50 sys=0.03, real=0.10 secs] 
: 629120K->69888K(629120K), 0.0496670 secs] 1349964K->912590K(2027264K), 0.0497227 secs] [Times: user=0.44 sys=0.03, real=0.05 secs] 
2022-01-17T00:25:41.500+0800: 0.907: [GC (CMS Final Remark) [YG occupancy: 69975 K (629120 K)]2022-01-17T00:25:41.500+0800: 0.907: [Rescan (parallel) , 0.0003843 secs]2022-01-17T00:25:41.500+0800: 0.908: [weak refs processing, 0.0000089 secs]2022-01-17T00:25:41.500+0800: 0.908: [class unloading, 0.0001727 secs]2022-01-17T00:25:41.501+0800: 0.908: [scrub symbol table, 0.0002584 secs]2022-01-17T00:25:41.501+0800: 0.908: [scrub string table, 0.0000729 secs][1 CMS-remark: 842702K(1398144K)] 912677K(2027264K), 0.0009502 secs] [Times: user=0.00 sys=0.00, real=0.00 secs] 
2022-01-17T00:25:41.501+0800: 0.908: [CMS-concurrent-sweep-start]
2022-01-17T00:25:41.502+0800: 0.909: [CMS-concurrent-sweep: 0.001/0.001 secs] [Times: user=0.00 sys=0.00, real=0.00 secs] 
2022-01-17T00:25:41.502+0800: 0.909: [CMS-concurrent-reset-start]
2022-01-17T00:25:41.505+0800: 0.912: [CMS-concurrent-reset: 0.003/0.003 secs] [Times: user=0.00 sys=0.00, real=0.00 secs] 
2022-01-17T00:25:41.554+0800: 0.962: [GC (Allocation Failure) 2022-01-17T00:25:41.554+0800: 0.962: [ParNew: 629120K->69886K(629120K), 0.0233023 secs] 1038284K->590754K(2027264K), 0.0234194 secs] [Times: user=0.14 sys=0.02, real=0.02 secs] 
2022-01-17T00:25:41.632+0800: 1.040: [GC (Allocation Failure) 2022-01-17T00:25:41.632+0800: 1.040: [ParNew: 629118K->69887K(629120K), 0.0257912 secs] 1149986K->721075K(2027264K), 0.0258716 secs] [Times: user=0.31 sys=0.00, real=0.03 secs] 
2022-01-17T00:25:41.714+0800: 1.121: [GC (Allocation Failure) 2022-01-17T00:25:41.714+0800: 1.121: [ParNew: 629119K->69887K(629120K), 0.0263721 secs] 1280307K->850150K(2027264K), 0.0264437 secs] [Times: user=0.16 sys=0.00, real=0.03 secs] 
2022-01-17T00:25:41.798+0800: 1.206: [GC (Allocation Failure) 2022-01-17T00:25:41.798+0800: 1.206: [ParNew: 629119K->69887K(629120K), 0.0400655 secs] 1409382K->980410K(2027264K), 0.0401200 secs] [Times: user=0.45 sys=0.01, real=0.04 secs] 
2022-01-17T00:25:41.893+0800: 1.301: [GC (Allocation Failure) 2022-01-17T00:25:41.893+0800: 1.301: [ParNew: 628900K->69887K(629120K), 0.0454261 secs] 1539423K->1098259K(2027264K), 0.0454819 secs] [Times: user=0.38 sys=0.06, real=0.05 secs] 
2022-01-17T00:25:41.938+0800: 1.346: [GC (CMS Initial Mark) [1 CMS-initial-mark: 1028372K(1398144K)] 1098924K(2027264K), 0.0001189 secs] [Times: user=0.00 sys=0.00, real=0.00 secs] 
2022-01-17T00:25:41.938+0800: 1.346: [CMS-concurrent-mark-start]
2022-01-17T00:25:41.940+0800: 1.348: [CMS-concurrent-mark: 0.002/0.002 secs] [Times: user=0.00 sys=0.00, real=0.00 secs] 
2022-01-17T00:25:41.940+0800: 1.348: [CMS-concurrent-preclean-start]
2022-01-17T00:25:41.941+0800: 1.349: [CMS-concurrent-preclean: 0.001/0.001 secs] [Times: user=0.00 sys=0.00, real=0.00 secs] 
2022-01-17T00:25:41.941+0800: 1.349: [CMS-concurrent-abortable-preclean-start]
2022-01-17T00:25:41.994+0800: 1.402: [GC (Allocation Failure) 2022-01-17T00:25:41.994+0800: 1.402: [ParNew: 629119K->69886K(629120K), 0.0499624 secs] 1657491K->1226452K(2027264K), 0.0500393 secs] [Times: user=0.39 sys=0.05, real=0.05 secs] 
2022-01-17T00:25:42.102+0800: 1.510: [GC (Allocation Failure) 2022-01-17T00:25:42.102+0800: 1.510: [ParNew: 629118K->69887K(629120K), 0.0447700 secs] 1785684K->1346262K(2027264K), 0.0448422 secs] [Times: user=0.28 sys=0.03, real=0.05 secs] 
2022-01-17T00:25:42.198+0800: 1.605: [GC (Allocation Failure) 2022-01-17T00:25:42.198+0800: 1.605: [ParNew: 629119K->629119K(629120K), 0.0000181 secs]2022-01-17T00:25:42.198+0800: 1.605: [CMS2022-01-17T00:25:42.198+0800: 1.605: [CMS-concurrent-abortable-preclean: 0.007/0.256 secs] [Times: user=0.88 sys=0.08, real=0.26 secs] 
 (concurrent mode failure): 1276374K->379280K(1398144K), 0.0508780 secs] 1905494K->379280K(2027264K), [Metaspace: 2702K->2702K(1056768K)], 0.0509819 secs] [Times: user=0.05 sys=0.00, real=0.05 secs] 
2022-01-17T00:25:42.295+0800: 1.703: [GC (Allocation Failure) 2022-01-17T00:25:42.295+0800: 1.703: [ParNew: 559232K->69887K(629120K), 0.0199531 secs] 938512K->538464K(2027264K), 0.0200204 secs] [Times: user=0.16 sys=0.00, real=0.02 secs] 
2022-01-17T00:25:42.364+0800: 1.772: [GC (Allocation Failure) 2022-01-17T00:25:42.364+0800: 1.772: [ParNew: 629119K->69887K(629120K), 0.0260545 secs] 1097696K->676324K(2027264K), 0.0261185 secs] [Times: user=0.31 sys=0.00, real=0.03 secs] 
2022-01-17T00:25:42.441+0800: 1.849: [GC (Allocation Failure) 2022-01-17T00:25:42.441+0800: 1.849: [ParNew: 629119K->69887K(629120K), 0.0243727 secs] 1235556K->804001K(2027264K), 0.0244354 secs] [Times: user=0.31 sys=0.00, real=0.02 secs] 
2022-01-17T00:25:42.515+0800: 1.923: [GC (Allocation Failure) 2022-01-17T00:25:42.515+0800: 1.923: [ParNew: 628918K->69888K(629120K), 0.0252220 secs] 1363033K->935471K(2027264K), 0.0252848 secs] [Times: user=0.31 sys=0.00, real=0.03 secs] 
2022-01-17T00:25:42.590+0800: 1.998: [GC (Allocation Failure) 2022-01-17T00:25:42.590+0800: 1.998: [ParNew: 629120K->69887K(629120K), 0.0240587 secs] 1494703K->1061269K(2027264K), 0.0241219 secs] [Times: user=0.16 sys=0.00, real=0.02 secs] 
2022-01-17T00:25:42.614+0800: 2.023: [GC (CMS Initial Mark) [1 CMS-initial-mark: 991381K(1398144K)] 1072951K(2027264K), 0.0005362 secs] [Times: user=0.00 sys=0.00, real=0.00 secs] 
2022-01-17T00:25:42.615+0800: 2.023: [CMS-concurrent-mark-start]
2022-01-17T00:25:42.617+0800: 2.025: [CMS-concurrent-mark: 0.002/0.002 secs] [Times: user=0.06 sys=0.00, real=0.00 secs] 
2022-01-17T00:25:42.617+0800: 2.025: [CMS-concurrent-preclean-start]
2022-01-17T00:25:42.618+0800: 2.026: [CMS-concurrent-preclean: 0.001/0.001 secs] [Times: user=0.00 sys=0.00, real=0.00 secs] 
2022-01-17T00:25:42.618+0800: 2.026: [CMS-concurrent-abortable-preclean-start]
2022-01-17T00:25:42.664+0800: 2.072: [GC (Allocation Failure) 2022-01-17T00:25:42.664+0800: 2.072: [ParNew: 629119K->69887K(629120K), 0.0239536 secs] 1620501K->1187656K(2027264K), 0.0240214 secs] [Times: user=0.16 sys=0.00, real=0.02 secs] 
2022-01-17T00:25:42.739+0800: 2.147: [GC (Allocation Failure) 2022-01-17T00:25:42.739+0800: 2.147: [ParNew: 629119K->69887K(629120K), 0.0229685 secs] 1746888K->1305211K(2027264K), 0.0230373 secs] [Times: user=0.31 sys=0.00, real=0.02 secs] 
2022-01-17T00:25:42.812+0800: 2.220: [GC (Allocation Failure) 2022-01-17T00:25:42.812+0800: 2.220: [ParNew: 629119K->69887K(629120K), 0.0390685 secs] 1864443K->1431782K(2027264K), 0.0391379 secs] [Times: user=0.30 sys=0.01, real=0.04 secs] 
2022-01-17T00:25:42.852+0800: 2.259: [CMS-concurrent-abortable-preclean: 0.007/0.233 secs] [Times: user=0.91 sys=0.01, real=0.23 secs] 
2022-01-17T00:25:42.852+0800: 2.259: [GC (CMS Final Remark) [YG occupancy: 82308 K (629120 K)]2022-01-17T00:25:42.852+0800: 2.259: [Rescan (parallel) , 0.0005205 secs]2022-01-17T00:25:42.852+0800: 2.260: [weak refs processing, 0.0000081 secs]2022-01-17T00:25:42.852+0800: 2.260: [class unloading, 0.0001604 secs]2022-01-17T00:25:42.853+0800: 2.260: [scrub symbol table, 0.0002596 secs]2022-01-17T00:25:42.853+0800: 2.260: [scrub string table, 0.0000717 secs][1 CMS-remark: 1361894K(1398144K)] 1444203K(2027264K), 0.0010693 secs] [Times: user=0.00 sys=0.00, real=0.00 secs] 
2022-01-17T00:25:42.853+0800: 2.261: [CMS-concurrent-sweep-start]
2022-01-17T00:25:42.855+0800: 2.262: [CMS-concurrent-sweep: 0.002/0.002 secs] [Times: user=0.00 sys=0.00, real=0.00 secs] 
2022-01-17T00:25:42.855+0800: 2.262: [CMS-concurrent-reset-start]
2022-01-17T00:25:42.856+0800: 2.263: [CMS-concurrent-reset: 0.001/0.001 secs] [Times: user=0.00 sys=0.00, real=0.00 secs] 
2022-01-17T00:25:42.907+0800: 2.314: [GC (Allocation Failure) 2022-01-17T00:25:42.907+0800: 2.314: [ParNew: 629119K->69887K(629120K), 0.0248854 secs] 1316987K->888472K(2027264K), 0.0249403 secs] [Times: user=0.31 sys=0.00, real=0.02 secs] 
2022-01-17T00:25:42.931+0800: 2.339: [GC (CMS Initial Mark) [1 CMS-initial-mark: 818585K(1398144K)] 900311K(2027264K), 0.0005122 secs] [Times: user=0.00 sys=0.00, real=0.00 secs] 
2022-01-17T00:25:42.931+0800: 2.340: [CMS-concurrent-mark-start]
2022-01-17T00:25:42.933+0800: 2.341: [CMS-concurrent-mark: 0.002/0.002 secs] [Times: user=0.00 sys=0.00, real=0.00 secs] 
2022-01-17T00:25:42.933+0800: 2.341: [CMS-concurrent-preclean-start]
2022-01-17T00:25:42.935+0800: 2.343: [CMS-concurrent-preclean: 0.001/0.001 secs] [Times: user=0.00 sys=0.00, real=0.00 secs] 
2022-01-17T00:25:42.936+0800: 2.343: [CMS-concurrent-abortable-preclean-start]
2022-01-17T00:25:42.982+0800: 2.390: [GC (Allocation Failure) 2022-01-17T00:25:42.982+0800: 2.390: [ParNew: 629119K->69887K(629120K), 0.0246635 secs] 1447704K->1013190K(2027264K), 0.0247242 secs] [Times: user=0.16 sys=0.00, real=0.02 secs] 
2022-01-17T00:25:43.057+0800: 2.465: [GC (Allocation Failure) 2022-01-17T00:25:43.058+0800: 2.465: [ParNew: 629119K->69886K(629120K), 0.0246198 secs] 1572422K->1145694K(2027264K), 0.0246789 secs] [Times: user=0.16 sys=0.00, real=0.03 secs] 
2022-01-17T00:25:43.132+0800: 2.539: [GC (Allocation Failure) 2022-01-17T00:25:43.132+0800: 2.539: [ParNew: 629118K->69886K(629120K), 0.0247022 secs] 1704926K->1268278K(2027264K), 0.0247684 secs] [Times: user=0.31 sys=0.00, real=0.03 secs] 
2022-01-17T00:25:43.206+0800: 2.614: [GC (Allocation Failure) 2022-01-17T00:25:43.206+0800: 2.614: [ParNew: 629118K->69887K(629120K), 0.0227131 secs] 1827510K->1384788K(2027264K), 0.0227853 secs] [Times: user=0.31 sys=0.00, real=0.02 secs] 
2022-01-17T00:25:43.231+0800: 2.639: [CMS-concurrent-abortable-preclean: 0.012/0.296 secs] [Times: user=1.17 sys=0.00, real=0.29 secs] 
2022-01-17T00:25:43.232+0800: 2.639: [GC (CMS Final Remark) [YG occupancy: 92801 K (629120 K)]2022-01-17T00:25:43.232+0800: 2.639: [Rescan (parallel) , 0.0006206 secs]2022-01-17T00:25:43.232+0800: 2.640: [weak refs processing, 0.0000100 secs]2022-01-17T00:25:43.232+0800: 2.640: [class unloading, 0.0001713 secs]2022-01-17T00:25:43.232+0800: 2.640: [scrub symbol table, 0.0002660 secs]2022-01-17T00:25:43.233+0800: 2.640: [scrub string table, 0.0000736 secs][1 CMS-remark: 1314900K(1398144K)] 1407702K(2027264K), 0.0012188 secs] [Times: user=0.00 sys=0.00, real=0.00 secs] 
2022-01-17T00:25:43.233+0800: 2.640: [CMS-concurrent-sweep-start]
2022-01-17T00:25:43.235+0800: 2.642: [CMS-concurrent-sweep: 0.002/0.002 secs] [Times: user=0.00 sys=0.00, real=0.00 secs] 
2022-01-17T00:25:43.235+0800: 2.642: [CMS-concurrent-reset-start]
2022-01-17T00:25:43.236+0800: 2.643: [CMS-concurrent-reset: 0.001/0.001 secs] [Times: user=0.00 sys=0.00, real=0.00 secs] 
2022-01-17T00:25:43.281+0800: 2.689: [GC (Allocation Failure) 2022-01-17T00:25:43.281+0800: 2.689: [ParNew: 628798K->69887K(629120K), 0.0255145 secs] 1431883K->1006077K(2027264K), 0.0255781 secs] [Times: user=0.31 sys=0.00, real=0.03 secs] 
2022-01-17T00:25:43.307+0800: 2.715: [GC (CMS Initial Mark) [1 CMS-initial-mark: 936189K(1398144K)] 1017781K(2027264K), 0.0005594 secs] [Times: user=0.00 sys=0.00, real=0.00 secs] 
2022-01-17T00:25:43.307+0800: 2.715: [CMS-concurrent-mark-start]
2022-01-17T00:25:43.309+0800: 2.717: [CMS-concurrent-mark: 0.002/0.002 secs] [Times: user=0.00 sys=0.00, real=0.00 secs] 
2022-01-17T00:25:43.309+0800: 2.717: [CMS-concurrent-preclean-start]
2022-01-17T00:25:43.310+0800: 2.719: [CMS-concurrent-preclean: 0.001/0.001 secs] [Times: user=0.00 sys=0.00, real=0.00 secs] 
2022-01-17T00:25:43.310+0800: 2.719: [CMS-concurrent-abortable-preclean-start]
2022-01-17T00:25:43.356+0800: 2.764: [GC (Allocation Failure) 2022-01-17T00:25:43.357+0800: 2.764: [ParNew: 629119K->69887K(629120K), 0.0249991 secs] 1565309K->1133845K(2027264K), 0.0250707 secs] [Times: user=0.16 sys=0.00, real=0.03 secs] 
2022-01-17T00:25:43.432+0800: 2.840: [GC (Allocation Failure) 2022-01-17T00:25:43.432+0800: 2.840: [ParNew: 629119K->69886K(629120K), 0.0245380 secs] 1693077K->1255810K(2027264K), 0.0245963 secs] [Times: user=0.16 sys=0.00, real=0.03 secs] 
2022-01-17T00:25:43.507+0800: 2.914: [GC (Allocation Failure) 2022-01-17T00:25:43.507+0800: 2.914: [ParNew: 629118K->69887K(629120K), 0.0253355 secs] 1815042K->1384663K(2027264K), 0.0254047 secs] [Times: user=0.31 sys=0.00, real=0.03 secs] 
2022-01-17T00:25:43.534+0800: 2.941: [CMS-concurrent-abortable-preclean: 0.008/0.223 secs] [Times: user=0.80 sys=0.00, real=0.22 secs] 
2022-01-17T00:25:43.534+0800: 2.942: [GC (CMS Final Remark) [YG occupancy: 93132 K (629120 K)]2022-01-17T00:25:43.534+0800: 2.942: [Rescan (parallel) , 0.0005647 secs]2022-01-17T00:25:43.535+0800: 2.942: [weak refs processing, 0.0000106 secs]2022-01-17T00:25:43.535+0800: 2.942: [class unloading, 0.0001867 secs]2022-01-17T00:25:43.535+0800: 2.943: [scrub symbol table, 0.0002824 secs]2022-01-17T00:25:43.535+0800: 2.943: [scrub string table, 0.0000835 secs][1 CMS-remark: 1314776K(1398144K)] 1407908K(2027264K), 0.0011865 secs] [Times: user=0.00 sys=0.00, real=0.00 secs] 
2022-01-17T00:25:43.536+0800: 2.943: [CMS-concurrent-sweep-start]
2022-01-17T00:25:43.538+0800: 2.946: [CMS-concurrent-sweep: 0.003/0.003 secs] [Times: user=0.00 sys=0.00, real=0.00 secs] 
2022-01-17T00:25:43.539+0800: 2.946: [CMS-concurrent-reset-start]
2022-01-17T00:25:43.540+0800: 2.947: [CMS-concurrent-reset: 0.001/0.001 secs] [Times: user=0.02 sys=0.00, real=0.00 secs] 
2022-01-17T00:25:43.584+0800: 2.992: [GC (Allocation Failure) 2022-01-17T00:25:43.584+0800: 2.992: [ParNew: 629119K->69886K(629120K), 0.0266557 secs] 1316750K->885365K(2027264K), 0.0267206 secs] [Times: user=0.31 sys=0.00, real=0.03 secs] 
2022-01-17T00:25:43.610+0800: 3.019: [GC (CMS Initial Mark) [1 CMS-initial-mark: 815478K(1398144K)] 897209K(2027264K), 0.0002929 secs] [Times: user=0.00 sys=0.00, real=0.00 secs] 
2022-01-17T00:25:43.611+0800: 3.019: [CMS-concurrent-mark-start]
2022-01-17T00:25:43.612+0800: 3.021: [CMS-concurrent-mark: 0.002/0.002 secs] [Times: user=0.00 sys=0.00, real=0.00 secs] 
2022-01-17T00:25:43.613+0800: 3.021: [CMS-concurrent-preclean-start]
2022-01-17T00:25:43.614+0800: 3.022: [CMS-concurrent-preclean: 0.001/0.001 secs] [Times: user=0.00 sys=0.00, real=0.00 secs] 
2022-01-17T00:25:43.614+0800: 3.022: [CMS-concurrent-abortable-preclean-start]
Heap
 par new generation   total 629120K, used 597826K [0x0000000080000000, 0x00000000aaaa0000, 0x00000000aaaa0000)
  eden space 559232K,  94% used [0x0000000080000000, 0x00000000a0390c80, 0x00000000a2220000)
  from space 69888K,  99% used [0x00000000a2220000, 0x00000000a665fbe8, 0x00000000a6660000)
  to   space 69888K,   0% used [0x00000000a6660000, 0x00000000a6660000, 0x00000000aaaa0000)
 concurrent mark-sweep generation total 1398144K, used 815478K [0x00000000aaaa0000, 0x0000000100000000, 0x0000000100000000)
 Metaspace       used 2716K, capacity 4490K, committed 4864K, reserved 1056768K
  class space    used 291K, capacity 386K, committed 512K, reserved 1048576K
