Java HotSpot(TM) 64-Bit Server VM (25.231-b11) for windows-amd64 JRE (1.8.0_231-b11), built on Oct  5 2019 03:11:30 by "java_re" with MS VC++ 10.0 (VS2010)
Memory: 4k page, physical 16718268k(8522856k free), swap 19208636k(3975340k free)
CommandLine flags: -XX:InitialHeapSize=2147483648 -XX:MaxHeapSize=2147483648 -XX:+PrintGC -XX:+PrintGCDateStamps -XX:+PrintGCDetails -XX:+PrintGCTimeStamps -XX:-UseAdaptiveSizePolicy -XX:+UseCompressedClassPointers -XX:+UseCompressedOops -XX:-UseLargePagesIndividualAllocation -XX:+UseSerialGC 
2022-01-17T00:25:32.337+0800: 0.234: [GC (Allocation Failure) 2022-01-17T00:25:32.337+0800: 0.234: [DefNew: 559232K->69888K(629120K), 0.0435059 secs] 559232K->143982K(2027264K), 0.0436718 secs] [Times: user=0.02 sys=0.02, real=0.04 secs] 
2022-01-17T00:25:32.440+0800: 0.337: [GC (Allocation Failure) 2022-01-17T00:25:32.440+0800: 0.337: [DefNew: 629120K->69887K(629120K), 0.0607497 secs] 703214K->265404K(2027264K), 0.0608191 secs] [Times: user=0.00 sys=0.06, real=0.06 secs] 
2022-01-17T00:25:32.560+0800: 0.456: [GC (Allocation Failure) 2022-01-17T00:25:32.560+0800: 0.456: [DefNew: 629119K->69887K(629120K), 0.0495204 secs] 824636K->396299K(2027264K), 0.0496008 secs] [Times: user=0.01 sys=0.03, real=0.05 secs] 
2022-01-17T00:25:32.666+0800: 0.563: [GC (Allocation Failure) 2022-01-17T00:25:32.666+0800: 0.563: [DefNew: 629119K->69887K(629120K), 0.0525380 secs] 955531K->525265K(2027264K), 0.0526046 secs] [Times: user=0.03 sys=0.02, real=0.05 secs] 
2022-01-17T00:25:32.777+0800: 0.674: [GC (Allocation Failure) 2022-01-17T00:25:32.777+0800: 0.674: [DefNew: 629119K->69888K(629120K), 0.0510173 secs] 1084497K->648694K(2027264K), 0.0510906 secs] [Times: user=0.03 sys=0.02, real=0.05 secs] 
2022-01-17T00:25:32.894+0800: 0.790: [GC (Allocation Failure) 2022-01-17T00:25:32.894+0800: 0.790: [DefNew: 629120K->69887K(629120K), 0.0603661 secs] 1207926K->784681K(2027264K), 0.0604321 secs] [Times: user=0.03 sys=0.03, real=0.06 secs] 
2022-01-17T00:25:33.011+0800: 0.908: [GC (Allocation Failure) 2022-01-17T00:25:33.011+0800: 0.908: [DefNew: 629119K->69887K(629120K), 0.0510033 secs] 1343913K->910358K(2027264K), 0.0510588 secs] [Times: user=0.03 sys=0.02, real=0.05 secs] 
2022-01-17T00:25:33.118+0800: 1.015: [GC (Allocation Failure) 2022-01-17T00:25:33.118+0800: 1.015: [DefNew: 629119K->69887K(629120K), 0.0504075 secs] 1469590K->1031590K(2027264K), 0.0504723 secs] [Times: user=0.03 sys=0.01, real=0.05 secs] 
2022-01-17T00:25:33.225+0800: 1.121: [GC (Allocation Failure) 2022-01-17T00:25:33.225+0800: 1.122: [DefNew: 629119K->69887K(629120K), 0.0489378 secs] 1590822K->1155614K(2027264K), 0.0490155 secs] [Times: user=0.03 sys=0.03, real=0.05 secs] 
2022-01-17T00:25:33.327+0800: 1.225: [GC (Allocation Failure) 2022-01-17T00:25:33.327+0800: 1.225: [DefNew: 629119K->69887K(629120K), 0.0455240 secs] 1714846K->1267473K(2027264K), 0.0455732 secs] [Times: user=0.03 sys=0.02, real=0.05 secs] 
2022-01-17T00:25:33.426+0800: 1.323: [GC (Allocation Failure) 2022-01-17T00:25:33.426+0800: 1.323: [DefNew: 629119K->69887K(629120K), 0.0536373 secs] 1826705K->1402893K(2027264K), 0.0536826 secs] [Times: user=0.05 sys=0.02, real=0.05 secs] 
2022-01-17T00:25:33.534+0800: 1.431: [GC (Allocation Failure) 2022-01-17T00:25:33.534+0800: 1.431: [DefNew: 629119K->629119K(629120K), 0.0000130 secs]2022-01-17T00:25:33.534+0800: 1.431: [Tenured: 1333005K->429101K(1398144K), 0.0436531 secs] 1962125K->429101K(2027264K), [Metaspace: 2702K->2702K(1056768K)], 0.0437298 secs] [Times: user=0.05 sys=0.00, real=0.04 secs] 
2022-01-17T00:25:33.629+0800: 1.525: [GC (Allocation Failure) 2022-01-17T00:25:33.629+0800: 1.525: [DefNew: 559232K->69888K(629120K), 0.0184138 secs] 988333K->582061K(2027264K), 0.0184827 secs] [Times: user=0.01 sys=0.00, real=0.02 secs] 
2022-01-17T00:25:33.700+0800: 1.597: [GC (Allocation Failure) 2022-01-17T00:25:33.700+0800: 1.597: [DefNew: 629120K->69887K(629120K), 0.0250244 secs] 1141293K->705924K(2027264K), 0.0250930 secs] [Times: user=0.02 sys=0.00, real=0.02 secs] 
2022-01-17T00:25:33.779+0800: 1.676: [GC (Allocation Failure) 2022-01-17T00:25:33.779+0800: 1.676: [DefNew: 629119K->69887K(629120K), 0.0244000 secs] 1265156K->830186K(2027264K), 0.0245188 secs] [Times: user=0.02 sys=0.00, real=0.02 secs] 
2022-01-17T00:25:33.857+0800: 1.754: [GC (Allocation Failure) 2022-01-17T00:25:33.857+0800: 1.754: [DefNew: 629119K->69887K(629120K), 0.0228446 secs] 1389418K->954768K(2027264K), 0.0229103 secs] [Times: user=0.02 sys=0.00, real=0.02 secs] 
2022-01-17T00:25:33.930+0800: 1.826: [GC (Allocation Failure) 2022-01-17T00:25:33.930+0800: 1.826: [DefNew: 629119K->69888K(629120K), 0.0228283 secs] 1514000K->1077780K(2027264K), 0.0228880 secs] [Times: user=0.02 sys=0.00, real=0.02 secs] 
2022-01-17T00:25:34.005+0800: 1.901: [GC (Allocation Failure) 2022-01-17T00:25:34.005+0800: 1.901: [DefNew: 629120K->69887K(629120K), 0.0232695 secs] 1637012K->1203368K(2027264K), 0.0233302 secs] [Times: user=0.03 sys=0.00, real=0.02 secs] 
2022-01-17T00:25:34.076+0800: 1.974: [GC (Allocation Failure) 2022-01-17T00:25:34.076+0800: 1.974: [DefNew: 629119K->69887K(629120K), 0.0227417 secs] 1762600K->1328698K(2027264K), 0.0228127 secs] [Times: user=0.02 sys=0.00, real=0.02 secs] 
2022-01-17T00:25:34.147+0800: 2.045: [GC (Allocation Failure) 2022-01-17T00:25:34.147+0800: 2.045: [DefNew: 629119K->629119K(629120K), 0.0000135 secs]2022-01-17T00:25:34.147+0800: 2.045: [Tenured: 1258811K->437802K(1398144K), 0.0434884 secs] 1887930K->437802K(2027264K), [Metaspace: 2702K->2702K(1056768K)], 0.0435816 secs] [Times: user=0.05 sys=0.00, real=0.04 secs] 
2022-01-17T00:25:34.241+0800: 2.138: [GC (Allocation Failure) 2022-01-17T00:25:34.241+0800: 2.138: [DefNew: 559232K->69888K(629120K), 0.0183863 secs] 997034K->596693K(2027264K), 0.0184426 secs] [Times: user=0.03 sys=0.00, real=0.02 secs] 
2022-01-17T00:25:34.310+0800: 2.207: [GC (Allocation Failure) 2022-01-17T00:25:34.310+0800: 2.207: [DefNew: 629120K->69888K(629120K), 0.0222829 secs] 1155925K->716046K(2027264K), 0.0223537 secs] [Times: user=0.02 sys=0.00, real=0.02 secs] 
2022-01-17T00:25:34.380+0800: 2.277: [GC (Allocation Failure) 2022-01-17T00:25:34.380+0800: 2.277: [DefNew: 629120K->69887K(629120K), 0.0235570 secs] 1275278K->847630K(2027264K), 0.0236175 secs] [Times: user=0.03 sys=0.00, real=0.02 secs] 
2022-01-17T00:25:34.452+0800: 2.349: [GC (Allocation Failure) 2022-01-17T00:25:34.452+0800: 2.349: [DefNew: 629119K->69887K(629120K), 0.0235424 secs] 1406862K->981967K(2027264K), 0.0236134 secs] [Times: user=0.03 sys=0.00, real=0.02 secs] 
2022-01-17T00:25:34.525+0800: 2.422: [GC (Allocation Failure) 2022-01-17T00:25:34.525+0800: 2.422: [DefNew: 629119K->69888K(629120K), 0.0212005 secs] 1541199K->1095298K(2027264K), 0.0212522 secs] [Times: user=0.02 sys=0.00, real=0.02 secs] 
2022-01-17T00:25:34.596+0800: 2.493: [GC (Allocation Failure) 2022-01-17T00:25:34.596+0800: 2.493: [DefNew: 629120K->69887K(629120K), 0.0220161 secs] 1654530K->1215081K(2027264K), 0.0220831 secs] [Times: user=0.03 sys=0.00, real=0.02 secs] 
2022-01-17T00:25:34.667+0800: 2.564: [GC (Allocation Failure) 2022-01-17T00:25:34.667+0800: 2.564: [DefNew: 629119K->69888K(629120K), 0.0238033 secs] 1774313K->1343706K(2027264K), 0.0238635 secs] [Times: user=0.02 sys=0.00, real=0.02 secs] 
2022-01-17T00:25:34.741+0800: 2.637: [GC (Allocation Failure) 2022-01-17T00:25:34.741+0800: 2.637: [DefNew: 629120K->629120K(629120K), 0.0000132 secs]2022-01-17T00:25:34.741+0800: 2.637: [Tenured: 1273818K->441366K(1398144K), 0.0462167 secs] 1902938K->441366K(2027264K), [Metaspace: 2702K->2702K(1056768K)], 0.0463093 secs] [Times: user=0.05 sys=0.00, real=0.05 secs] 
2022-01-17T00:25:34.835+0800: 2.733: [GC (Allocation Failure) 2022-01-17T00:25:34.835+0800: 2.733: [DefNew: 559232K->69888K(629120K), 0.0188000 secs] 1000598K->598951K(2027264K), 0.0188654 secs] [Times: user=0.03 sys=0.00, real=0.02 secs] 
2022-01-17T00:25:34.903+0800: 2.800: [GC (Allocation Failure) 2022-01-17T00:25:34.903+0800: 2.800: [DefNew: 629120K->69887K(629120K), 0.0243591 secs] 1158183K->738400K(2027264K), 0.0244256 secs] [Times: user=0.02 sys=0.00, real=0.02 secs] 
2022-01-17T00:25:34.976+0800: 2.873: [GC (Allocation Failure) 2022-01-17T00:25:34.976+0800: 2.873: [DefNew: 629119K->69887K(629120K), 0.0223209 secs] 1297632K->856979K(2027264K), 0.0223871 secs] [Times: user=0.03 sys=0.00, real=0.02 secs] 
2022-01-17T00:25:35.047+0800: 2.944: [GC (Allocation Failure) 2022-01-17T00:25:35.048+0800: 2.944: [DefNew: 629119K->69887K(629120K), 0.0217742 secs] 1416211K->972276K(2027264K), 0.0218453 secs] [Times: user=0.02 sys=0.00, real=0.02 secs] 
2022-01-17T00:25:35.120+0800: 3.017: [GC (Allocation Failure) 2022-01-17T00:25:35.120+0800: 3.017: [DefNew: 629119K->69887K(629120K), 0.0218949 secs] 1531508K->1088748K(2027264K), 0.0219444 secs] [Times: user=0.01 sys=0.00, real=0.02 secs] 
Heap
 def new generation   total 629120K, used 363614K [0x0000000080000000, 0x00000000aaaa0000, 0x00000000aaaa0000)
  eden space 559232K,  52% used [0x0000000080000000, 0x0000000091ed7b38, 0x00000000a2220000)
  from space 69888K,  99% used [0x00000000a2220000, 0x00000000a665fff8, 0x00000000a6660000)
  to   space 69888K,   0% used [0x00000000a6660000, 0x00000000a6660000, 0x00000000aaaa0000)
 tenured generation   total 1398144K, used 1018860K [0x00000000aaaa0000, 0x0000000100000000, 0x0000000100000000)
   the space 1398144K,  72% used [0x00000000aaaa0000, 0x00000000e8d9b088, 0x00000000e8d9b200, 0x0000000100000000)
 Metaspace       used 2716K, capacity 4490K, committed 4864K, reserved 1056768K
  class space    used 291K, capacity 386K, committed 512K, reserved 1048576K
