Java HotSpot(TM) 64-Bit Server VM (25.231-b11) for windows-amd64 JRE (1.8.0_231-b11), built on Oct  5 2019 03:11:30 by "java_re" with MS VC++ 10.0 (VS2010)
Memory: 4k page, physical 16718268k(8614948k free), swap 19505956k(4277880k free)
CommandLine flags: -XX:InitialHeapSize=3221225472 -XX:MaxHeapSize=3221225472 -XX:+PrintGC -XX:+PrintGCDateStamps -XX:+PrintGCDetails -XX:+PrintGCTimeStamps -XX:-UseAdaptiveSizePolicy -XX:+UseCompressedClassPointers -XX:+UseCompressedOops -XX:+UseG1GC -XX:-UseLargePagesIndividualAllocation 
2022-01-17T00:26:03.199+0800: 0.159: [GC pause (G1 Evacuation Pause) (young), 0.0093043 secs]
   [Parallel Time: 7.3 ms, GC Workers: 10]
      [GC Worker Start (ms): Min: 159.4, Avg: 159.5, Max: 159.6, Diff: 0.1]
      [Ext Root Scanning (ms): Min: 0.1, Avg: 0.1, Max: 0.2, Diff: 0.1, Sum: 1.1]
      [Update RS (ms): Min: 0.3, Avg: 0.4, Max: 0.4, Diff: 0.0, Sum: 3.7]
         [Processed Buffers: Min: 6, Avg: 6.1, Max: 7, Diff: 1, Sum: 61]
      [Scan RS (ms): Min: 0.0, Avg: 0.0, Max: 0.0, Diff: 0.0, Sum: 0.1]
      [Code Root Scanning (ms): Min: 0.0, Avg: 0.0, Max: 0.0, Diff: 0.0, Sum: 0.0]
      [Object Copy (ms): Min: 6.1, Avg: 6.2, Max: 6.3, Diff: 0.2, Sum: 61.7]
      [Termination (ms): Min: 0.0, Avg: 0.1, Max: 0.2, Diff: 0.2, Sum: 1.1]
         [Termination Attempts: Min: 1, Avg: 1.0, Max: 1, Diff: 0, Sum: 10]
      [GC Worker Other (ms): Min: 0.0, Avg: 0.0, Max: 0.0, Diff: 0.0, Sum: 0.3]
      [GC Worker Total (ms): Min: 6.8, Avg: 6.8, Max: 6.9, Diff: 0.1, Sum: 68.1]
      [GC Worker End (ms): Min: 166.3, Avg: 166.3, Max: 166.3, Diff: 0.0]
   [Code Root Fixup: 0.0 ms]
   [Code Root Purge: 0.0 ms]
   [Clear CT: 0.6 ms]
   [Other: 1.4 ms]
      [Choose CSet: 0.0 ms]
      [Ref Proc: 0.5 ms]
      [Ref Enq: 0.0 ms]
      [Redirty Cards: 0.5 ms]
      [Humongous Register: 0.1 ms]
      [Humongous Reclaim: 0.1 ms]
      [Free CSet: 0.0 ms]
   [Eden: 153.0M(153.0M)->0.0B(133.0M) Survivors: 0.0B->20.0M Heap: 188.9M(3072.0M)->74.4M(3072.0M)]
 [Times: user=0.00 sys=0.00, real=0.01 secs] 
2022-01-17T00:26:03.236+0800: 0.197: [GC pause (G1 Evacuation Pause) (young), 0.0090694 secs]
   [Parallel Time: 7.3 ms, GC Workers: 10]
      [GC Worker Start (ms): Min: 196.9, Avg: 197.0, Max: 197.1, Diff: 0.2]
      [Ext Root Scanning (ms): Min: 0.0, Avg: 0.1, Max: 0.2, Diff: 0.2, Sum: 0.8]
      [Update RS (ms): Min: 0.3, Avg: 0.3, Max: 0.4, Diff: 0.1, Sum: 3.4]
         [Processed Buffers: Min: 5, Avg: 6.7, Max: 9, Diff: 4, Sum: 67]
      [Scan RS (ms): Min: 0.0, Avg: 0.0, Max: 0.0, Diff: 0.0, Sum: 0.1]
      [Code Root Scanning (ms): Min: 0.0, Avg: 0.0, Max: 0.0, Diff: 0.0, Sum: 0.0]
      [Object Copy (ms): Min: 6.3, Avg: 6.4, Max: 6.4, Diff: 0.1, Sum: 63.8]
      [Termination (ms): Min: 0.0, Avg: 0.1, Max: 0.1, Diff: 0.1, Sum: 0.6]
         [Termination Attempts: Min: 1, Avg: 1.0, Max: 1, Diff: 0, Sum: 10]
      [GC Worker Other (ms): Min: 0.0, Avg: 0.0, Max: 0.0, Diff: 0.0, Sum: 0.1]
      [GC Worker Total (ms): Min: 6.8, Avg: 6.9, Max: 7.0, Diff: 0.2, Sum: 68.8]
      [GC Worker End (ms): Min: 203.9, Avg: 203.9, Max: 203.9, Diff: 0.0]
   [Code Root Fixup: 0.0 ms]
   [Code Root Purge: 0.0 ms]
   [Clear CT: 0.6 ms]
   [Other: 1.1 ms]
      [Choose CSet: 0.0 ms]
      [Ref Proc: 0.4 ms]
      [Ref Enq: 0.0 ms]
      [Redirty Cards: 0.4 ms]
      [Humongous Register: 0.1 ms]
      [Humongous Reclaim: 0.1 ms]
      [Free CSet: 0.0 ms]
   [Eden: 133.0M(133.0M)->0.0B(133.0M) Survivors: 20.0M->20.0M Heap: 241.7M(3072.0M)->130.4M(3072.0M)]
 [Times: user=0.03 sys=0.13, real=0.01 secs] 
2022-01-17T00:26:03.270+0800: 0.230: [GC pause (G1 Evacuation Pause) (young), 0.0079441 secs]
   [Parallel Time: 6.9 ms, GC Workers: 10]
      [GC Worker Start (ms): Min: 230.3, Avg: 230.3, Max: 230.3, Diff: 0.1]
      [Ext Root Scanning (ms): Min: 0.1, Avg: 0.1, Max: 0.1, Diff: 0.1, Sum: 1.0]
      [Update RS (ms): Min: 0.1, Avg: 0.1, Max: 0.3, Diff: 0.2, Sum: 1.4]
         [Processed Buffers: Min: 1, Avg: 1.9, Max: 3, Diff: 2, Sum: 19]
      [Scan RS (ms): Min: 0.0, Avg: 0.0, Max: 0.0, Diff: 0.0, Sum: 0.1]
      [Code Root Scanning (ms): Min: 0.0, Avg: 0.0, Max: 0.0, Diff: 0.0, Sum: 0.0]
      [Object Copy (ms): Min: 6.2, Avg: 6.4, Max: 6.5, Diff: 0.3, Sum: 63.9]
      [Termination (ms): Min: 0.0, Avg: 0.1, Max: 0.2, Diff: 0.2, Sum: 1.0]
         [Termination Attempts: Min: 1, Avg: 1.0, Max: 1, Diff: 0, Sum: 10]
      [GC Worker Other (ms): Min: 0.0, Avg: 0.0, Max: 0.0, Diff: 0.0, Sum: 0.2]
      [GC Worker Total (ms): Min: 6.7, Avg: 6.8, Max: 6.8, Diff: 0.1, Sum: 67.5]
      [GC Worker End (ms): Min: 237.0, Avg: 237.1, Max: 237.1, Diff: 0.0]
   [Code Root Fixup: 0.0 ms]
   [Code Root Purge: 0.0 ms]
   [Clear CT: 0.2 ms]
   [Other: 0.8 ms]
      [Choose CSet: 0.0 ms]
      [Ref Proc: 0.2 ms]
      [Ref Enq: 0.0 ms]
      [Redirty Cards: 0.2 ms]
      [Humongous Register: 0.1 ms]
      [Humongous Reclaim: 0.1 ms]
      [Free CSet: 0.1 ms]
   [Eden: 133.0M(133.0M)->0.0B(133.0M) Survivors: 20.0M->20.0M Heap: 295.4M(3072.0M)->176.8M(3072.0M)]
 [Times: user=0.05 sys=0.06, real=0.01 secs] 
2022-01-17T00:26:03.300+0800: 0.260: [GC pause (G1 Evacuation Pause) (young), 0.0079572 secs]
   [Parallel Time: 6.4 ms, GC Workers: 10]
      [GC Worker Start (ms): Min: 260.1, Avg: 260.2, Max: 260.3, Diff: 0.2]
      [Ext Root Scanning (ms): Min: 0.0, Avg: 0.0, Max: 0.2, Diff: 0.2, Sum: 0.5]
      [Update RS (ms): Min: 0.1, Avg: 0.1, Max: 0.2, Diff: 0.2, Sum: 1.0]
         [Processed Buffers: Min: 0, Avg: 1.6, Max: 3, Diff: 3, Sum: 16]
      [Scan RS (ms): Min: 0.0, Avg: 0.0, Max: 0.0, Diff: 0.0, Sum: 0.1]
      [Code Root Scanning (ms): Min: 0.0, Avg: 0.0, Max: 0.0, Diff: 0.0, Sum: 0.0]
      [Object Copy (ms): Min: 5.7, Avg: 5.9, Max: 6.1, Diff: 0.4, Sum: 59.5]
      [Termination (ms): Min: 0.0, Avg: 0.1, Max: 0.3, Diff: 0.3, Sum: 1.4]
         [Termination Attempts: Min: 1, Avg: 1.0, Max: 1, Diff: 0, Sum: 10]
      [GC Worker Other (ms): Min: 0.0, Avg: 0.0, Max: 0.0, Diff: 0.0, Sum: 0.1]
      [GC Worker Total (ms): Min: 6.2, Avg: 6.3, Max: 6.4, Diff: 0.2, Sum: 62.6]
      [GC Worker End (ms): Min: 266.5, Avg: 266.5, Max: 266.5, Diff: 0.0]
   [Code Root Fixup: 0.0 ms]
   [Code Root Purge: 0.0 ms]
   [Clear CT: 0.4 ms]
   [Other: 1.1 ms]
      [Choose CSet: 0.0 ms]
      [Ref Proc: 0.2 ms]
      [Ref Enq: 0.0 ms]
      [Redirty Cards: 0.4 ms]
      [Humongous Register: 0.1 ms]
      [Humongous Reclaim: 0.1 ms]
      [Free CSet: 0.1 ms]
   [Eden: 133.0M(133.0M)->0.0B(133.0M) Survivors: 20.0M->20.0M Heap: 345.6M(3072.0M)->225.5M(3072.0M)]
 [Times: user=0.06 sys=0.08, real=0.01 secs] 
2022-01-17T00:26:03.333+0800: 0.294: [GC pause (G1 Evacuation Pause) (young), 0.0086083 secs]
   [Parallel Time: 6.9 ms, GC Workers: 10]
      [GC Worker Start (ms): Min: 293.8, Avg: 293.9, Max: 294.0, Diff: 0.2]
      [Ext Root Scanning (ms): Min: 0.0, Avg: 0.1, Max: 0.2, Diff: 0.2, Sum: 0.6]
      [Update RS (ms): Min: 0.1, Avg: 0.1, Max: 0.4, Diff: 0.3, Sum: 1.5]
         [Processed Buffers: Min: 0, Avg: 2.1, Max: 4, Diff: 4, Sum: 21]
      [Scan RS (ms): Min: 0.0, Avg: 0.0, Max: 0.0, Diff: 0.0, Sum: 0.1]
      [Code Root Scanning (ms): Min: 0.0, Avg: 0.0, Max: 0.0, Diff: 0.0, Sum: 0.0]
      [Object Copy (ms): Min: 6.1, Avg: 6.4, Max: 6.5, Diff: 0.4, Sum: 63.6]
      [Termination (ms): Min: 0.0, Avg: 0.1, Max: 0.3, Diff: 0.3, Sum: 1.5]
         [Termination Attempts: Min: 1, Avg: 1.1, Max: 2, Diff: 1, Sum: 11]
      [GC Worker Other (ms): Min: 0.0, Avg: 0.0, Max: 0.0, Diff: 0.0, Sum: 0.1]
      [GC Worker Total (ms): Min: 6.7, Avg: 6.7, Max: 6.8, Diff: 0.2, Sum: 67.3]
      [GC Worker End (ms): Min: 300.7, Avg: 300.7, Max: 300.7, Diff: 0.0]
   [Code Root Fixup: 0.0 ms]
   [Code Root Purge: 0.0 ms]
   [Clear CT: 0.6 ms]
   [Other: 1.1 ms]
      [Choose CSet: 0.0 ms]
      [Ref Proc: 0.3 ms]
      [Ref Enq: 0.0 ms]
      [Redirty Cards: 0.4 ms]
      [Humongous Register: 0.1 ms]
      [Humongous Reclaim: 0.1 ms]
      [Free CSet: 0.0 ms]
   [Eden: 133.0M(133.0M)->0.0B(133.0M) Survivors: 20.0M->20.0M Heap: 401.7M(3072.0M)->276.6M(3072.0M)]
 [Times: user=0.14 sys=0.02, real=0.01 secs] 
2022-01-17T00:26:03.361+0800: 0.321: [GC pause (G1 Evacuation Pause) (young), 0.0079802 secs]
   [Parallel Time: 7.1 ms, GC Workers: 10]
      [GC Worker Start (ms): Min: 321.6, Avg: 321.6, Max: 321.8, Diff: 0.3]
      [Ext Root Scanning (ms): Min: 0.0, Avg: 0.1, Max: 0.1, Diff: 0.1, Sum: 0.8]
      [Update RS (ms): Min: 0.0, Avg: 0.2, Max: 0.7, Diff: 0.7, Sum: 1.5]
         [Processed Buffers: Min: 0, Avg: 1.8, Max: 3, Diff: 3, Sum: 18]
      [Scan RS (ms): Min: 0.0, Avg: 0.0, Max: 0.0, Diff: 0.0, Sum: 0.1]
      [Code Root Scanning (ms): Min: 0.0, Avg: 0.0, Max: 0.0, Diff: 0.0, Sum: 0.0]
      [Object Copy (ms): Min: 6.0, Avg: 6.5, Max: 6.9, Diff: 0.9, Sum: 65.3]
      [Termination (ms): Min: 0.0, Avg: 0.2, Max: 0.3, Diff: 0.3, Sum: 1.6]
         [Termination Attempts: Min: 1, Avg: 1.4, Max: 2, Diff: 1, Sum: 14]
      [GC Worker Other (ms): Min: 0.0, Avg: 0.0, Max: 0.0, Diff: 0.0, Sum: 0.1]
      [GC Worker Total (ms): Min: 6.7, Avg: 6.9, Max: 7.0, Diff: 0.3, Sum: 69.4]
      [GC Worker End (ms): Min: 328.6, Avg: 328.6, Max: 328.6, Diff: 0.0]
   [Code Root Fixup: 0.0 ms]
   [Code Root Purge: 0.0 ms]
   [Clear CT: 0.1 ms]
   [Other: 0.8 ms]
      [Choose CSet: 0.0 ms]
      [Ref Proc: 0.2 ms]
      [Ref Enq: 0.0 ms]
      [Redirty Cards: 0.1 ms]
      [Humongous Register: 0.2 ms]
      [Humongous Reclaim: 0.1 ms]
      [Free CSet: 0.1 ms]
   [Eden: 133.0M(133.0M)->0.0B(165.0M) Survivors: 20.0M->20.0M Heap: 442.9M(3072.0M)->324.7M(3072.0M)]
 [Times: user=0.03 sys=0.09, real=0.01 secs] 
2022-01-17T00:26:03.400+0800: 0.361: [GC pause (G1 Evacuation Pause) (young), 0.0092698 secs]
   [Parallel Time: 8.0 ms, GC Workers: 10]
      [GC Worker Start (ms): Min: 361.2, Avg: 361.2, Max: 361.3, Diff: 0.1]
      [Ext Root Scanning (ms): Min: 0.0, Avg: 0.1, Max: 0.1, Diff: 0.1, Sum: 0.7]
      [Update RS (ms): Min: 0.1, Avg: 0.1, Max: 0.4, Diff: 0.3, Sum: 1.5]
         [Processed Buffers: Min: 0, Avg: 1.9, Max: 3, Diff: 3, Sum: 19]
      [Scan RS (ms): Min: 0.0, Avg: 0.0, Max: 0.0, Diff: 0.0, Sum: 0.2]
      [Code Root Scanning (ms): Min: 0.0, Avg: 0.0, Max: 0.0, Diff: 0.0, Sum: 0.0]
      [Object Copy (ms): Min: 7.1, Avg: 7.4, Max: 7.5, Diff: 0.4, Sum: 73.8]
      [Termination (ms): Min: 0.0, Avg: 0.1, Max: 0.2, Diff: 0.2, Sum: 1.2]
         [Termination Attempts: Min: 1, Avg: 1.4, Max: 2, Diff: 1, Sum: 14]
      [GC Worker Other (ms): Min: 0.0, Avg: 0.0, Max: 0.0, Diff: 0.0, Sum: 0.1]
      [GC Worker Total (ms): Min: 7.7, Avg: 7.7, Max: 7.8, Diff: 0.1, Sum: 77.4]
      [GC Worker End (ms): Min: 369.0, Avg: 369.0, Max: 369.0, Diff: 0.0]
   [Code Root Fixup: 0.0 ms]
   [Code Root Purge: 0.0 ms]
   [Clear CT: 0.3 ms]
   [Other: 1.0 ms]
      [Choose CSet: 0.0 ms]
      [Ref Proc: 0.2 ms]
      [Ref Enq: 0.0 ms]
      [Redirty Cards: 0.3 ms]
      [Humongous Register: 0.1 ms]
      [Humongous Reclaim: 0.1 ms]
      [Free CSet: 0.1 ms]
   [Eden: 165.0M(165.0M)->0.0B(1702.0M) Survivors: 20.0M->24.0M Heap: 534.0M(3072.0M)->373.2M(3072.0M)]
 [Times: user=0.00 sys=0.00, real=0.01 secs] 
2022-01-17T00:26:03.980+0800: 0.940: [GC pause (G1 Evacuation Pause) (young) (to-space exhausted), 0.0280496 secs]
   [Parallel Time: 24.2 ms, GC Workers: 10]
      [GC Worker Start (ms): Min: 940.3, Avg: 940.4, Max: 940.5, Diff: 0.2]
      [Ext Root Scanning (ms): Min: 0.0, Avg: 0.0, Max: 0.2, Diff: 0.2, Sum: 0.5]
      [Update RS (ms): Min: 0.1, Avg: 0.2, Max: 0.7, Diff: 0.6, Sum: 1.9]
         [Processed Buffers: Min: 0, Avg: 2.4, Max: 3, Diff: 3, Sum: 24]
      [Scan RS (ms): Min: 0.0, Avg: 0.2, Max: 0.2, Diff: 0.2, Sum: 1.9]
      [Code Root Scanning (ms): Min: 0.0, Avg: 0.0, Max: 0.0, Diff: 0.0, Sum: 0.0]
      [Object Copy (ms): Min: 22.7, Avg: 23.0, Max: 23.1, Diff: 0.4, Sum: 229.9]
      [Termination (ms): Min: 0.0, Avg: 0.0, Max: 0.1, Diff: 0.1, Sum: 0.5]
         [Termination Attempts: Min: 1, Avg: 1.0, Max: 1, Diff: 0, Sum: 10]
      [GC Worker Other (ms): Min: 0.0, Avg: 0.1, Max: 0.2, Diff: 0.2, Sum: 0.8]
      [GC Worker Total (ms): Min: 23.4, Avg: 23.5, Max: 23.7, Diff: 0.3, Sum: 235.5]
      [GC Worker End (ms): Min: 963.9, Avg: 963.9, Max: 964.1, Diff: 0.2]
   [Code Root Fixup: 0.0 ms]
   [Code Root Purge: 0.0 ms]
   [Clear CT: 0.6 ms]
   [Other: 3.2 ms]
      [Evacuation Failure: 0.8 ms]
      [Choose CSet: 0.0 ms]
      [Ref Proc: 0.3 ms]
      [Ref Enq: 0.0 ms]
      [Redirty Cards: 0.6 ms]
      [Humongous Register: 0.2 ms]
      [Humongous Reclaim: 0.6 ms]
      [Free CSet: 0.5 ms]
   [Eden: 1702.0M(1702.0M)->0.0B(224.0M) Survivors: 24.0M->195.0M Heap: 2560.8M(3072.0M)->916.6M(3072.0M)]
 [Times: user=0.02 sys=0.16, real=0.03 secs] 
2022-01-17T00:26:04.037+0800: 0.998: [GC pause (G1 Evacuation Pause) (young), 0.0251651 secs]
   [Parallel Time: 23.1 ms, GC Workers: 10]
      [GC Worker Start (ms): Min: 998.2, Avg: 998.3, Max: 998.3, Diff: 0.1]
      [Ext Root Scanning (ms): Min: 0.0, Avg: 0.1, Max: 0.2, Diff: 0.1, Sum: 0.7]
      [Update RS (ms): Min: 0.1, Avg: 0.3, Max: 1.5, Diff: 1.3, Sum: 2.8]
         [Processed Buffers: Min: 0, Avg: 2.5, Max: 3, Diff: 3, Sum: 25]
      [Scan RS (ms): Min: 0.0, Avg: 0.0, Max: 0.0, Diff: 0.0, Sum: 0.2]
      [Code Root Scanning (ms): Min: 0.0, Avg: 0.0, Max: 0.0, Diff: 0.0, Sum: 0.0]
      [Object Copy (ms): Min: 21.3, Avg: 22.4, Max: 22.6, Diff: 1.3, Sum: 224.3]
      [Termination (ms): Min: 0.0, Avg: 0.1, Max: 0.2, Diff: 0.2, Sum: 0.7]
         [Termination Attempts: Min: 1, Avg: 1.2, Max: 2, Diff: 1, Sum: 12]
      [GC Worker Other (ms): Min: 0.0, Avg: 0.0, Max: 0.1, Diff: 0.0, Sum: 0.3]
      [GC Worker Total (ms): Min: 22.8, Avg: 22.9, Max: 23.0, Diff: 0.2, Sum: 229.1]
      [GC Worker End (ms): Min: 1021.2, Avg: 1021.2, Max: 1021.2, Diff: 0.0]
   [Code Root Fixup: 0.0 ms]
   [Code Root Purge: 0.0 ms]
   [Clear CT: 0.5 ms]
   [Other: 1.6 ms]
      [Choose CSet: 0.0 ms]
      [Ref Proc: 0.4 ms]
      [Ref Enq: 0.0 ms]
      [Redirty Cards: 0.4 ms]
      [Humongous Register: 0.2 ms]
      [Humongous Reclaim: 0.2 ms]
      [Free CSet: 0.2 ms]
   [Eden: 224.0M(224.0M)->0.0B(210.0M) Survivors: 195.0M->53.0M Heap: 1200.6M(3072.0M)->939.5M(3072.0M)]
 [Times: user=0.31 sys=0.00, real=0.03 secs] 
2022-01-17T00:26:04.090+0800: 1.050: [GC pause (G1 Evacuation Pause) (young), 0.0124795 secs]
   [Parallel Time: 10.6 ms, GC Workers: 10]
      [GC Worker Start (ms): Min: 1050.5, Avg: 1050.6, Max: 1050.6, Diff: 0.1]
      [Ext Root Scanning (ms): Min: 0.1, Avg: 0.1, Max: 0.1, Diff: 0.1, Sum: 0.9]
      [Update RS (ms): Min: 0.1, Avg: 0.3, Max: 1.9, Diff: 1.8, Sum: 3.0]
         [Processed Buffers: Min: 0, Avg: 2.1, Max: 4, Diff: 4, Sum: 21]
      [Scan RS (ms): Min: 0.0, Avg: 0.0, Max: 0.0, Diff: 0.0, Sum: 0.2]
      [Code Root Scanning (ms): Min: 0.0, Avg: 0.0, Max: 0.0, Diff: 0.0, Sum: 0.0]
      [Object Copy (ms): Min: 8.4, Avg: 10.0, Max: 10.2, Diff: 1.8, Sum: 100.2]
      [Termination (ms): Min: 0.0, Avg: 0.1, Max: 0.1, Diff: 0.1, Sum: 0.5]
         [Termination Attempts: Min: 1, Avg: 1.5, Max: 2, Diff: 1, Sum: 15]
      [GC Worker Other (ms): Min: 0.0, Avg: 0.0, Max: 0.0, Diff: 0.0, Sum: 0.1]
      [GC Worker Total (ms): Min: 10.5, Avg: 10.5, Max: 10.5, Diff: 0.1, Sum: 104.9]
      [GC Worker End (ms): Min: 1061.1, Avg: 1061.1, Max: 1061.1, Diff: 0.0]
   [Code Root Fixup: 0.0 ms]
   [Code Root Purge: 0.0 ms]
   [Clear CT: 0.5 ms]
   [Other: 1.4 ms]
      [Choose CSet: 0.0 ms]
      [Ref Proc: 0.3 ms]
      [Ref Enq: 0.0 ms]
      [Redirty Cards: 0.4 ms]
      [Humongous Register: 0.2 ms]
      [Humongous Reclaim: 0.1 ms]
      [Free CSet: 0.2 ms]
   [Eden: 210.0M(210.0M)->0.0B(338.0M) Survivors: 53.0M->33.0M Heap: 1203.7M(3072.0M)->994.1M(3072.0M)]
 [Times: user=0.00 sys=0.00, real=0.01 secs] 
2022-01-17T00:26:04.148+0800: 1.108: [GC pause (G1 Evacuation Pause) (young), 0.0132740 secs]
   [Parallel Time: 11.4 ms, GC Workers: 10]
      [GC Worker Start (ms): Min: 1108.4, Avg: 1108.5, Max: 1108.5, Diff: 0.1]
      [Ext Root Scanning (ms): Min: 0.0, Avg: 0.1, Max: 0.1, Diff: 0.1, Sum: 0.7]
      [Update RS (ms): Min: 0.1, Avg: 0.2, Max: 1.2, Diff: 1.0, Sum: 2.4]
         [Processed Buffers: Min: 0, Avg: 2.2, Max: 3, Diff: 3, Sum: 22]
      [Scan RS (ms): Min: 0.0, Avg: 0.0, Max: 0.0, Diff: 0.0, Sum: 0.3]
      [Code Root Scanning (ms): Min: 0.0, Avg: 0.0, Max: 0.0, Diff: 0.0, Sum: 0.0]
      [Object Copy (ms): Min: 9.9, Avg: 10.7, Max: 10.9, Diff: 1.0, Sum: 107.5]
      [Termination (ms): Min: 0.0, Avg: 0.0, Max: 0.1, Diff: 0.1, Sum: 0.2]
         [Termination Attempts: Min: 1, Avg: 1.4, Max: 2, Diff: 1, Sum: 14]
      [GC Worker Other (ms): Min: 0.0, Avg: 0.0, Max: 0.1, Diff: 0.1, Sum: 0.2]
      [GC Worker Total (ms): Min: 11.1, Avg: 11.1, Max: 11.2, Diff: 0.1, Sum: 111.3]
      [GC Worker End (ms): Min: 1119.6, Avg: 1119.6, Max: 1119.7, Diff: 0.1]
   [Code Root Fixup: 0.0 ms]
   [Code Root Purge: 0.0 ms]
   [Clear CT: 0.4 ms]
   [Other: 1.4 ms]
      [Choose CSet: 0.0 ms]
      [Ref Proc: 0.3 ms]
      [Ref Enq: 0.0 ms]
      [Redirty Cards: 0.3 ms]
      [Humongous Register: 0.2 ms]
      [Humongous Reclaim: 0.2 ms]
      [Free CSet: 0.2 ms]
   [Eden: 338.0M(338.0M)->0.0B(358.0M) Survivors: 33.0M->47.0M Heap: 1425.3M(3072.0M)->1068.1M(3072.0M)]
 [Times: user=0.16 sys=0.00, real=0.01 secs] 
2022-01-17T00:26:04.207+0800: 1.168: [GC pause (G1 Evacuation Pause) (young), 0.0157062 secs]
   [Parallel Time: 13.7 ms, GC Workers: 10]
      [GC Worker Start (ms): Min: 1168.1, Avg: 1168.2, Max: 1168.2, Diff: 0.1]
      [Ext Root Scanning (ms): Min: 0.1, Avg: 0.1, Max: 0.1, Diff: 0.1, Sum: 0.9]
      [Update RS (ms): Min: 0.2, Avg: 0.3, Max: 1.4, Diff: 1.2, Sum: 3.1]
         [Processed Buffers: Min: 0, Avg: 3.0, Max: 5, Diff: 5, Sum: 30]
      [Scan RS (ms): Min: 0.0, Avg: 0.0, Max: 0.0, Diff: 0.0, Sum: 0.4]
      [Code Root Scanning (ms): Min: 0.0, Avg: 0.0, Max: 0.0, Diff: 0.0, Sum: 0.0]
      [Object Copy (ms): Min: 12.0, Avg: 12.9, Max: 13.0, Diff: 1.1, Sum: 128.6]
      [Termination (ms): Min: 0.0, Avg: 0.2, Max: 0.2, Diff: 0.2, Sum: 1.6]
         [Termination Attempts: Min: 1, Avg: 1.0, Max: 1, Diff: 0, Sum: 10]
      [GC Worker Other (ms): Min: 0.0, Avg: 0.0, Max: 0.0, Diff: 0.0, Sum: 0.2]
      [GC Worker Total (ms): Min: 13.4, Avg: 13.5, Max: 13.5, Diff: 0.1, Sum: 134.8]
      [GC Worker End (ms): Min: 1181.6, Avg: 1181.6, Max: 1181.6, Diff: 0.0]
   [Code Root Fixup: 0.0 ms]
   [Code Root Purge: 0.0 ms]
   [Clear CT: 0.6 ms]
   [Other: 1.5 ms]
      [Choose CSet: 0.0 ms]
      [Ref Proc: 0.4 ms]
      [Ref Enq: 0.0 ms]
      [Redirty Cards: 0.3 ms]
      [Humongous Register: 0.2 ms]
      [Humongous Reclaim: 0.2 ms]
      [Free CSet: 0.2 ms]
   [Eden: 358.0M(358.0M)->0.0B(470.0M) Survivors: 47.0M->51.0M Heap: 1516.2M(3072.0M)->1148.5M(3072.0M)]
 [Times: user=0.14 sys=0.02, real=0.02 secs] 
2022-01-17T00:26:04.289+0800: 1.250: [GC pause (G1 Evacuation Pause) (young), 0.0169028 secs]
   [Parallel Time: 15.6 ms, GC Workers: 10]
      [GC Worker Start (ms): Min: 1250.2, Avg: 1250.2, Max: 1250.6, Diff: 0.4]
      [Ext Root Scanning (ms): Min: 0.0, Avg: 0.1, Max: 0.1, Diff: 0.1, Sum: 1.0]
      [Update RS (ms): Min: 0.0, Avg: 0.3, Max: 1.7, Diff: 1.7, Sum: 3.4]
         [Processed Buffers: Min: 0, Avg: 3.1, Max: 4, Diff: 4, Sum: 31]
      [Scan RS (ms): Min: 0.0, Avg: 0.0, Max: 0.1, Diff: 0.0, Sum: 0.4]
      [Code Root Scanning (ms): Min: 0.0, Avg: 0.0, Max: 0.0, Diff: 0.0, Sum: 0.0]
      [Object Copy (ms): Min: 13.7, Avg: 14.9, Max: 15.1, Diff: 1.4, Sum: 148.9]
      [Termination (ms): Min: 0.0, Avg: 0.1, Max: 0.1, Diff: 0.1, Sum: 0.7]
         [Termination Attempts: Min: 1, Avg: 1.4, Max: 3, Diff: 2, Sum: 14]
      [GC Worker Other (ms): Min: 0.0, Avg: 0.0, Max: 0.0, Diff: 0.0, Sum: 0.2]
      [GC Worker Total (ms): Min: 15.1, Avg: 15.5, Max: 15.5, Diff: 0.4, Sum: 154.6]
      [GC Worker End (ms): Min: 1265.7, Avg: 1265.7, Max: 1265.7, Diff: 0.0]
   [Code Root Fixup: 0.0 ms]
   [Code Root Purge: 0.0 ms]
   [Clear CT: 0.2 ms]
   [Other: 1.2 ms]
      [Choose CSet: 0.0 ms]
      [Ref Proc: 0.1 ms]
      [Ref Enq: 0.0 ms]
      [Redirty Cards: 0.1 ms]
      [Humongous Register: 0.2 ms]
      [Humongous Reclaim: 0.3 ms]
      [Free CSet: 0.4 ms]
   [Eden: 470.0M(470.0M)->0.0B(537.0M) Survivors: 51.0M->66.0M Heap: 1750.9M(3072.0M)->1258.3M(3072.0M)]
 [Times: user=0.16 sys=0.00, real=0.02 secs] 
2022-01-17T00:26:04.349+0800: 1.310: [GC pause (G1 Humongous Allocation) (young) (initial-mark), 0.0146077 secs]
   [Parallel Time: 13.5 ms, GC Workers: 10]
      [GC Worker Start (ms): Min: 1309.9, Avg: 1310.0, Max: 1310.0, Diff: 0.1]
      [Ext Root Scanning (ms): Min: 0.0, Avg: 0.1, Max: 0.2, Diff: 0.1, Sum: 0.7]
      [Update RS (ms): Min: 0.1, Avg: 0.3, Max: 1.2, Diff: 1.1, Sum: 2.7]
         [Processed Buffers: Min: 0, Avg: 2.9, Max: 4, Diff: 4, Sum: 29]
      [Scan RS (ms): Min: 0.0, Avg: 0.0, Max: 0.0, Diff: 0.0, Sum: 0.2]
      [Code Root Scanning (ms): Min: 0.0, Avg: 0.0, Max: 0.0, Diff: 0.0, Sum: 0.0]
      [Object Copy (ms): Min: 11.9, Avg: 12.8, Max: 13.0, Diff: 1.1, Sum: 128.5]
      [Termination (ms): Min: 0.0, Avg: 0.1, Max: 0.1, Diff: 0.1, Sum: 0.5]
         [Termination Attempts: Min: 1, Avg: 3.5, Max: 5, Diff: 4, Sum: 35]
      [GC Worker Other (ms): Min: 0.0, Avg: 0.0, Max: 0.0, Diff: 0.0, Sum: 0.2]
      [GC Worker Total (ms): Min: 13.2, Avg: 13.3, Max: 13.4, Diff: 0.1, Sum: 132.9]
      [GC Worker End (ms): Min: 1323.2, Avg: 1323.2, Max: 1323.2, Diff: 0.0]
   [Code Root Fixup: 0.0 ms]
   [Code Root Purge: 0.0 ms]
   [Clear CT: 0.1 ms]
   [Other: 1.0 ms]
      [Choose CSet: 0.0 ms]
      [Ref Proc: 0.1 ms]
      [Ref Enq: 0.0 ms]
      [Redirty Cards: 0.1 ms]
      [Humongous Register: 0.2 ms]
      [Humongous Reclaim: 0.2 ms]
      [Free CSet: 0.2 ms]
   [Eden: 310.0M(537.0M)->0.0B(761.0M) Survivors: 66.0M->76.0M Heap: 1648.9M(3072.0M)->1328.2M(3072.0M)]
 [Times: user=0.16 sys=0.00, real=0.02 secs] 
2022-01-17T00:26:04.364+0800: 1.324: [GC concurrent-root-region-scan-start]
2022-01-17T00:26:04.364+0800: 1.325: [GC concurrent-root-region-scan-end, 0.0002529 secs]
2022-01-17T00:26:04.364+0800: 1.325: [GC concurrent-mark-start]
2022-01-17T00:26:04.366+0800: 1.327: [GC concurrent-mark-end, 0.0023193 secs]
2022-01-17T00:26:04.366+0800: 1.327: [GC remark 2022-01-17T00:26:04.366+0800: 1.327: [Finalize Marking, 0.0003327 secs] 2022-01-17T00:26:04.367+0800: 1.327: [GC ref-proc, 0.0000621 secs] 2022-01-17T00:26:04.367+0800: 1.327: [Unloading, 0.0005602 secs], 0.0016733 secs]
 [Times: user=0.03 sys=0.00, real=0.00 secs] 
2022-01-17T00:26:04.368+0800: 1.329: [GC cleanup 1355M->708M(3072M), 0.0013874 secs]
 [Times: user=0.00 sys=0.00, real=0.00 secs] 
2022-01-17T00:26:04.370+0800: 1.330: [GC concurrent-cleanup-start]
2022-01-17T00:26:04.370+0800: 1.331: [GC concurrent-cleanup-end, 0.0006578 secs]
2022-01-17T00:26:04.475+0800: 1.435: [GC pause (G1 Evacuation Pause) (young), 0.0221551 secs]
   [Parallel Time: 20.1 ms, GC Workers: 10]
      [GC Worker Start (ms): Min: 1435.8, Avg: 1435.9, Max: 1435.9, Diff: 0.1]
      [Ext Root Scanning (ms): Min: 0.0, Avg: 0.1, Max: 0.2, Diff: 0.1, Sum: 0.7]
      [Update RS (ms): Min: 0.2, Avg: 0.3, Max: 1.0, Diff: 0.8, Sum: 3.1]
         [Processed Buffers: Min: 0, Avg: 3.9, Max: 5, Diff: 5, Sum: 39]
      [Scan RS (ms): Min: 0.0, Avg: 0.1, Max: 0.1, Diff: 0.1, Sum: 0.8]
      [Code Root Scanning (ms): Min: 0.0, Avg: 0.0, Max: 0.0, Diff: 0.0, Sum: 0.0]
      [Object Copy (ms): Min: 18.6, Avg: 19.2, Max: 19.4, Diff: 0.8, Sum: 192.4]
      [Termination (ms): Min: 0.0, Avg: 0.1, Max: 0.1, Diff: 0.1, Sum: 0.5]
         [Termination Attempts: Min: 1, Avg: 5.0, Max: 7, Diff: 6, Sum: 50]
      [GC Worker Other (ms): Min: 0.0, Avg: 0.0, Max: 0.1, Diff: 0.1, Sum: 0.5]
      [GC Worker Total (ms): Min: 19.7, Avg: 19.8, Max: 19.9, Diff: 0.2, Sum: 198.0]
      [GC Worker End (ms): Min: 1455.6, Avg: 1455.7, Max: 1455.8, Diff: 0.1]
   [Code Root Fixup: 0.0 ms]
   [Code Root Purge: 0.0 ms]
   [Clear CT: 0.4 ms]
   [Other: 1.7 ms]
      [Choose CSet: 0.0 ms]
      [Ref Proc: 0.2 ms]
      [Ref Enq: 0.0 ms]
      [Redirty Cards: 0.5 ms]
      [Humongous Register: 0.2 ms]
      [Humongous Reclaim: 0.3 ms]
      [Free CSet: 0.3 ms]
   [Eden: 761.0M(761.0M)->0.0B(48.0M) Survivors: 76.0M->105.0M Heap: 1627.4M(3072.0M)->802.4M(3072.0M)]
 [Times: user=0.31 sys=0.00, real=0.02 secs] 
2022-01-17T00:26:04.503+0800: 1.464: [GC pause (G1 Evacuation Pause) (mixed), 0.0134434 secs]
   [Parallel Time: 12.0 ms, GC Workers: 10]
      [GC Worker Start (ms): Min: 1464.2, Avg: 1464.3, Max: 1464.4, Diff: 0.2]
      [Ext Root Scanning (ms): Min: 0.0, Avg: 0.1, Max: 0.2, Diff: 0.2, Sum: 0.6]
      [Update RS (ms): Min: 0.3, Avg: 0.3, Max: 0.6, Diff: 0.3, Sum: 3.3]
         [Processed Buffers: Min: 0, Avg: 4.6, Max: 6, Diff: 6, Sum: 46]
      [Scan RS (ms): Min: 0.0, Avg: 0.1, Max: 0.1, Diff: 0.1, Sum: 0.6]
      [Code Root Scanning (ms): Min: 0.0, Avg: 0.0, Max: 0.0, Diff: 0.0, Sum: 0.0]
      [Object Copy (ms): Min: 11.2, Avg: 11.4, Max: 11.5, Diff: 0.3, Sum: 113.9]
      [Termination (ms): Min: 0.0, Avg: 0.1, Max: 0.1, Diff: 0.1, Sum: 0.5]
         [Termination Attempts: Min: 1, Avg: 1.5, Max: 5, Diff: 4, Sum: 15]
      [GC Worker Other (ms): Min: 0.0, Avg: 0.0, Max: 0.0, Diff: 0.0, Sum: 0.1]
      [GC Worker Total (ms): Min: 11.8, Avg: 11.9, Max: 12.0, Diff: 0.2, Sum: 119.0]
      [GC Worker End (ms): Min: 1476.2, Avg: 1476.2, Max: 1476.2, Diff: 0.0]
   [Code Root Fixup: 0.0 ms]
   [Code Root Purge: 0.0 ms]
   [Clear CT: 0.4 ms]
   [Other: 1.1 ms]
      [Choose CSet: 0.1 ms]
      [Ref Proc: 0.1 ms]
      [Ref Enq: 0.0 ms]
      [Redirty Cards: 0.3 ms]
      [Humongous Register: 0.1 ms]
      [Humongous Reclaim: 0.1 ms]
      [Free CSet: 0.2 ms]
   [Eden: 48.0M(48.0M)->0.0B(138.0M) Survivors: 105.0M->15.0M Heap: 863.4M(3072.0M)->681.6M(3072.0M)]
 [Times: user=0.16 sys=0.00, real=0.01 secs] 
2022-01-17T00:26:04.533+0800: 1.494: [GC pause (G1 Evacuation Pause) (mixed), 0.0078687 secs]
   [Parallel Time: 6.5 ms, GC Workers: 10]
      [GC Worker Start (ms): Min: 1494.7, Avg: 1494.7, Max: 1494.8, Diff: 0.1]
      [Ext Root Scanning (ms): Min: 0.0, Avg: 0.1, Max: 0.1, Diff: 0.1, Sum: 0.8]
      [Update RS (ms): Min: 0.3, Avg: 0.3, Max: 0.5, Diff: 0.2, Sum: 3.0]
         [Processed Buffers: Min: 0, Avg: 4.5, Max: 6, Diff: 6, Sum: 45]
      [Scan RS (ms): Min: 0.0, Avg: 0.0, Max: 0.1, Diff: 0.1, Sum: 0.2]
      [Code Root Scanning (ms): Min: 0.0, Avg: 0.0, Max: 0.0, Diff: 0.0, Sum: 0.0]
      [Object Copy (ms): Min: 5.8, Avg: 5.8, Max: 5.9, Diff: 0.1, Sum: 58.4]
      [Termination (ms): Min: 0.0, Avg: 0.1, Max: 0.1, Diff: 0.1, Sum: 0.6]
         [Termination Attempts: Min: 1, Avg: 1.4, Max: 4, Diff: 3, Sum: 14]
      [GC Worker Other (ms): Min: 0.0, Avg: 0.0, Max: 0.0, Diff: 0.0, Sum: 0.1]
      [GC Worker Total (ms): Min: 6.3, Avg: 6.3, Max: 6.4, Diff: 0.1, Sum: 63.2]
      [GC Worker End (ms): Min: 1501.1, Avg: 1501.1, Max: 1501.1, Diff: 0.0]
   [Code Root Fixup: 0.0 ms]
   [Code Root Purge: 0.0 ms]
   [Clear CT: 0.2 ms]
   [Other: 1.2 ms]
      [Choose CSet: 0.0 ms]
      [Ref Proc: 0.2 ms]
      [Ref Enq: 0.0 ms]
      [Redirty Cards: 0.4 ms]
      [Humongous Register: 0.2 ms]
      [Humongous Reclaim: 0.1 ms]
      [Free CSet: 0.1 ms]
   [Eden: 138.0M(138.0M)->0.0B(1039.0M) Survivors: 15.0M->20.0M Heap: 850.3M(3072.0M)->697.9M(3072.0M)]
 [Times: user=0.16 sys=0.00, real=0.01 secs] 
2022-01-17T00:26:04.676+0800: 1.637: [GC pause (G1 Evacuation Pause) (young), 0.0231669 secs]
   [Parallel Time: 21.0 ms, GC Workers: 10]
      [GC Worker Start (ms): Min: 1637.1, Avg: 1637.2, Max: 1637.3, Diff: 0.2]
      [Ext Root Scanning (ms): Min: 0.0, Avg: 0.1, Max: 0.2, Diff: 0.2, Sum: 0.5]
      [Update RS (ms): Min: 0.3, Avg: 0.3, Max: 0.6, Diff: 0.3, Sum: 3.4]
         [Processed Buffers: Min: 0, Avg: 4.9, Max: 7, Diff: 7, Sum: 49]
      [Scan RS (ms): Min: 0.0, Avg: 0.1, Max: 0.1, Diff: 0.1, Sum: 1.1]
      [Code Root Scanning (ms): Min: 0.0, Avg: 0.0, Max: 0.0, Diff: 0.0, Sum: 0.0]
      [Object Copy (ms): Min: 19.8, Avg: 20.0, Max: 20.1, Diff: 0.3, Sum: 199.8]
      [Termination (ms): Min: 0.0, Avg: 0.1, Max: 0.1, Diff: 0.1, Sum: 0.5]
         [Termination Attempts: Min: 1, Avg: 1.0, Max: 1, Diff: 0, Sum: 10]
      [GC Worker Other (ms): Min: 0.0, Avg: 0.1, Max: 0.2, Diff: 0.2, Sum: 0.8]
      [GC Worker Total (ms): Min: 20.5, Avg: 20.6, Max: 20.7, Diff: 0.2, Sum: 206.2]
      [GC Worker End (ms): Min: 1657.8, Avg: 1657.8, Max: 1658.0, Diff: 0.2]
   [Code Root Fixup: 0.0 ms]
   [Code Root Purge: 0.0 ms]
   [Clear CT: 0.5 ms]
   [Other: 1.7 ms]
      [Choose CSet: 0.0 ms]
      [Ref Proc: 0.4 ms]
      [Ref Enq: 0.0 ms]
      [Redirty Cards: 0.1 ms]
      [Humongous Register: 0.2 ms]
      [Humongous Reclaim: 0.4 ms]
      [Free CSet: 0.4 ms]
   [Eden: 1039.0M(1039.0M)->0.0B(1138.0M) Survivors: 20.0M->133.0M Heap: 2017.0M(3072.0M)->894.7M(3072.0M)]
 [Times: user=0.30 sys=0.02, real=0.02 secs] 
2022-01-17T00:26:04.847+0800: 1.808: [GC pause (G1 Evacuation Pause) (young), 0.0270406 secs]
   [Parallel Time: 24.4 ms, GC Workers: 10]
      [GC Worker Start (ms): Min: 1808.1, Avg: 1808.2, Max: 1808.2, Diff: 0.1]
      [Ext Root Scanning (ms): Min: 0.0, Avg: 0.1, Max: 0.2, Diff: 0.1, Sum: 0.8]
      [Update RS (ms): Min: 0.3, Avg: 0.3, Max: 0.7, Diff: 0.4, Sum: 3.3]
         [Processed Buffers: Min: 0, Avg: 4.6, Max: 6, Diff: 6, Sum: 46]
      [Scan RS (ms): Min: 0.1, Avg: 0.1, Max: 0.1, Diff: 0.0, Sum: 1.3]
      [Code Root Scanning (ms): Min: 0.0, Avg: 0.0, Max: 0.0, Diff: 0.0, Sum: 0.0]
      [Object Copy (ms): Min: 23.0, Avg: 23.4, Max: 23.5, Diff: 0.5, Sum: 234.0]
      [Termination (ms): Min: 0.0, Avg: 0.1, Max: 0.1, Diff: 0.1, Sum: 0.6]
         [Termination Attempts: Min: 1, Avg: 1.2, Max: 2, Diff: 1, Sum: 12]
      [GC Worker Other (ms): Min: 0.0, Avg: 0.0, Max: 0.1, Diff: 0.1, Sum: 0.4]
      [GC Worker Total (ms): Min: 24.0, Avg: 24.0, Max: 24.1, Diff: 0.1, Sum: 240.3]
      [GC Worker End (ms): Min: 1832.2, Avg: 1832.2, Max: 1832.2, Diff: 0.1]
   [Code Root Fixup: 0.0 ms]
   [Code Root Purge: 0.0 ms]
   [Clear CT: 0.5 ms]
   [Other: 2.1 ms]
      [Choose CSet: 0.0 ms]
      [Ref Proc: 0.4 ms]
      [Ref Enq: 0.0 ms]
      [Redirty Cards: 0.4 ms]
      [Humongous Register: 0.4 ms]
      [Humongous Reclaim: 0.4 ms]
      [Free CSet: 0.4 ms]
   [Eden: 1138.0M(1138.0M)->0.0B(1404.0M) Survivors: 133.0M->159.0M Heap: 2343.6M(3072.0M)->996.0M(3072.0M)]
 [Times: user=0.31 sys=0.00, real=0.03 secs] 
2022-01-17T00:26:05.017+0800: 1.978: [GC pause (G1 Humongous Allocation) (young) (initial-mark), 0.0276672 secs]
   [Parallel Time: 25.0 ms, GC Workers: 10]
      [GC Worker Start (ms): Min: 1978.0, Avg: 1978.1, Max: 1978.2, Diff: 0.2]
      [Ext Root Scanning (ms): Min: 0.0, Avg: 0.1, Max: 0.2, Diff: 0.2, Sum: 0.7]
      [Update RS (ms): Min: 0.3, Avg: 0.3, Max: 0.4, Diff: 0.1, Sum: 3.5]
         [Processed Buffers: Min: 0, Avg: 5.4, Max: 7, Diff: 7, Sum: 54]
      [Scan RS (ms): Min: 0.1, Avg: 0.1, Max: 0.1, Diff: 0.1, Sum: 1.2]
      [Code Root Scanning (ms): Min: 0.0, Avg: 0.0, Max: 0.0, Diff: 0.0, Sum: 0.0]
      [Object Copy (ms): Min: 23.8, Avg: 23.9, Max: 23.9, Diff: 0.2, Sum: 238.9]
      [Termination (ms): Min: 0.0, Avg: 0.1, Max: 0.2, Diff: 0.2, Sum: 0.6]
         [Termination Attempts: Min: 1, Avg: 5.2, Max: 7, Diff: 6, Sum: 52]
      [GC Worker Other (ms): Min: 0.0, Avg: 0.1, Max: 0.3, Diff: 0.3, Sum: 1.2]
      [GC Worker Total (ms): Min: 24.5, Avg: 24.6, Max: 24.7, Diff: 0.3, Sum: 246.1]
      [GC Worker End (ms): Min: 2002.6, Avg: 2002.7, Max: 2002.9, Diff: 0.3]
   [Code Root Fixup: 0.0 ms]
   [Code Root Purge: 0.0 ms]
   [Clear CT: 0.4 ms]
   [Other: 2.2 ms]
      [Choose CSet: 0.0 ms]
      [Ref Proc: 0.5 ms]
      [Ref Enq: 0.0 ms]
      [Redirty Cards: 0.5 ms]
      [Humongous Register: 0.2 ms]
      [Humongous Reclaim: 0.4 ms]
      [Free CSet: 0.4 ms]
   [Eden: 1107.0M(1404.0M)->0.0B(1324.0M) Survivors: 159.0M->196.0M Heap: 2411.6M(3072.0M)->1095.2M(3072.0M)]
 [Times: user=0.30 sys=0.01, real=0.03 secs] 
2022-01-17T00:26:05.045+0800: 2.005: [GC concurrent-root-region-scan-start]
2022-01-17T00:26:05.045+0800: 2.006: [GC concurrent-root-region-scan-end, 0.0001662 secs]
2022-01-17T00:26:05.045+0800: 2.006: [GC concurrent-mark-start]
2022-01-17T00:26:05.046+0800: 2.007: [GC concurrent-mark-end, 0.0012693 secs]
2022-01-17T00:26:05.046+0800: 2.007: [GC remark 2022-01-17T00:26:05.047+0800: 2.007: [Finalize Marking, 0.0001771 secs] 2022-01-17T00:26:05.047+0800: 2.007: [GC ref-proc, 0.0000606 secs] 2022-01-17T00:26:05.047+0800: 2.007: [Unloading, 0.0003432 secs], 0.0013059 secs]
 [Times: user=0.00 sys=0.00, real=0.00 secs] 
2022-01-17T00:26:05.048+0800: 2.008: [GC cleanup 1106M->531M(3072M), 0.0013980 secs]
 [Times: user=0.00 sys=0.00, real=0.00 secs] 
2022-01-17T00:26:05.049+0800: 2.010: [GC concurrent-cleanup-start]
2022-01-17T00:26:05.050+0800: 2.010: [GC concurrent-cleanup-end, 0.0003999 secs]
2022-01-17T00:26:05.222+0800: 2.183: [GC pause (G1 Evacuation Pause) (young), 0.0298875 secs]
   [Parallel Time: 27.0 ms, GC Workers: 10]
      [GC Worker Start (ms): Min: 2183.7, Avg: 2183.8, Max: 2183.8, Diff: 0.2]
      [Ext Root Scanning (ms): Min: 0.0, Avg: 0.1, Max: 0.2, Diff: 0.2, Sum: 0.6]
      [Update RS (ms): Min: 0.4, Avg: 0.4, Max: 0.4, Diff: 0.0, Sum: 4.3]
         [Processed Buffers: Min: 0, Avg: 6.9, Max: 10, Diff: 10, Sum: 69]
      [Scan RS (ms): Min: 0.1, Avg: 0.2, Max: 0.2, Diff: 0.0, Sum: 1.7]
      [Code Root Scanning (ms): Min: 0.0, Avg: 0.0, Max: 0.0, Diff: 0.0, Sum: 0.0]
      [Object Copy (ms): Min: 25.8, Avg: 25.9, Max: 25.9, Diff: 0.1, Sum: 258.9]
      [Termination (ms): Min: 0.0, Avg: 0.1, Max: 0.1, Diff: 0.1, Sum: 0.6]
         [Termination Attempts: Min: 1, Avg: 5.3, Max: 7, Diff: 6, Sum: 53]
      [GC Worker Other (ms): Min: 0.0, Avg: 0.1, Max: 0.1, Diff: 0.1, Sum: 0.6]
      [GC Worker Total (ms): Min: 26.6, Avg: 26.7, Max: 26.8, Diff: 0.2, Sum: 266.7]
      [GC Worker End (ms): Min: 2210.4, Avg: 2210.5, Max: 2210.5, Diff: 0.1]
   [Code Root Fixup: 0.0 ms]
   [Code Root Purge: 0.0 ms]
   [Clear CT: 0.6 ms]
   [Other: 2.3 ms]
      [Choose CSet: 0.0 ms]
      [Ref Proc: 0.4 ms]
      [Ref Enq: 0.0 ms]
      [Redirty Cards: 0.5 ms]
      [Humongous Register: 0.2 ms]
      [Humongous Reclaim: 0.5 ms]
      [Free CSet: 0.5 ms]
   [Eden: 1324.0M(1324.0M)->0.0B(1653.0M) Survivors: 196.0M->190.0M Heap: 2174.9M(3072.0M)->566.5M(3072.0M)]
 [Times: user=0.31 sys=0.00, real=0.03 secs] 
2022-01-17T00:26:05.509+0800: 2.469: [GC pause (G1 Evacuation Pause) (young) (to-space exhausted), 0.0188527 secs]
   [Parallel Time: 15.2 ms, GC Workers: 10]
      [GC Worker Start (ms): Min: 2469.6, Avg: 2469.7, Max: 2469.7, Diff: 0.1]
      [Ext Root Scanning (ms): Min: 0.0, Avg: 0.1, Max: 0.1, Diff: 0.1, Sum: 1.1]
      [Update RS (ms): Min: 0.3, Avg: 0.4, Max: 0.5, Diff: 0.2, Sum: 3.7]
         [Processed Buffers: Min: 0, Avg: 5.6, Max: 7, Diff: 7, Sum: 56]
      [Scan RS (ms): Min: 0.0, Avg: 0.2, Max: 0.2, Diff: 0.2, Sum: 2.0]
      [Code Root Scanning (ms): Min: 0.0, Avg: 0.0, Max: 0.0, Diff: 0.0, Sum: 0.0]
      [Object Copy (ms): Min: 14.3, Avg: 14.4, Max: 14.4, Diff: 0.0, Sum: 143.6]
      [Termination (ms): Min: 0.0, Avg: 0.0, Max: 0.0, Diff: 0.0, Sum: 0.1]
         [Termination Attempts: Min: 1, Avg: 1.4, Max: 2, Diff: 1, Sum: 14]
      [GC Worker Other (ms): Min: 0.0, Avg: 0.0, Max: 0.1, Diff: 0.1, Sum: 0.5]
      [GC Worker Total (ms): Min: 15.0, Avg: 15.1, Max: 15.2, Diff: 0.1, Sum: 151.0]
      [GC Worker End (ms): Min: 2484.8, Avg: 2484.8, Max: 2484.8, Diff: 0.1]
   [Code Root Fixup: 0.0 ms]
   [Code Root Purge: 0.0 ms]
   [Clear CT: 0.4 ms]
   [Other: 3.2 ms]
      [Evacuation Failure: 1.3 ms]
      [Choose CSet: 0.0 ms]
      [Ref Proc: 0.1 ms]
      [Ref Enq: 0.0 ms]
      [Redirty Cards: 0.1 ms]
      [Humongous Register: 0.2 ms]
      [Humongous Reclaim: 0.7 ms]
      [Free CSet: 0.8 ms]
   [Eden: 1653.0M(1653.0M)->0.0B(1283.0M) Survivors: 190.0M->126.0M Heap: 2638.7M(3072.0M)->1180.8M(3072.0M)]
 [Times: user=0.13 sys=0.03, real=0.02 secs] 
2022-01-17T00:26:05.613+0800: 2.574: [GC pause (G1 Humongous Allocation) (young) (initial-mark), 0.0222899 secs]
   [Parallel Time: 20.8 ms, GC Workers: 10]
      [GC Worker Start (ms): Min: 2574.4, Avg: 2574.4, Max: 2574.5, Diff: 0.1]
      [Ext Root Scanning (ms): Min: 0.0, Avg: 0.1, Max: 0.1, Diff: 0.1, Sum: 0.8]
      [Update RS (ms): Min: 0.4, Avg: 0.4, Max: 0.4, Diff: 0.0, Sum: 4.0]
         [Processed Buffers: Min: 1, Avg: 6.2, Max: 9, Diff: 8, Sum: 62]
      [Scan RS (ms): Min: 0.0, Avg: 0.1, Max: 0.1, Diff: 0.0, Sum: 0.7]
      [Code Root Scanning (ms): Min: 0.0, Avg: 0.0, Max: 0.0, Diff: 0.0, Sum: 0.0]
      [Object Copy (ms): Min: 19.9, Avg: 19.9, Max: 20.0, Diff: 0.1, Sum: 199.4]
      [Termination (ms): Min: 0.0, Avg: 0.0, Max: 0.1, Diff: 0.1, Sum: 0.4]
         [Termination Attempts: Min: 1, Avg: 1.0, Max: 1, Diff: 0, Sum: 10]
      [GC Worker Other (ms): Min: 0.0, Avg: 0.0, Max: 0.0, Diff: 0.0, Sum: 0.3]
      [GC Worker Total (ms): Min: 20.5, Avg: 20.6, Max: 20.6, Diff: 0.1, Sum: 205.6]
      [GC Worker End (ms): Min: 2595.0, Avg: 2595.0, Max: 2595.0, Diff: 0.0]
   [Code Root Fixup: 0.0 ms]
   [Code Root Purge: 0.0 ms]
   [Clear CT: 0.2 ms]
   [Other: 1.3 ms]
      [Choose CSet: 0.0 ms]
      [Ref Proc: 0.1 ms]
      [Ref Enq: 0.0 ms]
      [Redirty Cards: 0.2 ms]
      [Humongous Register: 0.2 ms]
      [Humongous Reclaim: 0.3 ms]
      [Free CSet: 0.3 ms]
   [Eden: 621.0M(1283.0M)->0.0B(1195.0M) Survivors: 126.0M->142.0M Heap: 1972.2M(3072.0M)->1264.5M(3072.0M)]
 [Times: user=0.30 sys=0.02, real=0.02 secs] 
2022-01-17T00:26:05.636+0800: 2.596: [GC concurrent-root-region-scan-start]
2022-01-17T00:26:05.636+0800: 2.597: [GC concurrent-root-region-scan-end, 0.0001816 secs]
2022-01-17T00:26:05.636+0800: 2.597: [GC concurrent-mark-start]
2022-01-17T00:26:05.638+0800: 2.599: [GC concurrent-mark-end, 0.0019470 secs]
2022-01-17T00:26:05.638+0800: 2.599: [GC remark 2022-01-17T00:26:05.638+0800: 2.599: [Finalize Marking, 0.0002077 secs] 2022-01-17T00:26:05.638+0800: 2.599: [GC ref-proc, 0.0000615 secs] 2022-01-17T00:26:05.638+0800: 2.599: [Unloading, 0.0003959 secs], 0.0012239 secs]
 [Times: user=0.00 sys=0.00, real=0.00 secs] 
2022-01-17T00:26:05.639+0800: 2.600: [GC cleanup 1284M->791M(3072M), 0.0016664 secs]
 [Times: user=0.00 sys=0.00, real=0.00 secs] 
2022-01-17T00:26:05.642+0800: 2.602: [GC concurrent-cleanup-start]
2022-01-17T00:26:05.642+0800: 2.602: [GC concurrent-cleanup-end, 0.0004587 secs]
2022-01-17T00:26:05.797+0800: 2.758: [GC pause (G1 Evacuation Pause) (young), 0.0271167 secs]
   [Parallel Time: 24.5 ms, GC Workers: 10]
      [GC Worker Start (ms): Min: 2758.3, Avg: 2758.4, Max: 2758.4, Diff: 0.1]
      [Ext Root Scanning (ms): Min: 0.0, Avg: 0.1, Max: 0.1, Diff: 0.1, Sum: 0.8]
      [Update RS (ms): Min: 0.4, Avg: 0.4, Max: 0.4, Diff: 0.0, Sum: 4.2]
         [Processed Buffers: Min: 0, Avg: 6.8, Max: 9, Diff: 9, Sum: 68]
      [Scan RS (ms): Min: 0.1, Avg: 0.1, Max: 0.2, Diff: 0.0, Sum: 1.4]
      [Code Root Scanning (ms): Min: 0.0, Avg: 0.0, Max: 0.0, Diff: 0.0, Sum: 0.0]
      [Object Copy (ms): Min: 23.4, Avg: 23.4, Max: 23.5, Diff: 0.1, Sum: 234.5]
      [Termination (ms): Min: 0.0, Avg: 0.1, Max: 0.1, Diff: 0.1, Sum: 0.6]
         [Termination Attempts: Min: 1, Avg: 1.0, Max: 1, Diff: 0, Sum: 10]
      [GC Worker Other (ms): Min: 0.0, Avg: 0.1, Max: 0.2, Diff: 0.2, Sum: 0.9]
      [GC Worker Total (ms): Min: 24.1, Avg: 24.3, Max: 24.4, Diff: 0.2, Sum: 242.5]
      [GC Worker End (ms): Min: 2782.5, Avg: 2782.6, Max: 2782.7, Diff: 0.2]
   [Code Root Fixup: 0.0 ms]
   [Code Root Purge: 0.0 ms]
   [Clear CT: 0.5 ms]
   [Other: 2.1 ms]
      [Choose CSet: 0.0 ms]
      [Ref Proc: 0.3 ms]
      [Ref Enq: 0.0 ms]
      [Redirty Cards: 0.6 ms]
      [Humongous Register: 0.2 ms]
      [Humongous Reclaim: 0.4 ms]
      [Free CSet: 0.5 ms]
   [Eden: 1195.0M(1195.0M)->0.0B(8192.0K) Survivors: 142.0M->168.0M Heap: 2321.8M(3072.0M)->889.4M(3072.0M)]
 [Times: user=0.31 sys=0.00, real=0.03 secs] 
2022-01-17T00:26:05.826+0800: 2.786: [GC pause (G1 Evacuation Pause) (mixed), 0.0187893 secs]
   [Parallel Time: 17.6 ms, GC Workers: 10]
      [GC Worker Start (ms): Min: 2786.5, Avg: 2786.5, Max: 2786.6, Diff: 0.1]
      [Ext Root Scanning (ms): Min: 0.0, Avg: 0.1, Max: 0.1, Diff: 0.1, Sum: 0.8]
      [Update RS (ms): Min: 0.1, Avg: 0.2, Max: 0.2, Diff: 0.1, Sum: 1.7]
         [Processed Buffers: Min: 3, Avg: 3.2, Max: 4, Diff: 1, Sum: 32]
      [Scan RS (ms): Min: 0.0, Avg: 0.0, Max: 0.1, Diff: 0.0, Sum: 0.4]
      [Code Root Scanning (ms): Min: 0.0, Avg: 0.0, Max: 0.0, Diff: 0.0, Sum: 0.0]
      [Object Copy (ms): Min: 17.0, Avg: 17.0, Max: 17.1, Diff: 0.0, Sum: 170.5]
      [Termination (ms): Min: 0.0, Avg: 0.0, Max: 0.0, Diff: 0.0, Sum: 0.2]
         [Termination Attempts: Min: 1, Avg: 1.6, Max: 3, Diff: 2, Sum: 16]
      [GC Worker Other (ms): Min: 0.0, Avg: 0.0, Max: 0.0, Diff: 0.0, Sum: 0.1]
      [GC Worker Total (ms): Min: 17.3, Avg: 17.4, Max: 17.4, Diff: 0.1, Sum: 173.7]
      [GC Worker End (ms): Min: 2803.9, Avg: 2803.9, Max: 2803.9, Diff: 0.0]
   [Code Root Fixup: 0.0 ms]
   [Code Root Purge: 0.0 ms]
   [Clear CT: 0.2 ms]
   [Other: 1.1 ms]
      [Choose CSet: 0.1 ms]
      [Ref Proc: 0.1 ms]
      [Ref Enq: 0.0 ms]
      [Redirty Cards: 0.2 ms]
      [Humongous Register: 0.1 ms]
      [Humongous Reclaim: 0.0 ms]
      [Free CSet: 0.4 ms]
   [Eden: 8192.0K(8192.0K)->0.0B(1756.0M) Survivors: 168.0M->3072.0K Heap: 899.9M(3072.0M)->639.9M(3072.0M)]
 [Times: user=0.14 sys=0.02, real=0.02 secs] 
2022-01-17T00:26:06.061+0800: 3.022: [GC pause (G1 Evacuation Pause) (young) (to-space exhausted), 0.0058961 secs]
   [Parallel Time: 2.3 ms, GC Workers: 10]
      [GC Worker Start (ms): Min: 3021.9, Avg: 3022.0, Max: 3022.1, Diff: 0.2]
      [Ext Root Scanning (ms): Min: 0.0, Avg: 0.1, Max: 0.2, Diff: 0.2, Sum: 0.7]
      [Update RS (ms): Min: 0.5, Avg: 0.5, Max: 0.5, Diff: 0.0, Sum: 4.8]
         [Processed Buffers: Min: 1, Avg: 7.6, Max: 10, Diff: 9, Sum: 76]
      [Scan RS (ms): Min: 0.2, Avg: 0.2, Max: 0.2, Diff: 0.0, Sum: 1.9]
      [Code Root Scanning (ms): Min: 0.0, Avg: 0.0, Max: 0.0, Diff: 0.0, Sum: 0.0]
      [Object Copy (ms): Min: 1.1, Avg: 1.1, Max: 1.2, Diff: 0.1, Sum: 11.4]
      [Termination (ms): Min: 0.0, Avg: 0.0, Max: 0.1, Diff: 0.1, Sum: 0.5]
         [Termination Attempts: Min: 1, Avg: 4.4, Max: 7, Diff: 6, Sum: 44]
      [GC Worker Other (ms): Min: 0.0, Avg: 0.0, Max: 0.1, Diff: 0.1, Sum: 0.3]
      [GC Worker Total (ms): Min: 1.9, Avg: 2.0, Max: 2.1, Diff: 0.2, Sum: 19.6]
      [GC Worker End (ms): Min: 3024.0, Avg: 3024.0, Max: 3024.1, Diff: 0.1]
   [Code Root Fixup: 0.0 ms]
   [Code Root Purge: 0.0 ms]
   [Clear CT: 0.4 ms]
   [Other: 3.2 ms]
      [Evacuation Failure: 1.6 ms]
      [Choose CSet: 0.0 ms]
      [Ref Proc: 0.2 ms]
      [Ref Enq: 0.0 ms]
      [Redirty Cards: 0.4 ms]
      [Humongous Register: 0.2 ms]
      [Humongous Reclaim: 0.5 ms]
      [Free CSet: 0.3 ms]
   [Eden: 1707.0M(1756.0M)->0.0B(938.0M) Survivors: 3072.0K->0.0B Heap: 2767.8M(3072.0M)->1607.1M(3072.0M)]
 [Times: user=0.00 sys=0.00, real=0.01 secs] 
2022-01-17T00:26:06.067+0800: 3.028: [GC pause (G1 Humongous Allocation) (young) (initial-mark), 0.0012194 secs]
   [Parallel Time: 0.4 ms, GC Workers: 10]
      [GC Worker Start (ms): Min: 3028.0, Avg: 3028.1, Max: 3028.1, Diff: 0.1]
      [Ext Root Scanning (ms): Min: 0.0, Avg: 0.1, Max: 0.1, Diff: 0.1, Sum: 0.6]
      [Update RS (ms): Min: 0.1, Avg: 0.1, Max: 0.2, Diff: 0.1, Sum: 1.3]
         [Processed Buffers: Min: 1, Avg: 2.0, Max: 3, Diff: 2, Sum: 20]
      [Scan RS (ms): Min: 0.0, Avg: 0.0, Max: 0.0, Diff: 0.0, Sum: 0.0]
      [Code Root Scanning (ms): Min: 0.0, Avg: 0.0, Max: 0.0, Diff: 0.0, Sum: 0.0]
      [Object Copy (ms): Min: 0.0, Avg: 0.0, Max: 0.1, Diff: 0.1, Sum: 0.3]
      [Termination (ms): Min: 0.0, Avg: 0.0, Max: 0.1, Diff: 0.1, Sum: 0.3]
         [Termination Attempts: Min: 1, Avg: 1.0, Max: 1, Diff: 0, Sum: 10]
      [GC Worker Other (ms): Min: 0.0, Avg: 0.0, Max: 0.0, Diff: 0.0, Sum: 0.1]
      [GC Worker Total (ms): Min: 0.2, Avg: 0.3, Max: 0.3, Diff: 0.1, Sum: 2.6]
      [GC Worker End (ms): Min: 3028.3, Avg: 3028.3, Max: 3028.3, Diff: 0.0]
   [Code Root Fixup: 0.0 ms]
   [Code Root Purge: 0.0 ms]
   [Clear CT: 0.2 ms]
   [Other: 0.6 ms]
      [Choose CSet: 0.0 ms]
      [Ref Proc: 0.2 ms]
      [Ref Enq: 0.0 ms]
      [Redirty Cards: 0.1 ms]
      [Humongous Register: 0.1 ms]
      [Humongous Reclaim: 0.0 ms]
      [Free CSet: 0.1 ms]
   [Eden: 2048.0K(938.0M)->0.0B(850.0M) Survivors: 0.0B->1024.0K Heap: 1609.1M(3072.0M)->1606.7M(3072.0M)]
 [Times: user=0.00 sys=0.00, real=0.00 secs] 
2022-01-17T00:26:06.069+0800: 3.029: [GC concurrent-root-region-scan-start]
2022-01-17T00:26:06.069+0800: 3.029: [GC concurrent-root-region-scan-end, 0.0000917 secs]
2022-01-17T00:26:06.069+0800: 3.029: [GC concurrent-mark-start]
2022-01-17T00:26:06.071+0800: 3.032: [GC concurrent-mark-end, 0.0022826 secs]
2022-01-17T00:26:06.071+0800: 3.032: [GC remark 2022-01-17T00:26:06.071+0800: 3.032: [Finalize Marking, 0.0001337 secs] 2022-01-17T00:26:06.071+0800: 3.032: [GC ref-proc, 0.0000604 secs] 2022-01-17T00:26:06.071+0800: 3.032: [Unloading, 0.0003396 secs], 0.0013243 secs]
 [Times: user=0.00 sys=0.00, real=0.00 secs] 
2022-01-17T00:26:06.073+0800: 3.033: [GC cleanup 1624M->1295M(3072M), 0.0011993 secs]
 [Times: user=0.00 sys=0.00, real=0.00 secs] 
2022-01-17T00:26:06.074+0800: 3.034: [GC concurrent-cleanup-start]
2022-01-17T00:26:06.074+0800: 3.034: [GC concurrent-cleanup-end, 0.0002152 secs]
Heap
 garbage-first heap   total 3145728K, used 1977258K [0x0000000700000000, 0x0000000700106000, 0x00000007c0000000)
  region size 1024K, 517 young (529408K), 1 survivors (1024K)
 Metaspace       used 2716K, capacity 4490K, committed 4864K, reserved 1056768K
  class space    used 291K, capacity 386K, committed 512K, reserved 1048576K
