Java HotSpot(TM) 64-Bit Server VM (25.231-b11) for windows-amd64 JRE (1.8.0_231-b11), built on Oct  5 2019 03:11:30 by "java_re" with MS VC++ 10.0 (VS2010)
Memory: 4k page, physical 16718268k(8630500k free), swap 19924264k(4662884k free)
CommandLine flags: -XX:InitialHeapSize=4294967296 -XX:MaxHeapSize=4294967296 -XX:+PrintGC -XX:+PrintGCDateStamps -XX:+PrintGCDetails -XX:+PrintGCTimeStamps -XX:-UseAdaptiveSizePolicy -XX:+UseCompressedClassPointers -XX:+UseCompressedOops -XX:-UseLargePagesIndividualAllocation -XX:+UseParallelGC 
2022-01-17T02:06:40.262+0800: 0.380: [GC (Allocation Failure) [PSYoungGen: 1048576K->174579K(1223168K)] 1048576K->234475K(4019712K), 0.0267786 secs] [Times: user=0.05 sys=0.09, real=0.03 secs] 
2022-01-17T02:06:40.388+0800: 0.507: [GC (Allocation Failure) [PSYoungGen: 1223155K->174588K(1223168K)] 1283051K->345589K(4019712K), 0.0323109 secs] [Times: user=0.11 sys=0.20, real=0.03 secs] 
2022-01-17T02:06:40.514+0800: 0.633: [GC (Allocation Failure) [PSYoungGen: 1223164K->174588K(1223168K)] 1394165K->470978K(4019712K), 0.0322100 secs] [Times: user=0.20 sys=0.11, real=0.03 secs] 
2022-01-17T02:06:40.642+0800: 0.760: [GC (Allocation Failure) [PSYoungGen: 1223164K->174588K(1223168K)] 1519554K->596086K(4019712K), 0.0319442 secs] [Times: user=0.17 sys=0.14, real=0.03 secs] 
2022-01-17T02:06:40.768+0800: 0.886: [GC (Allocation Failure) [PSYoungGen: 1223164K->174591K(1223168K)] 1644662K->730091K(4019712K), 0.0334314 secs] [Times: user=0.20 sys=0.11, real=0.03 secs] 
2022-01-17T02:06:40.898+0800: 1.016: [GC (Allocation Failure) [PSYoungGen: 1223167K->174574K(1223168K)] 1778667K->846927K(4019712K), 0.0324710 secs] [Times: user=0.39 sys=0.08, real=0.03 secs] 
2022-01-17T02:06:41.032+0800: 1.150: [GC (Allocation Failure) [PSYoungGen: 1223150K->174587K(1223168K)] 1895503K->976730K(4019712K), 0.0330954 secs] [Times: user=0.19 sys=0.13, real=0.03 secs] 
2022-01-17T02:06:41.160+0800: 1.278: [GC (Allocation Failure) [PSYoungGen: 1223163K->174586K(1223168K)] 2025306K->1101527K(4019712K), 0.0329070 secs] [Times: user=0.22 sys=0.09, real=0.03 secs] 
2022-01-17T02:06:41.288+0800: 1.406: [GC (Allocation Failure) [PSYoungGen: 1223162K->174588K(1223168K)] 2150103K->1237549K(4019712K), 0.0348320 secs] [Times: user=0.38 sys=0.09, real=0.03 secs] 
2022-01-17T02:06:41.423+0800: 1.542: [GC (Allocation Failure) [PSYoungGen: 1223164K->174584K(1223168K)] 2286125K->1362036K(4019712K), 0.0341532 secs] [Times: user=0.23 sys=0.08, real=0.03 secs] 
2022-01-17T02:06:41.553+0800: 1.672: [GC (Allocation Failure) [PSYoungGen: 1223160K->174582K(1223168K)] 2410612K->1499942K(4019712K), 0.0356955 secs] [Times: user=0.36 sys=0.11, real=0.04 secs] 
2022-01-17T02:06:41.693+0800: 1.811: [GC (Allocation Failure) [PSYoungGen: 1223158K->174588K(1223168K)] 2548518K->1635505K(4019712K), 0.0345209 secs] [Times: user=0.28 sys=0.16, real=0.03 secs] 
2022-01-17T02:06:41.828+0800: 1.946: [GC (Allocation Failure) [PSYoungGen: 1223164K->174583K(1223168K)] 2684081K->1758948K(4019712K), 0.0333089 secs] [Times: user=0.24 sys=0.08, real=0.03 secs] 
2022-01-17T02:06:41.963+0800: 2.081: [GC (Allocation Failure) [PSYoungGen: 1223159K->174575K(1223168K)] 2807524K->1883739K(4019712K), 0.0340785 secs] [Times: user=0.17 sys=0.14, real=0.03 secs] 
2022-01-17T02:06:42.095+0800: 2.214: [GC (Allocation Failure) [PSYoungGen: 1223151K->174578K(1223168K)] 2932315K->2000163K(4019712K), 0.0327800 secs] [Times: user=0.25 sys=0.06, real=0.03 secs] 
2022-01-17T02:06:42.226+0800: 2.345: [GC (Allocation Failure) [PSYoungGen: 1223154K->174578K(1223168K)] 3048739K->2128538K(4019712K), 0.0341212 secs] [Times: user=0.17 sys=0.16, real=0.03 secs] 
2022-01-17T02:06:42.358+0800: 2.476: [GC (Allocation Failure) [PSYoungGen: 1223154K->174585K(1223168K)] 3177114K->2253847K(4019712K), 0.0333383 secs] [Times: user=0.17 sys=0.13, real=0.03 secs] 
2022-01-17T02:06:42.485+0800: 2.604: [GC (Allocation Failure) [PSYoungGen: 1223161K->174581K(1223168K)] 3302423K->2392836K(4019712K), 0.0345380 secs] [Times: user=0.20 sys=0.11, real=0.04 secs] 
2022-01-17T02:06:42.616+0800: 2.734: [GC (Allocation Failure) [PSYoungGen: 1223157K->174574K(1223168K)] 3441412K->2527578K(4019712K), 0.0346547 secs] [Times: user=0.38 sys=0.09, real=0.03 secs] 
2022-01-17T02:06:42.761+0800: 2.879: [GC (Allocation Failure) [PSYoungGen: 1223150K->174587K(1223168K)] 3576154K->2635667K(4019712K), 0.0347178 secs] [Times: user=0.19 sys=0.05, real=0.04 secs] 
2022-01-17T02:06:42.907+0800: 3.026: [GC (Allocation Failure) [PSYoungGen: 1223163K->174585K(1223168K)] 3684243K->2760991K(4019712K), 0.0355854 secs] [Times: user=0.20 sys=0.11, real=0.04 secs] 
2022-01-17T02:06:43.046+0800: 3.164: [GC (Allocation Failure) [PSYoungGen: 1223161K->174590K(1223168K)] 3809567K->2891096K(4019712K), 0.0343156 secs] [Times: user=0.25 sys=0.06, real=0.04 secs] 
2022-01-17T02:06:43.081+0800: 3.199: [Full GC (Ergonomics) [PSYoungGen: 174590K->0K(1223168K)] [ParOldGen: 2716505K->376182K(2796544K)] 2891096K->376182K(4019712K), [Metaspace: 2709K->2709K(1056768K)], 0.0617433 secs] [Times: user=0.47 sys=0.02, real=0.06 secs] 
2022-01-17T02:06:43.238+0800: 3.356: [GC (Allocation Failure) [PSYoungGen: 1048576K->174591K(1223168K)] 1424758K->609114K(4019712K), 0.0248471 secs] [Times: user=0.31 sys=0.00, real=0.03 secs] 
2022-01-17T02:06:43.359+0800: 3.477: [GC (Allocation Failure) [PSYoungGen: 1223167K->174585K(1223168K)] 1657690K->731356K(4019712K), 0.0303436 secs] [Times: user=0.31 sys=0.00, real=0.03 secs] 
2022-01-17T02:06:43.481+0800: 3.600: [GC (Allocation Failure) [PSYoungGen: 1223161K->174589K(1223168K)] 1779932K->855582K(4019712K), 0.0306454 secs] [Times: user=0.31 sys=0.00, real=0.03 secs] 
2022-01-17T02:06:43.608+0800: 3.727: [GC (Allocation Failure) [PSYoungGen: 1223165K->174587K(1223168K)] 1904158K->983753K(4019712K), 0.0325548 secs] [Times: user=0.31 sys=0.00, real=0.03 secs] 
2022-01-17T02:06:43.733+0800: 3.851: [GC (Allocation Failure) [PSYoungGen: 1223163K->174578K(1223168K)] 2032329K->1112096K(4019712K), 0.0318146 secs] [Times: user=0.31 sys=0.00, real=0.03 secs] 
2022-01-17T02:06:43.858+0800: 3.976: [GC (Allocation Failure) [PSYoungGen: 1223154K->174587K(1223168K)] 2160672K->1239483K(4019712K), 0.0317406 secs] [Times: user=0.31 sys=0.00, real=0.03 secs] 
2022-01-17T02:06:43.983+0800: 4.101: [GC (Allocation Failure) [PSYoungGen: 1223163K->174576K(1223168K)] 2288059K->1361534K(4019712K), 0.0314001 secs] [Times: user=0.31 sys=0.00, real=0.03 secs] 
2022-01-17T02:06:44.111+0800: 4.229: [GC (Allocation Failure) [PSYoungGen: 1223152K->174585K(1223168K)] 2410110K->1492755K(4019712K), 0.0329900 secs] [Times: user=0.31 sys=0.00, real=0.03 secs] 
2022-01-17T02:06:44.239+0800: 4.357: [GC (Allocation Failure) [PSYoungGen: 1223161K->174590K(1223168K)] 2541331K->1618045K(4019712K), 0.0320377 secs] [Times: user=0.31 sys=0.00, real=0.03 secs] 
2022-01-17T02:06:44.367+0800: 4.486: [GC (Allocation Failure) [PSYoungGen: 1223166K->174589K(1223168K)] 2666621K->1740332K(4019712K), 0.0326602 secs] [Times: user=0.31 sys=0.00, real=0.03 secs] 
2022-01-17T02:06:44.500+0800: 4.618: [GC (Allocation Failure) [PSYoungGen: 1223165K->174582K(1223168K)] 2788908K->1885185K(4019712K), 0.0345879 secs] [Times: user=0.31 sys=0.00, real=0.03 secs] 
2022-01-17T02:06:44.632+0800: 4.750: [GC (Allocation Failure) [PSYoungGen: 1223158K->174590K(1223168K)] 2933761K->2012156K(4019712K), 0.0327140 secs] [Times: user=0.31 sys=0.00, real=0.03 secs] 
2022-01-17T02:06:44.757+0800: 4.875: [GC (Allocation Failure) [PSYoungGen: 1223166K->174587K(1223168K)] 3060732K->2141905K(4019712K), 0.0326243 secs] [Times: user=0.47 sys=0.00, real=0.03 secs] 
2022-01-17T02:06:44.882+0800: 4.999: [GC (Allocation Failure) [PSYoungGen: 1223163K->174590K(1223168K)] 3190481K->2266165K(4019712K), 0.0319631 secs] [Times: user=0.31 sys=0.00, real=0.03 secs] 
2022-01-17T02:06:45.005+0800: 5.123: [GC (Allocation Failure) [PSYoungGen: 1223166K->174586K(1223168K)] 3314741K->2390292K(4019712K), 0.0324090 secs] [Times: user=0.31 sys=0.00, real=0.03 secs] 
2022-01-17T02:06:45.131+0800: 5.249: [GC (Allocation Failure) [PSYoungGen: 1223162K->174590K(1223168K)] 3438868K->2518180K(4019712K), 0.0330162 secs] [Times: user=0.34 sys=0.02, real=0.03 secs] 
2022-01-17T02:06:45.259+0800: 5.377: [GC (Allocation Failure) [PSYoungGen: 1223166K->174591K(1223168K)] 3566756K->2644872K(4019712K), 0.0337514 secs] [Times: user=0.30 sys=0.00, real=0.03 secs] 
2022-01-17T02:06:45.393+0800: 5.511: [GC (Allocation Failure) [PSYoungGen: 1223167K->174589K(1223168K)] 3693448K->2779116K(4019712K), 0.0340321 secs] [Times: user=0.31 sys=0.00, real=0.03 secs] 
2022-01-17T02:06:45.519+0800: 5.637: [GC (Allocation Failure) [PSYoungGen: 1223165K->174577K(1223168K)] 3827692K->2910675K(4019712K), 0.0330740 secs] [Times: user=0.31 sys=0.00, real=0.03 secs] 
2022-01-17T02:06:45.552+0800: 5.670: [Full GC (Ergonomics) [PSYoungGen: 174577K->0K(1223168K)] [ParOldGen: 2736097K->383970K(2796544K)] 2910675K->383970K(4019712K), [Metaspace: 2709K->2709K(1056768K)], 0.0463136 secs] [Times: user=0.47 sys=0.00, real=0.05 secs] 
2022-01-17T02:06:45.694+0800: 5.812: [GC (Allocation Failure) [PSYoungGen: 1048576K->174590K(1223168K)] 1432546K->617149K(4019712K), 0.0245100 secs] [Times: user=0.31 sys=0.00, real=0.02 secs] 
2022-01-17T02:06:45.814+0800: 5.932: [GC (Allocation Failure) [PSYoungGen: 1223166K->174587K(1223168K)] 1665725K->743595K(4019712K), 0.0312644 secs] [Times: user=0.31 sys=0.00, real=0.03 secs] 
2022-01-17T02:06:45.937+0800: 6.055: [GC (Allocation Failure) [PSYoungGen: 1223163K->174589K(1223168K)] 1792171K->867773K(4019712K), 0.0318197 secs] [Times: user=0.31 sys=0.00, real=0.03 secs] 
2022-01-17T02:06:46.065+0800: 6.183: [GC (Allocation Failure) [PSYoungGen: 1223165K->174590K(1223168K)] 1916349K->998699K(4019712K), 0.0315354 secs] [Times: user=0.31 sys=0.00, real=0.03 secs] 
2022-01-17T02:06:46.189+0800: 6.307: [GC (Allocation Failure) [PSYoungGen: 1223166K->174584K(1223168K)] 2047275K->1108460K(4019712K), 0.0303348 secs] [Times: user=0.31 sys=0.00, real=0.03 secs] 
2022-01-17T02:06:46.313+0800: 6.432: [GC (Allocation Failure) [PSYoungGen: 1223160K->174582K(1223168K)] 2157036K->1218164K(4019712K), 0.0299645 secs] [Times: user=0.31 sys=0.00, real=0.03 secs] 
2022-01-17T02:06:46.437+0800: 6.556: [GC (Allocation Failure) [PSYoungGen: 1223158K->174589K(1223168K)] 2266740K->1340402K(4019712K), 0.0311602 secs] [Times: user=0.31 sys=0.00, real=0.03 secs] 
2022-01-17T02:06:46.561+0800: 6.679: [GC (Allocation Failure) [PSYoungGen: 1223165K->174586K(1223168K)] 2388978K->1471341K(4019712K), 0.0317230 secs] [Times: user=0.31 sys=0.00, real=0.03 secs] 
2022-01-17T02:06:46.684+0800: 6.803: [GC (Allocation Failure) [PSYoungGen: 1223162K->174590K(1223168K)] 2519917K->1597064K(4019712K), 0.0319931 secs] [Times: user=0.31 sys=0.00, real=0.03 secs] 
2022-01-17T02:06:46.811+0800: 6.929: [GC (Allocation Failure) [PSYoungGen: 1223166K->174591K(1223168K)] 2645640K->1725080K(4019712K), 0.0321580 secs] [Times: user=0.31 sys=0.00, real=0.03 secs] 
2022-01-17T02:06:46.935+0800: 7.053: [GC (Allocation Failure) [PSYoungGen: 1223167K->174583K(1223168K)] 2773656K->1853751K(4019712K), 0.0320802 secs] [Times: user=0.31 sys=0.00, real=0.03 secs] 
2022-01-17T02:06:47.057+0800: 7.175: [GC (Allocation Failure) [PSYoungGen: 1223159K->174587K(1223168K)] 2902327K->1984668K(4019712K), 0.0323813 secs] [Times: user=0.31 sys=0.00, real=0.03 secs] 
2022-01-17T02:06:47.181+0800: 7.299: [GC (Allocation Failure) [PSYoungGen: 1223163K->174588K(1223168K)] 3033244K->2121512K(4019712K), 0.0334071 secs] [Times: user=0.31 sys=0.00, real=0.03 secs] 
2022-01-17T02:06:47.307+0800: 7.425: [GC (Allocation Failure) [PSYoungGen: 1223164K->174582K(1223168K)] 3170088K->2247822K(4019712K), 0.0326197 secs] [Times: user=0.31 sys=0.00, real=0.03 secs] 
2022-01-17T02:06:47.428+0800: 7.547: [GC (Allocation Failure) [PSYoungGen: 1223158K->174576K(1223168K)] 3296398K->2380207K(4019712K), 0.0330317 secs] [Times: user=0.47 sys=0.00, real=0.03 secs] 
2022-01-17T02:06:47.554+0800: 7.672: [GC (Allocation Failure) [PSYoungGen: 1223152K->174589K(1223168K)] 3428783K->2499527K(4019712K), 0.0320179 secs] [Times: user=0.47 sys=0.00, real=0.03 secs] 
2022-01-17T02:06:47.680+0800: 7.798: [GC (Allocation Failure) [PSYoungGen: 1223165K->174591K(1223168K)] 3548103K->2622047K(4019712K), 0.0329175 secs] [Times: user=0.31 sys=0.00, real=0.03 secs] 
2022-01-17T02:06:47.804+0800: 7.923: [GC (Allocation Failure) [PSYoungGen: 1223167K->174584K(1223168K)] 3670623K->2750051K(4019712K), 0.0331730 secs] [Times: user=0.31 sys=0.00, real=0.03 secs] 
2022-01-17T02:06:47.929+0800: 8.048: [GC (Allocation Failure) [PSYoungGen: 1223160K->174590K(1223168K)] 3798627K->2883749K(4019712K), 0.0341024 secs] [Times: user=0.44 sys=0.02, real=0.03 secs] 
2022-01-17T02:06:47.963+0800: 8.082: [Full GC (Ergonomics) [PSYoungGen: 174590K->0K(1223168K)] [ParOldGen: 2709159K->384697K(2796544K)] 2883749K->384697K(4019712K), [Metaspace: 2709K->2709K(1056768K)], 0.0461772 secs] [Times: user=0.33 sys=0.00, real=0.05 secs] 
2022-01-17T02:06:48.105+0800: 8.223: [GC (Allocation Failure) [PSYoungGen: 1048576K->174591K(1223168K)] 1433273K->625334K(4019712K), 0.0247483 secs] [Times: user=0.16 sys=0.00, real=0.03 secs] 
2022-01-17T02:06:48.224+0800: 8.343: [GC (Allocation Failure) [PSYoungGen: 1223167K->174586K(1223168K)] 1673910K->753907K(4019712K), 0.0310131 secs] [Times: user=0.31 sys=0.00, real=0.03 secs] 
2022-01-17T02:06:48.348+0800: 8.467: [GC (Allocation Failure) [PSYoungGen: 1223162K->174576K(1223168K)] 1802483K->879882K(4019712K), 0.0307470 secs] [Times: user=0.31 sys=0.00, real=0.03 secs] 
2022-01-17T02:06:48.472+0800: 8.591: [GC (Allocation Failure) [PSYoungGen: 1223152K->174589K(1223168K)] 1928458K->1009603K(4019712K), 0.0315989 secs] [Times: user=0.31 sys=0.00, real=0.03 secs] 
2022-01-17T02:06:48.598+0800: 8.716: [GC (Allocation Failure) [PSYoungGen: 1223165K->174576K(1223168K)] 2058179K->1140343K(4019712K), 0.0319629 secs] [Times: user=0.31 sys=0.00, real=0.03 secs] 
2022-01-17T02:06:48.722+0800: 8.841: [GC (Allocation Failure) [PSYoungGen: 1223152K->174577K(1223168K)] 2188919K->1269671K(4019712K), 0.0312854 secs] [Times: user=0.31 sys=0.00, real=0.03 secs] 
2022-01-17T02:06:48.846+0800: 8.964: [GC (Allocation Failure) [PSYoungGen: 1223153K->174584K(1223168K)] 2318247K->1414244K(4019712K), 0.0330801 secs] [Times: user=0.31 sys=0.00, real=0.03 secs] 
2022-01-17T02:06:48.975+0800: 9.093: [GC (Allocation Failure) [PSYoungGen: 1223160K->174577K(1223168K)] 2462820K->1536295K(4019712K), 0.0311826 secs] [Times: user=0.31 sys=0.00, real=0.03 secs] 
2022-01-17T02:06:49.100+0800: 9.218: [GC (Allocation Failure) [PSYoungGen: 1223153K->174583K(1223168K)] 2584871K->1680125K(4019712K), 0.0333663 secs] [Times: user=0.47 sys=0.00, real=0.03 secs] 
2022-01-17T02:06:49.227+0800: 9.345: [GC (Allocation Failure) [PSYoungGen: 1223159K->174580K(1223168K)] 2728701K->1799700K(4019712K), 0.0312784 secs] [Times: user=0.31 sys=0.00, real=0.03 secs] 
2022-01-17T02:06:49.350+0800: 9.468: [GC (Allocation Failure) [PSYoungGen: 1223156K->174591K(1223168K)] 2848276K->1924252K(4019712K), 0.0322502 secs] [Times: user=0.31 sys=0.00, real=0.03 secs] 
2022-01-17T02:06:49.473+0800: 9.592: [GC (Allocation Failure) [PSYoungGen: 1223167K->174591K(1223168K)] 2972828K->2062398K(4019712K), 0.0328557 secs] [Times: user=0.31 sys=0.00, real=0.03 secs] 
2022-01-17T02:06:49.598+0800: 9.716: [GC (Allocation Failure) [PSYoungGen: 1223167K->174587K(1223168K)] 3110974K->2184366K(4019712K), 0.0321980 secs] [Times: user=0.31 sys=0.00, real=0.03 secs] 
2022-01-17T02:06:49.721+0800: 9.839: [GC (Allocation Failure) [PSYoungGen: 1223163K->174588K(1223168K)] 3232942K->2305595K(4019712K), 0.0317966 secs] [Times: user=0.31 sys=0.00, real=0.03 secs] 
2022-01-17T02:06:49.843+0800: 9.962: [GC (Allocation Failure) [PSYoungGen: 1223164K->174579K(1223168K)] 3354171K->2435437K(4019712K), 0.0328610 secs] [Times: user=0.31 sys=0.00, real=0.03 secs] 
2022-01-17T02:06:49.969+0800: 10.087: [GC (Allocation Failure) [PSYoungGen: 1223155K->174591K(1223168K)] 3484013K->2567683K(4019712K), 0.0335339 secs] [Times: user=0.31 sys=0.00, real=0.03 secs] 
2022-01-17T02:06:50.093+0800: 10.212: [GC (Allocation Failure) [PSYoungGen: 1223167K->174591K(1223168K)] 3616259K->2690857K(4019712K), 0.0326360 secs] [Times: user=0.31 sys=0.00, real=0.03 secs] 
2022-01-17T02:06:50.218+0800: 10.336: [GC (Allocation Failure) [PSYoungGen: 1223167K->174590K(1223168K)] 3739433K->2824714K(4019712K), 0.0330139 secs] [Times: user=0.31 sys=0.00, real=0.03 secs] 
2022-01-17T02:06:50.251+0800: 10.369: [Full GC (Ergonomics) [PSYoungGen: 174590K->0K(1223168K)] [ParOldGen: 2650123K->385235K(2796544K)] 2824714K->385235K(4019712K), [Metaspace: 2709K->2709K(1056768K)], 0.0463983 secs] [Times: user=0.47 sys=0.00, real=0.05 secs] 
2022-01-17T02:06:50.390+0800: 10.508: [GC (Allocation Failure) [PSYoungGen: 1048576K->174586K(1223168K)] 1433811K->625622K(4019712K), 0.0246886 secs] [Times: user=0.16 sys=0.00, real=0.02 secs] 
2022-01-17T02:06:50.507+0800: 10.625: [GC (Allocation Failure) [PSYoungGen: 1223162K->174589K(1223168K)] 1674198K->743924K(4019712K), 0.0304421 secs] [Times: user=0.31 sys=0.00, real=0.03 secs] 
2022-01-17T02:06:50.629+0800: 10.747: [GC (Allocation Failure) [PSYoungGen: 1223165K->174590K(1223168K)] 1792500K->879348K(4019712K), 0.0321435 secs] [Times: user=0.31 sys=0.00, real=0.03 secs] 
2022-01-17T02:06:50.753+0800: 10.871: [GC (Allocation Failure) [PSYoungGen: 1223166K->174587K(1223168K)] 1927924K->1000901K(4019712K), 0.0307341 secs] [Times: user=0.30 sys=0.00, real=0.03 secs] 
2022-01-17T02:06:50.877+0800: 10.995: [GC (Allocation Failure) [PSYoungGen: 1223163K->174589K(1223168K)] 2049477K->1127767K(4019712K), 0.0311271 secs] [Times: user=0.31 sys=0.00, real=0.03 secs] 
2022-01-17T02:06:51.007+0800: 11.125: [GC (Allocation Failure) [PSYoungGen: 1223165K->174589K(1223168K)] 2176343K->1243319K(4019712K), 0.0300304 secs] [Times: user=0.14 sys=0.00, real=0.03 secs] 
2022-01-17T02:06:51.131+0800: 11.249: [GC (Allocation Failure) [PSYoungGen: 1223165K->174585K(1223168K)] 2291895K->1359616K(4019712K), 0.0307590 secs] [Times: user=0.31 sys=0.00, real=0.03 secs] 
2022-01-17T02:06:51.254+0800: 11.373: [GC (Allocation Failure) [PSYoungGen: 1223161K->174591K(1223168K)] 2408192K->1477963K(4019712K), 0.0314660 secs] [Times: user=0.31 sys=0.00, real=0.03 secs] 
2022-01-17T02:06:51.380+0800: 11.498: [GC (Allocation Failure) [PSYoungGen: 1223167K->174588K(1223168K)] 2526539K->1592091K(4019712K), 0.0307766 secs] [Times: user=0.31 sys=0.00, real=0.03 secs] 
2022-01-17T02:06:51.501+0800: 11.619: [GC (Allocation Failure) [PSYoungGen: 1223164K->174588K(1223168K)] 2640667K->1705730K(4019712K), 0.0314991 secs] [Times: user=0.30 sys=0.00, real=0.03 secs] 
2022-01-17T02:06:51.622+0800: 11.740: [GC (Allocation Failure) [PSYoungGen: 1223164K->174581K(1223168K)] 2754306K->1841467K(4019712K), 0.0327776 secs] [Times: user=0.31 sys=0.00, real=0.03 secs] 
2022-01-17T02:06:51.749+0800: 11.867: [GC (Allocation Failure) [PSYoungGen: 1223157K->174586K(1223168K)] 2890043K->1969151K(4019712K), 0.0320759 secs] [Times: user=0.31 sys=0.00, real=0.03 secs] 
2022-01-17T02:06:51.873+0800: 11.991: [GC (Allocation Failure) [PSYoungGen: 1223162K->174584K(1223168K)] 3017727K->2104484K(4019712K), 0.0330291 secs] [Times: user=0.31 sys=0.00, real=0.03 secs] 
2022-01-17T02:06:52.001+0800: 12.119: [GC (Allocation Failure) [PSYoungGen: 1223160K->174586K(1223168K)] 3153060K->2230409K(4019712K), 0.0323772 secs] [Times: user=0.31 sys=0.00, real=0.03 secs] 
2022-01-17T02:06:52.125+0800: 12.244: [GC (Allocation Failure) [PSYoungGen: 1223162K->174582K(1223168K)] 3278985K->2349580K(4019712K), 0.0318502 secs] [Times: user=0.31 sys=0.00, real=0.03 secs] 
2022-01-17T02:06:52.250+0800: 12.369: [GC (Allocation Failure) [PSYoungGen: 1223158K->174590K(1223168K)] 3398156K->2461749K(4019712K), 0.0315923 secs] [Times: user=0.30 sys=0.00, real=0.03 secs] 
2022-01-17T02:06:52.374+0800: 12.493: [GC (Allocation Failure) [PSYoungGen: 1223166K->174588K(1223168K)] 3510325K->2586705K(4019712K), 0.0325574 secs] [Times: user=0.31 sys=0.00, real=0.03 secs] 
2022-01-17T02:06:52.500+0800: 12.618: [GC (Allocation Failure) [PSYoungGen: 1223164K->174579K(1223168K)] 3635281K->2715502K(4019712K), 0.0330238 secs] [Times: user=0.31 sys=0.00, real=0.03 secs] 
2022-01-17T02:06:52.625+0800: 12.743: [GC (Allocation Failure) [PSYoungGen: 1223155K->174585K(1223168K)] 3764078K->2848989K(4019712K), 0.0335643 secs] [Times: user=0.31 sys=0.00, real=0.03 secs] 
2022-01-17T02:06:52.659+0800: 12.777: [Full GC (Ergonomics) [PSYoungGen: 174585K->0K(1223168K)] [ParOldGen: 2674403K->377403K(2796544K)] 2848989K->377403K(4019712K), [Metaspace: 2709K->2709K(1056768K)], 0.0448588 secs] [Times: user=0.47 sys=0.00, real=0.05 secs] 
2022-01-17T02:06:52.799+0800: 12.917: [GC (Allocation Failure) [PSYoungGen: 1048576K->174584K(1223168K)] 1425979K->605197K(4019712K), 0.0238625 secs] [Times: user=0.31 sys=0.00, real=0.02 secs] 
2022-01-17T02:06:52.914+0800: 13.032: [GC (Allocation Failure) [PSYoungGen: 1223160K->174591K(1223168K)] 1653773K->724816K(4019712K), 0.0305120 secs] [Times: user=0.16 sys=0.00, real=0.03 secs] 
2022-01-17T02:06:53.036+0800: 13.154: [GC (Allocation Failure) [PSYoungGen: 1223167K->174591K(1223168K)] 1773392K->862270K(4019712K), 0.0319332 secs] [Times: user=0.31 sys=0.00, real=0.03 secs] 
2022-01-17T02:06:53.161+0800: 13.279: [GC (Allocation Failure) [PSYoungGen: 1223167K->174581K(1223168K)] 1910846K->986297K(4019712K), 0.0311655 secs] [Times: user=0.31 sys=0.00, real=0.03 secs] 
2022-01-17T02:06:53.284+0800: 13.403: [GC (Allocation Failure) [PSYoungGen: 1223157K->174576K(1223168K)] 2034873K->1102919K(4019712K), 0.0304872 secs] [Times: user=0.31 sys=0.00, real=0.03 secs] 
2022-01-17T02:06:53.405+0800: 13.524: [GC (Allocation Failure) [PSYoungGen: 1223152K->174585K(1223168K)] 2151495K->1240186K(4019712K), 0.0323548 secs] [Times: user=0.31 sys=0.00, real=0.03 secs] 
2022-01-17T02:06:53.531+0800: 13.649: [GC (Allocation Failure) [PSYoungGen: 1223161K->174588K(1223168K)] 2288762K->1357251K(4019712K), 0.0304545 secs] [Times: user=0.31 sys=0.00, real=0.03 secs] 
2022-01-17T02:06:53.653+0800: 13.772: [GC (Allocation Failure) [PSYoungGen: 1223164K->174591K(1223168K)] 2405827K->1485708K(4019712K), 0.0317413 secs] [Times: user=0.31 sys=0.00, real=0.03 secs] 
2022-01-17T02:06:53.779+0800: 13.897: [GC (Allocation Failure) [PSYoungGen: 1223167K->174587K(1223168K)] 2534284K->1608947K(4019712K), 0.0316191 secs] [Times: user=0.31 sys=0.00, real=0.03 secs] 
2022-01-17T02:06:53.905+0800: 14.023: [GC (Allocation Failure) [PSYoungGen: 1223163K->174576K(1223168K)] 2657523K->1743456K(4019712K), 0.0324503 secs] [Times: user=0.31 sys=0.00, real=0.03 secs] 
2022-01-17T02:06:54.028+0800: 14.146: [GC (Allocation Failure) [PSYoungGen: 1223152K->174591K(1223168K)] 2792032K->1866188K(4019712K), 0.0312953 secs] [Times: user=0.31 sys=0.00, real=0.03 secs] 
2022-01-17T02:06:54.150+0800: 14.269: [GC (Allocation Failure) [PSYoungGen: 1223167K->174576K(1223168K)] 2914764K->1997856K(4019712K), 0.0325515 secs] [Times: user=0.31 sys=0.00, real=0.03 secs] 
2022-01-17T02:06:54.275+0800: 14.394: [GC (Allocation Failure) [PSYoungGen: 1223152K->174588K(1223168K)] 3046432K->2113598K(4019712K), 0.0311223 secs] [Times: user=0.31 sys=0.00, real=0.03 secs] 
2022-01-17T02:06:54.398+0800: 14.516: [GC (Allocation Failure) [PSYoungGen: 1223164K->174585K(1223168K)] 3162174K->2235625K(4019712K), 0.0321210 secs] [Times: user=0.31 sys=0.00, real=0.03 secs] 
2022-01-17T02:06:54.523+0800: 14.641: [GC (Allocation Failure) [PSYoungGen: 1223161K->174588K(1223168K)] 3284201K->2367235K(4019712K), 0.0330568 secs] [Times: user=0.47 sys=0.00, real=0.03 secs] 
2022-01-17T02:06:54.648+0800: 14.767: [GC (Allocation Failure) [PSYoungGen: 1223164K->174576K(1223168K)] 3415811K->2474841K(4019712K), 0.0311257 secs] [Times: user=0.16 sys=0.00, real=0.03 secs] 
2022-01-17T02:06:54.774+0800: 14.892: [GC (Allocation Failure) [PSYoungGen: 1223152K->174582K(1223168K)] 3523417K->2603933K(4019712K), 0.0332451 secs] [Times: user=0.31 sys=0.00, real=0.03 secs] 
2022-01-17T02:06:54.900+0800: 15.018: [GC (Allocation Failure) [PSYoungGen: 1223158K->174579K(1223168K)] 3652509K->2728649K(4019712K), 0.0336541 secs] [Times: user=0.31 sys=0.00, real=0.03 secs] 
2022-01-17T02:06:55.027+0800: 15.145: [GC (Allocation Failure) [PSYoungGen: 1223155K->174586K(1223168K)] 3777225K->2865366K(4019712K), 0.0340065 secs] [Times: user=0.31 sys=0.00, real=0.03 secs] 
2022-01-17T02:06:55.061+0800: 15.179: [Full GC (Ergonomics) [PSYoungGen: 174586K->0K(1223168K)] [ParOldGen: 2690780K->383398K(2796544K)] 2865366K->383398K(4019712K), [Metaspace: 2709K->2709K(1056768K)], 0.0456233 secs] [Times: user=0.47 sys=0.00, real=0.04 secs] 
2022-01-17T02:06:55.198+0800: 15.317: [GC (Allocation Failure) [PSYoungGen: 1048576K->174577K(1223168K)] 1431974K->616707K(4019712K), 0.0237221 secs] [Times: user=0.16 sys=0.00, real=0.02 secs] 
2022-01-17T02:06:55.317+0800: 15.435: [GC (Allocation Failure) [PSYoungGen: 1223153K->174589K(1223168K)] 1665283K->737362K(4019712K), 0.0307588 secs] [Times: user=0.31 sys=0.00, real=0.03 secs] 
2022-01-17T02:06:55.444+0800: 15.561: [GC (Allocation Failure) [PSYoungGen: 1223165K->174582K(1223168K)] 1785938K->888634K(4019712K), 0.0333863 secs] [Times: user=0.31 sys=0.00, real=0.03 secs] 
2022-01-17T02:06:55.566+0800: 15.684: [GC (Allocation Failure) [PSYoungGen: 1223158K->174591K(1223168K)] 1937210K->1023162K(4019712K), 0.0318741 secs] [Times: user=0.31 sys=0.00, real=0.03 secs] 
2022-01-17T02:06:55.691+0800: 15.809: [GC (Allocation Failure) [PSYoungGen: 1223167K->174591K(1223168K)] 2071738K->1157606K(4019712K), 0.0317306 secs] [Times: user=0.31 sys=0.00, real=0.03 secs] 
2022-01-17T02:06:55.812+0800: 15.930: [GC (Allocation Failure) [PSYoungGen: 1223167K->174583K(1223168K)] 2206182K->1287529K(4019712K), 0.0319375 secs] [Times: user=0.31 sys=0.00, real=0.03 secs] 
2022-01-17T02:06:55.938+0800: 16.056: [GC (Allocation Failure) [PSYoungGen: 1223159K->174579K(1223168K)] 2336105K->1409819K(4019712K), 0.0323297 secs] [Times: user=0.31 sys=0.00, real=0.03 secs] 
2022-01-17T02:06:56.066+0800: 16.184: [GC (Allocation Failure) [PSYoungGen: 1223155K->174589K(1223168K)] 2458395K->1545031K(4019712K), 0.0323074 secs] [Times: user=0.31 sys=0.00, real=0.03 secs] 
2022-01-17T02:06:56.189+0800: 16.308: [GC (Allocation Failure) [PSYoungGen: 1223165K->174587K(1223168K)] 2593607K->1675959K(4019712K), 0.0334997 secs] [Times: user=0.31 sys=0.00, real=0.03 secs] 
2022-01-17T02:06:56.316+0800: 16.435: [GC (Allocation Failure) [PSYoungGen: 1223163K->174582K(1223168K)] 2724535K->1806785K(4019712K), 0.0322599 secs] [Times: user=0.31 sys=0.00, real=0.03 secs] 
2022-01-17T02:06:56.443+0800: 16.561: [GC (Allocation Failure) [PSYoungGen: 1223158K->174588K(1223168K)] 2855361K->1933717K(4019712K), 0.0321638 secs] [Times: user=0.31 sys=0.00, real=0.03 secs] 
2022-01-17T02:06:56.566+0800: 16.685: [GC (Allocation Failure) [PSYoungGen: 1223164K->174576K(1223168K)] 2982293K->2069257K(4019712K), 0.0330187 secs] [Times: user=0.31 sys=0.00, real=0.03 secs] 
2022-01-17T02:06:56.691+0800: 16.809: [GC (Allocation Failure) [PSYoungGen: 1223152K->174589K(1223168K)] 3117833K->2189400K(4019712K), 0.0320569 secs] [Times: user=0.31 sys=0.00, real=0.03 secs] 
2022-01-17T02:06:56.815+0800: 16.932: [GC (Allocation Failure) [PSYoungGen: 1223165K->174589K(1223168K)] 3237976K->2318871K(4019712K), 0.0326784 secs] [Times: user=0.31 sys=0.00, real=0.03 secs] 
2022-01-17T02:06:56.940+0800: 17.058: [GC (Allocation Failure) [PSYoungGen: 1223165K->174587K(1223168K)] 3367447K->2444515K(4019712K), 0.0319472 secs] [Times: user=0.31 sys=0.00, real=0.03 secs] 
2022-01-17T02:06:57.063+0800: 17.181: [GC (Allocation Failure) [PSYoungGen: 1223163K->174576K(1223168K)] 3493091K->2568377K(4019712K), 0.0330644 secs] [Times: user=0.31 sys=0.00, real=0.03 secs] 
2022-01-17T02:06:57.189+0800: 17.307: [GC (Allocation Failure) [PSYoungGen: 1223152K->174582K(1223168K)] 3616953K->2709805K(4019712K), 0.0337367 secs] [Times: user=0.31 sys=0.00, real=0.03 secs] 
2022-01-17T02:06:57.315+0800: 17.433: [GC (Allocation Failure) [PSYoungGen: 1223158K->174591K(1223168K)] 3758381K->2834310K(4019712K), 0.0330817 secs] [Times: user=0.31 sys=0.00, real=0.03 secs] 
2022-01-17T02:06:57.349+0800: 17.466: [Full GC (Ergonomics) [PSYoungGen: 174591K->0K(1223168K)] [ParOldGen: 2659719K->372353K(2796544K)] 2834310K->372353K(4019712K), [Metaspace: 2709K->2709K(1056768K)], 0.0446156 secs] [Times: user=0.47 sys=0.00, real=0.04 secs] 
2022-01-17T02:06:57.486+0800: 17.604: [GC (Allocation Failure) [PSYoungGen: 1048576K->174590K(1223168K)] 1420929K->609131K(4019712K), 0.0245509 secs] [Times: user=0.31 sys=0.00, real=0.02 secs] 
2022-01-17T02:06:57.602+0800: 17.721: [GC (Allocation Failure) [PSYoungGen: 1223166K->174591K(1223168K)] 1657707K->740266K(4019712K), 0.0318500 secs] [Times: user=0.31 sys=0.00, real=0.03 secs] 
2022-01-17T02:06:57.726+0800: 17.844: [GC (Allocation Failure) [PSYoungGen: 1223167K->174576K(1223168K)] 1788842K->867329K(4019712K), 0.0311736 secs] [Times: user=0.31 sys=0.00, real=0.03 secs] 
2022-01-17T02:06:57.850+0800: 17.969: [GC (Allocation Failure) [PSYoungGen: 1223152K->174583K(1223168K)] 1915905K->990709K(4019712K), 0.0314602 secs] [Times: user=0.31 sys=0.00, real=0.03 secs] 
2022-01-17T02:06:57.972+0800: 18.090: [GC (Allocation Failure) [PSYoungGen: 1223159K->174585K(1223168K)] 2039285K->1120879K(4019712K), 0.0309793 secs] [Times: user=0.31 sys=0.00, real=0.03 secs] 
2022-01-17T02:06:58.096+0800: 18.214: [GC (Allocation Failure) [PSYoungGen: 1223161K->174581K(1223168K)] 2169455K->1247160K(4019712K), 0.0310695 secs] [Times: user=0.31 sys=0.00, real=0.03 secs] 
2022-01-17T02:06:58.218+0800: 18.335: [GC (Allocation Failure) [PSYoungGen: 1223157K->174580K(1223168K)] 2295736K->1386792K(4019712K), 0.0323780 secs] [Times: user=0.31 sys=0.00, real=0.03 secs] 
2022-01-17T02:06:58.342+0800: 18.461: [GC (Allocation Failure) [PSYoungGen: 1223156K->174587K(1223168K)] 2435368K->1497412K(4019712K), 0.0299682 secs] [Times: user=0.31 sys=0.00, real=0.03 secs] 
2022-01-17T02:06:58.465+0800: 18.583: [GC (Allocation Failure) [PSYoungGen: 1223163K->174576K(1223168K)] 2545988K->1632060K(4019712K), 0.0324853 secs] [Times: user=0.31 sys=0.00, real=0.03 secs] 
2022-01-17T02:06:58.591+0800: 18.709: [GC (Allocation Failure) [PSYoungGen: 1223152K->174590K(1223168K)] 2680636K->1764240K(4019712K), 0.0322797 secs] [Times: user=0.31 sys=0.00, real=0.03 secs] 
2022-01-17T02:06:58.713+0800: 18.832: [GC (Allocation Failure) [PSYoungGen: 1223166K->174587K(1223168K)] 2812816K->1899015K(4019712K), 0.0326308 secs] [Times: user=0.31 sys=0.00, real=0.03 secs] 
2022-01-17T02:06:58.836+0800: 18.955: [GC (Allocation Failure) [PSYoungGen: 1223163K->174584K(1223168K)] 2947591K->2037935K(4019712K), 0.0330191 secs] [Times: user=0.31 sys=0.00, real=0.03 secs] 
2022-01-17T02:06:58.961+0800: 19.078: [GC (Allocation Failure) [PSYoungGen: 1223160K->174586K(1223168K)] 3086511K->2168092K(4019712K), 0.0324772 secs] [Times: user=0.47 sys=0.00, real=0.03 secs] 
2022-01-17T02:06:59.084+0800: 19.203: [GC (Allocation Failure) [PSYoungGen: 1223162K->174575K(1223168K)] 3216668K->2287476K(4019712K), 0.0320188 secs] [Times: user=0.31 sys=0.00, real=0.03 secs] 
2022-01-17T02:06:59.208+0800: 19.326: [GC (Allocation Failure) [PSYoungGen: 1223151K->174588K(1223168K)] 3336052K->2414028K(4019712K), 0.0327408 secs] [Times: user=0.31 sys=0.00, real=0.03 secs] 
2022-01-17T02:06:59.334+0800: 19.452: [GC (Allocation Failure) [PSYoungGen: 1223164K->174575K(1223168K)] 3462604K->2546229K(4019712K), 0.0333917 secs] [Times: user=0.31 sys=0.00, real=0.03 secs] 
2022-01-17T02:06:59.459+0800: 19.578: [GC (Allocation Failure) [PSYoungGen: 1223151K->174589K(1223168K)] 3594805K->2677855K(4019712K), 0.0336208 secs] [Times: user=0.47 sys=0.00, real=0.03 secs] 
2022-01-17T02:06:59.584+0800: 19.702: [GC (Allocation Failure) [PSYoungGen: 1223165K->174588K(1223168K)] 3726431K->2809191K(4019712K), 0.0336386 secs] [Times: user=0.31 sys=0.00, real=0.03 secs] 
2022-01-17T02:06:59.711+0800: 19.828: [GC (Allocation Failure) [PSYoungGen: 1223164K->174584K(1223168K)] 3857767K->2945912K(4019712K), 0.0339492 secs] [Times: user=0.41 sys=0.06, real=0.03 secs] 
2022-01-17T02:06:59.744+0800: 19.862: [Full GC (Ergonomics) [PSYoungGen: 174584K->0K(1223168K)] [ParOldGen: 2771328K->390252K(2796544K)] 2945912K->390252K(4019712K), [Metaspace: 2709K->2709K(1056768K)], 0.0463576 secs] [Times: user=0.31 sys=0.00, real=0.05 secs] 
2022-01-17T02:06:59.882+0800: 20.001: [GC (Allocation Failure) [PSYoungGen: 1048576K->174590K(1223168K)] 1438828K->622472K(4019712K), 0.0242499 secs] [Times: user=0.31 sys=0.00, real=0.03 secs] 
2022-01-17T02:06:59.998+0800: 20.116: [GC (Allocation Failure) [PSYoungGen: 1223166K->174589K(1223168K)] 1671048K->747632K(4019712K), 0.0315122 secs] [Times: user=0.31 sys=0.00, real=0.03 secs] 
2022-01-17T02:07:00.123+0800: 20.242: [GC (Allocation Failure) [PSYoungGen: 1223165K->174578K(1223168K)] 1796208K->871238K(4019712K), 0.0306673 secs] [Times: user=0.31 sys=0.00, real=0.03 secs] 
2022-01-17T02:07:00.248+0800: 20.366: [GC (Allocation Failure) [PSYoungGen: 1223154K->174589K(1223168K)] 1919814K->989300K(4019712K), 0.0304280 secs] [Times: user=0.31 sys=0.00, real=0.03 secs] 
2022-01-17T02:07:00.374+0800: 20.492: [GC (Allocation Failure) [PSYoungGen: 1223165K->174591K(1223168K)] 2037876K->1116987K(4019712K), 0.0311726 secs] [Times: user=0.31 sys=0.00, real=0.03 secs] 
2022-01-17T02:07:00.494+0800: 20.613: [GC (Allocation Failure) [PSYoungGen: 1223167K->174587K(1223168K)] 2165563K->1249813K(4019712K), 0.0318761 secs] [Times: user=0.31 sys=0.00, real=0.03 secs] 
2022-01-17T02:07:00.619+0800: 20.737: [GC (Allocation Failure) [PSYoungGen: 1223163K->174589K(1223168K)] 2298389K->1365537K(4019712K), 0.0303753 secs] [Times: user=0.31 sys=0.00, real=0.03 secs] 
2022-01-17T02:07:00.741+0800: 20.860: [GC (Allocation Failure) [PSYoungGen: 1223165K->174584K(1223168K)] 2414113K->1503138K(4019712K), 0.0326954 secs] [Times: user=0.30 sys=0.00, real=0.03 secs] 
2022-01-17T02:07:00.868+0800: 20.986: [GC (Allocation Failure) [PSYoungGen: 1223160K->174577K(1223168K)] 2551714K->1636443K(4019712K), 0.0324353 secs] [Times: user=0.31 sys=0.00, real=0.03 secs] 
2022-01-17T02:07:00.997+0800: 21.115: [GC (Allocation Failure) [PSYoungGen: 1223153K->174587K(1223168K)] 2685019K->1762818K(4019712K), 0.0319983 secs] [Times: user=0.28 sys=0.00, real=0.03 secs] 
2022-01-17T02:07:01.124+0800: 21.243: [GC (Allocation Failure) [PSYoungGen: 1223163K->174577K(1223168K)] 2811394K->1883942K(4019712K), 0.0313958 secs] [Times: user=0.31 sys=0.00, real=0.03 secs] 
2022-01-17T02:07:01.248+0800: 21.366: [GC (Allocation Failure) [PSYoungGen: 1223153K->174591K(1223168K)] 2932518K->2008283K(4019712K), 0.0314989 secs] [Times: user=0.31 sys=0.00, real=0.03 secs] 
2022-01-17T02:07:01.372+0800: 21.490: [GC (Allocation Failure) [PSYoungGen: 1223167K->174590K(1223168K)] 3056859K->2137279K(4019712K), 0.0326826 secs] [Times: user=0.31 sys=0.00, real=0.03 secs] 
2022-01-17T02:07:01.498+0800: 21.616: [GC (Allocation Failure) [PSYoungGen: 1223166K->174581K(1223168K)] 3185855K->2257013K(4019712K), 0.0315545 secs] [Times: user=0.31 sys=0.00, real=0.03 secs] 
2022-01-17T02:07:01.622+0800: 21.740: [GC (Allocation Failure) [PSYoungGen: 1223157K->174586K(1223168K)] 3305589K->2378235K(4019712K), 0.0322056 secs] [Times: user=0.31 sys=0.00, real=0.03 secs] 
2022-01-17T02:07:01.746+0800: 21.864: [GC (Allocation Failure) [PSYoungGen: 1223162K->174590K(1223168K)] 3426811K->2489561K(4019712K), 0.0315214 secs] [Times: user=0.31 sys=0.00, real=0.03 secs] 
2022-01-17T02:07:01.871+0800: 21.988: [GC (Allocation Failure) [PSYoungGen: 1223166K->174571K(1223168K)] 3538137K->2613843K(4019712K), 0.0326484 secs] [Times: user=0.31 sys=0.00, real=0.03 secs] 
2022-01-17T02:07:01.996+0800: 22.115: [GC (Allocation Failure) [PSYoungGen: 1223147K->174582K(1223168K)] 3662419K->2751987K(4019712K), 0.0342045 secs] [Times: user=0.31 sys=0.00, real=0.03 secs] 
2022-01-17T02:07:02.127+0800: 22.245: [GC (Allocation Failure) [PSYoungGen: 1223158K->174585K(1223168K)] 3800563K->2875907K(4019712K), 0.0325110 secs] [Times: user=0.31 sys=0.00, real=0.03 secs] 
2022-01-17T02:07:02.160+0800: 22.278: [Full GC (Ergonomics) [PSYoungGen: 174585K->0K(1223168K)] [ParOldGen: 2701322K->384717K(2796544K)] 2875907K->384717K(4019712K), [Metaspace: 2709K->2709K(1056768K)], 0.0457948 secs] [Times: user=0.47 sys=0.00, real=0.04 secs] 
2022-01-17T02:07:02.300+0800: 22.418: [GC (Allocation Failure) [PSYoungGen: 1048576K->174589K(1223168K)] 1433293K->616013K(4019712K), 0.0246250 secs] [Times: user=0.31 sys=0.00, real=0.03 secs] 
2022-01-17T02:07:02.419+0800: 22.537: [GC (Allocation Failure) [PSYoungGen: 1223165K->174590K(1223168K)] 1664589K->745060K(4019712K), 0.0308796 secs] [Times: user=0.31 sys=0.00, real=0.03 secs] 
2022-01-17T02:07:02.541+0800: 22.659: [GC (Allocation Failure) [PSYoungGen: 1223166K->174577K(1223168K)] 1793636K->878024K(4019712K), 0.0319282 secs] [Times: user=0.31 sys=0.00, real=0.03 secs] 
2022-01-17T02:07:02.664+0800: 22.783: [GC (Allocation Failure) [PSYoungGen: 1223153K->174579K(1223168K)] 1926600K->1006899K(4019712K), 0.0318670 secs] [Times: user=0.31 sys=0.00, real=0.03 secs] 
2022-01-17T02:07:02.791+0800: 22.909: [GC (Allocation Failure) [PSYoungGen: 1223155K->174587K(1223168K)] 2055475K->1129102K(4019712K), 0.0314005 secs] [Times: user=0.31 sys=0.00, real=0.03 secs] 
2022-01-17T02:07:02.916+0800: 23.034: [GC (Allocation Failure) [PSYoungGen: 1223163K->174576K(1223168K)] 2177678K->1262238K(4019712K), 0.0316238 secs] [Times: user=0.31 sys=0.00, real=0.03 secs] 
2022-01-17T02:07:03.039+0800: 23.157: [GC (Allocation Failure) [PSYoungGen: 1223152K->174587K(1223168K)] 2310814K->1379224K(4019712K), 0.0308932 secs] [Times: user=0.16 sys=0.00, real=0.03 secs] 
2022-01-17T02:07:03.160+0800: 23.278: [GC (Allocation Failure) [PSYoungGen: 1223163K->174576K(1223168K)] 2427800K->1508061K(4019712K), 0.0316496 secs] [Times: user=0.31 sys=0.00, real=0.03 secs] 
2022-01-17T02:07:03.283+0800: 23.402: [GC (Allocation Failure) [PSYoungGen: 1223152K->174584K(1223168K)] 2556637K->1610740K(4019712K), 0.0299515 secs] [Times: user=0.31 sys=0.00, real=0.03 secs] 
2022-01-17T02:07:03.407+0800: 23.525: [GC (Allocation Failure) [PSYoungGen: 1223160K->174581K(1223168K)] 2659316K->1736520K(4019712K), 0.0313772 secs] [Times: user=0.31 sys=0.00, real=0.03 secs] 
2022-01-17T02:07:03.529+0800: 23.647: [GC (Allocation Failure) [PSYoungGen: 1223157K->174577K(1223168K)] 2785096K->1857398K(4019712K), 0.0314398 secs] [Times: user=0.31 sys=0.00, real=0.03 secs] 
2022-01-17T02:07:03.651+0800: 23.770: [GC (Allocation Failure) [PSYoungGen: 1223153K->174588K(1223168K)] 2905974K->1981941K(4019712K), 0.0322780 secs] [Times: user=0.31 sys=0.00, real=0.03 secs] 
2022-01-17T02:07:03.774+0800: 23.893: [GC (Allocation Failure) [PSYoungGen: 1223164K->174582K(1223168K)] 3030517K->2110602K(4019712K), 0.0324202 secs] [Times: user=0.31 sys=0.00, real=0.03 secs] 
2022-01-17T02:07:03.899+0800: 24.017: [GC (Allocation Failure) [PSYoungGen: 1223158K->174586K(1223168K)] 3159178K->2239786K(4019712K), 0.0331601 secs] [Times: user=0.31 sys=0.00, real=0.03 secs] 
2022-01-17T02:07:04.025+0800: 24.142: [GC (Allocation Failure) [PSYoungGen: 1223162K->174588K(1223168K)] 3288362K->2382295K(4019712K), 0.0343035 secs] [Times: user=0.31 sys=0.00, real=0.03 secs] 
2022-01-17T02:07:04.148+0800: 24.267: [GC (Allocation Failure) [PSYoungGen: 1223164K->174579K(1223168K)] 3430871K->2511967K(4019712K), 0.0329536 secs] [Times: user=0.31 sys=0.00, real=0.03 secs] 
2022-01-17T02:07:04.273+0800: 24.391: [GC (Allocation Failure) [PSYoungGen: 1223155K->174582K(1223168K)] 3560543K->2635987K(4019712K), 0.0328677 secs] [Times: user=0.41 sys=0.02, real=0.03 secs] 
2022-01-17T02:07:04.398+0800: 24.516: [GC (Allocation Failure) [PSYoungGen: 1223158K->174589K(1223168K)] 3684563K->2759188K(4019712K), 0.0327101 secs] [Times: user=0.47 sys=0.00, real=0.03 secs] 
2022-01-17T02:07:04.521+0800: 24.639: [GC (Allocation Failure) [PSYoungGen: 1223165K->174580K(1223168K)] 3807764K->2889505K(4019712K), 0.0332315 secs] [Times: user=0.31 sys=0.00, real=0.03 secs] 
2022-01-17T02:07:04.555+0800: 24.673: [Full GC (Ergonomics) [PSYoungGen: 174580K->0K(1223168K)] [ParOldGen: 2714925K->378998K(2796544K)] 2889505K->378998K(4019712K), [Metaspace: 2709K->2709K(1056768K)], 0.0448168 secs] [Times: user=0.31 sys=0.00, real=0.04 secs] 
2022-01-17T02:07:04.691+0800: 24.809: [GC (Allocation Failure) [PSYoungGen: 1048576K->174586K(1223168K)] 1427574K->629218K(4019712K), 0.0254554 secs] [Times: user=0.31 sys=0.00, real=0.03 secs] 
2022-01-17T02:07:04.810+0800: 24.929: [GC (Allocation Failure) [PSYoungGen: 1223162K->174585K(1223168K)] 1677794K->744861K(4019712K), 0.0296182 secs] [Times: user=0.31 sys=0.00, real=0.03 secs] 
2022-01-17T02:07:04.931+0800: 25.050: [GC (Allocation Failure) [PSYoungGen: 1223161K->174579K(1223168K)] 1793437K->869757K(4019712K), 0.0305218 secs] [Times: user=0.31 sys=0.00, real=0.03 secs] 
2022-01-17T02:07:05.054+0800: 25.172: [GC (Allocation Failure) [PSYoungGen: 1223155K->174579K(1223168K)] 1918333K->993562K(4019712K), 0.0313763 secs] [Times: user=0.31 sys=0.00, real=0.03 secs] 
2022-01-17T02:07:05.182+0800: 25.300: [GC (Allocation Failure) [PSYoungGen: 1223155K->174585K(1223168K)] 2042138K->1114996K(4019712K), 0.0308428 secs] [Times: user=0.31 sys=0.00, real=0.03 secs] 
2022-01-17T02:07:05.304+0800: 25.423: [GC (Allocation Failure) [PSYoungGen: 1223161K->174579K(1223168K)] 2163572K->1241607K(4019712K), 0.0318344 secs] [Times: user=0.31 sys=0.00, real=0.03 secs] 
2022-01-17T02:07:05.427+0800: 25.545: [GC (Allocation Failure) [PSYoungGen: 1223155K->174583K(1223168K)] 2290183K->1369945K(4019712K), 0.0326402 secs] [Times: user=0.31 sys=0.00, real=0.03 secs] 
2022-01-17T02:07:05.554+0800: 25.672: [GC (Allocation Failure) [PSYoungGen: 1223159K->174591K(1223168K)] 2418521K->1486577K(4019712K), 0.0305974 secs] [Times: user=0.16 sys=0.00, real=0.03 secs] 
2022-01-17T02:07:05.677+0800: 25.795: [GC (Allocation Failure) [PSYoungGen: 1223167K->174586K(1223168K)] 2535153K->1623618K(4019712K), 0.0330313 secs] [Times: user=0.31 sys=0.00, real=0.03 secs] 
2022-01-17T02:07:05.803+0800: 25.920: [GC (Allocation Failure) [PSYoungGen: 1223162K->174581K(1223168K)] 2672194K->1742003K(4019712K), 0.0304823 secs] [Times: user=0.31 sys=0.00, real=0.03 secs] 
2022-01-17T02:07:05.924+0800: 26.043: [GC (Allocation Failure) [PSYoungGen: 1223157K->174590K(1223168K)] 2790579K->1870484K(4019712K), 0.0332823 secs] [Times: user=0.31 sys=0.00, real=0.03 secs] 
2022-01-17T02:07:06.054+0800: 26.172: [GC (Allocation Failure) [PSYoungGen: 1223166K->174589K(1223168K)] 2919060K->1997481K(4019712K), 0.0325127 secs] [Times: user=0.47 sys=0.00, real=0.03 secs] 
2022-01-17T02:07:06.181+0800: 26.299: [GC (Allocation Failure) [PSYoungGen: 1223165K->174584K(1223168K)] 3046057K->2112898K(4019712K), 0.0313729 secs] [Times: user=0.31 sys=0.00, real=0.03 secs] 
2022-01-17T02:07:06.302+0800: 26.421: [GC (Allocation Failure) [PSYoungGen: 1223160K->174590K(1223168K)] 3161474K->2248353K(4019712K), 0.0333991 secs] [Times: user=0.31 sys=0.00, real=0.03 secs] 
2022-01-17T02:07:06.429+0800: 26.548: [GC (Allocation Failure) [PSYoungGen: 1223166K->174591K(1223168K)] 3296929K->2374496K(4019712K), 0.0326434 secs] [Times: user=0.31 sys=0.00, real=0.03 secs] 
2022-01-17T02:07:06.552+0800: 26.670: [GC (Allocation Failure) [PSYoungGen: 1223167K->174577K(1223168K)] 3423072K->2497183K(4019712K), 0.0321107 secs] [Times: user=0.31 sys=0.00, real=0.03 secs] 
2022-01-17T02:07:06.673+0800: 26.792: [GC (Allocation Failure) [PSYoungGen: 1223153K->174590K(1223168K)] 3545759K->2637822K(4019712K), 0.0339725 secs] [Times: user=0.31 sys=0.00, real=0.03 secs] 
2022-01-17T02:07:06.800+0800: 26.918: [GC (Allocation Failure) [PSYoungGen: 1223166K->174588K(1223168K)] 3686398K->2761200K(4019712K), 0.0327197 secs] [Times: user=0.31 sys=0.00, real=0.03 secs] 
2022-01-17T02:07:06.922+0800: 27.041: [GC (Allocation Failure) [PSYoungGen: 1223164K->174588K(1223168K)] 3809776K->2887960K(4019712K), 0.0339473 secs] [Times: user=0.31 sys=0.00, real=0.03 secs] 
2022-01-17T02:07:06.956+0800: 27.075: [Full GC (Ergonomics) [PSYoungGen: 174588K->0K(1223168K)] [ParOldGen: 2713372K->376957K(2796544K)] 2887960K->376957K(4019712K), [Metaspace: 2709K->2709K(1056768K)], 0.0445105 secs] [Times: user=0.47 sys=0.00, real=0.04 secs] 
2022-01-17T02:07:07.094+0800: 27.212: [GC (Allocation Failure) [PSYoungGen: 1048576K->174591K(1223168K)] 1425533K->616815K(4019712K), 0.0248578 secs] [Times: user=0.31 sys=0.00, real=0.02 secs] 
2022-01-17T02:07:07.216+0800: 27.334: [GC (Allocation Failure) [PSYoungGen: 1223167K->174581K(1223168K)] 1665391K->732752K(4019712K), 0.0295977 secs] [Times: user=0.31 sys=0.00, real=0.03 secs] 
2022-01-17T02:07:07.336+0800: 27.455: [GC (Allocation Failure) [PSYoungGen: 1223157K->174589K(1223168K)] 1781328K->865149K(4019712K), 0.0318817 secs] [Times: user=0.31 sys=0.00, real=0.03 secs] 
2022-01-17T02:07:07.458+0800: 27.577: [GC (Allocation Failure) [PSYoungGen: 1223165K->174586K(1223168K)] 1913725K->991285K(4019712K), 0.0313951 secs] [Times: user=0.31 sys=0.00, real=0.03 secs] 
2022-01-17T02:07:07.581+0800: 27.699: [GC (Allocation Failure) [PSYoungGen: 1223162K->174589K(1223168K)] 2039861K->1117371K(4019712K), 0.0311524 secs] [Times: user=0.31 sys=0.00, real=0.03 secs] 
2022-01-17T02:07:07.705+0800: 27.823: [GC (Allocation Failure) [PSYoungGen: 1223165K->174587K(1223168K)] 2165947K->1240339K(4019712K), 0.0311373 secs] [Times: user=0.31 sys=0.00, real=0.03 secs] 
2022-01-17T02:07:07.827+0800: 27.946: [GC (Allocation Failure) [PSYoungGen: 1223163K->174591K(1223168K)] 2288915K->1370568K(4019712K), 0.0317392 secs] [Times: user=0.31 sys=0.00, real=0.03 secs] 
2022-01-17T02:07:07.951+0800: 28.070: [GC (Allocation Failure) [PSYoungGen: 1223167K->174590K(1223168K)] 2419144K->1495141K(4019712K), 0.0319649 secs] [Times: user=0.31 sys=0.00, real=0.03 secs] 
2022-01-17T02:07:08.077+0800: 28.196: [GC (Allocation Failure) [PSYoungGen: 1223166K->174586K(1223168K)] 2543717K->1614353K(4019712K), 0.0311739 secs] [Times: user=0.31 sys=0.00, real=0.03 secs] 
2022-01-17T02:07:08.198+0800: 28.316: [GC (Allocation Failure) [PSYoungGen: 1223162K->174587K(1223168K)] 2662929K->1753044K(4019712K), 0.0330535 secs] [Times: user=0.31 sys=0.00, real=0.03 secs] 
2022-01-17T02:07:08.322+0800: 28.440: [GC (Allocation Failure) [PSYoungGen: 1223163K->174587K(1223168K)] 2801620K->1889005K(4019712K), 0.0333937 secs] [Times: user=0.31 sys=0.00, real=0.03 secs] 
2022-01-17T02:07:08.449+0800: 28.567: [GC (Allocation Failure) [PSYoungGen: 1223163K->174590K(1223168K)] 2937581K->2016490K(4019712K), 0.0322051 secs] [Times: user=0.31 sys=0.00, real=0.03 secs] 
2022-01-17T02:07:08.570+0800: 28.688: [GC (Allocation Failure) [PSYoungGen: 1223166K->174586K(1223168K)] 3065066K->2151547K(4019712K), 0.0329370 secs] [Times: user=0.34 sys=0.00, real=0.03 secs] 
2022-01-17T02:07:08.697+0800: 28.816: [GC (Allocation Failure) [PSYoungGen: 1223162K->174588K(1223168K)] 3200123K->2277619K(4019712K), 0.0323808 secs] [Times: user=0.31 sys=0.00, real=0.03 secs] 
2022-01-17T02:07:08.821+0800: 28.939: [GC (Allocation Failure) [PSYoungGen: 1223164K->174590K(1223168K)] 3326195K->2415315K(4019712K), 0.0336804 secs] [Times: user=0.31 sys=0.00, real=0.03 secs] 
2022-01-17T02:07:08.947+0800: 29.065: [GC (Allocation Failure) [PSYoungGen: 1223166K->174588K(1223168K)] 3463891K->2540555K(4019712K), 0.0330137 secs] [Times: user=0.31 sys=0.00, real=0.03 secs] 
2022-01-17T02:07:09.071+0800: 29.190: [GC (Allocation Failure) [PSYoungGen: 1223164K->174587K(1223168K)] 3589131K->2671506K(4019712K), 0.0335365 secs] [Times: user=0.31 sys=0.00, real=0.03 secs] 
2022-01-17T02:07:09.201+0800: 29.319: [GC (Allocation Failure) [PSYoungGen: 1223163K->174590K(1223168K)] 3720082K->2782635K(4019712K), 0.0317710 secs] [Times: user=0.31 sys=0.00, real=0.03 secs] 
2022-01-17T02:07:09.324+0800: 29.443: [GC (Allocation Failure) [PSYoungGen: 1223166K->174585K(1223168K)] 3831211K->2898053K(4019712K), 0.0323771 secs] [Times: user=0.31 sys=0.00, real=0.03 secs] 
2022-01-17T02:07:09.357+0800: 29.475: [Full GC (Ergonomics) [PSYoungGen: 174585K->0K(1223168K)] [ParOldGen: 2723468K->365367K(2796544K)] 2898053K->365367K(4019712K), [Metaspace: 2709K->2709K(1056768K)], 0.0440944 secs] [Times: user=0.33 sys=0.00, real=0.04 secs] 
2022-01-17T02:07:09.500+0800: 29.618: [GC (Allocation Failure) [PSYoungGen: 1048576K->174580K(1223168K)] 1413943K->591774K(4019712K), 0.0233155 secs] [Times: user=0.16 sys=0.00, real=0.02 secs] 
2022-01-17T02:07:09.619+0800: 29.737: [GC (Allocation Failure) [PSYoungGen: 1223156K->174583K(1223168K)] 1640350K->718471K(4019712K), 0.0306578 secs] [Times: user=0.31 sys=0.00, real=0.03 secs] 
2022-01-17T02:07:09.741+0800: 29.860: [GC (Allocation Failure) [PSYoungGen: 1223159K->174591K(1223168K)] 1767047K->847428K(4019712K), 0.0309554 secs] [Times: user=0.31 sys=0.00, real=0.03 secs] 
2022-01-17T02:07:09.865+0800: 29.983: [GC (Allocation Failure) [PSYoungGen: 1223167K->174591K(1223168K)] 1896004K->967353K(4019712K), 0.0307753 secs] [Times: user=0.31 sys=0.00, real=0.03 secs] 
Heap
 PSYoungGen      total 1223168K, used 832213K [0x000000076ab00000, 0x00000007c0000000, 0x00000007c0000000)
  eden space 1048576K, 62% used [0x000000076ab00000,0x0000000792d35878,0x00000007aab00000)
  from space 174592K, 99% used [0x00000007aab00000,0x00000007b557fdf0,0x00000007b5580000)
  to   space 174592K, 0% used [0x00000007b5580000,0x00000007b5580000,0x00000007c0000000)
 ParOldGen       total 2796544K, used 792762K [0x00000006c0000000, 0x000000076ab00000, 0x000000076ab00000)
  object space 2796544K, 28% used [0x00000006c0000000,0x00000006f062e810,0x000000076ab00000)
 Metaspace       used 2716K, capacity 4490K, committed 4864K, reserved 1056768K
  class space    used 291K, capacity 386K, committed 512K, reserved 1048576K
