Java HotSpot(TM) 64-Bit Server VM (25.231-b11) for windows-amd64 JRE (1.8.0_231-b11), built on Oct  5 2019 03:11:30 by "java_re" with MS VC++ 10.0 (VS2010)
Memory: 4k page, physical 16718268k(8633956k free), swap 19801976k(4538956k free)
CommandLine flags: -XX:InitialHeapSize=4294967296 -XX:MaxHeapSize=4294967296 -XX:MaxNewSize=872415232 -XX:MaxTenuringThreshold=6 -XX:NewSize=872415232 -XX:OldPLABSize=16 -XX:OldSize=1744830464 -XX:+PrintGC -XX:+PrintGCDateStamps -XX:+PrintGCDetails -XX:+PrintGCTimeStamps -XX:-UseAdaptiveSizePolicy -XX:+UseCompressedClassPointers -XX:+UseCompressedOops -XX:+UseConcMarkSweepGC -XX:-UseLargePagesIndividualAllocation -XX:+UseParNewGC 
2022-01-17T02:08:03.531+0800: 0.272: [GC (Allocation Failure) 2022-01-17T02:08:03.531+0800: 0.272: [ParNew: 681600K->85183K(766784K), 0.0233589 secs] 681600K->185354K(4109120K), 0.0234988 secs] [Times: user=0.05 sys=0.27, real=0.02 secs] 
2022-01-17T02:08:03.621+0800: 0.361: [GC (Allocation Failure) 2022-01-17T02:08:03.621+0800: 0.361: [ParNew: 766783K->85184K(766784K), 0.0267358 secs] 866954K->317933K(4109120K), 0.0268063 secs] [Times: user=0.03 sys=0.13, real=0.03 secs] 
2022-01-17T02:08:03.710+0800: 0.450: [GC (Allocation Failure) 2022-01-17T02:08:03.710+0800: 0.450: [ParNew: 766784K->85184K(766784K), 0.0548475 secs] 999533K->460608K(4109120K), 0.0549117 secs] [Times: user=0.61 sys=0.02, real=0.05 secs] 
2022-01-17T02:08:03.827+0800: 0.567: [GC (Allocation Failure) 2022-01-17T02:08:03.827+0800: 0.567: [ParNew: 766784K->85182K(766784K), 0.0533924 secs] 1142208K->598021K(4109120K), 0.0534609 secs] [Times: user=0.45 sys=0.02, real=0.05 secs] 
2022-01-17T02:08:03.940+0800: 0.680: [GC (Allocation Failure) 2022-01-17T02:08:03.940+0800: 0.680: [ParNew: 766782K->85184K(766784K), 0.0543358 secs] 1279621K->737496K(4109120K), 0.0544015 secs] [Times: user=0.59 sys=0.03, real=0.05 secs] 
2022-01-17T02:08:04.054+0800: 0.794: [GC (Allocation Failure) 2022-01-17T02:08:04.054+0800: 0.794: [ParNew: 766362K->85183K(766784K), 0.0569548 secs] 1418675K->883752K(4109120K), 0.0570231 secs] [Times: user=0.58 sys=0.05, real=0.06 secs] 
2022-01-17T02:08:04.175+0800: 0.915: [GC (Allocation Failure) 2022-01-17T02:08:04.175+0800: 0.915: [ParNew: 766783K->85183K(766784K), 0.0499141 secs] 1565352K->1015532K(4109120K), 0.0499826 secs] [Times: user=0.44 sys=0.03, real=0.05 secs] 
2022-01-17T02:08:04.287+0800: 1.028: [GC (Allocation Failure) 2022-01-17T02:08:04.287+0800: 1.028: [ParNew: 766783K->85183K(766784K), 0.0564210 secs] 1697132K->1163607K(4109120K), 0.0564919 secs] [Times: user=0.56 sys=0.06, real=0.06 secs] 
2022-01-17T02:08:04.404+0800: 1.144: [GC (Allocation Failure) 2022-01-17T02:08:04.404+0800: 1.144: [ParNew: 766783K->85183K(766784K), 0.0514151 secs] 1845207K->1296461K(4109120K), 0.0514800 secs] [Times: user=0.45 sys=0.02, real=0.05 secs] 
2022-01-17T02:08:04.517+0800: 1.257: [GC (Allocation Failure) 2022-01-17T02:08:04.517+0800: 1.257: [ParNew: 766783K->85182K(766784K), 0.0533063 secs] 1978061K->1434675K(4109120K), 0.0533752 secs] [Times: user=0.44 sys=0.05, real=0.05 secs] 
2022-01-17T02:08:04.632+0800: 1.372: [GC (Allocation Failure) 2022-01-17T02:08:04.632+0800: 1.372: [ParNew: 766782K->85183K(766784K), 0.0515887 secs] 2116275K->1565685K(4109120K), 0.0516514 secs] [Times: user=0.61 sys=0.02, real=0.05 secs] 
2022-01-17T02:08:04.743+0800: 1.484: [GC (Allocation Failure) 2022-01-17T02:08:04.743+0800: 1.484: [ParNew: 766783K->85182K(766784K), 0.0501977 secs] 2247285K->1694949K(4109120K), 0.0502599 secs] [Times: user=0.45 sys=0.02, real=0.05 secs] 
2022-01-17T02:08:04.852+0800: 1.592: [GC (Allocation Failure) 2022-01-17T02:08:04.852+0800: 1.592: [ParNew: 766782K->85182K(766784K), 0.0531897 secs] 2376549K->1830807K(4109120K), 0.0532617 secs] [Times: user=0.44 sys=0.03, real=0.05 secs] 
2022-01-17T02:08:04.905+0800: 1.646: [GC (CMS Initial Mark) [1 CMS-initial-mark: 1745624K(3342336K)] 1845293K(4109120K), 0.0001676 secs] [Times: user=0.00 sys=0.00, real=0.00 secs] 
2022-01-17T02:08:04.906+0800: 1.646: [CMS-concurrent-mark-start]
2022-01-17T02:08:04.911+0800: 1.651: [CMS-concurrent-mark: 0.005/0.005 secs] [Times: user=0.00 sys=0.00, real=0.01 secs] 
2022-01-17T02:08:04.911+0800: 1.651: [CMS-concurrent-preclean-start]
2022-01-17T02:08:04.914+0800: 1.654: [CMS-concurrent-preclean: 0.003/0.003 secs] [Times: user=0.03 sys=0.00, real=0.00 secs] 
2022-01-17T02:08:04.914+0800: 1.654: [CMS-concurrent-abortable-preclean-start]
2022-01-17T02:08:04.967+0800: 1.707: [GC (Allocation Failure) 2022-01-17T02:08:04.967+0800: 1.707: [ParNew: 766782K->85183K(766784K), 0.0522015 secs] 2512407K->1965398K(4109120K), 0.0522756 secs] [Times: user=0.44 sys=0.03, real=0.05 secs] 
2022-01-17T02:08:05.081+0800: 1.822: [GC (Allocation Failure) 2022-01-17T02:08:05.081+0800: 1.822: [ParNew: 766783K->85183K(766784K), 0.0520387 secs] 2646998K->2095082K(4109120K), 0.0521116 secs] [Times: user=0.61 sys=0.02, real=0.05 secs] 
2022-01-17T02:08:05.195+0800: 1.935: [GC (Allocation Failure) 2022-01-17T02:08:05.195+0800: 1.935: [ParNew2022-01-17T02:08:05.248+0800: 1.988: [CMS-concurrent-abortable-preclean: 0.014/0.334 secs] [Times: user=1.77 sys=0.13, real=0.33 secs] 
: 766783K->85183K(766784K), 0.0545050 secs] 2776682K->2236884K(4109120K), 0.0545636 secs] [Times: user=0.55 sys=0.08, real=0.06 secs] 
2022-01-17T02:08:05.250+0800: 1.990: [GC (CMS Final Remark) [YG occupancy: 98800 K (766784 K)]2022-01-17T02:08:05.250+0800: 1.990: [Rescan (parallel) , 0.0008683 secs]2022-01-17T02:08:05.251+0800: 1.991: [weak refs processing, 0.0000098 secs]2022-01-17T02:08:05.251+0800: 1.991: [class unloading, 0.0001792 secs]2022-01-17T02:08:05.251+0800: 1.991: [scrub symbol table, 0.0002826 secs]2022-01-17T02:08:05.251+0800: 1.991: [scrub string table, 0.0000805 secs][1 CMS-remark: 2151700K(3342336K)] 2250501K(4109120K), 0.0014825 secs] [Times: user=0.00 sys=0.00, real=0.00 secs] 
2022-01-17T02:08:05.251+0800: 1.991: [CMS-concurrent-sweep-start]
2022-01-17T02:08:05.254+0800: 1.994: [CMS-concurrent-sweep: 0.003/0.003 secs] [Times: user=0.00 sys=0.00, real=0.00 secs] 
2022-01-17T02:08:05.254+0800: 1.994: [CMS-concurrent-reset-start]
2022-01-17T02:08:05.261+0800: 2.001: [CMS-concurrent-reset: 0.007/0.007 secs] [Times: user=0.01 sys=0.02, real=0.01 secs] 
2022-01-17T02:08:05.312+0800: 2.053: [GC (Allocation Failure) 2022-01-17T02:08:05.312+0800: 2.053: [ParNew: 766783K->85183K(766784K), 0.0289299 secs] 1452305K->909990K(4109120K), 0.0289922 secs] [Times: user=0.31 sys=0.00, real=0.03 secs] 
2022-01-17T02:08:05.401+0800: 2.142: [GC (Allocation Failure) 2022-01-17T02:08:05.401+0800: 2.142: [ParNew: 766783K->85183K(766784K), 0.0280448 secs] 1591590K->1043019K(4109120K), 0.0281156 secs] [Times: user=0.16 sys=0.00, real=0.03 secs] 
2022-01-17T02:08:05.490+0800: 2.230: [GC (Allocation Failure) 2022-01-17T02:08:05.490+0800: 2.230: [ParNew: 766783K->85184K(766784K), 0.0287292 secs] 1724619K->1181271K(4109120K), 0.0287954 secs] [Times: user=0.31 sys=0.00, real=0.03 secs] 
2022-01-17T02:08:05.579+0800: 2.320: [GC (Allocation Failure) 2022-01-17T02:08:05.579+0800: 2.320: [ParNew: 766784K->85183K(766784K), 0.0272919 secs] 1862871K->1305590K(4109120K), 0.0273597 secs] [Times: user=0.31 sys=0.00, real=0.03 secs] 
2022-01-17T02:08:05.665+0800: 2.405: [GC (Allocation Failure) 2022-01-17T02:08:05.665+0800: 2.405: [ParNew: 766783K->85183K(766784K), 0.0288363 secs] 1987190K->1445440K(4109120K), 0.0289036 secs] [Times: user=0.16 sys=0.00, real=0.03 secs] 
2022-01-17T02:08:05.756+0800: 2.496: [GC (Allocation Failure) 2022-01-17T02:08:05.756+0800: 2.496: [ParNew: 766783K->85183K(766784K), 0.0280769 secs] 2127040K->1583076K(4109120K), 0.0281420 secs] [Times: user=0.31 sys=0.00, real=0.03 secs] 
2022-01-17T02:08:05.844+0800: 2.584: [GC (Allocation Failure) 2022-01-17T02:08:05.844+0800: 2.585: [ParNew: 766783K->85183K(766784K), 0.0310958 secs] 2264676K->1717503K(4109120K), 0.0311589 secs] [Times: user=0.31 sys=0.00, real=0.03 secs] 
2022-01-17T02:08:05.939+0800: 2.680: [GC (Allocation Failure) 2022-01-17T02:08:05.939+0800: 2.680: [ParNew: 766783K->85183K(766784K), 0.0308323 secs] 2399103K->1857985K(4109120K), 0.0309090 secs] [Times: user=0.31 sys=0.00, real=0.03 secs] 
2022-01-17T02:08:06.034+0800: 2.774: [GC (Allocation Failure) 2022-01-17T02:08:06.034+0800: 2.774: [ParNew: 766783K->85183K(766784K), 0.0281055 secs] 2539585K->1990476K(4109120K), 0.0281728 secs] [Times: user=0.31 sys=0.00, real=0.03 secs] 
2022-01-17T02:08:06.121+0800: 2.862: [GC (Allocation Failure) 2022-01-17T02:08:06.121+0800: 2.862: [ParNew: 766783K->85183K(766784K), 0.0281341 secs] 2672076K->2126723K(4109120K), 0.0282097 secs] [Times: user=0.31 sys=0.00, real=0.03 secs] 
2022-01-17T02:08:06.209+0800: 2.949: [GC (Allocation Failure) 2022-01-17T02:08:06.209+0800: 2.949: [ParNew: 766783K->85182K(766784K), 0.0304939 secs] 2808323K->2254288K(4109120K), 0.0305609 secs] [Times: user=0.30 sys=0.01, real=0.03 secs] 
2022-01-17T02:08:06.300+0800: 3.041: [GC (Allocation Failure) 2022-01-17T02:08:06.300+0800: 3.041: [ParNew: 766782K->85182K(766784K), 0.0526444 secs] 2935888K->2392974K(4109120K), 0.0527129 secs] [Times: user=0.59 sys=0.03, real=0.05 secs] 
2022-01-17T02:08:06.414+0800: 3.154: [GC (Allocation Failure) 2022-01-17T02:08:06.414+0800: 3.154: [ParNew: 766782K->85183K(766784K), 0.0544639 secs] 3074574K->2535563K(4109120K), 0.0545284 secs] [Times: user=0.61 sys=0.02, real=0.05 secs] 
2022-01-17T02:08:06.528+0800: 3.268: [GC (Allocation Failure) 2022-01-17T02:08:06.528+0800: 3.268: [ParNew: 766741K->85183K(766784K), 0.0559060 secs] 3217120K->2685474K(4109120K), 0.0559664 secs] [Times: user=0.42 sys=0.03, real=0.06 secs] 
2022-01-17T02:08:06.584+0800: 3.324: [GC (CMS Initial Mark) [1 CMS-initial-mark: 2600290K(3342336K)] 2699182K(4109120K), 0.0001927 secs] [Times: user=0.00 sys=0.00, real=0.00 secs] 
2022-01-17T02:08:06.584+0800: 3.325: [CMS-concurrent-mark-start]
2022-01-17T02:08:06.588+0800: 3.328: [CMS-concurrent-mark: 0.004/0.004 secs] [Times: user=0.06 sys=0.00, real=0.00 secs] 
2022-01-17T02:08:06.588+0800: 3.329: [CMS-concurrent-preclean-start]
2022-01-17T02:08:06.591+0800: 3.331: [CMS-concurrent-preclean: 0.003/0.003 secs] [Times: user=0.00 sys=0.00, real=0.00 secs] 
2022-01-17T02:08:06.591+0800: 3.331: [CMS-concurrent-abortable-preclean-start]
2022-01-17T02:08:06.648+0800: 3.389: [GC (Allocation Failure) 2022-01-17T02:08:06.649+0800: 3.389: [ParNew2022-01-17T02:08:06.699+0800: 3.439: [CMS-concurrent-abortable-preclean: 0.003/0.108 secs] [Times: user=0.50 sys=0.03, real=0.11 secs] 
: 766783K->85183K(766784K), 0.0527923 secs] 3367074K->2824600K(4109120K), 0.0528570 secs] [Times: user=0.45 sys=0.03, real=0.05 secs] 
2022-01-17T02:08:06.702+0800: 3.442: [GC (CMS Final Remark) [YG occupancy: 98895 K (766784 K)]2022-01-17T02:08:06.702+0800: 3.442: [Rescan (parallel) , 0.0009296 secs]2022-01-17T02:08:06.703+0800: 3.443: [weak refs processing, 0.0000102 secs]2022-01-17T02:08:06.703+0800: 3.443: [class unloading, 0.0001598 secs]2022-01-17T02:08:06.703+0800: 3.443: [scrub symbol table, 0.0002494 secs]2022-01-17T02:08:06.703+0800: 3.443: [scrub string table, 0.0000717 secs][1 CMS-remark: 2739416K(3342336K)] 2838311K(4109120K), 0.0014754 secs] [Times: user=0.00 sys=0.00, real=0.00 secs] 
2022-01-17T02:08:06.703+0800: 3.443: [CMS-concurrent-sweep-start]
2022-01-17T02:08:06.707+0800: 3.447: [CMS-concurrent-sweep: 0.004/0.004 secs] [Times: user=0.00 sys=0.00, real=0.00 secs] 
2022-01-17T02:08:06.707+0800: 3.447: [CMS-concurrent-reset-start]
2022-01-17T02:08:06.709+0800: 3.449: [CMS-concurrent-reset: 0.002/0.002 secs] [Times: user=0.00 sys=0.00, real=0.00 secs] 
2022-01-17T02:08:06.766+0800: 3.506: [GC (Allocation Failure) 2022-01-17T02:08:06.766+0800: 3.506: [ParNew: 766783K->85183K(766784K), 0.0286738 secs] 1201113K->658732K(4109120K), 0.0287385 secs] [Times: user=0.31 sys=0.00, real=0.03 secs] 
2022-01-17T02:08:06.854+0800: 3.595: [GC (Allocation Failure) 2022-01-17T02:08:06.855+0800: 3.595: [ParNew: 766783K->85184K(766784K), 0.0280540 secs] 1340332K->792588K(4109120K), 0.0281304 secs] [Times: user=0.16 sys=0.00, real=0.03 secs] 
2022-01-17T02:08:06.943+0800: 3.683: [GC (Allocation Failure) 2022-01-17T02:08:06.943+0800: 3.683: [ParNew: 766784K->85183K(766784K), 0.0293482 secs] 1474188K->935008K(4109120K), 0.0294143 secs] [Times: user=0.31 sys=0.00, real=0.03 secs] 
2022-01-17T02:08:07.032+0800: 3.772: [GC (Allocation Failure) 2022-01-17T02:08:07.032+0800: 3.772: [ParNew: 766783K->85183K(766784K), 0.0288335 secs] 1616608K->1073786K(4109120K), 0.0289033 secs] [Times: user=0.26 sys=0.00, real=0.03 secs] 
2022-01-17T02:08:07.119+0800: 3.859: [GC (Allocation Failure) 2022-01-17T02:08:07.119+0800: 3.859: [ParNew: 766783K->85183K(766784K), 0.0286224 secs] 1755386K->1215995K(4109120K), 0.0286771 secs] [Times: user=0.16 sys=0.00, real=0.03 secs] 
2022-01-17T02:08:07.207+0800: 3.947: [GC (Allocation Failure) 2022-01-17T02:08:07.207+0800: 3.947: [ParNew: 766783K->85183K(766784K), 0.0290917 secs] 1897595K->1361112K(4109120K), 0.0291535 secs] [Times: user=0.31 sys=0.00, real=0.03 secs] 
2022-01-17T02:08:07.295+0800: 4.036: [GC (Allocation Failure) 2022-01-17T02:08:07.295+0800: 4.036: [ParNew: 766783K->85183K(766784K), 0.0288525 secs] 2042712K->1498394K(4109120K), 0.0289167 secs] [Times: user=0.31 sys=0.00, real=0.03 secs] 
2022-01-17T02:08:07.385+0800: 4.125: [GC (Allocation Failure) 2022-01-17T02:08:07.385+0800: 4.125: [ParNew: 766783K->85182K(766784K), 0.0278294 secs] 2179994K->1628751K(4109120K), 0.0278986 secs] [Times: user=0.16 sys=0.00, real=0.03 secs] 
2022-01-17T02:08:07.472+0800: 4.212: [GC (Allocation Failure) 2022-01-17T02:08:07.472+0800: 4.212: [ParNew: 766782K->85183K(766784K), 0.0279213 secs] 2310351K->1766758K(4109120K), 0.0279857 secs] [Times: user=0.31 sys=0.00, real=0.03 secs] 
2022-01-17T02:08:07.561+0800: 4.301: [GC (Allocation Failure) 2022-01-17T02:08:07.561+0800: 4.301: [ParNew: 766783K->85183K(766784K), 0.0271742 secs] 2448358K->1895996K(4109120K), 0.0272421 secs] [Times: user=0.31 sys=0.00, real=0.03 secs] 
2022-01-17T02:08:07.650+0800: 4.390: [GC (Allocation Failure) 2022-01-17T02:08:07.651+0800: 4.391: [ParNew: 766783K->85183K(766784K), 0.0270887 secs] 2577596K->2022039K(4109120K), 0.0271522 secs] [Times: user=0.16 sys=0.00, real=0.03 secs] 
2022-01-17T02:08:07.736+0800: 4.477: [GC (Allocation Failure) 2022-01-17T02:08:07.736+0800: 4.477: [ParNew: 766783K->85183K(766784K), 0.0296915 secs] 2703639K->2166265K(4109120K), 0.0297593 secs] [Times: user=0.31 sys=0.00, real=0.03 secs] 
2022-01-17T02:08:07.827+0800: 4.567: [GC (Allocation Failure) 2022-01-17T02:08:07.827+0800: 4.567: [ParNew: 766783K->85182K(766784K), 0.0271467 secs] 2847865K->2291100K(4109120K), 0.0272119 secs] [Times: user=0.31 sys=0.00, real=0.03 secs] 
2022-01-17T02:08:07.912+0800: 4.652: [GC (Allocation Failure) 2022-01-17T02:08:07.912+0800: 4.653: [ParNew: 766782K->85183K(766784K), 0.0279928 secs] 2972700K->2426166K(4109120K), 0.0280567 secs] [Times: user=0.31 sys=0.00, real=0.03 secs] 
2022-01-17T02:08:08.000+0800: 4.741: [GC (Allocation Failure) 2022-01-17T02:08:08.000+0800: 4.741: [ParNew: 766783K->85183K(766784K), 0.0286622 secs] 3107766K->2565197K(4109120K), 0.0287254 secs] [Times: user=0.31 sys=0.00, real=0.03 secs] 
2022-01-17T02:08:08.088+0800: 4.828: [GC (Allocation Failure) 2022-01-17T02:08:08.088+0800: 4.828: [ParNew: 766783K->85183K(766784K), 0.0284208 secs] 3246797K->2699524K(4109120K), 0.0284907 secs] [Times: user=0.16 sys=0.00, real=0.03 secs] 
2022-01-17T02:08:08.178+0800: 4.918: [GC (Allocation Failure) 2022-01-17T02:08:08.178+0800: 4.919: [ParNew: 766783K->85182K(766784K), 0.0283825 secs] 3381124K->2827736K(4109120K), 0.0284487 secs] [Times: user=0.31 sys=0.00, real=0.03 secs] 
2022-01-17T02:08:08.207+0800: 4.947: [GC (CMS Initial Mark) [1 CMS-initial-mark: 2742554K(3342336K)] 2841921K(4109120K), 0.0005582 secs] [Times: user=0.00 sys=0.00, real=0.00 secs] 
2022-01-17T02:08:08.208+0800: 4.948: [CMS-concurrent-mark-start]
2022-01-17T02:08:08.212+0800: 4.952: [CMS-concurrent-mark: 0.004/0.004 secs] [Times: user=0.06 sys=0.00, real=0.00 secs] 
2022-01-17T02:08:08.212+0800: 4.952: [CMS-concurrent-preclean-start]
2022-01-17T02:08:08.214+0800: 4.955: [CMS-concurrent-preclean: 0.003/0.003 secs] [Times: user=0.00 sys=0.00, real=0.00 secs] 
2022-01-17T02:08:08.215+0800: 4.955: [CMS-concurrent-abortable-preclean-start]
2022-01-17T02:08:08.268+0800: 5.008: [GC (Allocation Failure) 2022-01-17T02:08:08.268+0800: 5.008: [ParNew: 766782K->85183K(766784K), 0.0525426 secs] 3509336K->2963322K(4109120K), 0.0526508 secs] [Times: user=0.59 sys=0.03, real=0.05 secs] 
2022-01-17T02:08:08.383+0800: 5.123: [GC (Allocation Failure) 2022-01-17T02:08:08.383+0800: 5.123: [ParNew: 766783K->85183K(766784K), 0.0524628 secs] 3644922K->3103987K(4109120K), 0.0525282 secs] [Times: user=0.44 sys=0.03, real=0.05 secs] 
2022-01-17T02:08:08.496+0800: 5.237: [GC (Allocation Failure) 2022-01-17T02:08:08.496+0800: 5.237: [ParNew2022-01-17T02:08:08.549+0800: 5.289: [CMS-concurrent-abortable-preclean: 0.014/0.335 secs] [Times: user=1.67 sys=0.06, real=0.33 secs] 
: 766783K->85182K(766784K), 0.0528893 secs] 3785587K->3240323K(4109120K), 0.0529472 secs] [Times: user=0.47 sys=0.00, real=0.05 secs] 
2022-01-17T02:08:08.549+0800: 5.290: [GC (CMS Final Remark) [YG occupancy: 98808 K (766784 K)]2022-01-17T02:08:08.549+0800: 5.290: [Rescan (parallel) , 0.0009257 secs]2022-01-17T02:08:08.551+0800: 5.291: [weak refs processing, 0.0000096 secs]2022-01-17T02:08:08.551+0800: 5.291: [class unloading, 0.0001717 secs]2022-01-17T02:08:08.551+0800: 5.291: [scrub symbol table, 0.0002753 secs]2022-01-17T02:08:08.551+0800: 5.291: [scrub string table, 0.0000817 secs][1 CMS-remark: 3155140K(3342336K)] 3253949K(4109120K), 0.0015175 secs] [Times: user=0.00 sys=0.00, real=0.00 secs] 
2022-01-17T02:08:08.551+0800: 5.291: [CMS-concurrent-sweep-start]
2022-01-17T02:08:08.556+0800: 5.296: [CMS-concurrent-sweep: 0.005/0.005 secs] [Times: user=0.03 sys=0.00, real=0.00 secs] 
2022-01-17T02:08:08.556+0800: 5.296: [CMS-concurrent-reset-start]
2022-01-17T02:08:08.559+0800: 5.299: [CMS-concurrent-reset: 0.003/0.003 secs] [Times: user=0.00 sys=0.00, real=0.00 secs] 
2022-01-17T02:08:08.612+0800: 5.352: [GC (Allocation Failure) 2022-01-17T02:08:08.612+0800: 5.352: [ParNew: 766782K->85183K(766784K), 0.0296829 secs] 1457131K->924881K(4109120K), 0.0297515 secs] [Times: user=0.31 sys=0.00, real=0.03 secs] 
2022-01-17T02:08:08.700+0800: 5.441: [GC (Allocation Failure) 2022-01-17T02:08:08.700+0800: 5.441: [ParNew: 766783K->85183K(766784K), 0.0289189 secs] 1606481K->1062368K(4109120K), 0.0289798 secs] [Times: user=0.31 sys=0.00, real=0.03 secs] 
2022-01-17T02:08:08.787+0800: 5.528: [GC (Allocation Failure) 2022-01-17T02:08:08.787+0800: 5.528: [ParNew: 766783K->85183K(766784K), 0.0298298 secs] 1743968K->1208697K(4109120K), 0.0299010 secs] [Times: user=0.30 sys=0.00, real=0.03 secs] 
2022-01-17T02:08:08.878+0800: 5.618: [GC (Allocation Failure) 2022-01-17T02:08:08.878+0800: 5.618: [ParNew: 766783K->85183K(766784K), 0.0288806 secs] 1890297K->1351015K(4109120K), 0.0289447 secs] [Times: user=0.31 sys=0.00, real=0.03 secs] 
2022-01-17T02:08:08.967+0800: 5.707: [GC (Allocation Failure) 2022-01-17T02:08:08.967+0800: 5.707: [ParNew: 766783K->85183K(766784K), 0.0272500 secs] 2032615K->1477073K(4109120K), 0.0273101 secs] [Times: user=0.31 sys=0.00, real=0.03 secs] 
2022-01-17T02:08:09.053+0800: 5.793: [GC (Allocation Failure) 2022-01-17T02:08:09.053+0800: 5.793: [ParNew: 766783K->85183K(766784K), 0.0292920 secs] 2158673K->1616623K(4109120K), 0.0293629 secs] [Times: user=0.31 sys=0.00, real=0.03 secs] 
2022-01-17T02:08:09.141+0800: 5.882: [GC (Allocation Failure) 2022-01-17T02:08:09.141+0800: 5.882: [ParNew: 766783K->85183K(766784K), 0.0287908 secs] 2298223K->1757019K(4109120K), 0.0288577 secs] [Times: user=0.31 sys=0.00, real=0.03 secs] 
2022-01-17T02:08:09.230+0800: 5.970: [GC (Allocation Failure) 2022-01-17T02:08:09.230+0800: 5.970: [ParNew: 766783K->85183K(766784K), 0.0292936 secs] 2438619K->1899825K(4109120K), 0.0293652 secs] [Times: user=0.31 sys=0.00, real=0.03 secs] 
2022-01-17T02:08:09.320+0800: 6.060: [GC (Allocation Failure) 2022-01-17T02:08:09.320+0800: 6.060: [ParNew: 766783K->85183K(766784K), 0.0280726 secs] 2581425K->2033165K(4109120K), 0.0281413 secs] [Times: user=0.16 sys=0.00, real=0.03 secs] 
2022-01-17T02:08:09.411+0800: 6.152: [GC (Allocation Failure) 2022-01-17T02:08:09.411+0800: 6.152: [ParNew: 766783K->85182K(766784K), 0.0298854 secs] 2714765K->2179695K(4109120K), 0.0299560 secs] [Times: user=0.31 sys=0.00, real=0.03 secs] 
2022-01-17T02:08:09.506+0800: 6.246: [GC (Allocation Failure) 2022-01-17T02:08:09.506+0800: 6.247: [ParNew: 766778K->85183K(766784K), 0.0299261 secs] 2861290K->2324313K(4109120K), 0.0299971 secs] [Times: user=0.31 sys=0.00, real=0.03 secs] 
2022-01-17T02:08:09.598+0800: 6.338: [GC (Allocation Failure) 2022-01-17T02:08:09.598+0800: 6.338: [ParNew: 766783K->85183K(766784K), 0.0295114 secs] 3005913K->2465393K(4109120K), 0.0295794 secs] [Times: user=0.31 sys=0.00, real=0.03 secs] 
2022-01-17T02:08:09.689+0800: 6.430: [GC (Allocation Failure) 2022-01-17T02:08:09.689+0800: 6.430: [ParNew: 766783K->85183K(766784K), 0.0286993 secs] 3146993K->2604508K(4109120K), 0.0287625 secs] [Times: user=0.31 sys=0.00, real=0.03 secs] 
2022-01-17T02:08:09.778+0800: 6.518: [GC (Allocation Failure) 2022-01-17T02:08:09.778+0800: 6.518: [ParNew: 766783K->85183K(766784K), 0.0283480 secs] 3286108K->2738660K(4109120K), 0.0284047 secs] [Times: user=0.30 sys=0.00, real=0.03 secs] 
2022-01-17T02:08:09.806+0800: 6.547: [GC (CMS Initial Mark) [1 CMS-initial-mark: 2653477K(3342336K)] 2752317K(4109120K), 0.0005847 secs] [Times: user=0.00 sys=0.00, real=0.00 secs] 
2022-01-17T02:08:09.807+0800: 6.548: [CMS-concurrent-mark-start]
2022-01-17T02:08:09.812+0800: 6.552: [CMS-concurrent-mark: 0.005/0.005 secs] [Times: user=0.00 sys=0.00, real=0.01 secs] 
2022-01-17T02:08:09.812+0800: 6.552: [CMS-concurrent-preclean-start]
2022-01-17T02:08:09.814+0800: 6.555: [CMS-concurrent-preclean: 0.003/0.003 secs] [Times: user=0.00 sys=0.00, real=0.00 secs] 
2022-01-17T02:08:09.814+0800: 6.555: [CMS-concurrent-abortable-preclean-start]
2022-01-17T02:08:09.870+0800: 6.611: [GC (Allocation Failure) 2022-01-17T02:08:09.870+0800: 6.611: [ParNew: 766783K->85183K(766784K), 0.0293629 secs] 3420260K->2879504K(4109120K), 0.0294277 secs] [Times: user=0.31 sys=0.00, real=0.03 secs] 
2022-01-17T02:08:09.962+0800: 6.702: [GC (Allocation Failure) 2022-01-17T02:08:09.962+0800: 6.702: [ParNew: 766783K->85183K(766784K), 0.0383104 secs] 3561104K->3023487K(4109120K), 0.0383746 secs] [Times: user=0.30 sys=0.02, real=0.04 secs] 
2022-01-17T02:08:10.061+0800: 6.802: [GC (Allocation Failure) 2022-01-17T02:08:10.061+0800: 6.802: [ParNew2022-01-17T02:08:10.107+0800: 6.847: [CMS-concurrent-abortable-preclean: 0.015/0.292 secs] [Times: user=1.20 sys=0.08, real=0.29 secs] 
: 766783K->85183K(766784K), 0.0546236 secs] 3705087K->3165485K(4109120K), 0.0546983 secs] [Times: user=0.41 sys=0.06, real=0.05 secs] 
2022-01-17T02:08:10.116+0800: 6.857: [GC (CMS Final Remark) [YG occupancy: 99534 K (766784 K)]2022-01-17T02:08:10.116+0800: 6.857: [Rescan (parallel) , 0.0007730 secs]2022-01-17T02:08:10.117+0800: 6.857: [weak refs processing, 0.0000108 secs]2022-01-17T02:08:10.117+0800: 6.857: [class unloading, 0.0001671 secs]2022-01-17T02:08:10.117+0800: 6.858: [scrub symbol table, 0.0002468 secs]2022-01-17T02:08:10.117+0800: 6.858: [scrub string table, 0.0000716 secs][1 CMS-remark: 3080302K(3342336K)] 3179836K(4109120K), 0.0013262 secs] [Times: user=0.16 sys=0.00, real=0.00 secs] 
2022-01-17T02:08:10.117+0800: 6.858: [CMS-concurrent-sweep-start]
2022-01-17T02:08:10.122+0800: 6.863: [CMS-concurrent-sweep: 0.005/0.005 secs] [Times: user=0.00 sys=0.00, real=0.00 secs] 
2022-01-17T02:08:10.122+0800: 6.863: [CMS-concurrent-reset-start]
2022-01-17T02:08:10.125+0800: 6.865: [CMS-concurrent-reset: 0.003/0.003 secs] [Times: user=0.00 sys=0.00, real=0.00 secs] 
2022-01-17T02:08:10.181+0800: 6.921: [GC (Allocation Failure) 2022-01-17T02:08:10.181+0800: 6.921: [ParNew: 766783K->85183K(766784K), 0.0298629 secs] 1484876K->944724K(4109120K), 0.0299524 secs] [Times: user=0.31 sys=0.00, real=0.03 secs] 
2022-01-17T02:08:10.273+0800: 7.014: [GC (Allocation Failure) 2022-01-17T02:08:10.273+0800: 7.014: [ParNew: 766610K->85183K(766784K), 0.0274124 secs] 1626151K->1073511K(4109120K), 0.0274781 secs] [Times: user=0.22 sys=0.00, real=0.03 secs] 
2022-01-17T02:08:10.362+0800: 7.102: [GC (Allocation Failure) 2022-01-17T02:08:10.362+0800: 7.102: [ParNew: 766783K->85183K(766784K), 0.0305317 secs] 1755111K->1213524K(4109120K), 0.0306128 secs] [Times: user=0.31 sys=0.00, real=0.03 secs] 
2022-01-17T02:08:10.457+0800: 7.198: [GC (Allocation Failure) 2022-01-17T02:08:10.457+0800: 7.198: [ParNew: 766783K->85183K(766784K), 0.0299168 secs] 1895124K->1354904K(4109120K), 0.0299841 secs] [Times: user=0.26 sys=0.00, real=0.03 secs] 
2022-01-17T02:08:10.552+0800: 7.293: [GC (Allocation Failure) 2022-01-17T02:08:10.552+0800: 7.293: [ParNew: 766783K->85183K(766784K), 0.0295141 secs] 2036504K->1497268K(4109120K), 0.0295860 secs] [Times: user=0.30 sys=0.00, real=0.03 secs] 
2022-01-17T02:08:10.644+0800: 7.384: [GC (Allocation Failure) 2022-01-17T02:08:10.644+0800: 7.384: [ParNew: 766783K->85183K(766784K), 0.0280076 secs] 2178868K->1629830K(4109120K), 0.0280772 secs] [Times: user=0.31 sys=0.00, real=0.03 secs] 
2022-01-17T02:08:10.735+0800: 7.475: [GC (Allocation Failure) 2022-01-17T02:08:10.735+0800: 7.475: [ParNew: 766783K->85183K(766784K), 0.0274227 secs] 2311430K->1752735K(4109120K), 0.0274863 secs] [Times: user=0.31 sys=0.00, real=0.03 secs] 
2022-01-17T02:08:10.821+0800: 7.561: [GC (Allocation Failure) 2022-01-17T02:08:10.821+0800: 7.561: [ParNew: 766783K->85183K(766784K), 0.0291694 secs] 2434335K->1899024K(4109120K), 0.0292415 secs] [Times: user=0.16 sys=0.00, real=0.03 secs] 
2022-01-17T02:08:10.910+0800: 7.650: [GC (Allocation Failure) 2022-01-17T02:08:10.910+0800: 7.650: [ParNew: 766783K->85182K(766784K), 0.0288228 secs] 2580624K->2037767K(4109120K), 0.0288912 secs] [Times: user=0.31 sys=0.00, real=0.03 secs] 
2022-01-17T02:08:11.002+0800: 7.743: [GC (Allocation Failure) 2022-01-17T02:08:11.002+0800: 7.743: [ParNew: 766782K->85182K(766784K), 0.0287011 secs] 2719367K->2174083K(4109120K), 0.0287655 secs] [Times: user=0.31 sys=0.00, real=0.03 secs] 
2022-01-17T02:08:11.091+0800: 7.831: [GC (Allocation Failure) 2022-01-17T02:08:11.091+0800: 7.831: [ParNew: 766782K->85182K(766784K), 0.0300049 secs] 2855683K->2328786K(4109120K), 0.0300576 secs] [Times: user=0.31 sys=0.00, real=0.03 secs] 
2022-01-17T02:08:11.181+0800: 7.922: [GC (Allocation Failure) 2022-01-17T02:08:11.181+0800: 7.922: [ParNew: 766782K->85183K(766784K), 0.0284371 secs] 3010386K->2469561K(4109120K), 0.0285106 secs] [Times: user=0.16 sys=0.00, real=0.03 secs] 
2022-01-17T02:08:11.270+0800: 8.010: [GC (Allocation Failure) 2022-01-17T02:08:11.270+0800: 8.010: [ParNew: 766783K->85183K(766784K), 0.0279174 secs] 3151161K->2600016K(4109120K), 0.0279852 secs] [Times: user=0.31 sys=0.00, real=0.03 secs] 
2022-01-17T02:08:11.359+0800: 8.099: [GC (Allocation Failure) 2022-01-17T02:08:11.359+0800: 8.099: [ParNew: 766783K->85184K(766784K), 0.0282807 secs] 3281616K->2738999K(4109120K), 0.0283439 secs] [Times: user=0.31 sys=0.00, real=0.03 secs] 
2022-01-17T02:08:11.386+0800: 8.127: [GC (CMS Initial Mark) [1 CMS-initial-mark: 2653815K(3342336K)] 2752821K(4109120K), 0.0005650 secs] [Times: user=0.00 sys=0.00, real=0.00 secs] 
2022-01-17T02:08:11.387+0800: 8.128: [CMS-concurrent-mark-start]
2022-01-17T02:08:11.391+0800: 8.132: [CMS-concurrent-mark: 0.004/0.004 secs] [Times: user=0.00 sys=0.00, real=0.00 secs] 
2022-01-17T02:08:11.391+0800: 8.132: [CMS-concurrent-preclean-start]
2022-01-17T02:08:11.394+0800: 8.135: [CMS-concurrent-preclean: 0.003/0.003 secs] [Times: user=0.00 sys=0.00, real=0.00 secs] 
2022-01-17T02:08:11.394+0800: 8.135: [CMS-concurrent-abortable-preclean-start]
2022-01-17T02:08:11.447+0800: 8.187: [GC (Allocation Failure) 2022-01-17T02:08:11.447+0800: 8.187: [ParNew: 766784K->85183K(766784K), 0.0291971 secs] 3420599K->2874277K(4109120K), 0.0292768 secs] [Times: user=0.16 sys=0.00, real=0.03 secs] 
2022-01-17T02:08:11.538+0800: 8.278: [GC (Allocation Failure) 2022-01-17T02:08:11.538+0800: 8.278: [ParNew: 766783K->85183K(766784K), 0.0284579 secs] 3555877K->3016923K(4109120K), 0.0285349 secs] [Times: user=0.31 sys=0.00, real=0.03 secs] 
2022-01-17T02:08:11.628+0800: 8.368: [GC (Allocation Failure) 2022-01-17T02:08:11.628+0800: 8.368: [ParNew: 766783K->85183K(766784K), 0.0281614 secs] 3698523K->3152169K(4109120K), 0.0282297 secs] [Times: user=0.31 sys=0.00, real=0.03 secs] 
2022-01-17T02:08:11.715+0800: 8.456: [GC (Allocation Failure) 2022-01-17T02:08:11.715+0800: 8.456: [ParNew: 766783K->85183K(766784K), 0.0286252 secs] 3833769K->3295071K(4109120K), 0.0286888 secs] [Times: user=0.31 sys=0.00, real=0.03 secs] 
2022-01-17T02:08:11.804+0800: 8.545: [GC (Allocation Failure) 2022-01-17T02:08:11.804+0800: 8.545: [ParNew: 766783K->766783K(766784K), 0.0000179 secs]2022-01-17T02:08:11.804+0800: 8.545: [CMS2022-01-17T02:08:11.805+0800: 8.545: [CMS-concurrent-abortable-preclean: 0.026/0.410 secs] [Times: user=1.44 sys=0.00, real=0.41 secs] 
 (concurrent mode failure): 3209888K->386493K(3342336K), 0.0493417 secs] 3976671K->386493K(4109120K), [Metaspace: 2709K->2709K(1056768K)], 0.0494561 secs] [Times: user=0.06 sys=0.00, real=0.05 secs] 
2022-01-17T02:08:11.914+0800: 8.654: [GC (Allocation Failure) 2022-01-17T02:08:11.914+0800: 8.654: [ParNew: 681600K->85183K(766784K), 0.0240911 secs] 1068093K->570141K(4109120K), 0.0241578 secs] [Times: user=0.16 sys=0.00, real=0.02 secs] 
2022-01-17T02:08:11.998+0800: 8.738: [GC (Allocation Failure) 2022-01-17T02:08:11.998+0800: 8.738: [ParNew: 766783K->85182K(766784K), 0.0297235 secs] 1251741K->716738K(4109120K), 0.0297759 secs] [Times: user=0.31 sys=0.00, real=0.03 secs] 
2022-01-17T02:08:12.086+0800: 8.827: [GC (Allocation Failure) 2022-01-17T02:08:12.086+0800: 8.827: [ParNew: 766782K->85183K(766784K), 0.0288668 secs] 1398338K->856953K(4109120K), 0.0289359 secs] [Times: user=0.16 sys=0.00, real=0.03 secs] 
2022-01-17T02:08:12.176+0800: 8.917: [GC (Allocation Failure) 2022-01-17T02:08:12.176+0800: 8.917: [ParNew: 766783K->85183K(766784K), 0.0263796 secs] 1538553K->978642K(4109120K), 0.0264444 secs] [Times: user=0.31 sys=0.00, real=0.03 secs] 
2022-01-17T02:08:12.263+0800: 9.004: [GC (Allocation Failure) 2022-01-17T02:08:12.263+0800: 9.004: [ParNew: 766783K->85182K(766784K), 0.0284922 secs] 1660242K->1119872K(4109120K), 0.0285650 secs] [Times: user=0.31 sys=0.00, real=0.03 secs] 
2022-01-17T02:08:12.352+0800: 9.092: [GC (Allocation Failure) 2022-01-17T02:08:12.352+0800: 9.092: [ParNew: 766782K->85183K(766784K), 0.0287641 secs] 1801472K->1259838K(4109120K), 0.0288323 secs] [Times: user=0.16 sys=0.00, real=0.03 secs] 
2022-01-17T02:08:12.440+0800: 9.180: [GC (Allocation Failure) 2022-01-17T02:08:12.440+0800: 9.180: [ParNew: 766783K->85183K(766784K), 0.0284649 secs] 1941438K->1398268K(4109120K), 0.0285300 secs] [Times: user=0.31 sys=0.00, real=0.03 secs] 
2022-01-17T02:08:12.530+0800: 9.271: [GC (Allocation Failure) 2022-01-17T02:08:12.530+0800: 9.271: [ParNew: 766783K->85183K(766784K), 0.0292908 secs] 2079868K->1535127K(4109120K), 0.0293533 secs] [Times: user=0.31 sys=0.00, real=0.03 secs] 
2022-01-17T02:08:12.619+0800: 9.360: [GC (Allocation Failure) 2022-01-17T02:08:12.619+0800: 9.360: [ParNew: 766783K->85182K(766784K), 0.0272365 secs] 2216727K->1666907K(4109120K), 0.0273061 secs] [Times: user=0.16 sys=0.00, real=0.03 secs] 
2022-01-17T02:08:12.708+0800: 9.449: [GC (Allocation Failure) 2022-01-17T02:08:12.708+0800: 9.449: [ParNew: 766782K->85183K(766784K), 0.0292263 secs] 2348507K->1810727K(4109120K), 0.0292968 secs] [Times: user=0.31 sys=0.00, real=0.03 secs] 
2022-01-17T02:08:12.797+0800: 9.538: [GC (Allocation Failure) 2022-01-17T02:08:12.797+0800: 9.538: [ParNew: 766783K->85183K(766784K), 0.0274618 secs] 2492327K->1939381K(4109120K), 0.0275259 secs] [Times: user=0.31 sys=0.00, real=0.03 secs] 
2022-01-17T02:08:12.884+0800: 9.624: [GC (Allocation Failure) 2022-01-17T02:08:12.884+0800: 9.624: [ParNew: 766783K->85183K(766784K), 0.0286054 secs] 2620981K->2077932K(4109120K), 0.0286764 secs] [Times: user=0.16 sys=0.00, real=0.03 secs] 
2022-01-17T02:08:12.971+0800: 9.711: [GC (Allocation Failure) 2022-01-17T02:08:12.971+0800: 9.711: [ParNew: 766783K->85183K(766784K), 0.0291195 secs] 2759532K->2220296K(4109120K), 0.0291812 secs] [Times: user=0.31 sys=0.00, real=0.03 secs] 
2022-01-17T02:08:13.063+0800: 9.803: [GC (Allocation Failure) 2022-01-17T02:08:13.063+0800: 9.803: [ParNew: 766783K->85183K(766784K), 0.0274147 secs] 2901896K->2346027K(4109120K), 0.0275237 secs] [Times: user=0.31 sys=0.00, real=0.03 secs] 
2022-01-17T02:08:13.149+0800: 9.890: [GC (Allocation Failure) 2022-01-17T02:08:13.149+0800: 9.890: [ParNew: 766783K->85182K(766784K), 0.0283340 secs] 3027627K->2481472K(4109120K), 0.0284080 secs] [Times: user=0.16 sys=0.00, real=0.03 secs] 
2022-01-17T02:08:13.236+0800: 9.976: [GC (Allocation Failure) 2022-01-17T02:08:13.236+0800: 9.976: [ParNew: 766782K->85183K(766784K), 0.0311151 secs] 3163072K->2637153K(4109120K), 0.0311848 secs] [Times: user=0.30 sys=0.02, real=0.03 secs] 
2022-01-17T02:08:13.267+0800: 10.008: [GC (CMS Initial Mark) [1 CMS-initial-mark: 2551970K(3342336K)] 2651029K(4109120K), 0.0004118 secs] [Times: user=0.00 sys=0.00, real=0.00 secs] 
2022-01-17T02:08:13.268+0800: 10.008: [CMS-concurrent-mark-start]
2022-01-17T02:08:13.271+0800: 10.012: [CMS-concurrent-mark: 0.004/0.004 secs] [Times: user=0.00 sys=0.00, real=0.00 secs] 
2022-01-17T02:08:13.272+0800: 10.012: [CMS-concurrent-preclean-start]
2022-01-17T02:08:13.274+0800: 10.014: [CMS-concurrent-preclean: 0.002/0.002 secs] [Times: user=0.03 sys=0.00, real=0.00 secs] 
2022-01-17T02:08:13.274+0800: 10.014: [CMS-concurrent-abortable-preclean-start]
2022-01-17T02:08:13.328+0800: 10.068: [GC (Allocation Failure) 2022-01-17T02:08:13.328+0800: 10.068: [ParNew: 766783K->85182K(766784K), 0.0292107 secs] 3318753K->2780262K(4109120K), 0.0292749 secs] [Times: user=0.31 sys=0.00, real=0.03 secs] 
2022-01-17T02:08:13.418+0800: 10.158: [GC (Allocation Failure) 2022-01-17T02:08:13.418+0800: 10.158: [ParNew: 766782K->85182K(766784K), 0.0280729 secs] 3461862K->2914081K(4109120K), 0.0281447 secs] [Times: user=0.31 sys=0.00, real=0.03 secs] 
2022-01-17T02:08:13.507+0800: 10.248: [GC (Allocation Failure) 2022-01-17T02:08:13.507+0800: 10.248: [ParNew: 766782K->85183K(766784K), 0.0283277 secs] 3595681K->3051783K(4109120K), 0.0283977 secs] [Times: user=0.31 sys=0.00, real=0.03 secs] 
2022-01-17T02:08:13.596+0800: 10.337: [GC (Allocation Failure) 2022-01-17T02:08:13.596+0800: 10.337: [ParNew: 766783K->85183K(766784K), 0.0278327 secs] 3733383K->3187628K(4109120K), 0.0278981 secs] [Times: user=0.31 sys=0.00, real=0.03 secs] 
2022-01-17T02:08:13.684+0800: 10.425: [GC (Allocation Failure) 2022-01-17T02:08:13.684+0800: 10.425: [ParNew: 766783K->85183K(766784K), 0.0271501 secs] 3869228K->3315690K(4109120K), 0.0272112 secs] [Times: user=0.31 sys=0.00, real=0.03 secs] 
2022-01-17T02:08:13.715+0800: 10.456: [CMS-concurrent-abortable-preclean: 0.029/0.441 secs] [Times: user=1.86 sys=0.00, real=0.44 secs] 
2022-01-17T02:08:13.715+0800: 10.456: [GC (CMS Final Remark) [YG occupancy: 128580 K (766784 K)]2022-01-17T02:08:13.715+0800: 10.456: [Rescan (parallel) , 0.0008617 secs]2022-01-17T02:08:13.716+0800: 10.457: [weak refs processing, 0.0000094 secs]2022-01-17T02:08:13.716+0800: 10.457: [class unloading, 0.0001751 secs]2022-01-17T02:08:13.716+0800: 10.457: [scrub symbol table, 0.0002605 secs]2022-01-17T02:08:13.716+0800: 10.457: [scrub string table, 0.0000754 secs][1 CMS-remark: 3230507K(3342336K)] 3359087K(4109120K), 0.0014375 secs] [Times: user=0.00 sys=0.00, real=0.00 secs] 
2022-01-17T02:08:13.717+0800: 10.457: [CMS-concurrent-sweep-start]
2022-01-17T02:08:13.721+0800: 10.461: [CMS-concurrent-sweep: 0.004/0.004 secs] [Times: user=0.00 sys=0.00, real=0.00 secs] 
2022-01-17T02:08:13.721+0800: 10.461: [CMS-concurrent-reset-start]
2022-01-17T02:08:13.723+0800: 10.464: [CMS-concurrent-reset: 0.002/0.002 secs] [Times: user=0.00 sys=0.00, real=0.00 secs] 
2022-01-17T02:08:13.776+0800: 10.516: [GC (Allocation Failure) 2022-01-17T02:08:13.776+0800: 10.516: [ParNew: 766783K->85183K(766784K), 0.0295136 secs] 1746486K->1208315K(4109120K), 0.0295665 secs] [Times: user=0.31 sys=0.00, real=0.03 secs] 
2022-01-17T02:08:13.866+0800: 10.607: [GC (Allocation Failure) 2022-01-17T02:08:13.866+0800: 10.607: [ParNew: 766783K->85183K(766784K), 0.0295484 secs] 1889915K->1353270K(4109120K), 0.0296224 secs] [Times: user=0.31 sys=0.00, real=0.03 secs] 
2022-01-17T02:08:13.956+0800: 10.696: [GC (Allocation Failure) 2022-01-17T02:08:13.956+0800: 10.696: [ParNew: 766783K->85183K(766784K), 0.0290761 secs] 2034870K->1499848K(4109120K), 0.0291389 secs] [Times: user=0.31 sys=0.00, real=0.03 secs] 
2022-01-17T02:08:14.046+0800: 10.786: [GC (Allocation Failure) 2022-01-17T02:08:14.046+0800: 10.786: [ParNew: 766783K->85182K(766784K), 0.0285875 secs] 2181448K->1641419K(4109120K), 0.0286505 secs] [Times: user=0.31 sys=0.00, real=0.03 secs] 
2022-01-17T02:08:14.135+0800: 10.875: [GC (Allocation Failure) 2022-01-17T02:08:14.135+0800: 10.875: [ParNew: 766782K->85183K(766784K), 0.0286464 secs] 2323019K->1783584K(4109120K), 0.0287201 secs] [Times: user=0.16 sys=0.00, real=0.03 secs] 
2022-01-17T02:08:14.221+0800: 10.962: [GC (Allocation Failure) 2022-01-17T02:08:14.221+0800: 10.962: [ParNew: 766783K->85183K(766784K), 0.0296731 secs] 2465184K->1931265K(4109120K), 0.0297381 secs] [Times: user=0.30 sys=0.02, real=0.03 secs] 
2022-01-17T02:08:14.311+0800: 11.052: [GC (Allocation Failure) 2022-01-17T02:08:14.311+0800: 11.052: [ParNew: 766783K->85183K(766784K), 0.0291773 secs] 2612865K->2075409K(4109120K), 0.0292404 secs] [Times: user=0.31 sys=0.00, real=0.03 secs] 
2022-01-17T02:08:14.402+0800: 11.142: [GC (Allocation Failure) 2022-01-17T02:08:14.402+0800: 11.142: [ParNew: 766783K->85182K(766784K), 0.0282374 secs] 2757009K->2213510K(4109120K), 0.0282988 secs] [Times: user=0.31 sys=0.00, real=0.03 secs] 
2022-01-17T02:08:14.488+0800: 11.228: [GC (Allocation Failure) 2022-01-17T02:08:14.488+0800: 11.228: [ParNew: 766782K->85183K(766784K), 0.0299834 secs] 2895110K->2364051K(4109120K), 0.0300534 secs] [Times: user=0.31 sys=0.00, real=0.03 secs] 
2022-01-17T02:08:14.578+0800: 11.318: [GC (Allocation Failure) 2022-01-17T02:08:14.578+0800: 11.318: [ParNew: 766783K->85183K(766784K), 0.0286883 secs] 3045651K->2501300K(4109120K), 0.0287547 secs] [Times: user=0.31 sys=0.00, real=0.03 secs] 
2022-01-17T02:08:14.607+0800: 11.347: [GC (CMS Initial Mark) [1 CMS-initial-mark: 2416117K(3342336K)] 2515331K(4109120K), 0.0005937 secs] [Times: user=0.00 sys=0.00, real=0.00 secs] 
2022-01-17T02:08:14.607+0800: 11.348: [CMS-concurrent-mark-start]
2022-01-17T02:08:14.611+0800: 11.351: [CMS-concurrent-mark: 0.003/0.003 secs] [Times: user=0.00 sys=0.00, real=0.00 secs] 
2022-01-17T02:08:14.611+0800: 11.351: [CMS-concurrent-preclean-start]
2022-01-17T02:08:14.613+0800: 11.354: [CMS-concurrent-preclean: 0.003/0.003 secs] [Times: user=0.00 sys=0.00, real=0.00 secs] 
2022-01-17T02:08:14.613+0800: 11.354: [CMS-concurrent-abortable-preclean-start]
2022-01-17T02:08:14.670+0800: 11.410: [GC (Allocation Failure) 2022-01-17T02:08:14.670+0800: 11.410: [ParNew: 766783K->85183K(766784K), 0.0276190 secs] 3182900K->2633241K(4109120K), 0.0276774 secs] [Times: user=0.31 sys=0.00, real=0.03 secs] 
2022-01-17T02:08:14.758+0800: 11.498: [GC (Allocation Failure) 2022-01-17T02:08:14.758+0800: 11.498: [ParNew: 766783K->85183K(766784K), 0.0288836 secs] 3314841K->2771933K(4109120K), 0.0289544 secs] [Times: user=0.16 sys=0.00, real=0.03 secs] 
2022-01-17T02:08:14.847+0800: 11.587: [GC (Allocation Failure) 2022-01-17T02:08:14.847+0800: 11.588: [ParNew: 766783K->85183K(766784K), 0.0280908 secs] 3453533K->2903085K(4109120K), 0.0281555 secs] [Times: user=0.31 sys=0.00, real=0.03 secs] 
2022-01-17T02:08:14.933+0800: 11.674: [GC (Allocation Failure) 2022-01-17T02:08:14.933+0800: 11.674: [ParNew: 766783K->85183K(766784K), 0.0300407 secs] 3584685K->3053101K(4109120K), 0.0301116 secs] [Times: user=0.31 sys=0.00, real=0.03 secs] 
2022-01-17T02:08:15.027+0800: 11.767: [GC (Allocation Failure) 2022-01-17T02:08:15.027+0800: 11.767: [ParNew: 766783K->85183K(766784K), 0.0279577 secs] 3734701K->3189290K(4109120K), 0.0280218 secs] [Times: user=0.16 sys=0.00, real=0.03 secs] 
2022-01-17T02:08:15.116+0800: 11.856: [GC (Allocation Failure) 2022-01-17T02:08:15.116+0800: 11.856: [ParNew: 766783K->85183K(766784K), 0.0288461 secs] 3870890K->3326873K(4109120K), 0.0289217 secs] [Times: user=0.31 sys=0.00, real=0.03 secs] 
2022-01-17T02:08:15.148+0800: 11.888: [CMS-concurrent-abortable-preclean: 0.034/0.534 secs] [Times: user=1.94 sys=0.00, real=0.54 secs] 
2022-01-17T02:08:15.148+0800: 11.888: [GC (CMS Final Remark) [YG occupancy: 128210 K (766784 K)]2022-01-17T02:08:15.148+0800: 11.888: [Rescan (parallel) , 0.0011776 secs]2022-01-17T02:08:15.149+0800: 11.890: [weak refs processing, 0.0000110 secs]2022-01-17T02:08:15.149+0800: 11.890: [class unloading, 0.0001828 secs]2022-01-17T02:08:15.150+0800: 11.890: [scrub symbol table, 0.0002795 secs]2022-01-17T02:08:15.150+0800: 11.890: [scrub string table, 0.0000834 secs][1 CMS-remark: 3241690K(3342336K)] 3369901K(4109120K), 0.0017935 secs] [Times: user=0.16 sys=0.00, real=0.00 secs] 
2022-01-17T02:08:15.150+0800: 11.890: [CMS-concurrent-sweep-start]
2022-01-17T02:08:15.154+0800: 11.895: [CMS-concurrent-sweep: 0.004/0.004 secs] [Times: user=0.00 sys=0.00, real=0.00 secs] 
2022-01-17T02:08:15.154+0800: 11.895: [CMS-concurrent-reset-start]
2022-01-17T02:08:15.157+0800: 11.897: [CMS-concurrent-reset: 0.002/0.002 secs] [Times: user=0.00 sys=0.00, real=0.00 secs] 
2022-01-17T02:08:15.211+0800: 11.952: [GC (Allocation Failure) 2022-01-17T02:08:15.212+0800: 11.952: [ParNew: 766783K->85183K(766784K), 0.0278052 secs] 1897070K->1344294K(4109120K), 0.0278760 secs] [Times: user=0.16 sys=0.00, real=0.03 secs] 
2022-01-17T02:08:15.299+0800: 12.040: [GC (Allocation Failure) 2022-01-17T02:08:15.300+0800: 12.040: [ParNew: 766783K->85183K(766784K), 0.0291984 secs] 2025894K->1488009K(4109120K), 0.0292656 secs] [Times: user=0.31 sys=0.00, real=0.03 secs] 
2022-01-17T02:08:15.387+0800: 12.128: [GC (Allocation Failure) 2022-01-17T02:08:15.387+0800: 12.128: [ParNew: 766783K->85183K(766784K), 0.0281891 secs] 2169609K->1623636K(4109120K), 0.0282541 secs] [Times: user=0.31 sys=0.00, real=0.03 secs] 
2022-01-17T02:08:15.475+0800: 12.216: [GC (Allocation Failure) 2022-01-17T02:08:15.475+0800: 12.216: [ParNew: 766689K->85182K(766784K), 0.0277372 secs] 2305142K->1759423K(4109120K), 0.0278051 secs] [Times: user=0.31 sys=0.00, real=0.03 secs] 
2022-01-17T02:08:15.565+0800: 12.305: [GC (Allocation Failure) 2022-01-17T02:08:15.565+0800: 12.305: [ParNew: 766782K->85182K(766784K), 0.0287383 secs] 2441023K->1902793K(4109120K), 0.0288031 secs] [Times: user=0.31 sys=0.00, real=0.03 secs] 
2022-01-17T02:08:15.655+0800: 12.396: [GC (Allocation Failure) 2022-01-17T02:08:15.655+0800: 12.396: [ParNew: 766782K->85183K(766784K), 0.0280635 secs] 2584393K->2038164K(4109120K), 0.0281214 secs] [Times: user=0.31 sys=0.00, real=0.03 secs] 
2022-01-17T02:08:15.743+0800: 12.484: [GC (Allocation Failure) 2022-01-17T02:08:15.743+0800: 12.484: [ParNew: 766783K->85183K(766784K), 0.0285349 secs] 2719764K->2178648K(4109120K), 0.0285921 secs] [Times: user=0.16 sys=0.00, real=0.03 secs] 
2022-01-17T02:08:15.833+0800: 12.574: [GC (Allocation Failure) 2022-01-17T02:08:15.833+0800: 12.574: [ParNew: 766783K->85183K(766784K), 0.0279226 secs] 2860248K->2305880K(4109120K), 0.0279900 secs] [Times: user=0.31 sys=0.00, real=0.03 secs] 
2022-01-17T02:08:15.922+0800: 12.663: [GC (Allocation Failure) 2022-01-17T02:08:15.922+0800: 12.663: [ParNew: 766783K->85183K(766784K), 0.0355121 secs] 2987480K->2447208K(4109120K), 0.0355785 secs] [Times: user=0.31 sys=0.00, real=0.04 secs] 
2022-01-17T02:08:15.958+0800: 12.698: [GC (CMS Initial Mark) [1 CMS-initial-mark: 2362024K(3342336K)] 2460852K(4109120K), 0.0004677 secs] [Times: user=0.00 sys=0.00, real=0.00 secs] 
2022-01-17T02:08:15.959+0800: 12.699: [CMS-concurrent-mark-start]
2022-01-17T02:08:15.964+0800: 12.704: [CMS-concurrent-mark: 0.005/0.005 secs] [Times: user=0.06 sys=0.00, real=0.00 secs] 
2022-01-17T02:08:15.964+0800: 12.704: [CMS-concurrent-preclean-start]
2022-01-17T02:08:15.966+0800: 12.706: [CMS-concurrent-preclean: 0.003/0.003 secs] [Times: user=0.00 sys=0.00, real=0.00 secs] 
2022-01-17T02:08:15.966+0800: 12.706: [CMS-concurrent-abortable-preclean-start]
2022-01-17T02:08:16.024+0800: 12.765: [GC (Allocation Failure) 2022-01-17T02:08:16.024+0800: 12.765: [ParNew: 766783K->85183K(766784K), 0.0269455 secs] 3128808K->2572180K(4109120K), 0.0270246 secs] [Times: user=0.16 sys=0.00, real=0.03 secs] 
2022-01-17T02:08:16.112+0800: 12.853: [GC (Allocation Failure) 2022-01-17T02:08:16.112+0800: 12.853: [ParNew: 766783K->85183K(766784K), 0.0294276 secs] 3253780K->2710248K(4109120K), 0.0294948 secs] [Times: user=0.31 sys=0.00, real=0.03 secs] 
2022-01-17T02:08:16.202+0800: 12.942: [GC (Allocation Failure) 2022-01-17T02:08:16.202+0800: 12.942: [ParNew: 766783K->85183K(766784K), 0.0293982 secs] 3391848K->2854734K(4109120K), 0.0294635 secs] [Times: user=0.31 sys=0.00, real=0.03 secs] 
2022-01-17T02:08:16.290+0800: 13.030: [GC (Allocation Failure) 2022-01-17T02:08:16.290+0800: 13.030: [ParNew: 766783K->85183K(766784K), 0.0291517 secs] 3536334K->2996490K(4109120K), 0.0292226 secs] [Times: user=0.16 sys=0.00, real=0.03 secs] 
2022-01-17T02:08:16.378+0800: 13.119: [GC (Allocation Failure) 2022-01-17T02:08:16.378+0800: 13.119: [ParNew: 766783K->85183K(766784K), 0.0300696 secs] 3678090K->3144959K(4109120K), 0.0301321 secs] [Times: user=0.31 sys=0.00, real=0.03 secs] 
2022-01-17T02:08:16.469+0800: 13.210: [GC (Allocation Failure) 2022-01-17T02:08:16.469+0800: 13.210: [ParNew: 766783K->85183K(766784K), 0.0266425 secs] 3826559K->3270417K(4109120K), 0.0267084 secs] [Times: user=0.31 sys=0.00, real=0.03 secs] 
2022-01-17T02:08:16.558+0800: 13.298: [GC (Allocation Failure) 2022-01-17T02:08:16.558+0800: 13.298: [ParNew: 766783K->85183K(766784K), 0.0278940 secs] 3952017K->3404919K(4109120K), 0.0279532 secs] [Times: user=0.31 sys=0.00, real=0.03 secs] 
2022-01-17T02:08:16.586+0800: 13.326: [CMS-concurrent-abortable-preclean: 0.039/0.620 secs] [Times: user=2.36 sys=0.00, real=0.62 secs] 
2022-01-17T02:08:16.586+0800: 13.326: [GC (CMS Final Remark) [YG occupancy: 99019 K (766784 K)]2022-01-17T02:08:16.586+0800: 13.327: [Rescan (parallel) , 0.0010944 secs]2022-01-17T02:08:16.587+0800: 13.328: [weak refs processing, 0.0000099 secs]2022-01-17T02:08:16.587+0800: 13.328: [class unloading, 0.0001630 secs]2022-01-17T02:08:16.588+0800: 13.328: [scrub symbol table, 0.0002635 secs]2022-01-17T02:08:16.588+0800: 13.328: [scrub string table, 0.0000723 secs][1 CMS-remark: 3319735K(3342336K)] 3418755K(4109120K), 0.0016597 secs] [Times: user=0.00 sys=0.00, real=0.00 secs] 
2022-01-17T02:08:16.588+0800: 13.328: [CMS-concurrent-sweep-start]
2022-01-17T02:08:16.593+0800: 13.333: [CMS-concurrent-sweep: 0.005/0.005 secs] [Times: user=0.00 sys=0.00, real=0.00 secs] 
2022-01-17T02:08:16.593+0800: 13.333: [CMS-concurrent-reset-start]
2022-01-17T02:08:16.595+0800: 13.335: [CMS-concurrent-reset: 0.002/0.002 secs] [Times: user=0.00 sys=0.00, real=0.00 secs] 
2022-01-17T02:08:16.650+0800: 13.391: [GC (Allocation Failure) 2022-01-17T02:08:16.651+0800: 13.391: [ParNew: 766783K->85182K(766784K), 0.0285393 secs] 2002455K->1456578K(4109120K), 0.0286116 secs] [Times: user=0.16 sys=0.00, real=0.03 secs] 
2022-01-17T02:08:16.738+0800: 13.479: [GC (Allocation Failure) 2022-01-17T02:08:16.738+0800: 13.479: [ParNew: 766782K->85183K(766784K), 0.0276908 secs] 2138178K->1586747K(4109120K), 0.0277574 secs] [Times: user=0.31 sys=0.00, real=0.03 secs] 
2022-01-17T02:08:16.825+0800: 13.565: [GC (Allocation Failure) 2022-01-17T02:08:16.825+0800: 13.565: [ParNew: 766783K->85183K(766784K), 0.0288497 secs] 2268347K->1730278K(4109120K), 0.0289101 secs] [Times: user=0.31 sys=0.00, real=0.03 secs] 
2022-01-17T02:08:16.916+0800: 13.656: [GC (Allocation Failure) 2022-01-17T02:08:16.916+0800: 13.656: [ParNew: 766783K->85183K(766784K), 0.0292373 secs] 2411878K->1865891K(4109120K), 0.0293089 secs] [Times: user=0.16 sys=0.00, real=0.03 secs] 
2022-01-17T02:08:17.004+0800: 13.744: [GC (Allocation Failure) 2022-01-17T02:08:17.004+0800: 13.744: [ParNew: 766783K->85182K(766784K), 0.0297209 secs] 2547491K->2014842K(4109120K), 0.0297860 secs] [Times: user=0.31 sys=0.00, real=0.03 secs] 
2022-01-17T02:08:17.094+0800: 13.835: [GC (Allocation Failure) 2022-01-17T02:08:17.094+0800: 13.835: [ParNew: 766782K->85183K(766784K), 0.0288381 secs] 2696442K->2157199K(4109120K), 0.0289056 secs] [Times: user=0.31 sys=0.00, real=0.03 secs] 
2022-01-17T02:08:17.124+0800: 13.864: [GC (CMS Initial Mark) [1 CMS-initial-mark: 2072016K(3342336K)] 2171048K(4109120K), 0.0006272 secs] [Times: user=0.00 sys=0.00, real=0.00 secs] 
2022-01-17T02:08:17.124+0800: 13.865: [CMS-concurrent-mark-start]
2022-01-17T02:08:17.128+0800: 13.868: [CMS-concurrent-mark: 0.003/0.003 secs] [Times: user=0.00 sys=0.00, real=0.00 secs] 
2022-01-17T02:08:17.128+0800: 13.868: [CMS-concurrent-preclean-start]
2022-01-17T02:08:17.130+0800: 13.871: [CMS-concurrent-preclean: 0.003/0.003 secs] [Times: user=0.00 sys=0.00, real=0.00 secs] 
2022-01-17T02:08:17.130+0800: 13.871: [CMS-concurrent-abortable-preclean-start]
2022-01-17T02:08:17.186+0800: 13.927: [GC (Allocation Failure) 2022-01-17T02:08:17.186+0800: 13.927: [ParNew: 766783K->85183K(766784K), 0.0271305 secs] 2838799K->2288053K(4109120K), 0.0271909 secs] [Times: user=0.31 sys=0.00, real=0.03 secs] 
2022-01-17T02:08:17.274+0800: 14.014: [GC (Allocation Failure) 2022-01-17T02:08:17.274+0800: 14.014: [ParNew: 766783K->85183K(766784K), 0.0299293 secs] 2969653K->2437027K(4109120K), 0.0299962 secs] [Times: user=0.16 sys=0.00, real=0.03 secs] 
2022-01-17T02:08:17.363+0800: 14.103: [GC (Allocation Failure) 2022-01-17T02:08:17.363+0800: 14.103: [ParNew: 766783K->85183K(766784K), 0.0273555 secs] 3118627K->2569142K(4109120K), 0.0274227 secs] [Times: user=0.31 sys=0.00, real=0.03 secs] 
2022-01-17T02:08:17.450+0800: 14.190: [GC (Allocation Failure) 2022-01-17T02:08:17.450+0800: 14.190: [ParNew: 766783K->85183K(766784K), 0.0282185 secs] 3250742K->2705907K(4109120K), 0.0282777 secs] [Times: user=0.31 sys=0.00, real=0.03 secs] 
2022-01-17T02:08:17.535+0800: 14.276: [GC (Allocation Failure) 2022-01-17T02:08:17.535+0800: 14.276: [ParNew: 766783K->85183K(766784K), 0.0297968 secs] 3387507K->2848854K(4109120K), 0.0298625 secs] [Times: user=0.30 sys=0.02, real=0.03 secs] 
2022-01-17T02:08:17.627+0800: 14.367: [GC (Allocation Failure) 2022-01-17T02:08:17.627+0800: 14.367: [ParNew: 766783K->85183K(766784K), 0.0264898 secs] 3530454K->2972754K(4109120K), 0.0265536 secs] [Times: user=0.30 sys=0.02, real=0.03 secs] 
2022-01-17T02:08:17.714+0800: 14.454: [GC (Allocation Failure) 2022-01-17T02:08:17.714+0800: 14.454: [ParNew: 766783K->85183K(766784K), 0.0280256 secs] 3654354K->3113909K(4109120K), 0.0280941 secs] [Times: user=0.16 sys=0.00, real=0.03 secs] 
2022-01-17T02:08:17.800+0800: 14.540: [GC (Allocation Failure) 2022-01-17T02:08:17.800+0800: 14.540: [ParNew: 766783K->85182K(766784K), 0.0299349 secs] 3795509K->3260821K(4109120K), 0.0300000 secs] [Times: user=0.30 sys=0.02, real=0.03 secs] 
2022-01-17T02:08:17.888+0800: 14.628: [GC (Allocation Failure) 2022-01-17T02:08:17.888+0800: 14.628: [ParNew: 766782K->85182K(766784K), 0.0285115 secs] 3942421K->3400790K(4109120K), 0.0285731 secs] [Times: user=0.31 sys=0.00, real=0.03 secs] 
2022-01-17T02:08:17.916+0800: 14.657: [CMS-concurrent-abortable-preclean: 0.049/0.786 secs] [Times: user=3.06 sys=0.05, real=0.79 secs] 
2022-01-17T02:08:17.917+0800: 14.657: [GC (CMS Final Remark) [YG occupancy: 98901 K (766784 K)]2022-01-17T02:08:17.917+0800: 14.657: [Rescan (parallel) , 0.0010037 secs]2022-01-17T02:08:17.918+0800: 14.658: [weak refs processing, 0.0000112 secs]2022-01-17T02:08:17.918+0800: 14.658: [class unloading, 0.0001814 secs]2022-01-17T02:08:17.918+0800: 14.658: [scrub symbol table, 0.0002478 secs]2022-01-17T02:08:17.918+0800: 14.659: [scrub string table, 0.0000728 secs][1 CMS-remark: 3315607K(3342336K)] 3414508K(4109120K), 0.0015748 secs] [Times: user=0.00 sys=0.00, real=0.00 secs] 
2022-01-17T02:08:17.918+0800: 14.659: [CMS-concurrent-sweep-start]
2022-01-17T02:08:17.923+0800: 14.663: [CMS-concurrent-sweep: 0.004/0.004 secs] [Times: user=0.00 sys=0.00, real=0.01 secs] 
2022-01-17T02:08:17.923+0800: 14.663: [CMS-concurrent-reset-start]
2022-01-17T02:08:17.925+0800: 14.665: [CMS-concurrent-reset: 0.002/0.002 secs] [Times: user=0.00 sys=0.00, real=0.00 secs] 
2022-01-17T02:08:17.980+0800: 14.720: [GC (Allocation Failure) 2022-01-17T02:08:17.980+0800: 14.720: [ParNew: 766782K->85182K(766784K), 0.0287690 secs] 2311028K->1762514K(4109120K), 0.0288454 secs] [Times: user=0.31 sys=0.00, real=0.03 secs] 
2022-01-17T02:08:18.069+0800: 14.809: [GC (Allocation Failure) 2022-01-17T02:08:18.069+0800: 14.809: [ParNew: 766782K->85183K(766784K), 0.0285137 secs] 2444114K->1896889K(4109120K), 0.0285911 secs] [Times: user=0.31 sys=0.00, real=0.03 secs] 
2022-01-17T02:08:18.158+0800: 14.899: [GC (Allocation Failure) 2022-01-17T02:08:18.158+0800: 14.899: [ParNew: 766783K->85183K(766784K), 0.0284130 secs] 2578489K->2036506K(4109120K), 0.0284739 secs] [Times: user=0.30 sys=0.01, real=0.03 secs] 
2022-01-17T02:08:18.186+0800: 14.927: [GC (CMS Initial Mark) [1 CMS-initial-mark: 1951323K(3342336K)] 2050826K(4109120K), 0.0005355 secs] [Times: user=0.00 sys=0.00, real=0.00 secs] 
2022-01-17T02:08:18.188+0800: 14.928: [CMS-concurrent-mark-start]
2022-01-17T02:08:18.191+0800: 14.931: [CMS-concurrent-mark: 0.004/0.004 secs] [Times: user=0.00 sys=0.00, real=0.00 secs] 
2022-01-17T02:08:18.191+0800: 14.931: [CMS-concurrent-preclean-start]
2022-01-17T02:08:18.194+0800: 14.934: [CMS-concurrent-preclean: 0.002/0.002 secs] [Times: user=0.00 sys=0.00, real=0.00 secs] 
2022-01-17T02:08:18.194+0800: 14.934: [CMS-concurrent-abortable-preclean-start]
2022-01-17T02:08:18.248+0800: 14.989: [GC (Allocation Failure) 2022-01-17T02:08:18.248+0800: 14.989: [ParNew: 766783K->85183K(766784K), 0.0280000 secs] 2718106K->2173954K(4109120K), 0.0280688 secs] [Times: user=0.31 sys=0.00, real=0.03 secs] 
2022-01-17T02:08:18.336+0800: 15.077: [GC (Allocation Failure) 2022-01-17T02:08:18.336+0800: 15.077: [ParNew: 766783K->85182K(766784K), 0.0287035 secs] 2855554K->2312520K(4109120K), 0.0287722 secs] [Times: user=0.16 sys=0.00, real=0.03 secs] 
2022-01-17T02:08:18.425+0800: 15.165: [GC (Allocation Failure) 2022-01-17T02:08:18.425+0800: 15.165: [ParNew: 766782K->85183K(766784K), 0.0275889 secs] 2994120K->2440993K(4109120K), 0.0276527 secs] [Times: user=0.31 sys=0.00, real=0.03 secs] 
2022-01-17T02:08:18.515+0800: 15.255: [GC (Allocation Failure) 2022-01-17T02:08:18.515+0800: 15.255: [ParNew: 766783K->85183K(766784K), 0.0287523 secs] 3122593K->2580954K(4109120K), 0.0288164 secs] [Times: user=0.31 sys=0.00, real=0.03 secs] 
2022-01-17T02:08:18.605+0800: 15.346: [GC (Allocation Failure) 2022-01-17T02:08:18.605+0800: 15.346: [ParNew: 766783K->85183K(766784K), 0.0281143 secs] 3262554K->2716378K(4109120K), 0.0281737 secs] [Times: user=0.31 sys=0.00, real=0.03 secs] 
2022-01-17T02:08:18.694+0800: 15.434: [GC (Allocation Failure) 2022-01-17T02:08:18.694+0800: 15.434: [ParNew: 766783K->85183K(766784K), 0.0287662 secs] 3397978K->2856443K(4109120K), 0.0288381 secs] [Times: user=0.30 sys=0.00, real=0.03 secs] 
2022-01-17T02:08:18.785+0800: 15.525: [GC (Allocation Failure) 2022-01-17T02:08:18.785+0800: 15.525: [ParNew: 766783K->85183K(766784K), 0.0282087 secs] 3538043K->2987956K(4109120K), 0.0282758 secs] [Times: user=0.31 sys=0.00, real=0.03 secs] 
2022-01-17T02:08:18.873+0800: 15.613: [GC (Allocation Failure) 2022-01-17T02:08:18.873+0800: 15.613: [ParNew: 766783K->85183K(766784K), 0.0290006 secs] 3669556K->3131974K(4109120K), 0.0290527 secs] [Times: user=0.31 sys=0.00, real=0.03 secs] 
2022-01-17T02:08:18.962+0800: 15.703: [GC (Allocation Failure) 2022-01-17T02:08:18.962+0800: 15.703: [ParNew: 766783K->85182K(766784K), 0.0280116 secs] 3813574K->3265961K(4109120K), 0.0280744 secs] [Times: user=0.16 sys=0.00, real=0.03 secs] 
2022-01-17T02:08:19.051+0800: 15.792: [GC (Allocation Failure) 2022-01-17T02:08:19.051+0800: 15.792: [ParNew: 766782K->85183K(766784K), 0.0290278 secs] 3947561K->3404833K(4109120K), 0.0290969 secs] [Times: user=0.31 sys=0.00, real=0.03 secs] 
2022-01-17T02:08:19.080+0800: 15.821: [CMS-concurrent-abortable-preclean: 0.054/0.887 secs] [Times: user=3.47 sys=0.00, real=0.89 secs] 
2022-01-17T02:08:19.081+0800: 15.821: [GC (CMS Final Remark) [YG occupancy: 99123 K (766784 K)]2022-01-17T02:08:19.081+0800: 15.821: [Rescan (parallel) , 0.0008342 secs]2022-01-17T02:08:19.081+0800: 15.822: [weak refs processing, 0.0000117 secs]2022-01-17T02:08:19.081+0800: 15.822: [class unloading, 0.0001633 secs]2022-01-17T02:08:19.082+0800: 15.822: [scrub symbol table, 0.0002526 secs]2022-01-17T02:08:19.082+0800: 15.823: [scrub string table, 0.0000710 secs][1 CMS-remark: 3319650K(3342336K)] 3418773K(4109120K), 0.0013864 secs] [Times: user=0.00 sys=0.00, real=0.00 secs] 
2022-01-17T02:08:19.082+0800: 15.823: [CMS-concurrent-sweep-start]
2022-01-17T02:08:19.087+0800: 15.827: [CMS-concurrent-sweep: 0.004/0.004 secs] [Times: user=0.03 sys=0.00, real=0.00 secs] 
2022-01-17T02:08:19.087+0800: 15.827: [CMS-concurrent-reset-start]
2022-01-17T02:08:19.089+0800: 15.830: [CMS-concurrent-reset: 0.003/0.003 secs] [Times: user=0.00 sys=0.00, real=0.00 secs] 
2022-01-17T02:08:19.145+0800: 15.885: [GC (Allocation Failure) 2022-01-17T02:08:19.145+0800: 15.885: [ParNew: 766783K->85183K(766784K), 0.0291742 secs] 2426383K->1881820K(4109120K), 0.0292409 secs] [Times: user=0.31 sys=0.00, real=0.03 secs] 
2022-01-17T02:08:19.174+0800: 15.915: [GC (CMS Initial Mark) [1 CMS-initial-mark: 1796637K(3342336K)] 1895632K(4109120K), 0.0004955 secs] [Times: user=0.00 sys=0.00, real=0.00 secs] 
2022-01-17T02:08:19.175+0800: 15.915: [CMS-concurrent-mark-start]
2022-01-17T02:08:19.178+0800: 15.918: [CMS-concurrent-mark: 0.003/0.003 secs] [Times: user=0.00 sys=0.00, real=0.00 secs] 
2022-01-17T02:08:19.178+0800: 15.918: [CMS-concurrent-preclean-start]
2022-01-17T02:08:19.181+0800: 15.921: [CMS-concurrent-preclean: 0.002/0.002 secs] [Times: user=0.03 sys=0.00, real=0.00 secs] 
2022-01-17T02:08:19.181+0800: 15.921: [CMS-concurrent-abortable-preclean-start]
2022-01-17T02:08:19.234+0800: 15.974: [GC (Allocation Failure) 2022-01-17T02:08:19.234+0800: 15.974: [ParNew: 766783K->85183K(766784K), 0.0301813 secs] 2563420K->2030404K(4109120K), 0.0302458 secs] [Times: user=0.31 sys=0.00, real=0.03 secs] 
2022-01-17T02:08:19.326+0800: 16.066: [GC (Allocation Failure) 2022-01-17T02:08:19.326+0800: 16.066: [ParNew: 766783K->85183K(766784K), 0.0277779 secs] 2712004K->2161139K(4109120K), 0.0278433 secs] [Times: user=0.31 sys=0.00, real=0.03 secs] 
2022-01-17T02:08:19.414+0800: 16.155: [GC (Allocation Failure) 2022-01-17T02:08:19.414+0800: 16.155: [ParNew: 766783K->85183K(766784K), 0.0285983 secs] 2842739K->2298742K(4109120K), 0.0286664 secs] [Times: user=0.16 sys=0.00, real=0.03 secs] 
2022-01-17T02:08:19.505+0800: 16.245: [GC (Allocation Failure) 2022-01-17T02:08:19.505+0800: 16.245: [ParNew: 766783K->85182K(766784K), 0.0292429 secs] 2980342K->2441545K(4109120K), 0.0293044 secs] [Times: user=0.31 sys=0.00, real=0.03 secs] 
2022-01-17T02:08:19.596+0800: 16.336: [GC (Allocation Failure) 2022-01-17T02:08:19.596+0800: 16.336: [ParNew: 766782K->85183K(766784K), 0.0273688 secs] 3123145K->2567061K(4109120K), 0.0274337 secs] [Times: user=0.31 sys=0.00, real=0.03 secs] 
2022-01-17T02:08:19.683+0800: 16.423: [GC (Allocation Failure) 2022-01-17T02:08:19.683+0800: 16.423: [ParNew: 766783K->85183K(766784K), 0.0281010 secs] 3248661K->2703664K(4109120K), 0.0281637 secs] [Times: user=0.30 sys=0.02, real=0.03 secs] 
2022-01-17T02:08:19.773+0800: 16.513: [GC (Allocation Failure) 2022-01-17T02:08:19.773+0800: 16.513: [ParNew: 766783K->85183K(766784K), 0.0285987 secs] 3385264K->2840616K(4109120K), 0.0286655 secs] [Times: user=0.31 sys=0.00, real=0.03 secs] 
2022-01-17T02:08:19.861+0800: 16.601: [GC (Allocation Failure) 2022-01-17T02:08:19.861+0800: 16.601: [ParNew: 766783K->85183K(766784K), 0.0284519 secs] 3522216K->2979906K(4109120K), 0.0285178 secs] [Times: user=0.31 sys=0.00, real=0.03 secs] 
2022-01-17T02:08:19.949+0800: 16.689: [GC (Allocation Failure) 2022-01-17T02:08:19.949+0800: 16.689: [ParNew: 766783K->85183K(766784K), 0.0287620 secs] 3661506K->3121728K(4109120K), 0.0288207 secs] [Times: user=0.31 sys=0.00, real=0.03 secs] 
2022-01-17T02:08:20.039+0800: 16.780: [GC (Allocation Failure) 2022-01-17T02:08:20.039+0800: 16.780: [ParNew: 766783K->85183K(766784K), 0.0275404 secs] 3803328K->3250211K(4109120K), 0.0276085 secs] [Times: user=0.16 sys=0.00, real=0.03 secs] 
2022-01-17T02:08:20.129+0800: 16.869: [GC (Allocation Failure) 2022-01-17T02:08:20.129+0800: 16.869: [ParNew: 766783K->85183K(766784K), 0.0286677 secs] 3931811K->3386409K(4109120K), 0.0287351 secs] [Times: user=0.31 sys=0.00, real=0.03 secs] 
2022-01-17T02:08:20.158+0800: 16.898: [CMS-concurrent-abortable-preclean: 0.061/0.977 secs] [Times: user=3.83 sys=0.02, real=0.98 secs] 
2022-01-17T02:08:20.158+0800: 16.898: [GC (CMS Final Remark) [YG occupancy: 98848 K (766784 K)]2022-01-17T02:08:20.158+0800: 16.898: [Rescan (parallel) , 0.0013972 secs]2022-01-17T02:08:20.159+0800: 16.900: [weak refs processing, 0.0000101 secs]2022-01-17T02:08:20.159+0800: 16.900: [class unloading, 0.0001705 secs]2022-01-17T02:08:20.159+0800: 16.900: [scrub symbol table, 0.0002748 secs]2022-01-17T02:08:20.160+0800: 16.900: [scrub string table, 0.0000813 secs][1 CMS-remark: 3301225K(3342336K)] 3400073K(4109120K), 0.0019853 secs] [Times: user=0.00 sys=0.00, real=0.00 secs] 
2022-01-17T02:08:20.160+0800: 16.900: [CMS-concurrent-sweep-start]
2022-01-17T02:08:20.165+0800: 16.905: [CMS-concurrent-sweep: 0.005/0.005 secs] [Times: user=0.03 sys=0.00, real=0.00 secs] 
2022-01-17T02:08:20.165+0800: 16.906: [CMS-concurrent-reset-start]
2022-01-17T02:08:20.168+0800: 16.908: [CMS-concurrent-reset: 0.002/0.002 secs] [Times: user=0.00 sys=0.00, real=0.00 secs] 
2022-01-17T02:08:20.221+0800: 16.962: [GC (Allocation Failure) 2022-01-17T02:08:20.221+0800: 16.962: [ParNew: 766783K->85182K(766784K), 0.0294319 secs] 2557714K->2017005K(4109120K), 0.0294913 secs] [Times: user=0.31 sys=0.00, real=0.03 secs] 
2022-01-17T02:08:20.251+0800: 16.991: [GC (CMS Initial Mark) [1 CMS-initial-mark: 1931822K(3342336K)] 2030762K(4109120K), 0.0006112 secs] [Times: user=0.00 sys=0.00, real=0.00 secs] 
2022-01-17T02:08:20.251+0800: 16.992: [CMS-concurrent-mark-start]
2022-01-17T02:08:20.255+0800: 16.995: [CMS-concurrent-mark: 0.004/0.004 secs] [Times: user=0.00 sys=0.00, real=0.00 secs] 
2022-01-17T02:08:20.255+0800: 16.995: [CMS-concurrent-preclean-start]
2022-01-17T02:08:20.258+0800: 16.998: [CMS-concurrent-preclean: 0.003/0.003 secs] [Times: user=0.03 sys=0.00, real=0.00 secs] 
2022-01-17T02:08:20.258+0800: 16.998: [CMS-concurrent-abortable-preclean-start]
2022-01-17T02:08:20.312+0800: 17.052: [GC (Allocation Failure) 2022-01-17T02:08:20.312+0800: 17.052: [ParNew: 766782K->85183K(766784K), 0.0297799 secs] 2698605K->2161709K(4109120K), 0.0298437 secs] [Times: user=0.31 sys=0.00, real=0.03 secs] 
2022-01-17T02:08:20.401+0800: 17.142: [GC (Allocation Failure) 2022-01-17T02:08:20.402+0800: 17.142: [ParNew: 766783K->85183K(766784K), 0.0287653 secs] 2843309K->2303855K(4109120K), 0.0288363 secs] [Times: user=0.31 sys=0.00, real=0.03 secs] 
2022-01-17T02:08:20.491+0800: 17.231: [GC (Allocation Failure) 2022-01-17T02:08:20.491+0800: 17.231: [ParNew: 766783K->85183K(766784K), 0.0286383 secs] 2985455K->2445213K(4109120K), 0.0287119 secs] [Times: user=0.31 sys=0.00, real=0.03 secs] 
2022-01-17T02:08:20.580+0800: 17.320: [GC (Allocation Failure) 2022-01-17T02:08:20.580+0800: 17.320: [ParNew: 766783K->85183K(766784K), 0.0287262 secs] 3126813K->2582377K(4109120K), 0.0287912 secs] [Times: user=0.31 sys=0.00, real=0.03 secs] 
2022-01-17T02:08:20.670+0800: 17.410: [GC (Allocation Failure) 2022-01-17T02:08:20.670+0800: 17.410: [ParNew: 766783K->85183K(766784K), 0.0291941 secs] 3263977K->2722311K(4109120K), 0.0292577 secs] [Times: user=0.30 sys=0.01, real=0.03 secs] 
2022-01-17T02:08:20.757+0800: 17.497: [GC (Allocation Failure) 2022-01-17T02:08:20.757+0800: 17.497: [ParNew: 766783K->85183K(766784K), 0.0290273 secs] 3403911K->2866338K(4109120K), 0.0290949 secs] [Times: user=0.31 sys=0.00, real=0.03 secs] 
2022-01-17T02:08:20.847+0800: 17.587: [GC (Allocation Failure) 2022-01-17T02:08:20.847+0800: 17.587: [ParNew: 766783K->85183K(766784K), 0.0297080 secs] 3547938K->3013077K(4109120K), 0.0297704 secs] [Times: user=0.31 sys=0.00, real=0.03 secs] 
2022-01-17T02:08:20.936+0800: 17.677: [GC (Allocation Failure) 2022-01-17T02:08:20.936+0800: 17.677: [ParNew: 766783K->85183K(766784K), 0.0298451 secs] 3694677K->3142903K(4109120K), 0.0299240 secs] [Times: user=0.31 sys=0.00, real=0.03 secs] 
2022-01-17T02:08:21.028+0800: 17.769: [GC (Allocation Failure) 2022-01-17T02:08:21.028+0800: 17.769: [ParNew: 766783K->85183K(766784K), 0.0272069 secs] 3824503K->3274048K(4109120K), 0.0272688 secs] [Times: user=0.31 sys=0.00, real=0.03 secs] 
2022-01-17T02:08:21.115+0800: 17.855: [GC (Allocation Failure) 2022-01-17T02:08:21.115+0800: 17.855: [ParNew: 766783K->85183K(766784K), 0.0284711 secs] 3955648K->3411061K(4109120K), 0.0285390 secs] [Times: user=0.31 sys=0.00, real=0.03 secs] 
2022-01-17T02:08:21.143+0800: 17.884: [CMS-concurrent-abortable-preclean: 0.057/0.885 secs] [Times: user=3.72 sys=0.01, real=0.88 secs] 
2022-01-17T02:08:21.143+0800: 17.884: [GC (CMS Final Remark) [YG occupancy: 98955 K (766784 K)]2022-01-17T02:08:21.143+0800: 17.884: [Rescan (parallel) , 0.0011120 secs]2022-01-17T02:08:21.145+0800: 17.885: [weak refs processing, 0.0000103 secs]2022-01-17T02:08:21.145+0800: 17.885: [class unloading, 0.0001731 secs]2022-01-17T02:08:21.145+0800: 17.885: [scrub symbol table, 0.0002765 secs]2022-01-17T02:08:21.145+0800: 17.885: [scrub string table, 0.0000804 secs][1 CMS-remark: 3325877K(3342336K)] 3424832K(4109120K), 0.0017070 secs] [Times: user=0.00 sys=0.00, real=0.00 secs] 
2022-01-17T02:08:21.145+0800: 17.886: [CMS-concurrent-sweep-start]
2022-01-17T02:08:21.151+0800: 17.891: [CMS-concurrent-sweep: 0.006/0.006 secs] [Times: user=0.03 sys=0.00, real=0.01 secs] 
2022-01-17T02:08:21.151+0800: 17.891: [CMS-concurrent-reset-start]
2022-01-17T02:08:21.153+0800: 17.894: [CMS-concurrent-reset: 0.003/0.003 secs] [Times: user=0.00 sys=0.00, real=0.00 secs] 
2022-01-17T02:08:21.207+0800: 17.948: [GC (Allocation Failure) 2022-01-17T02:08:21.208+0800: 17.948: [ParNew: 766783K->85183K(766784K), 0.0299016 secs] 2444302K->1907418K(4109120K), 0.0299693 secs] [Times: user=0.31 sys=0.00, real=0.03 secs] 
2022-01-17T02:08:21.237+0800: 17.978: [GC (CMS Initial Mark) [1 CMS-initial-mark: 1822234K(3342336K)] 1921338K(4109120K), 0.0005824 secs] [Times: user=0.00 sys=0.00, real=0.00 secs] 
2022-01-17T02:08:21.237+0800: 17.978: [CMS-concurrent-mark-start]
2022-01-17T02:08:21.242+0800: 17.982: [CMS-concurrent-mark: 0.004/0.004 secs] [Times: user=0.00 sys=0.00, real=0.01 secs] 
2022-01-17T02:08:21.242+0800: 17.982: [CMS-concurrent-preclean-start]
2022-01-17T02:08:21.245+0800: 17.985: [CMS-concurrent-preclean: 0.003/0.003 secs] [Times: user=0.03 sys=0.00, real=0.00 secs] 
2022-01-17T02:08:21.245+0800: 17.985: [CMS-concurrent-abortable-preclean-start]
2022-01-17T02:08:21.300+0800: 18.041: [GC (Allocation Failure) 2022-01-17T02:08:21.300+0800: 18.041: [ParNew: 766783K->85182K(766784K), 0.0296217 secs] 2589018K->2045128K(4109120K), 0.0296868 secs] [Times: user=0.30 sys=0.02, real=0.03 secs] 
2022-01-17T02:08:21.389+0800: 18.129: [GC (Allocation Failure) 2022-01-17T02:08:21.389+0800: 18.129: [ParNew: 766782K->85183K(766784K), 0.0271857 secs] 2726728K->2172882K(4109120K), 0.0272471 secs] [Times: user=0.31 sys=0.00, real=0.03 secs] 
2022-01-17T02:08:21.478+0800: 18.218: [GC (Allocation Failure) 2022-01-17T02:08:21.478+0800: 18.218: [ParNew: 766783K->85182K(766784K), 0.0284229 secs] 2854482K->2305690K(4109120K), 0.0284906 secs] [Times: user=0.16 sys=0.00, real=0.03 secs] 
2022-01-17T02:08:21.568+0800: 18.308: [GC (Allocation Failure) 2022-01-17T02:08:21.568+0800: 18.308: [ParNew: 766782K->85183K(766784K), 0.0288103 secs] 2987290K->2439029K(4109120K), 0.0288760 secs] [Times: user=0.31 sys=0.00, real=0.03 secs] 
2022-01-17T02:08:21.659+0800: 18.399: [GC (Allocation Failure) 2022-01-17T02:08:21.659+0800: 18.399: [ParNew: 766783K->85183K(766784K), 0.0282684 secs] 3120629K->2569355K(4109120K), 0.0283323 secs] [Times: user=0.30 sys=0.02, real=0.03 secs] 
2022-01-17T02:08:21.747+0800: 18.488: [GC (Allocation Failure) 2022-01-17T02:08:21.747+0800: 18.488: [ParNew: 766550K->85183K(766784K), 0.0273347 secs] 3250722K->2697997K(4109120K), 0.0273936 secs] [Times: user=0.31 sys=0.00, real=0.03 secs] 
2022-01-17T02:08:21.832+0800: 18.573: [GC (Allocation Failure) 2022-01-17T02:08:21.832+0800: 18.573: [ParNew: 766783K->85183K(766784K), 0.0298336 secs] 3379597K->2844997K(4109120K), 0.0299067 secs] [Times: user=0.31 sys=0.00, real=0.03 secs] 
2022-01-17T02:08:21.923+0800: 18.663: [GC (Allocation Failure) 2022-01-17T02:08:21.923+0800: 18.663: [ParNew: 766783K->85182K(766784K), 0.0295362 secs] 3526597K->2988391K(4109120K), 0.0295986 secs] [Times: user=0.28 sys=0.00, real=0.03 secs] 
2022-01-17T02:08:22.010+0800: 18.750: [GC (Allocation Failure) 2022-01-17T02:08:22.010+0800: 18.751: [ParNew: 766782K->85183K(766784K), 0.0285335 secs] 3669991K->3129407K(4109120K), 0.0286081 secs] [Times: user=0.31 sys=0.00, real=0.03 secs] 
2022-01-17T02:08:22.098+0800: 18.838: [GC (Allocation Failure) 2022-01-17T02:08:22.098+0800: 18.838: [ParNew: 766783K->85182K(766784K), 0.0295112 secs] 3811007K->3272684K(4109120K), 0.0295772 secs] [Times: user=0.31 sys=0.00, real=0.03 secs] 
2022-01-17T02:08:22.188+0800: 18.929: [GC (Allocation Failure) 2022-01-17T02:08:22.188+0800: 18.929: [ParNew: 766782K->85182K(766784K), 0.0286072 secs] 3954284K->3411030K(4109120K), 0.0286689 secs] [Times: user=0.31 sys=0.00, real=0.03 secs] 
2022-01-17T02:08:22.217+0800: 18.958: [CMS-concurrent-abortable-preclean: 0.062/0.973 secs] [Times: user=3.94 sys=0.03, real=0.97 secs] 
2022-01-17T02:08:22.217+0800: 18.958: [GC (CMS Final Remark) [YG occupancy: 99289 K (766784 K)]2022-01-17T02:08:22.217+0800: 18.958: [Rescan (parallel) , 0.0009627 secs]2022-01-17T02:08:22.219+0800: 18.959: [weak refs processing, 0.0000100 secs]2022-01-17T02:08:22.219+0800: 18.959: [class unloading, 0.0001703 secs]2022-01-17T02:08:22.219+0800: 18.959: [scrub symbol table, 0.0002741 secs]2022-01-17T02:08:22.219+0800: 18.960: [scrub string table, 0.0000816 secs][1 CMS-remark: 3325847K(3342336K)] 3425136K(4109120K), 0.0015534 secs] [Times: user=0.00 sys=0.00, real=0.00 secs] 
2022-01-17T02:08:22.219+0800: 18.960: [CMS-concurrent-sweep-start]
2022-01-17T02:08:22.225+0800: 18.965: [CMS-concurrent-sweep: 0.006/0.006 secs] [Times: user=0.00 sys=0.00, real=0.01 secs] 
2022-01-17T02:08:22.225+0800: 18.965: [CMS-concurrent-reset-start]
2022-01-17T02:08:22.227+0800: 18.968: [CMS-concurrent-reset: 0.002/0.002 secs] [Times: user=0.03 sys=0.00, real=0.00 secs] 
2022-01-17T02:08:22.281+0800: 19.021: [GC (Allocation Failure) 2022-01-17T02:08:22.281+0800: 19.021: [ParNew: 766782K->85183K(766784K), 0.0287023 secs] 2565958K->2015440K(4109120K), 0.0287601 secs] [Times: user=0.30 sys=0.00, real=0.03 secs] 
2022-01-17T02:08:22.310+0800: 19.050: [GC (CMS Initial Mark) [1 CMS-initial-mark: 1930256K(3342336K)] 2029140K(4109120K), 0.0006131 secs] [Times: user=0.00 sys=0.00, real=0.00 secs] 
2022-01-17T02:08:22.310+0800: 19.051: [CMS-concurrent-mark-start]
2022-01-17T02:08:22.315+0800: 19.055: [CMS-concurrent-mark: 0.004/0.004 secs] [Times: user=0.00 sys=0.00, real=0.01 secs] 
2022-01-17T02:08:22.315+0800: 19.055: [CMS-concurrent-preclean-start]
2022-01-17T02:08:22.317+0800: 19.057: [CMS-concurrent-preclean: 0.003/0.003 secs] [Times: user=0.00 sys=0.00, real=0.00 secs] 
2022-01-17T02:08:22.317+0800: 19.058: [CMS-concurrent-abortable-preclean-start]
2022-01-17T02:08:22.372+0800: 19.112: [GC (Allocation Failure) 2022-01-17T02:08:22.372+0800: 19.113: [ParNew: 766783K->85182K(766784K), 0.0290411 secs] 2697040K->2155413K(4109120K), 0.0290923 secs] [Times: user=0.31 sys=0.00, real=0.03 secs] 
2022-01-17T02:08:22.460+0800: 19.201: [GC (Allocation Failure) 2022-01-17T02:08:22.460+0800: 19.201: [ParNew: 766782K->85182K(766784K), 0.0292813 secs] 2837013K->2296307K(4109120K), 0.0293494 secs] [Times: user=0.31 sys=0.00, real=0.03 secs] 
2022-01-17T02:08:22.550+0800: 19.291: [GC (Allocation Failure) 2022-01-17T02:08:22.550+0800: 19.291: [ParNew: 766782K->85183K(766784K), 0.0288142 secs] 2977907K->2431725K(4109120K), 0.0288815 secs] [Times: user=0.30 sys=0.00, real=0.03 secs] 
2022-01-17T02:08:22.640+0800: 19.380: [GC (Allocation Failure) 2022-01-17T02:08:22.640+0800: 19.380: [ParNew: 766783K->85182K(766784K), 0.0297453 secs] 3113325K->2576429K(4109120K), 0.0298119 secs] [Times: user=0.31 sys=0.00, real=0.03 secs] 
2022-01-17T02:08:22.729+0800: 19.469: [GC (Allocation Failure) 2022-01-17T02:08:22.729+0800: 19.469: [ParNew: 766782K->85182K(766784K), 0.0282870 secs] 3258029K->2711809K(4109120K), 0.0283461 secs] [Times: user=0.16 sys=0.00, real=0.03 secs] 
2022-01-17T02:08:22.818+0800: 19.558: [GC (Allocation Failure) 2022-01-17T02:08:22.818+0800: 19.558: [ParNew: 766782K->85183K(766784K), 0.0280036 secs] 3393409K->2845858K(4109120K), 0.0280699 secs] [Times: user=0.24 sys=0.02, real=0.03 secs] 
2022-01-17T02:08:22.906+0800: 19.647: [GC (Allocation Failure) 2022-01-17T02:08:22.906+0800: 19.647: [ParNew: 766783K->85182K(766784K), 0.0295854 secs] 3527458K->2989111K(4109120K), 0.0296497 secs] [Times: user=0.31 sys=0.00, real=0.03 secs] 
2022-01-17T02:08:22.996+0800: 19.736: [GC (Allocation Failure) 2022-01-17T02:08:22.996+0800: 19.736: [ParNew: 766782K->85183K(766784K), 0.0270988 secs] 3670711K->3113943K(4109120K), 0.0271707 secs] [Times: user=0.16 sys=0.00, real=0.03 secs] 
2022-01-17T02:08:23.084+0800: 19.825: [GC (Allocation Failure) 2022-01-17T02:08:23.085+0800: 19.825: [ParNew: 766783K->85183K(766784K), 0.0279914 secs] 3795543K->3247022K(4109120K), 0.0280614 secs] [Times: user=0.31 sys=0.00, real=0.03 secs] 
2022-01-17T02:08:23.175+0800: 19.915: [GC (Allocation Failure) 2022-01-17T02:08:23.175+0800: 19.915: [ParNew: 766783K->85182K(766784K), 0.0285966 secs] 3928622K->3385825K(4109120K), 0.0286513 secs] [Times: user=0.31 sys=0.00, real=0.03 secs] 
2022-01-17T02:08:23.204+0800: 19.944: [CMS-concurrent-abortable-preclean: 0.056/0.887 secs] [Times: user=3.39 sys=0.02, real=0.89 secs] 
2022-01-17T02:08:23.204+0800: 19.944: [GC (CMS Final Remark) [YG occupancy: 98838 K (766784 K)]2022-01-17T02:08:23.204+0800: 19.944: [Rescan (parallel) , 0.0008854 secs]2022-01-17T02:08:23.205+0800: 19.945: [weak refs processing, 0.0000106 secs]2022-01-17T02:08:23.205+0800: 19.945: [class unloading, 0.0001659 secs]2022-01-17T02:08:23.205+0800: 19.945: [scrub symbol table, 0.0002497 secs]2022-01-17T02:08:23.206+0800: 19.946: [scrub string table, 0.0000730 secs][1 CMS-remark: 3300642K(3342336K)] 3399480K(4109120K), 0.0014390 secs] [Times: user=0.00 sys=0.00, real=0.00 secs] 
2022-01-17T02:08:23.206+0800: 19.946: [CMS-concurrent-sweep-start]
2022-01-17T02:08:23.213+0800: 19.953: [CMS-concurrent-sweep: 0.007/0.007 secs] [Times: user=0.03 sys=0.00, real=0.01 secs] 
2022-01-17T02:08:23.213+0800: 19.953: [CMS-concurrent-reset-start]
2022-01-17T02:08:23.215+0800: 19.955: [CMS-concurrent-reset: 0.003/0.003 secs] [Times: user=0.00 sys=0.00, real=0.00 secs] 
2022-01-17T02:08:23.265+0800: 20.006: [GC (Allocation Failure) 2022-01-17T02:08:23.265+0800: 20.006: [ParNew: 766782K->85183K(766784K), 0.0294252 secs] 2421136K->1875505K(4109120K), 0.0294913 secs] [Times: user=0.31 sys=0.00, real=0.03 secs] 
2022-01-17T02:08:23.295+0800: 20.035: [GC (CMS Initial Mark) [1 CMS-initial-mark: 1790322K(3342336K)] 1889820K(4109120K), 0.0006196 secs] [Times: user=0.00 sys=0.00, real=0.00 secs] 
2022-01-17T02:08:23.296+0800: 20.036: [CMS-concurrent-mark-start]
2022-01-17T02:08:23.299+0800: 20.040: [CMS-concurrent-mark: 0.004/0.004 secs] [Times: user=0.00 sys=0.00, real=0.00 secs] 
2022-01-17T02:08:23.300+0800: 20.040: [CMS-concurrent-preclean-start]
2022-01-17T02:08:23.302+0800: 20.043: [CMS-concurrent-preclean: 0.002/0.002 secs] [Times: user=0.00 sys=0.00, real=0.00 secs] 
2022-01-17T02:08:23.302+0800: 20.043: [CMS-concurrent-abortable-preclean-start]
2022-01-17T02:08:23.357+0800: 20.097: [GC (Allocation Failure) 2022-01-17T02:08:23.357+0800: 20.097: [ParNew: 766783K->85182K(766784K), 0.0278213 secs] 2557105K->2006463K(4109120K), 0.0278815 secs] [Times: user=0.31 sys=0.00, real=0.03 secs] 
2022-01-17T02:08:23.446+0800: 20.186: [GC (Allocation Failure) 2022-01-17T02:08:23.446+0800: 20.186: [ParNew: 766782K->85183K(766784K), 0.0286489 secs] 2688063K->2139274K(4109120K), 0.0287170 secs] [Times: user=0.16 sys=0.00, real=0.03 secs] 
2022-01-17T02:08:23.534+0800: 20.274: [GC (Allocation Failure) 2022-01-17T02:08:23.534+0800: 20.274: [ParNew: 766783K->85183K(766784K), 0.0298543 secs] 2820874K->2278467K(4109120K), 0.0299252 secs] [Times: user=0.31 sys=0.00, real=0.03 secs] 
2022-01-17T02:08:23.625+0800: 20.366: [GC (Allocation Failure) 2022-01-17T02:08:23.625+0800: 20.366: [ParNew: 766783K->85182K(766784K), 0.0279745 secs] 2960067K->2407182K(4109120K), 0.0280385 secs] [Times: user=0.31 sys=0.00, real=0.03 secs] 
2022-01-17T02:08:23.712+0800: 20.452: [GC (Allocation Failure) 2022-01-17T02:08:23.712+0800: 20.452: [ParNew: 766782K->85183K(766784K), 0.0284883 secs] 3088782K->2538514K(4109120K), 0.0285562 secs] [Times: user=0.16 sys=0.00, real=0.03 secs] 
2022-01-17T02:08:23.799+0800: 20.539: [GC (Allocation Failure) 2022-01-17T02:08:23.799+0800: 20.539: [ParNew: 766783K->85183K(766784K), 0.0277546 secs] 3220114K->2665569K(4109120K), 0.0278217 secs] [Times: user=0.31 sys=0.00, real=0.03 secs] 
2022-01-17T02:08:23.886+0800: 20.626: [GC (Allocation Failure) 2022-01-17T02:08:23.886+0800: 20.626: [ParNew: 766783K->85182K(766784K), 0.0277541 secs] 3347169K->2799700K(4109120K), 0.0278189 secs] [Times: user=0.16 sys=0.00, real=0.03 secs] 
2022-01-17T02:08:23.975+0800: 20.715: [GC (Allocation Failure) 2022-01-17T02:08:23.975+0800: 20.715: [ParNew: 766782K->85182K(766784K), 0.0280943 secs] 3481300K->2928113K(4109120K), 0.0281622 secs] [Times: user=0.31 sys=0.00, real=0.03 secs] 
2022-01-17T02:08:24.061+0800: 20.801: [GC (Allocation Failure) 2022-01-17T02:08:24.061+0800: 20.801: [ParNew: 766782K->85183K(766784K), 0.0294618 secs] 3609713K->3069659K(4109120K), 0.0295243 secs] [Times: user=0.31 sys=0.00, real=0.03 secs] 
2022-01-17T02:08:24.152+0800: 20.892: [GC (Allocation Failure) 2022-01-17T02:08:24.152+0800: 20.892: [ParNew: 766783K->85183K(766784K), 0.0280477 secs] 3751259K->3204127K(4109120K), 0.0281011 secs] [Times: user=0.31 sys=0.00, real=0.03 secs] 
2022-01-17T02:08:24.242+0800: 20.983: [GC (Allocation Failure) 2022-01-17T02:08:24.242+0800: 20.983: [ParNew: 766783K->85182K(766784K), 0.0282183 secs] 3885727K->3336509K(4109120K), 0.0282852 secs] [Times: user=0.16 sys=0.00, real=0.03 secs] 
2022-01-17T02:08:24.274+0800: 21.014: [CMS-concurrent-abortable-preclean: 0.065/0.972 secs] [Times: user=3.59 sys=0.00, real=0.97 secs] 
2022-01-17T02:08:24.274+0800: 21.015: [GC (CMS Final Remark) [YG occupancy: 126916 K (766784 K)]2022-01-17T02:08:24.274+0800: 21.015: [Rescan (parallel) , 0.0009725 secs]2022-01-17T02:08:24.275+0800: 21.016: [weak refs processing, 0.0000131 secs]2022-01-17T02:08:24.275+0800: 21.016: [class unloading, 0.0001897 secs]2022-01-17T02:08:24.275+0800: 21.016: [scrub symbol table, 0.0002692 secs]2022-01-17T02:08:24.275+0800: 21.016: [scrub string table, 0.0000719 secs][1 CMS-remark: 3251326K(3342336K)] 3378242K(4109120K), 0.0015792 secs] [Times: user=0.00 sys=0.00, real=0.00 secs] 
2022-01-17T02:08:24.276+0800: 21.016: [CMS-concurrent-sweep-start]
2022-01-17T02:08:24.283+0800: 21.023: [CMS-concurrent-sweep: 0.007/0.007 secs] [Times: user=0.00 sys=0.00, real=0.01 secs] 
2022-01-17T02:08:24.283+0800: 21.023: [CMS-concurrent-reset-start]
2022-01-17T02:08:24.285+0800: 21.026: [CMS-concurrent-reset: 0.002/0.002 secs] [Times: user=0.00 sys=0.00, real=0.00 secs] 
2022-01-17T02:08:24.337+0800: 21.078: [GC (Allocation Failure) 2022-01-17T02:08:24.337+0800: 21.078: [ParNew: 766782K->85183K(766784K), 0.0278769 secs] 2522184K->1967083K(4109120K), 0.0279452 secs] [Times: user=0.16 sys=0.00, real=0.03 secs] 
2022-01-17T02:08:24.365+0800: 21.106: [GC (CMS Initial Mark) [1 CMS-initial-mark: 1881900K(3342336K)] 1980820K(4109120K), 0.0004975 secs] [Times: user=0.00 sys=0.00, real=0.00 secs] 
2022-01-17T02:08:24.366+0800: 21.106: [CMS-concurrent-mark-start]
2022-01-17T02:08:24.371+0800: 21.111: [CMS-concurrent-mark: 0.005/0.005 secs] [Times: user=0.06 sys=0.00, real=0.01 secs] 
2022-01-17T02:08:24.371+0800: 21.111: [CMS-concurrent-preclean-start]
2022-01-17T02:08:24.374+0800: 21.114: [CMS-concurrent-preclean: 0.003/0.003 secs] [Times: user=0.00 sys=0.00, real=0.00 secs] 
2022-01-17T02:08:24.374+0800: 21.114: [CMS-concurrent-abortable-preclean-start]
2022-01-17T02:08:24.426+0800: 21.166: [GC (Allocation Failure) 2022-01-17T02:08:24.426+0800: 21.166: [ParNew: 766783K->85182K(766784K), 0.0284267 secs] 2648683K->2097080K(4109120K), 0.0284924 secs] [Times: user=0.31 sys=0.00, real=0.03 secs] 
2022-01-17T02:08:24.514+0800: 21.255: [GC (Allocation Failure) 2022-01-17T02:08:24.514+0800: 21.255: [ParNew: 766782K->85183K(766784K), 0.0289174 secs] 2778680K->2230090K(4109120K), 0.0289796 secs] [Times: user=0.31 sys=0.00, real=0.03 secs] 
2022-01-17T02:08:24.605+0800: 21.345: [GC (Allocation Failure) 2022-01-17T02:08:24.605+0800: 21.345: [ParNew: 766783K->85183K(766784K), 0.0293124 secs] 2911690K->2367865K(4109120K), 0.0293864 secs] [Times: user=0.31 sys=0.00, real=0.03 secs] 
2022-01-17T02:08:24.695+0800: 21.435: [GC (Allocation Failure) 2022-01-17T02:08:24.695+0800: 21.436: [ParNew: 766783K->85182K(766784K), 0.0300843 secs] 3049465K->2512709K(4109120K), 0.0301561 secs] [Times: user=0.16 sys=0.00, real=0.03 secs] 
2022-01-17T02:08:24.786+0800: 21.527: [GC (Allocation Failure) 2022-01-17T02:08:24.786+0800: 21.527: [ParNew: 766782K->85183K(766784K), 0.0278377 secs] 3194309K->2636655K(4109120K), 0.0279058 secs] [Times: user=0.31 sys=0.00, real=0.03 secs] 
2022-01-17T02:08:24.876+0800: 21.617: [GC (Allocation Failure) 2022-01-17T02:08:24.876+0800: 21.617: [ParNew: 766783K->85183K(766784K), 0.0279966 secs] 3318255K->2767711K(4109120K), 0.0280597 secs] [Times: user=0.31 sys=0.00, real=0.03 secs] 
2022-01-17T02:08:24.965+0800: 21.705: [GC (Allocation Failure) 2022-01-17T02:08:24.965+0800: 21.705: [ParNew: 766783K->85182K(766784K), 0.0282664 secs] 3449311K->2901345K(4109120K), 0.0283254 secs] [Times: user=0.30 sys=0.02, real=0.03 secs] 
2022-01-17T02:08:25.055+0800: 21.795: [GC (Allocation Failure) 2022-01-17T02:08:25.055+0800: 21.795: [ParNew: 766782K->85183K(766784K), 0.0282617 secs] 3582945K->3035898K(4109120K), 0.0283357 secs] [Times: user=0.16 sys=0.00, real=0.03 secs] 
2022-01-17T02:08:25.141+0800: 21.882: [GC (Allocation Failure) 2022-01-17T02:08:25.141+0800: 21.882: [ParNew: 766783K->85183K(766784K), 0.0308280 secs] 3717498K->3182488K(4109120K), 0.0308922 secs] [Times: user=0.31 sys=0.00, real=0.03 secs] 
2022-01-17T02:08:25.234+0800: 21.975: [GC (Allocation Failure) 2022-01-17T02:08:25.234+0800: 21.975: [ParNew: 766783K->85182K(766784K), 0.0285494 secs] 3864088K->3318520K(4109120K), 0.0286097 secs] [Times: user=0.31 sys=0.00, real=0.03 secs] 
2022-01-17T02:08:25.266+0800: 22.007: [CMS-concurrent-abortable-preclean: 0.059/0.893 secs] [Times: user=3.45 sys=0.02, real=0.89 secs] 
2022-01-17T02:08:25.266+0800: 22.007: [GC (CMS Final Remark) [YG occupancy: 126429 K (766784 K)]2022-01-17T02:08:25.266+0800: 22.007: [Rescan (parallel) , 0.0011279 secs]2022-01-17T02:08:25.268+0800: 22.008: [weak refs processing, 0.0000152 secs]2022-01-17T02:08:25.268+0800: 22.008: [class unloading, 0.0002142 secs]2022-01-17T02:08:25.268+0800: 22.008: [scrub symbol table, 0.0002547 secs]2022-01-17T02:08:25.268+0800: 22.008: [scrub string table, 0.0000739 secs][1 CMS-remark: 3233337K(3342336K)] 3359767K(4109120K), 0.0017588 secs] [Times: user=0.00 sys=0.00, real=0.00 secs] 
2022-01-17T02:08:25.268+0800: 22.009: [CMS-concurrent-sweep-start]
2022-01-17T02:08:25.277+0800: 22.017: [CMS-concurrent-sweep: 0.008/0.008 secs] [Times: user=0.03 sys=0.00, real=0.01 secs] 
2022-01-17T02:08:25.277+0800: 22.017: [CMS-concurrent-reset-start]
2022-01-17T02:08:25.279+0800: 22.019: [CMS-concurrent-reset: 0.002/0.002 secs] [Times: user=0.00 sys=0.00, real=0.00 secs] 
2022-01-17T02:08:25.327+0800: 22.068: [GC (Allocation Failure) 2022-01-17T02:08:25.327+0800: 22.068: [ParNew: 766782K->85183K(766784K), 0.0310565 secs] 2403917K->1868206K(4109120K), 0.0311203 secs] [Times: user=0.31 sys=0.00, real=0.03 secs] 
2022-01-17T02:08:25.359+0800: 22.099: [GC (CMS Initial Mark) [1 CMS-initial-mark: 1783022K(3342336K)] 1881808K(4109120K), 0.0005760 secs] [Times: user=0.00 sys=0.00, real=0.00 secs] 
2022-01-17T02:08:25.359+0800: 22.100: [CMS-concurrent-mark-start]
2022-01-17T02:08:25.364+0800: 22.104: [CMS-concurrent-mark: 0.004/0.004 secs] [Times: user=0.00 sys=0.00, real=0.01 secs] 
2022-01-17T02:08:25.364+0800: 22.104: [CMS-concurrent-preclean-start]
2022-01-17T02:08:25.366+0800: 22.106: [CMS-concurrent-preclean: 0.002/0.002 secs] [Times: user=0.00 sys=0.00, real=0.00 secs] 
2022-01-17T02:08:25.366+0800: 22.106: [CMS-concurrent-abortable-preclean-start]
2022-01-17T02:08:25.420+0800: 22.160: [GC (Allocation Failure) 2022-01-17T02:08:25.420+0800: 22.160: [ParNew: 766783K->85183K(766784K), 0.0296874 secs] 2549806K->2008829K(4109120K), 0.0297517 secs] [Times: user=0.30 sys=0.02, real=0.03 secs] 
2022-01-17T02:08:25.511+0800: 22.251: [GC (Allocation Failure) 2022-01-17T02:08:25.511+0800: 22.251: [ParNew: 766783K->85183K(766784K), 0.0299954 secs] 2690429K->2152732K(4109120K), 0.0300580 secs] [Times: user=0.31 sys=0.00, real=0.03 secs] 
2022-01-17T02:08:25.601+0800: 22.341: [GC (Allocation Failure) 2022-01-17T02:08:25.601+0800: 22.341: [ParNew: 766783K->85182K(766784K), 0.0299951 secs] 2834332K->2298957K(4109120K), 0.0300649 secs] [Times: user=0.31 sys=0.00, real=0.03 secs] 
2022-01-17T02:08:25.692+0800: 22.432: [GC (Allocation Failure) 2022-01-17T02:08:25.692+0800: 22.432: [ParNew: 766782K->85183K(766784K), 0.0277360 secs] 2980557K->2425123K(4109120K), 0.0278021 secs] [Times: user=0.31 sys=0.00, real=0.03 secs] 
2022-01-17T02:08:25.780+0800: 22.521: [GC (Allocation Failure) 2022-01-17T02:08:25.780+0800: 22.521: [ParNew: 766783K->85183K(766784K), 0.0279078 secs] 3106723K->2555840K(4109120K), 0.0279670 secs] [Times: user=0.31 sys=0.00, real=0.03 secs] 
2022-01-17T02:08:25.870+0800: 22.611: [GC (Allocation Failure) 2022-01-17T02:08:25.870+0800: 22.611: [ParNew: 766783K->85183K(766784K), 0.0266652 secs] 3237440K->2674089K(4109120K), 0.0267239 secs] [Times: user=0.16 sys=0.00, real=0.03 secs] 
2022-01-17T02:08:25.960+0800: 22.700: [GC (Allocation Failure) 2022-01-17T02:08:25.960+0800: 22.700: [ParNew: 766783K->85183K(766784K), 0.0316537 secs] 3355689K->2818685K(4109120K), 0.0317285 secs] [Times: user=0.31 sys=0.00, real=0.03 secs] 
2022-01-17T02:08:26.055+0800: 22.795: [GC (Allocation Failure) 2022-01-17T02:08:26.055+0800: 22.795: [ParNew: 766783K->85183K(766784K), 0.0291405 secs] 3500285K->2954021K(4109120K), 0.0292106 secs] [Times: user=0.16 sys=0.00, real=0.03 secs] 
2022-01-17T02:08:26.145+0800: 22.886: [GC (Allocation Failure) 2022-01-17T02:08:26.145+0800: 22.886: [ParNew: 766783K->85182K(766784K), 0.0292691 secs] 3635621K->3091299K(4109120K), 0.0293368 secs] [Times: user=0.31 sys=0.00, real=0.03 secs] 
2022-01-17T02:08:26.232+0800: 22.973: [GC (Allocation Failure) 2022-01-17T02:08:26.232+0800: 22.973: [ParNew: 766782K->85183K(766784K), 0.0286972 secs] 3772899K->3227160K(4109120K), 0.0287606 secs] [Times: user=0.31 sys=0.00, real=0.03 secs] 
2022-01-17T02:08:26.321+0800: 23.061: [GC (Allocation Failure) 2022-01-17T02:08:26.321+0800: 23.061: [ParNew: 766783K->85183K(766784K), 0.0294356 secs] 3908760K->3369774K(4109120K), 0.0295115 secs] [Times: user=0.16 sys=0.00, real=0.03 secs] 
2022-01-17T02:08:26.351+0800: 23.091: [CMS-concurrent-abortable-preclean: 0.063/0.985 secs] [Times: user=3.73 sys=0.02, real=0.99 secs] 
2022-01-17T02:08:26.351+0800: 23.091: [GC (CMS Final Remark) [YG occupancy: 99379 K (766784 K)]2022-01-17T02:08:26.351+0800: 23.091: [Rescan (parallel) , 0.0011597 secs]2022-01-17T02:08:26.352+0800: 23.092: [weak refs processing, 0.0000102 secs]2022-01-17T02:08:26.352+0800: 23.092: [class unloading, 0.0001725 secs]2022-01-17T02:08:26.352+0800: 23.093: [scrub symbol table, 0.0002725 secs]2022-01-17T02:08:26.352+0800: 23.093: [scrub string table, 0.0000818 secs][1 CMS-remark: 3284590K(3342336K)] 3383969K(4109120K), 0.0017501 secs] [Times: user=0.00 sys=0.00, real=0.00 secs] 
2022-01-17T02:08:26.352+0800: 23.093: [CMS-concurrent-sweep-start]
2022-01-17T02:08:26.361+0800: 23.102: [CMS-concurrent-sweep: 0.009/0.009 secs] [Times: user=0.00 sys=0.00, real=0.01 secs] 
2022-01-17T02:08:26.361+0800: 23.102: [CMS-concurrent-reset-start]
2022-01-17T02:08:26.363+0800: 23.104: [CMS-concurrent-reset: 0.002/0.002 secs] [Times: user=0.00 sys=0.00, real=0.00 secs] 
2022-01-17T02:08:26.416+0800: 23.157: [GC (Allocation Failure) 2022-01-17T02:08:26.416+0800: 23.157: [ParNew: 766657K->85183K(766784K), 0.0298046 secs] 2567531K->2021141K(4109120K), 0.0298806 secs] [Times: user=0.31 sys=0.00, real=0.03 secs] 
2022-01-17T02:08:26.446+0800: 23.187: [GC (CMS Initial Mark) [1 CMS-initial-mark: 1935957K(3342336K)] 2035111K(4109120K), 0.0005641 secs] [Times: user=0.00 sys=0.00, real=0.00 secs] 
2022-01-17T02:08:26.447+0800: 23.187: [CMS-concurrent-mark-start]
2022-01-17T02:08:26.451+0800: 23.192: [CMS-concurrent-mark: 0.004/0.004 secs] [Times: user=0.00 sys=0.00, real=0.00 secs] 
2022-01-17T02:08:26.451+0800: 23.192: [CMS-concurrent-preclean-start]
2022-01-17T02:08:26.454+0800: 23.194: [CMS-concurrent-preclean: 0.002/0.002 secs] [Times: user=0.00 sys=0.00, real=0.00 secs] 
2022-01-17T02:08:26.454+0800: 23.194: [CMS-concurrent-abortable-preclean-start]
2022-01-17T02:08:26.509+0800: 23.249: [GC (Allocation Failure) 2022-01-17T02:08:26.509+0800: 23.249: [ParNew: 766783K->85182K(766784K), 0.0286038 secs] 2702741K->2148770K(4109120K), 0.0286693 secs] [Times: user=0.16 sys=0.00, real=0.03 secs] 
2022-01-17T02:08:26.598+0800: 23.339: [GC (Allocation Failure) 2022-01-17T02:08:26.598+0800: 23.339: [ParNew: 766782K->85183K(766784K), 0.0301941 secs] 2830370K->2293507K(4109120K), 0.0302633 secs] [Times: user=0.31 sys=0.00, real=0.03 secs] 
2022-01-17T02:08:26.689+0800: 23.429: [GC (Allocation Failure) 2022-01-17T02:08:26.689+0800: 23.429: [ParNew: 766783K->85183K(766784K), 0.0293642 secs] 2975107K->2432320K(4109120K), 0.0294268 secs] [Times: user=0.31 sys=0.00, real=0.03 secs] 
2022-01-17T02:08:26.780+0800: 23.521: [GC (Allocation Failure) 2022-01-17T02:08:26.780+0800: 23.521: [ParNew: 766783K->85183K(766784K), 0.0268956 secs] 3113920K->2551977K(4109120K), 0.0269564 secs] [Times: user=0.31 sys=0.00, real=0.03 secs] 
2022-01-17T02:08:26.867+0800: 23.607: [GC (Allocation Failure) 2022-01-17T02:08:26.867+0800: 23.607: [ParNew: 766783K->85183K(766784K), 0.0296728 secs] 3233577K->2696069K(4109120K), 0.0297431 secs] [Times: user=0.16 sys=0.00, real=0.03 secs] 
2022-01-17T02:08:26.957+0800: 23.697: [GC (Allocation Failure) 2022-01-17T02:08:26.957+0800: 23.697: [ParNew: 766783K->85183K(766784K), 0.0289407 secs] 3377669K->2832065K(4109120K), 0.0290217 secs] [Times: user=0.31 sys=0.00, real=0.03 secs] 
2022-01-17T02:08:27.046+0800: 23.787: [GC (Allocation Failure) 2022-01-17T02:08:27.046+0800: 23.787: [ParNew: 766783K->85183K(766784K), 0.0274136 secs] 3513665K->2958593K(4109120K), 0.0274775 secs] [Times: user=0.31 sys=0.00, real=0.03 secs] 
2022-01-17T02:08:27.133+0800: 23.874: [GC (Allocation Failure) 2022-01-17T02:08:27.133+0800: 23.874: [ParNew: 766783K->85182K(766784K), 0.0305838 secs] 3640193K->3107815K(4109120K), 0.0306563 secs] [Times: user=0.31 sys=0.00, real=0.03 secs] 
2022-01-17T02:08:27.225+0800: 23.965: [GC (Allocation Failure) 2022-01-17T02:08:27.225+0800: 23.965: [ParNew: 766782K->85183K(766784K), 0.0277953 secs] 3789415K->3236049K(4109120K), 0.0278618 secs] [Times: user=0.31 sys=0.00, real=0.03 secs] 
2022-01-17T02:08:27.315+0800: 24.055: [GC (Allocation Failure) 2022-01-17T02:08:27.315+0800: 24.055: [ParNew: 766720K->85183K(766784K), 0.0280646 secs] 3917586K->3366139K(4109120K), 0.0281289 secs] [Times: user=0.31 sys=0.00, real=0.03 secs] 
2022-01-17T02:08:27.343+0800: 24.083: [CMS-concurrent-abortable-preclean: 0.057/0.889 secs] [Times: user=3.49 sys=0.00, real=0.89 secs] 
2022-01-17T02:08:27.343+0800: 24.083: [GC (CMS Final Remark) [YG occupancy: 99221 K (766784 K)]2022-01-17T02:08:27.343+0800: 24.083: [Rescan (parallel) , 0.0009496 secs]2022-01-17T02:08:27.344+0800: 24.084: [weak refs processing, 0.0000098 secs]2022-01-17T02:08:27.344+0800: 24.084: [class unloading, 0.0001745 secs]2022-01-17T02:08:27.344+0800: 24.084: [scrub symbol table, 0.0002744 secs]2022-01-17T02:08:27.345+0800: 24.085: [scrub string table, 0.0000817 secs][1 CMS-remark: 3280955K(3342336K)] 3380177K(4109120K), 0.0015435 secs] [Times: user=0.00 sys=0.00, real=0.00 secs] 
2022-01-17T02:08:27.345+0800: 24.085: [CMS-concurrent-sweep-start]
2022-01-17T02:08:27.353+0800: 24.093: [CMS-concurrent-sweep: 0.008/0.008 secs] [Times: user=0.03 sys=0.00, real=0.01 secs] 
2022-01-17T02:08:27.353+0800: 24.093: [CMS-concurrent-reset-start]
2022-01-17T02:08:27.355+0800: 24.096: [CMS-concurrent-reset: 0.003/0.003 secs] [Times: user=0.00 sys=0.00, real=0.00 secs] 
2022-01-17T02:08:27.405+0800: 24.146: [GC (Allocation Failure) 2022-01-17T02:08:27.405+0800: 24.146: [ParNew: 766783K->85183K(766784K), 0.0312172 secs] 2399075K->1872549K(4109120K), 0.0312784 secs] [Times: user=0.31 sys=0.00, real=0.03 secs] 
2022-01-17T02:08:27.437+0800: 24.178: [GC (CMS Initial Mark) [1 CMS-initial-mark: 1787365K(3342336K)] 1886611K(4109120K), 0.0006233 secs] [Times: user=0.00 sys=0.00, real=0.00 secs] 
2022-01-17T02:08:27.438+0800: 24.178: [CMS-concurrent-mark-start]
2022-01-17T02:08:27.442+0800: 24.183: [CMS-concurrent-mark: 0.004/0.004 secs] [Times: user=0.00 sys=0.00, real=0.00 secs] 
2022-01-17T02:08:27.442+0800: 24.183: [CMS-concurrent-preclean-start]
2022-01-17T02:08:27.445+0800: 24.186: [CMS-concurrent-preclean: 0.003/0.003 secs] [Times: user=0.03 sys=0.00, real=0.00 secs] 
2022-01-17T02:08:27.445+0800: 24.186: [CMS-concurrent-abortable-preclean-start]
2022-01-17T02:08:27.498+0800: 24.238: [GC (Allocation Failure) 2022-01-17T02:08:27.498+0800: 24.238: [ParNew: 766783K->85183K(766784K), 0.0306551 secs] 2554149K->2019616K(4109120K), 0.0307193 secs] [Times: user=0.30 sys=0.00, real=0.03 secs] 
2022-01-17T02:08:27.590+0800: 24.331: [GC (Allocation Failure) 2022-01-17T02:08:27.590+0800: 24.331: [ParNew: 766783K->85182K(766784K), 0.0291567 secs] 2701216K->2156833K(4109120K), 0.0292174 secs] [Times: user=0.31 sys=0.00, real=0.03 secs] 
2022-01-17T02:08:27.678+0800: 24.419: [GC (Allocation Failure) 2022-01-17T02:08:27.678+0800: 24.419: [ParNew: 766782K->85182K(766784K), 0.0301153 secs] 2838433K->2297769K(4109120K), 0.0301818 secs] [Times: user=0.31 sys=0.00, real=0.03 secs] 
2022-01-17T02:08:27.768+0800: 24.508: [GC (Allocation Failure) 2022-01-17T02:08:27.768+0800: 24.508: [ParNew: 766782K->85183K(766784K), 0.0296131 secs] 2979369K->2436122K(4109120K), 0.0296777 secs] [Times: user=0.31 sys=0.00, real=0.03 secs] 
2022-01-17T02:08:27.858+0800: 24.598: [GC (Allocation Failure) 2022-01-17T02:08:27.858+0800: 24.598: [ParNew: 766783K->85183K(766784K), 0.0291932 secs] 3117722K->2570658K(4109120K), 0.0292522 secs] [Times: user=0.31 sys=0.00, real=0.03 secs] 
2022-01-17T02:08:27.949+0800: 24.689: [GC (Allocation Failure) 2022-01-17T02:08:27.949+0800: 24.689: [ParNew: 766783K->85183K(766784K), 0.0295241 secs] 3252258K->2716170K(4109120K), 0.0295751 secs] [Times: user=0.31 sys=0.00, real=0.03 secs] 
2022-01-17T02:08:28.038+0800: 24.779: [GC (Allocation Failure) 2022-01-17T02:08:28.038+0800: 24.779: [ParNew: 766783K->85183K(766784K), 0.0295354 secs] 3397770K->2859134K(4109120K), 0.0296023 secs] [Times: user=0.17 sys=0.00, real=0.03 secs] 
2022-01-17T02:08:28.128+0800: 24.868: [GC (Allocation Failure) 2022-01-17T02:08:28.128+0800: 24.868: [ParNew: 766783K->85183K(766784K), 0.0298394 secs] 3540734K->3003655K(4109120K), 0.0299041 secs] [Times: user=0.31 sys=0.00, real=0.03 secs] 
2022-01-17T02:08:28.220+0800: 24.960: [GC (Allocation Failure) 2022-01-17T02:08:28.220+0800: 24.960: [ParNew: 766783K->85183K(766784K), 0.0289088 secs] 3685255K->3139285K(4109120K), 0.0289741 secs] [Times: user=0.30 sys=0.01, real=0.03 secs] 
2022-01-17T02:08:28.310+0800: 25.051: [GC (Allocation Failure) 2022-01-17T02:08:28.310+0800: 25.051: [ParNew: 766783K->85183K(766784K), 0.0281223 secs] 3820885K->3270445K(4109120K), 0.0281860 secs] [Times: user=0.31 sys=0.00, real=0.03 secs] 
2022-01-17T02:08:28.397+0800: 25.138: [GC (Allocation Failure) 2022-01-17T02:08:28.397+0800: 25.138: [ParNew: 766783K->85183K(766784K), 0.0290000 secs] 3952045K->3411423K(4109120K), 0.0290672 secs] [Times: user=0.31 sys=0.00, real=0.03 secs] 
2022-01-17T02:08:28.427+0800: 25.167: [CMS-concurrent-abortable-preclean: 0.063/0.981 secs] [Times: user=3.94 sys=0.01, real=0.98 secs] 
2022-01-17T02:08:28.427+0800: 25.167: [GC (CMS Final Remark) [YG occupancy: 98935 K (766784 K)]2022-01-17T02:08:28.427+0800: 25.167: [Rescan (parallel) , 0.0009741 secs]2022-01-17T02:08:28.428+0800: 25.168: [weak refs processing, 0.0000101 secs]2022-01-17T02:08:28.428+0800: 25.168: [class unloading, 0.0001716 secs]2022-01-17T02:08:28.428+0800: 25.168: [scrub symbol table, 0.0002724 secs]2022-01-17T02:08:28.428+0800: 25.169: [scrub string table, 0.0000810 secs][1 CMS-remark: 3326239K(3342336K)] 3425174K(4109120K), 0.0015653 secs] [Times: user=0.00 sys=0.00, real=0.00 secs] 
2022-01-17T02:08:28.428+0800: 25.169: [CMS-concurrent-sweep-start]
2022-01-17T02:08:28.438+0800: 25.178: [CMS-concurrent-sweep: 0.009/0.009 secs] [Times: user=0.03 sys=0.00, real=0.01 secs] 
2022-01-17T02:08:28.438+0800: 25.178: [CMS-concurrent-reset-start]
2022-01-17T02:08:28.440+0800: 25.181: [CMS-concurrent-reset: 0.002/0.002 secs] [Times: user=0.00 sys=0.00, real=0.00 secs] 
2022-01-17T02:08:28.490+0800: 25.230: [GC (Allocation Failure) 2022-01-17T02:08:28.490+0800: 25.230: [ParNew: 766783K->85183K(766784K), 0.0303730 secs] 2604011K->2064450K(4109120K), 0.0304407 secs] [Times: user=0.31 sys=0.00, real=0.03 secs] 
2022-01-17T02:08:28.520+0800: 25.260: [GC (CMS Initial Mark) [1 CMS-initial-mark: 1979266K(3342336K)] 2078862K(4109120K), 0.0006041 secs] [Times: user=0.00 sys=0.00, real=0.00 secs] 
2022-01-17T02:08:28.520+0800: 25.261: [CMS-concurrent-mark-start]
2022-01-17T02:08:28.525+0800: 25.266: [CMS-concurrent-mark: 0.005/0.005 secs] [Times: user=0.06 sys=0.00, real=0.01 secs] 
2022-01-17T02:08:28.525+0800: 25.266: [CMS-concurrent-preclean-start]
2022-01-17T02:08:28.528+0800: 25.268: [CMS-concurrent-preclean: 0.003/0.003 secs] [Times: user=0.00 sys=0.00, real=0.00 secs] 
2022-01-17T02:08:28.528+0800: 25.268: [CMS-concurrent-abortable-preclean-start]
2022-01-17T02:08:28.581+0800: 25.322: [GC (Allocation Failure) 2022-01-17T02:08:28.581+0800: 25.322: [ParNew: 766783K->85183K(766784K), 0.0293518 secs] 2746050K->2202951K(4109120K), 0.0294157 secs] [Times: user=0.31 sys=0.00, real=0.03 secs] 
2022-01-17T02:08:28.672+0800: 25.412: [GC (Allocation Failure) 2022-01-17T02:08:28.672+0800: 25.412: [ParNew: 766783K->85183K(766784K), 0.0291641 secs] 2884551K->2339664K(4109120K), 0.0292268 secs] [Times: user=0.31 sys=0.00, real=0.03 secs] 
2022-01-17T02:08:28.760+0800: 25.500: [GC (Allocation Failure) 2022-01-17T02:08:28.760+0800: 25.500: [ParNew: 766783K->85183K(766784K), 0.0288019 secs] 3021264K->2472279K(4109120K), 0.0288604 secs] [Times: user=0.16 sys=0.00, real=0.03 secs] 
2022-01-17T02:08:28.849+0800: 25.589: [GC (Allocation Failure) 2022-01-17T02:08:28.849+0800: 25.589: [ParNew: 766783K->85183K(766784K), 0.0286973 secs] 3153879K->2605941K(4109120K), 0.0287646 secs] [Times: user=0.31 sys=0.00, real=0.03 secs] 
2022-01-17T02:08:28.939+0800: 25.679: [GC (Allocation Failure) 2022-01-17T02:08:28.939+0800: 25.679: [ParNew: 766783K->85182K(766784K), 0.0279789 secs] 3287541K->2729773K(4109120K), 0.0280400 secs] [Times: user=0.30 sys=0.00, real=0.03 secs] 
2022-01-17T02:08:29.026+0800: 25.766: [GC (Allocation Failure) 2022-01-17T02:08:29.026+0800: 25.766: [ParNew: 766782K->85183K(766784K), 0.0280276 secs] 3411373K->2859154K(4109120K), 0.0280985 secs] [Times: user=0.16 sys=0.00, real=0.03 secs] 
2022-01-17T02:08:29.114+0800: 25.855: [GC (Allocation Failure) 2022-01-17T02:08:29.114+0800: 25.855: [ParNew: 766783K->85183K(766784K), 0.0280342 secs] 3540754K->2988724K(4109120K), 0.0281008 secs] [Times: user=0.31 sys=0.00, real=0.03 secs] 
2022-01-17T02:08:29.204+0800: 25.944: [GC (Allocation Failure) 2022-01-17T02:08:29.204+0800: 25.944: [ParNew: 766783K->85182K(766784K), 0.0280828 secs] 3670324K->3115450K(4109120K), 0.0281470 secs] [Times: user=0.31 sys=0.00, real=0.03 secs] 
2022-01-17T02:08:29.290+0800: 26.031: [GC (Allocation Failure) 2022-01-17T02:08:29.290+0800: 26.031: [ParNew: 766782K->85183K(766784K), 0.0297959 secs] 3797050K->3260269K(4109120K), 0.0298673 secs] [Times: user=0.31 sys=0.00, real=0.03 secs] 
2022-01-17T02:08:29.381+0800: 26.122: [GC (Allocation Failure) 2022-01-17T02:08:29.381+0800: 26.122: [ParNew: 766783K->85183K(766784K), 0.0276579 secs] 3941869K->3387024K(4109120K), 0.0277187 secs] [Times: user=0.31 sys=0.00, real=0.03 secs] 
2022-01-17T02:08:29.409+0800: 26.150: [CMS-concurrent-abortable-preclean: 0.057/0.881 secs] [Times: user=3.44 sys=0.00, real=0.88 secs] 
2022-01-17T02:08:29.409+0800: 26.150: [GC (CMS Final Remark) [YG occupancy: 98896 K (766784 K)]2022-01-17T02:08:29.409+0800: 26.150: [Rescan (parallel) , 0.0009734 secs]2022-01-17T02:08:29.410+0800: 26.151: [weak refs processing, 0.0000097 secs]2022-01-17T02:08:29.410+0800: 26.151: [class unloading, 0.0001758 secs]2022-01-17T02:08:29.411+0800: 26.151: [scrub symbol table, 0.0002737 secs]2022-01-17T02:08:29.411+0800: 26.151: [scrub string table, 0.0000807 secs][1 CMS-remark: 3301840K(3342336K)] 3400737K(4109120K), 0.0015676 secs] [Times: user=0.00 sys=0.00, real=0.00 secs] 
2022-01-17T02:08:29.411+0800: 26.152: [CMS-concurrent-sweep-start]
2022-01-17T02:08:29.421+0800: 26.161: [CMS-concurrent-sweep: 0.010/0.010 secs] [Times: user=0.03 sys=0.00, real=0.01 secs] 
2022-01-17T02:08:29.421+0800: 26.161: [CMS-concurrent-reset-start]
2022-01-17T02:08:29.423+0800: 26.164: [CMS-concurrent-reset: 0.002/0.002 secs] [Times: user=0.00 sys=0.00, real=0.00 secs] 
2022-01-17T02:08:29.474+0800: 26.214: [GC (Allocation Failure) 2022-01-17T02:08:29.474+0800: 26.214: [ParNew: 766783K->85183K(766784K), 0.0297108 secs] 2375752K->1835525K(4109120K), 0.0297780 secs] [Times: user=0.28 sys=0.00, real=0.03 secs] 
2022-01-17T02:08:29.504+0800: 26.244: [GC (CMS Initial Mark) [1 CMS-initial-mark: 1750342K(3342336K)] 1849727K(4109120K), 0.0006263 secs] [Times: user=0.00 sys=0.00, real=0.00 secs] 
2022-01-17T02:08:29.505+0800: 26.245: [CMS-concurrent-mark-start]
2022-01-17T02:08:29.509+0800: 26.249: [CMS-concurrent-mark: 0.005/0.005 secs] [Times: user=0.06 sys=0.00, real=0.00 secs] 
2022-01-17T02:08:29.509+0800: 26.249: [CMS-concurrent-preclean-start]
2022-01-17T02:08:29.512+0800: 26.252: [CMS-concurrent-preclean: 0.003/0.003 secs] [Times: user=0.00 sys=0.00, real=0.00 secs] 
2022-01-17T02:08:29.512+0800: 26.252: [CMS-concurrent-abortable-preclean-start]
2022-01-17T02:08:29.567+0800: 26.307: [GC (Allocation Failure) 2022-01-17T02:08:29.567+0800: 26.307: [ParNew: 766783K->85183K(766784K), 0.0300243 secs] 2517125K->1976741K(4109120K), 0.0300894 secs] [Times: user=0.31 sys=0.00, real=0.03 secs] 
2022-01-17T02:08:29.655+0800: 26.396: [GC (Allocation Failure) 2022-01-17T02:08:29.655+0800: 26.396: [ParNew: 766783K->85183K(766784K), 0.0295563 secs] 2658341K->2115414K(4109120K), 0.0296235 secs] [Times: user=0.31 sys=0.00, real=0.03 secs] 
2022-01-17T02:08:29.746+0800: 26.487: [GC (Allocation Failure) 2022-01-17T02:08:29.746+0800: 26.487: [ParNew: 766783K->85183K(766784K), 0.0291579 secs] 2797014K->2252812K(4109120K), 0.0292449 secs] [Times: user=0.31 sys=0.00, real=0.03 secs] 
2022-01-17T02:08:29.834+0800: 26.574: [GC (Allocation Failure) 2022-01-17T02:08:29.834+0800: 26.574: [ParNew: 766783K->85184K(766784K), 0.0292332 secs] 2934412K->2388128K(4109120K), 0.0293032 secs] [Times: user=0.31 sys=0.00, real=0.03 secs] 
2022-01-17T02:08:29.925+0800: 26.665: [GC (Allocation Failure) 2022-01-17T02:08:29.925+0800: 26.665: [ParNew: 766784K->85183K(766784K), 0.0279578 secs] 3069728K->2514534K(4109120K), 0.0280223 secs] [Times: user=0.31 sys=0.00, real=0.03 secs] 
2022-01-17T02:08:30.011+0800: 26.751: [GC (Allocation Failure) 2022-01-17T02:08:30.011+0800: 26.751: [ParNew: 766783K->85183K(766784K), 0.0293070 secs] 3196134K->2654447K(4109120K), 0.0293772 secs] [Times: user=0.31 sys=0.00, real=0.03 secs] 
2022-01-17T02:08:30.100+0800: 26.840: [GC (Allocation Failure) 2022-01-17T02:08:30.100+0800: 26.840: [ParNew: 766783K->85182K(766784K), 0.0282524 secs] 3336047K->2784854K(4109120K), 0.0283190 secs] [Times: user=0.31 sys=0.00, real=0.03 secs] 
2022-01-17T02:08:30.188+0800: 26.929: [GC (Allocation Failure) 2022-01-17T02:08:30.188+0800: 26.929: [ParNew: 766782K->85183K(766784K), 0.0286350 secs] 3466454K->2923481K(4109120K), 0.0287007 secs] [Times: user=0.31 sys=0.00, real=0.03 secs] 
2022-01-17T02:08:30.278+0800: 27.019: [GC (Allocation Failure) 2022-01-17T02:08:30.278+0800: 27.019: [ParNew: 766783K->85183K(766784K), 0.0280018 secs] 3605081K->3054979K(4109120K), 0.0280644 secs] [Times: user=0.31 sys=0.00, real=0.03 secs] 
2022-01-17T02:08:30.367+0800: 27.108: [GC (Allocation Failure) 2022-01-17T02:08:30.367+0800: 27.108: [ParNew: 766783K->85183K(766784K), 0.0269490 secs] 3736579K->3176527K(4109120K), 0.0270109 secs] [Times: user=0.16 sys=0.00, real=0.03 secs] 
2022-01-17T02:08:30.454+0800: 27.194: [GC (Allocation Failure) 2022-01-17T02:08:30.454+0800: 27.194: [ParNew: 766783K->85183K(766784K), 0.0278146 secs] 3858127K->3304422K(4109120K), 0.0278786 secs] [Times: user=0.31 sys=0.00, real=0.03 secs] 
2022-01-17T02:08:30.484+0800: 27.225: [CMS-concurrent-abortable-preclean: 0.066/0.973 secs] [Times: user=3.99 sys=0.00, real=0.97 secs] 
2022-01-17T02:08:30.484+0800: 27.225: [GC (CMS Final Remark) [YG occupancy: 127151 K (766784 K)]2022-01-17T02:08:30.484+0800: 27.225: [Rescan (parallel) , 0.0009382 secs]2022-01-17T02:08:30.485+0800: 27.226: [weak refs processing, 0.0000107 secs]2022-01-17T02:08:30.485+0800: 27.226: [class unloading, 0.0001839 secs]2022-01-17T02:08:30.485+0800: 27.226: [scrub symbol table, 0.0002784 secs]2022-01-17T02:08:30.486+0800: 27.226: [scrub string table, 0.0000833 secs][1 CMS-remark: 3219239K(3342336K)] 3346390K(4109120K), 0.0015562 secs] [Times: user=0.00 sys=0.00, real=0.00 secs] 
2022-01-17T02:08:30.486+0800: 27.227: [CMS-concurrent-sweep-start]
2022-01-17T02:08:30.495+0800: 27.236: [CMS-concurrent-sweep: 0.010/0.010 secs] [Times: user=0.03 sys=0.00, real=0.01 secs] 
2022-01-17T02:08:30.495+0800: 27.236: [CMS-concurrent-reset-start]
2022-01-17T02:08:30.498+0800: 27.238: [CMS-concurrent-reset: 0.002/0.002 secs] [Times: user=0.00 sys=0.00, real=0.00 secs] 
2022-01-17T02:08:30.545+0800: 27.286: [GC (Allocation Failure) 2022-01-17T02:08:30.545+0800: 27.286: [ParNew: 766783K->85183K(766784K), 0.0284595 secs] 2510847K->1956018K(4109120K), 0.0285219 secs] [Times: user=0.31 sys=0.00, real=0.03 secs] 
2022-01-17T02:08:30.574+0800: 27.315: [GC (CMS Initial Mark) [1 CMS-initial-mark: 1870834K(3342336K)] 1970066K(4109120K), 0.0006274 secs] [Times: user=0.00 sys=0.00, real=0.00 secs] 
2022-01-17T02:08:30.575+0800: 27.315: [CMS-concurrent-mark-start]
2022-01-17T02:08:30.579+0800: 27.320: [CMS-concurrent-mark: 0.005/0.005 secs] [Times: user=0.00 sys=0.00, real=0.00 secs] 
2022-01-17T02:08:30.579+0800: 27.320: [CMS-concurrent-preclean-start]
2022-01-17T02:08:30.582+0800: 27.322: [CMS-concurrent-preclean: 0.002/0.002 secs] [Times: user=0.00 sys=0.00, real=0.00 secs] 
2022-01-17T02:08:30.582+0800: 27.322: [CMS-concurrent-abortable-preclean-start]
2022-01-17T02:08:30.635+0800: 27.375: [GC (Allocation Failure) 2022-01-17T02:08:30.635+0800: 27.375: [ParNew: 766783K->85183K(766784K), 0.0305247 secs] 2637618K->2096521K(4109120K), 0.0305968 secs] [Times: user=0.31 sys=0.00, real=0.03 secs] 
2022-01-17T02:08:30.728+0800: 27.468: [GC (Allocation Failure) 2022-01-17T02:08:30.728+0800: 27.468: [ParNew: 766783K->85183K(766784K), 0.0286182 secs] 2778121K->2225634K(4109120K), 0.0286851 secs] [Times: user=0.16 sys=0.00, real=0.03 secs] 
2022-01-17T02:08:30.816+0800: 27.556: [GC (Allocation Failure) 2022-01-17T02:08:30.816+0800: 27.556: [ParNew: 766783K->85183K(766784K), 0.0304822 secs] 2907234K->2367335K(4109120K), 0.0305485 secs] [Times: user=0.30 sys=0.02, real=0.03 secs] 
2022-01-17T02:08:30.906+0800: 27.646: [GC (Allocation Failure) 2022-01-17T02:08:30.906+0800: 27.646: [ParNew: 766783K->85183K(766784K), 0.0298450 secs] 3048935K->2507831K(4109120K), 0.0299093 secs] [Times: user=0.31 sys=0.00, real=0.03 secs] 
2022-01-17T02:08:31.003+0800: 27.743: [GC (Allocation Failure) 2022-01-17T02:08:31.003+0800: 27.743: [ParNew: 766783K->85183K(766784K), 0.0293299 secs] 3189431K->2649836K(4109120K), 0.0293958 secs] [Times: user=0.31 sys=0.00, real=0.03 secs] 
2022-01-17T02:08:31.092+0800: 27.833: [GC (Allocation Failure) 2022-01-17T02:08:31.092+0800: 27.833: [ParNew: 766783K->85183K(766784K), 0.0291329 secs] 3331436K->2784769K(4109120K), 0.0291941 secs] [Times: user=0.28 sys=0.01, real=0.03 secs] 
2022-01-17T02:08:31.181+0800: 27.922: [GC (Allocation Failure) 2022-01-17T02:08:31.181+0800: 27.922: [ParNew: 766783K->85182K(766784K), 0.0291508 secs] 3466369K->2923867K(4109120K), 0.0292137 secs] [Times: user=0.16 sys=0.00, real=0.03 secs] 
2022-01-17T02:08:31.271+0800: 28.011: [GC (Allocation Failure) 2022-01-17T02:08:31.271+0800: 28.011: [ParNew: 766782K->85183K(766784K), 0.0282769 secs] 3605467K->3057500K(4109120K), 0.0283394 secs] [Times: user=0.31 sys=0.00, real=0.03 secs] 
2022-01-17T02:08:31.359+0800: 28.099: [GC (Allocation Failure) 2022-01-17T02:08:31.359+0800: 28.099: [ParNew: 766783K->85183K(766784K), 0.0296256 secs] 3739100K->3200001K(4109120K), 0.0296916 secs] [Times: user=0.31 sys=0.00, real=0.03 secs] 
2022-01-17T02:08:31.447+0800: 28.188: [GC (Allocation Failure) 2022-01-17T02:08:31.447+0800: 28.188: [ParNew: 766783K->85183K(766784K), 0.0286934 secs] 3881601K->3335306K(4109120K), 0.0287623 secs] [Times: user=0.16 sys=0.00, real=0.03 secs] 
2022-01-17T02:08:31.476+0800: 28.217: [CMS-concurrent-abortable-preclean: 0.059/0.894 secs] [Times: user=3.27 sys=0.03, real=0.89 secs] 
2022-01-17T02:08:31.476+0800: 28.217: [GC (CMS Final Remark) [YG occupancy: 99087 K (766784 K)]2022-01-17T02:08:31.476+0800: 28.217: [Rescan (parallel) , 0.0009962 secs]2022-01-17T02:08:31.477+0800: 28.218: [weak refs processing, 0.0000099 secs]2022-01-17T02:08:31.477+0800: 28.218: [class unloading, 0.0001683 secs]2022-01-17T02:08:31.477+0800: 28.218: [scrub symbol table, 0.0002728 secs]2022-01-17T02:08:31.477+0800: 28.218: [scrub string table, 0.0000805 secs][1 CMS-remark: 3250122K(3342336K)] 3349210K(4109120K), 0.0015807 secs] [Times: user=0.00 sys=0.00, real=0.00 secs] 
2022-01-17T02:08:31.478+0800: 28.218: [CMS-concurrent-sweep-start]
2022-01-17T02:08:31.488+0800: 28.228: [CMS-concurrent-sweep: 0.010/0.010 secs] [Times: user=0.00 sys=0.00, real=0.01 secs] 
2022-01-17T02:08:31.488+0800: 28.228: [CMS-concurrent-reset-start]
2022-01-17T02:08:31.490+0800: 28.231: [CMS-concurrent-reset: 0.002/0.002 secs] [Times: user=0.00 sys=0.00, real=0.00 secs] 
2022-01-17T02:08:31.541+0800: 28.281: [GC (Allocation Failure) 2022-01-17T02:08:31.541+0800: 28.281: [ParNew: 766783K->85183K(766784K), 0.0292887 secs] 2408157K->1860107K(4109120K), 0.0293518 secs] [Times: user=0.31 sys=0.00, real=0.03 secs] 
2022-01-17T02:08:31.570+0800: 28.311: [GC (CMS Initial Mark) [1 CMS-initial-mark: 1774924K(3342336K)] 1873950K(4109120K), 0.0004657 secs] [Times: user=0.00 sys=0.00, real=0.00 secs] 
2022-01-17T02:08:31.571+0800: 28.312: [CMS-concurrent-mark-start]
2022-01-17T02:08:31.575+0800: 28.316: [CMS-concurrent-mark: 0.005/0.005 secs] [Times: user=0.00 sys=0.00, real=0.00 secs] 
2022-01-17T02:08:31.575+0800: 28.316: [CMS-concurrent-preclean-start]
2022-01-17T02:08:31.578+0800: 28.319: [CMS-concurrent-preclean: 0.003/0.003 secs] [Times: user=0.00 sys=0.00, real=0.00 secs] 
2022-01-17T02:08:31.578+0800: 28.319: [CMS-concurrent-abortable-preclean-start]
2022-01-17T02:08:31.630+0800: 28.370: [GC (Allocation Failure) 2022-01-17T02:08:31.630+0800: 28.370: [ParNew: 766783K->85182K(766784K), 0.0327893 secs] 2541707K->2001667K(4109120K), 0.0328591 secs] [Times: user=0.31 sys=0.00, real=0.03 secs] 
2022-01-17T02:08:31.724+0800: 28.465: [GC (Allocation Failure) 2022-01-17T02:08:31.725+0800: 28.465: [ParNew: 766782K->85183K(766784K), 0.0287635 secs] 2683267K->2134456K(4109120K), 0.0288344 secs] [Times: user=0.31 sys=0.00, real=0.03 secs] 
2022-01-17T02:08:31.813+0800: 28.553: [GC (Allocation Failure) 2022-01-17T02:08:31.813+0800: 28.553: [ParNew: 766783K->85183K(766784K), 0.0295178 secs] 2816056K->2275257K(4109120K), 0.0295813 secs] [Times: user=0.31 sys=0.00, real=0.03 secs] 
2022-01-17T02:08:31.903+0800: 28.644: [GC (Allocation Failure) 2022-01-17T02:08:31.903+0800: 28.644: [ParNew: 766783K->85183K(766784K), 0.0293371 secs] 2956857K->2415906K(4109120K), 0.0294034 secs] [Times: user=0.31 sys=0.00, real=0.03 secs] 
2022-01-17T02:08:31.993+0800: 28.734: [GC (Allocation Failure) 2022-01-17T02:08:31.993+0800: 28.734: [ParNew: 766783K->85183K(766784K), 0.0284935 secs] 3097506K->2548047K(4109120K), 0.0285651 secs] [Times: user=0.16 sys=0.00, real=0.03 secs] 
2022-01-17T02:08:32.081+0800: 28.821: [GC (Allocation Failure) 2022-01-17T02:08:32.081+0800: 28.821: [ParNew: 766783K->85183K(766784K), 0.0286714 secs] 3229647K->2681181K(4109120K), 0.0287372 secs] [Times: user=0.31 sys=0.00, real=0.03 secs] 
2022-01-17T02:08:32.168+0800: 28.908: [GC (Allocation Failure) 2022-01-17T02:08:32.168+0800: 28.908: [ParNew: 766783K->85183K(766784K), 0.0292198 secs] 3362781K->2816674K(4109120K), 0.0292925 secs] [Times: user=0.31 sys=0.00, real=0.03 secs] 
2022-01-17T02:08:32.259+0800: 29.000: [GC (Allocation Failure) 2022-01-17T02:08:32.260+0800: 29.000: [ParNew: 766783K->85183K(766784K), 0.0287833 secs] 3498274K->2952899K(4109120K), 0.0288591 secs] [Times: user=0.16 sys=0.00, real=0.03 secs] 
2022-01-17T02:08:32.347+0800: 29.088: [GC (Allocation Failure) 2022-01-17T02:08:32.347+0800: 29.088: [ParNew: 766783K->85183K(766784K), 0.0295117 secs] 3634499K->3090286K(4109120K), 0.0295820 secs] [Times: user=0.31 sys=0.00, real=0.03 secs] 
2022-01-17T02:08:32.436+0800: 29.177: [GC (Allocation Failure) 2022-01-17T02:08:32.436+0800: 29.177: [ParNew: 766783K->85183K(766784K), 0.0286110 secs] 3771886K->3226759K(4109120K), 0.0286637 secs] [Times: user=0.30 sys=0.02, real=0.03 secs] 
2022-01-17T02:08:32.524+0800: 29.265: [GC (Allocation Failure) 2022-01-17T02:08:32.525+0800: 29.265: [ParNew: 766783K->85183K(766784K), 0.0295121 secs] 3908359K->3369527K(4109120K), 0.0295872 secs] [Times: user=0.16 sys=0.00, real=0.03 secs] 
2022-01-17T02:08:32.554+0800: 29.295: [CMS-concurrent-abortable-preclean: 0.064/0.976 secs] [Times: user=3.70 sys=0.02, real=0.98 secs] 
2022-01-17T02:08:32.554+0800: 29.295: [GC (CMS Final Remark) [YG occupancy: 98755 K (766784 K)]2022-01-17T02:08:32.554+0800: 29.295: [Rescan (parallel) , 0.0009500 secs]2022-01-17T02:08:32.555+0800: 29.296: [weak refs processing, 0.0000105 secs]2022-01-17T02:08:32.555+0800: 29.296: [class unloading, 0.0001711 secs]2022-01-17T02:08:32.556+0800: 29.296: [scrub symbol table, 0.0002631 secs]2022-01-17T02:08:32.556+0800: 29.296: [scrub string table, 0.0000725 secs][1 CMS-remark: 3284344K(3342336K)] 3383100K(4109120K), 0.0015252 secs] [Times: user=0.02 sys=0.00, real=0.00 secs] 
2022-01-17T02:08:32.556+0800: 29.296: [CMS-concurrent-sweep-start]
2022-01-17T02:08:32.567+0800: 29.307: [CMS-concurrent-sweep: 0.011/0.011 secs] [Times: user=0.00 sys=0.00, real=0.01 secs] 
2022-01-17T02:08:32.567+0800: 29.307: [CMS-concurrent-reset-start]
2022-01-17T02:08:32.569+0800: 29.309: [CMS-concurrent-reset: 0.002/0.002 secs] [Times: user=0.00 sys=0.00, real=0.00 secs] 
2022-01-17T02:08:32.618+0800: 29.358: [GC (Allocation Failure) 2022-01-17T02:08:32.618+0800: 29.358: [ParNew: 766783K->85182K(766784K), 0.0311098 secs] 2566488K->2035075K(4109120K), 0.0311822 secs] [Times: user=0.30 sys=0.00, real=0.03 secs] 
2022-01-17T02:08:32.649+0800: 29.389: [GC (CMS Initial Mark) [1 CMS-initial-mark: 1949892K(3342336K)] 2048910K(4109120K), 0.0005597 secs] [Times: user=0.00 sys=0.00, real=0.00 secs] 
2022-01-17T02:08:32.650+0800: 29.390: [CMS-concurrent-mark-start]
2022-01-17T02:08:32.655+0800: 29.395: [CMS-concurrent-mark: 0.005/0.005 secs] [Times: user=0.00 sys=0.00, real=0.00 secs] 
2022-01-17T02:08:32.655+0800: 29.395: [CMS-concurrent-preclean-start]
2022-01-17T02:08:32.657+0800: 29.397: [CMS-concurrent-preclean: 0.002/0.002 secs] [Times: user=0.00 sys=0.00, real=0.00 secs] 
2022-01-17T02:08:32.657+0800: 29.397: [CMS-concurrent-abortable-preclean-start]
2022-01-17T02:08:32.709+0800: 29.450: [GC (Allocation Failure) 2022-01-17T02:08:32.709+0800: 29.450: [ParNew: 766782K->85182K(766784K), 0.0305116 secs] 2716675K->2178765K(4109120K), 0.0305806 secs] [Times: user=0.31 sys=0.00, real=0.03 secs] 
2022-01-17T02:08:32.800+0800: 29.540: [GC (Allocation Failure) 2022-01-17T02:08:32.800+0800: 29.540: [ParNew: 766782K->85183K(766784K), 0.0287035 secs] 2860365K->2311421K(4109120K), 0.0287714 secs] [Times: user=0.31 sys=0.00, real=0.03 secs] 
2022-01-17T02:08:32.889+0800: 29.630: [GC (Allocation Failure) 2022-01-17T02:08:32.890+0800: 29.630: [ParNew: 766783K->85183K(766784K), 0.0300564 secs] 2993021K->2455029K(4109120K), 0.0301261 secs] [Times: user=0.31 sys=0.00, real=0.03 secs] 
2022-01-17T02:08:32.979+0800: 29.720: [GC (Allocation Failure) 2022-01-17T02:08:32.979+0800: 29.720: [ParNew: 766783K->85183K(766784K), 0.0289932 secs] 3136629K->2587632K(4109120K), 0.0290615 secs] [Times: user=0.31 sys=0.00, real=0.03 secs] 
2022-01-17T02:08:33.070+0800: 29.810: [GC (Allocation Failure) 2022-01-17T02:08:33.070+0800: 29.810: [ParNew: 766783K->85182K(766784K), 0.0285580 secs] 3269232K->2719167K(4109120K), 0.0286247 secs] [Times: user=0.16 sys=0.00, real=0.03 secs] 
2022-01-17T02:08:33.157+0800: 29.897: [GC (Allocation Failure) 2022-01-17T02:08:33.157+0800: 29.897: [ParNew: 766782K->85183K(766784K), 0.0295570 secs] 3400767K->2854940K(4109120K), 0.0296196 secs] [Times: user=0.31 sys=0.00, real=0.03 secs] 
2022-01-17T02:08:33.246+0800: 29.987: [GC (Allocation Failure) 2022-01-17T02:08:33.246+0800: 29.987: [ParNew: 766783K->85183K(766784K), 0.0295505 secs] 3536540K->2998416K(4109120K), 0.0296008 secs] [Times: user=0.31 sys=0.00, real=0.03 secs] 
Heap
 par new generation   total 766784K, used 718222K [0x00000006c0000000, 0x00000006f4000000, 0x00000006f4000000)
  eden space 681600K,  92% used [0x00000006c0000000, 0x00000006e6a33c10, 0x00000006e99a0000)
  from space 85184K,  99% used [0x00000006eecd0000, 0x00000006f3fffd08, 0x00000006f4000000)
  to   space 85184K,   0% used [0x00000006e99a0000, 0x00000006e99a0000, 0x00000006eecd0000)
 concurrent mark-sweep generation total 3342336K, used 2913233K [0x00000006f4000000, 0x00000007c0000000, 0x00000007c0000000)
 Metaspace       used 2716K, capacity 4490K, committed 4864K, reserved 1056768K
  class space    used 291K, capacity 386K, committed 512K, reserved 1048576K
