Java HotSpot(TM) 64-Bit Server VM (25.231-b11) for windows-amd64 JRE (1.8.0_231-b11), built on Oct  5 2019 03:11:30 by "java_re" with MS VC++ 10.0 (VS2010)
Memory: 4k page, physical 16718268k(8738256k free), swap 19208636k(4185320k free)
CommandLine flags: -XX:InitialHeapSize=4294967296 -XX:MaxHeapSize=4294967296 -XX:+PrintGC -XX:+PrintGCDateStamps -XX:+PrintGCDetails -XX:+PrintGCTimeStamps -XX:-UseAdaptiveSizePolicy -XX:+UseCompressedClassPointers -XX:+UseCompressedOops -XX:+UseG1GC -XX:-UseLargePagesIndividualAllocation 
2022-01-17T02:09:17.634+0800: 0.161: [GC pause (G1 Evacuation Pause) (young), 0.0094123 secs]
   [Parallel Time: 7.7 ms, GC Workers: 10]
      [GC Worker Start (ms): Min: 160.7, Avg: 160.8, Max: 160.8, Diff: 0.1]
      [Ext Root Scanning (ms): Min: 0.1, Avg: 0.1, Max: 0.2, Diff: 0.1, Sum: 1.3]
      [Update RS (ms): Min: 0.0, Avg: 0.0, Max: 0.0, Diff: 0.0, Sum: 0.0]
         [Processed Buffers: Min: 0, Avg: 0.0, Max: 0, Diff: 0, Sum: 0]
      [Scan RS (ms): Min: 0.0, Avg: 0.0, Max: 0.0, Diff: 0.0, Sum: 0.1]
      [Code Root Scanning (ms): Min: 0.0, Avg: 0.0, Max: 0.0, Diff: 0.0, Sum: 0.0]
      [Object Copy (ms): Min: 6.9, Avg: 7.0, Max: 7.1, Diff: 0.2, Sum: 70.0]
      [Termination (ms): Min: 0.0, Avg: 0.1, Max: 0.2, Diff: 0.2, Sum: 1.0]
         [Termination Attempts: Min: 1, Avg: 1.0, Max: 1, Diff: 0, Sum: 10]
      [GC Worker Other (ms): Min: 0.0, Avg: 0.0, Max: 0.0, Diff: 0.0, Sum: 0.2]
      [GC Worker Total (ms): Min: 7.2, Avg: 7.3, Max: 7.3, Diff: 0.1, Sum: 72.6]
      [GC Worker End (ms): Min: 168.0, Avg: 168.0, Max: 168.1, Diff: 0.0]
   [Code Root Fixup: 0.0 ms]
   [Code Root Purge: 0.0 ms]
   [Clear CT: 0.5 ms]
   [Other: 1.2 ms]
      [Choose CSet: 0.0 ms]
      [Ref Proc: 0.4 ms]
      [Ref Enq: 0.0 ms]
      [Redirty Cards: 0.5 ms]
      [Humongous Register: 0.0 ms]
      [Humongous Reclaim: 0.0 ms]
      [Free CSet: 0.0 ms]
   [Eden: 204.0M(204.0M)->0.0B(178.0M) Survivors: 0.0B->26.0M Heap: 204.0M(4096.0M)->66.7M(4096.0M)]
 [Times: user=0.00 sys=0.00, real=0.01 secs] 
2022-01-17T02:09:17.665+0800: 0.191: [GC pause (G1 Evacuation Pause) (young), 0.0109809 secs]
   [Parallel Time: 9.2 ms, GC Workers: 10]
      [GC Worker Start (ms): Min: 190.8, Avg: 190.9, Max: 190.9, Diff: 0.2]
      [Ext Root Scanning (ms): Min: 0.0, Avg: 0.1, Max: 0.2, Diff: 0.2, Sum: 0.9]
      [Update RS (ms): Min: 0.0, Avg: 0.0, Max: 0.0, Diff: 0.0, Sum: 0.0]
         [Processed Buffers: Min: 0, Avg: 1.0, Max: 5, Diff: 5, Sum: 10]
      [Scan RS (ms): Min: 0.0, Avg: 0.0, Max: 0.0, Diff: 0.0, Sum: 0.1]
      [Code Root Scanning (ms): Min: 0.0, Avg: 0.0, Max: 0.0, Diff: 0.0, Sum: 0.0]
      [Object Copy (ms): Min: 8.5, Avg: 8.6, Max: 8.9, Diff: 0.4, Sum: 86.4]
      [Termination (ms): Min: 0.0, Avg: 0.3, Max: 0.4, Diff: 0.4, Sum: 2.5]
         [Termination Attempts: Min: 1, Avg: 1.0, Max: 1, Diff: 0, Sum: 10]
      [GC Worker Other (ms): Min: 0.0, Avg: 0.0, Max: 0.0, Diff: 0.0, Sum: 0.1]
      [GC Worker Total (ms): Min: 8.9, Avg: 9.0, Max: 9.1, Diff: 0.2, Sum: 90.0]
      [GC Worker End (ms): Min: 199.9, Avg: 199.9, Max: 199.9, Diff: 0.0]
   [Code Root Fixup: 0.0 ms]
   [Code Root Purge: 0.0 ms]
   [Clear CT: 0.6 ms]
   [Other: 1.2 ms]
      [Choose CSet: 0.0 ms]
      [Ref Proc: 0.4 ms]
      [Ref Enq: 0.0 ms]
      [Redirty Cards: 0.5 ms]
      [Humongous Register: 0.0 ms]
      [Humongous Reclaim: 0.0 ms]
      [Free CSet: 0.0 ms]
   [Eden: 178.0M(178.0M)->0.0B(178.0M) Survivors: 26.0M->26.0M Heap: 244.7M(4096.0M)->125.6M(4096.0M)]
 [Times: user=0.00 sys=0.00, real=0.01 secs] 
2022-01-17T02:09:17.695+0800: 0.221: [GC pause (G1 Evacuation Pause) (young), 0.0109670 secs]
   [Parallel Time: 9.1 ms, GC Workers: 10]
      [GC Worker Start (ms): Min: 221.1, Avg: 221.2, Max: 221.2, Diff: 0.1]
      [Ext Root Scanning (ms): Min: 0.0, Avg: 0.1, Max: 0.1, Diff: 0.1, Sum: 0.5]
      [Update RS (ms): Min: 0.0, Avg: 0.1, Max: 0.6, Diff: 0.6, Sum: 1.1]
         [Processed Buffers: Min: 1, Avg: 1.2, Max: 2, Diff: 1, Sum: 12]
      [Scan RS (ms): Min: 0.0, Avg: 0.0, Max: 0.0, Diff: 0.0, Sum: 0.1]
      [Code Root Scanning (ms): Min: 0.0, Avg: 0.0, Max: 0.0, Diff: 0.0, Sum: 0.0]
      [Object Copy (ms): Min: 8.2, Avg: 8.7, Max: 8.9, Diff: 0.7, Sum: 87.1]
      [Termination (ms): Min: 0.0, Avg: 0.1, Max: 0.2, Diff: 0.2, Sum: 1.1]
         [Termination Attempts: Min: 1, Avg: 1.0, Max: 1, Diff: 0, Sum: 10]
      [GC Worker Other (ms): Min: 0.0, Avg: 0.0, Max: 0.0, Diff: 0.0, Sum: 0.1]
      [GC Worker Total (ms): Min: 9.0, Avg: 9.0, Max: 9.1, Diff: 0.1, Sum: 90.1]
      [GC Worker End (ms): Min: 230.2, Avg: 230.2, Max: 230.2, Diff: 0.0]
   [Code Root Fixup: 0.0 ms]
   [Code Root Purge: 0.0 ms]
   [Clear CT: 0.6 ms]
   [Other: 1.2 ms]
      [Choose CSet: 0.0 ms]
      [Ref Proc: 0.4 ms]
      [Ref Enq: 0.0 ms]
      [Redirty Cards: 0.6 ms]
      [Humongous Register: 0.0 ms]
      [Humongous Reclaim: 0.0 ms]
      [Free CSet: 0.0 ms]
   [Eden: 178.0M(178.0M)->0.0B(178.0M) Survivors: 26.0M->26.0M Heap: 303.6M(4096.0M)->184.5M(4096.0M)]
 [Times: user=0.00 sys=0.00, real=0.01 secs] 
2022-01-17T02:09:17.723+0800: 0.250: [GC pause (G1 Evacuation Pause) (young), 0.0112455 secs]
   [Parallel Time: 9.4 ms, GC Workers: 10]
      [GC Worker Start (ms): Min: 249.8, Avg: 249.9, Max: 250.0, Diff: 0.2]
      [Ext Root Scanning (ms): Min: 0.0, Avg: 0.1, Max: 0.2, Diff: 0.2, Sum: 0.6]
      [Update RS (ms): Min: 0.0, Avg: 0.0, Max: 0.1, Diff: 0.1, Sum: 0.4]
         [Processed Buffers: Min: 0, Avg: 1.1, Max: 2, Diff: 2, Sum: 11]
      [Scan RS (ms): Min: 0.0, Avg: 0.0, Max: 0.0, Diff: 0.0, Sum: 0.1]
      [Code Root Scanning (ms): Min: 0.0, Avg: 0.0, Max: 0.0, Diff: 0.0, Sum: 0.0]
      [Object Copy (ms): Min: 8.6, Avg: 8.7, Max: 8.9, Diff: 0.3, Sum: 87.3]
      [Termination (ms): Min: 0.0, Avg: 0.2, Max: 0.3, Diff: 0.3, Sum: 1.9]
         [Termination Attempts: Min: 1, Avg: 1.0, Max: 1, Diff: 0, Sum: 10]
      [GC Worker Other (ms): Min: 0.0, Avg: 0.0, Max: 0.0, Diff: 0.0, Sum: 0.1]
      [GC Worker Total (ms): Min: 9.0, Avg: 9.0, Max: 9.1, Diff: 0.2, Sum: 90.3]
      [GC Worker End (ms): Min: 258.9, Avg: 259.0, Max: 259.0, Diff: 0.0]
   [Code Root Fixup: 0.0 ms]
   [Code Root Purge: 0.0 ms]
   [Clear CT: 0.6 ms]
   [Other: 1.2 ms]
      [Choose CSet: 0.0 ms]
      [Ref Proc: 0.5 ms]
      [Ref Enq: 0.0 ms]
      [Redirty Cards: 0.5 ms]
      [Humongous Register: 0.0 ms]
      [Humongous Reclaim: 0.0 ms]
      [Free CSet: 0.0 ms]
   [Eden: 178.0M(178.0M)->0.0B(178.0M) Survivors: 26.0M->26.0M Heap: 362.5M(4096.0M)->247.5M(4096.0M)]
 [Times: user=0.14 sys=0.02, real=0.01 secs] 
2022-01-17T02:09:17.753+0800: 0.279: [GC pause (G1 Evacuation Pause) (young), 0.0101881 secs]
   [Parallel Time: 8.3 ms, GC Workers: 10]
      [GC Worker Start (ms): Min: 279.2, Avg: 279.3, Max: 279.4, Diff: 0.2]
      [Ext Root Scanning (ms): Min: 0.0, Avg: 0.0, Max: 0.2, Diff: 0.2, Sum: 0.3]
      [Update RS (ms): Min: 0.0, Avg: 0.1, Max: 0.1, Diff: 0.1, Sum: 0.5]
         [Processed Buffers: Min: 1, Avg: 1.2, Max: 3, Diff: 2, Sum: 12]
      [Scan RS (ms): Min: 0.0, Avg: 0.0, Max: 0.0, Diff: 0.0, Sum: 0.1]
      [Code Root Scanning (ms): Min: 0.0, Avg: 0.0, Max: 0.0, Diff: 0.0, Sum: 0.0]
      [Object Copy (ms): Min: 7.8, Avg: 7.9, Max: 8.1, Diff: 0.3, Sum: 79.1]
      [Termination (ms): Min: 0.0, Avg: 0.1, Max: 0.2, Diff: 0.2, Sum: 1.4]
         [Termination Attempts: Min: 1, Avg: 1.0, Max: 1, Diff: 0, Sum: 10]
      [GC Worker Other (ms): Min: 0.0, Avg: 0.0, Max: 0.0, Diff: 0.0, Sum: 0.1]
      [GC Worker Total (ms): Min: 8.1, Avg: 8.2, Max: 8.3, Diff: 0.2, Sum: 81.5]
      [GC Worker End (ms): Min: 287.5, Avg: 287.5, Max: 287.5, Diff: 0.0]
   [Code Root Fixup: 0.0 ms]
   [Code Root Purge: 0.0 ms]
   [Clear CT: 0.6 ms]
   [Other: 1.2 ms]
      [Choose CSet: 0.0 ms]
      [Ref Proc: 0.4 ms]
      [Ref Enq: 0.0 ms]
      [Redirty Cards: 0.6 ms]
      [Humongous Register: 0.0 ms]
      [Humongous Reclaim: 0.0 ms]
      [Free CSet: 0.0 ms]
   [Eden: 178.0M(178.0M)->0.0B(178.0M) Survivors: 26.0M->26.0M Heap: 425.5M(4096.0M)->297.2M(4096.0M)]
 [Times: user=0.08 sys=0.08, real=0.01 secs] 
2022-01-17T02:09:17.780+0800: 0.306: [GC pause (G1 Evacuation Pause) (young), 0.0104139 secs]
   [Parallel Time: 8.8 ms, GC Workers: 10]
      [GC Worker Start (ms): Min: 306.5, Avg: 306.6, Max: 306.6, Diff: 0.1]
      [Ext Root Scanning (ms): Min: 0.0, Avg: 0.1, Max: 0.2, Diff: 0.1, Sum: 0.7]
      [Update RS (ms): Min: 0.0, Avg: 0.0, Max: 0.1, Diff: 0.1, Sum: 0.5]
         [Processed Buffers: Min: 1, Avg: 1.1, Max: 2, Diff: 1, Sum: 11]
      [Scan RS (ms): Min: 0.0, Avg: 0.0, Max: 0.0, Diff: 0.0, Sum: 0.1]
      [Code Root Scanning (ms): Min: 0.0, Avg: 0.0, Max: 0.0, Diff: 0.0, Sum: 0.0]
      [Object Copy (ms): Min: 8.3, Avg: 8.4, Max: 8.6, Diff: 0.3, Sum: 84.4]
      [Termination (ms): Min: 0.0, Avg: 0.1, Max: 0.2, Diff: 0.2, Sum: 1.5]
         [Termination Attempts: Min: 1, Avg: 1.0, Max: 1, Diff: 0, Sum: 10]
      [GC Worker Other (ms): Min: 0.0, Avg: 0.0, Max: 0.0, Diff: 0.0, Sum: 0.1]
      [GC Worker Total (ms): Min: 8.7, Avg: 8.7, Max: 8.8, Diff: 0.1, Sum: 87.3]
      [GC Worker End (ms): Min: 315.3, Avg: 315.3, Max: 315.3, Diff: 0.0]
   [Code Root Fixup: 0.0 ms]
   [Code Root Purge: 0.0 ms]
   [Clear CT: 0.5 ms]
   [Other: 1.0 ms]
      [Choose CSet: 0.0 ms]
      [Ref Proc: 0.3 ms]
      [Ref Enq: 0.0 ms]
      [Redirty Cards: 0.4 ms]
      [Humongous Register: 0.0 ms]
      [Humongous Reclaim: 0.0 ms]
      [Free CSet: 0.0 ms]
   [Eden: 178.0M(178.0M)->0.0B(178.0M) Survivors: 26.0M->26.0M Heap: 475.2M(4096.0M)->357.8M(4096.0M)]
 [Times: user=0.06 sys=0.09, real=0.01 secs] 
2022-01-17T02:09:17.809+0800: 0.336: [GC pause (G1 Evacuation Pause) (young), 0.0104951 secs]
   [Parallel Time: 8.9 ms, GC Workers: 10]
      [GC Worker Start (ms): Min: 335.7, Avg: 335.7, Max: 335.7, Diff: 0.1]
      [Ext Root Scanning (ms): Min: 0.1, Avg: 0.1, Max: 0.1, Diff: 0.1, Sum: 0.8]
      [Update RS (ms): Min: 0.0, Avg: 0.1, Max: 0.1, Diff: 0.1, Sum: 0.5]
         [Processed Buffers: Min: 1, Avg: 1.1, Max: 2, Diff: 1, Sum: 11]
      [Scan RS (ms): Min: 0.0, Avg: 0.0, Max: 0.0, Diff: 0.0, Sum: 0.1]
      [Code Root Scanning (ms): Min: 0.0, Avg: 0.0, Max: 0.0, Diff: 0.0, Sum: 0.0]
      [Object Copy (ms): Min: 8.1, Avg: 8.3, Max: 8.4, Diff: 0.3, Sum: 82.7]
      [Termination (ms): Min: 0.0, Avg: 0.1, Max: 0.2, Diff: 0.2, Sum: 1.4]
         [Termination Attempts: Min: 1, Avg: 1.0, Max: 1, Diff: 0, Sum: 10]
      [GC Worker Other (ms): Min: 0.0, Avg: 0.0, Max: 0.0, Diff: 0.0, Sum: 0.1]
      [GC Worker Total (ms): Min: 8.5, Avg: 8.6, Max: 8.6, Diff: 0.1, Sum: 85.6]
      [GC Worker End (ms): Min: 344.3, Avg: 344.3, Max: 344.3, Diff: 0.0]
   [Code Root Fixup: 0.0 ms]
   [Code Root Purge: 0.0 ms]
   [Clear CT: 0.5 ms]
   [Other: 1.1 ms]
      [Choose CSet: 0.0 ms]
      [Ref Proc: 0.4 ms]
      [Ref Enq: 0.0 ms]
      [Redirty Cards: 0.4 ms]
      [Humongous Register: 0.0 ms]
      [Humongous Reclaim: 0.0 ms]
      [Free CSet: 0.0 ms]
   [Eden: 178.0M(178.0M)->0.0B(202.0M) Survivors: 26.0M->26.0M Heap: 535.8M(4096.0M)->415.3M(4096.0M)]
 [Times: user=0.00 sys=0.02, real=0.01 secs] 
2022-01-17T02:09:17.841+0800: 0.367: [GC pause (G1 Evacuation Pause) (young), 0.0106597 secs]
   [Parallel Time: 9.1 ms, GC Workers: 10]
      [GC Worker Start (ms): Min: 366.7, Avg: 366.7, Max: 366.8, Diff: 0.1]
      [Ext Root Scanning (ms): Min: 0.0, Avg: 0.1, Max: 0.1, Diff: 0.1, Sum: 0.9]
      [Update RS (ms): Min: 0.0, Avg: 0.1, Max: 0.1, Diff: 0.1, Sum: 0.6]
         [Processed Buffers: Min: 0, Avg: 1.1, Max: 2, Diff: 2, Sum: 11]
      [Scan RS (ms): Min: 0.0, Avg: 0.0, Max: 0.0, Diff: 0.0, Sum: 0.1]
      [Code Root Scanning (ms): Min: 0.0, Avg: 0.0, Max: 0.0, Diff: 0.0, Sum: 0.0]
      [Object Copy (ms): Min: 8.2, Avg: 8.4, Max: 8.7, Diff: 0.5, Sum: 83.9]
      [Termination (ms): Min: 0.0, Avg: 0.2, Max: 0.4, Diff: 0.4, Sum: 2.1]
         [Termination Attempts: Min: 1, Avg: 1.1, Max: 2, Diff: 1, Sum: 11]
      [GC Worker Other (ms): Min: 0.0, Avg: 0.0, Max: 0.0, Diff: 0.0, Sum: 0.1]
      [GC Worker Total (ms): Min: 8.7, Avg: 8.8, Max: 8.8, Diff: 0.1, Sum: 87.7]
      [GC Worker End (ms): Min: 375.5, Avg: 375.5, Max: 375.5, Diff: 0.0]
   [Code Root Fixup: 0.0 ms]
   [Code Root Purge: 0.0 ms]
   [Clear CT: 0.7 ms]
   [Other: 0.9 ms]
      [Choose CSet: 0.0 ms]
      [Ref Proc: 0.2 ms]
      [Ref Enq: 0.0 ms]
      [Redirty Cards: 0.5 ms]
      [Humongous Register: 0.0 ms]
      [Humongous Reclaim: 0.0 ms]
      [Free CSet: 0.0 ms]
   [Eden: 202.0M(202.0M)->0.0B(270.0M) Survivors: 26.0M->30.0M Heap: 617.3M(4096.0M)->470.7M(4096.0M)]
 [Times: user=0.00 sys=0.00, real=0.01 secs] 
2022-01-17T02:09:17.885+0800: 0.411: [GC pause (G1 Evacuation Pause) (young), 0.0139737 secs]
   [Parallel Time: 12.4 ms, GC Workers: 10]
      [GC Worker Start (ms): Min: 410.9, Avg: 411.0, Max: 411.0, Diff: 0.1]
      [Ext Root Scanning (ms): Min: 0.1, Avg: 0.1, Max: 0.1, Diff: 0.1, Sum: 0.9]
      [Update RS (ms): Min: 0.0, Avg: 0.1, Max: 0.1, Diff: 0.1, Sum: 0.6]
         [Processed Buffers: Min: 0, Avg: 1.2, Max: 2, Diff: 2, Sum: 12]
      [Scan RS (ms): Min: 0.0, Avg: 0.0, Max: 0.0, Diff: 0.0, Sum: 0.1]
      [Code Root Scanning (ms): Min: 0.0, Avg: 0.0, Max: 0.0, Diff: 0.0, Sum: 0.0]
      [Object Copy (ms): Min: 11.7, Avg: 11.7, Max: 11.9, Diff: 0.2, Sum: 117.5]
      [Termination (ms): Min: 0.0, Avg: 0.1, Max: 0.2, Diff: 0.2, Sum: 1.4]
         [Termination Attempts: Min: 1, Avg: 1.0, Max: 1, Diff: 0, Sum: 10]
      [GC Worker Other (ms): Min: 0.0, Avg: 0.0, Max: 0.1, Diff: 0.1, Sum: 0.2]
      [GC Worker Total (ms): Min: 12.0, Avg: 12.1, Max: 12.2, Diff: 0.1, Sum: 120.6]
      [GC Worker End (ms): Min: 423.0, Avg: 423.0, Max: 423.1, Diff: 0.1]
   [Code Root Fixup: 0.0 ms]
   [Code Root Purge: 0.0 ms]
   [Clear CT: 0.7 ms]
   [Other: 0.8 ms]
      [Choose CSet: 0.0 ms]
      [Ref Proc: 0.2 ms]
      [Ref Enq: 0.0 ms]
      [Redirty Cards: 0.4 ms]
      [Humongous Register: 0.0 ms]
      [Humongous Reclaim: 0.0 ms]
      [Free CSet: 0.1 ms]
   [Eden: 270.0M(270.0M)->0.0B(292.0M) Survivors: 30.0M->38.0M Heap: 740.7M(4096.0M)->554.7M(4096.0M)]
 [Times: user=0.00 sys=0.02, real=0.01 secs] 
2022-01-17T02:09:17.928+0800: 0.454: [GC pause (G1 Evacuation Pause) (young), 0.0155448 secs]
   [Parallel Time: 14.0 ms, GC Workers: 10]
      [GC Worker Start (ms): Min: 454.3, Avg: 454.4, Max: 454.5, Diff: 0.2]
      [Ext Root Scanning (ms): Min: 0.0, Avg: 0.1, Max: 0.2, Diff: 0.2, Sum: 0.6]
      [Update RS (ms): Min: 0.0, Avg: 0.1, Max: 0.2, Diff: 0.2, Sum: 0.7]
         [Processed Buffers: Min: 1, Avg: 1.1, Max: 2, Diff: 1, Sum: 11]
      [Scan RS (ms): Min: 0.0, Avg: 0.0, Max: 0.0, Diff: 0.0, Sum: 0.1]
      [Code Root Scanning (ms): Min: 0.0, Avg: 0.0, Max: 0.0, Diff: 0.0, Sum: 0.0]
      [Object Copy (ms): Min: 13.2, Avg: 13.4, Max: 13.5, Diff: 0.2, Sum: 133.7]
      [Termination (ms): Min: 0.0, Avg: 0.1, Max: 0.2, Diff: 0.2, Sum: 0.9]
         [Termination Attempts: Min: 1, Avg: 1.0, Max: 1, Diff: 0, Sum: 10]
      [GC Worker Other (ms): Min: 0.0, Avg: 0.0, Max: 0.0, Diff: 0.0, Sum: 0.1]
      [GC Worker Total (ms): Min: 13.6, Avg: 13.6, Max: 13.7, Diff: 0.2, Sum: 136.3]
      [GC Worker End (ms): Min: 468.0, Avg: 468.0, Max: 468.0, Diff: 0.0]
   [Code Root Fixup: 0.0 ms]
   [Code Root Purge: 0.0 ms]
   [Clear CT: 0.7 ms]
   [Other: 0.9 ms]
      [Choose CSet: 0.0 ms]
      [Ref Proc: 0.2 ms]
      [Ref Enq: 0.0 ms]
      [Redirty Cards: 0.4 ms]
      [Humongous Register: 0.0 ms]
      [Humongous Reclaim: 0.0 ms]
      [Free CSet: 0.1 ms]
   [Eden: 292.0M(292.0M)->0.0B(370.0M) Survivors: 38.0M->42.0M Heap: 846.7M(4096.0M)->645.8M(4096.0M)]
 [Times: user=0.09 sys=0.06, real=0.02 secs] 
2022-01-17T02:09:17.987+0800: 0.513: [GC pause (G1 Evacuation Pause) (young), 0.0177804 secs]
   [Parallel Time: 16.1 ms, GC Workers: 10]
      [GC Worker Start (ms): Min: 513.0, Avg: 513.1, Max: 513.1, Diff: 0.2]
      [Ext Root Scanning (ms): Min: 0.0, Avg: 0.1, Max: 0.2, Diff: 0.2, Sum: 0.6]
      [Update RS (ms): Min: 0.1, Avg: 0.1, Max: 0.2, Diff: 0.1, Sum: 0.8]
         [Processed Buffers: Min: 1, Avg: 1.1, Max: 2, Diff: 1, Sum: 11]
      [Scan RS (ms): Min: 0.0, Avg: 0.0, Max: 0.0, Diff: 0.0, Sum: 0.1]
      [Code Root Scanning (ms): Min: 0.0, Avg: 0.0, Max: 0.0, Diff: 0.0, Sum: 0.0]
      [Object Copy (ms): Min: 15.3, Avg: 15.4, Max: 15.5, Diff: 0.2, Sum: 154.1]
      [Termination (ms): Min: 0.0, Avg: 0.1, Max: 0.2, Diff: 0.2, Sum: 1.2]
         [Termination Attempts: Min: 1, Avg: 1.0, Max: 1, Diff: 0, Sum: 10]
      [GC Worker Other (ms): Min: 0.0, Avg: 0.0, Max: 0.0, Diff: 0.0, Sum: 0.1]
      [GC Worker Total (ms): Min: 15.6, Avg: 15.7, Max: 15.8, Diff: 0.2, Sum: 156.9]
      [GC Worker End (ms): Min: 528.8, Avg: 528.8, Max: 528.8, Diff: 0.0]
   [Code Root Fixup: 0.0 ms]
   [Code Root Purge: 0.0 ms]
   [Clear CT: 0.5 ms]
   [Other: 1.2 ms]
      [Choose CSet: 0.0 ms]
      [Ref Proc: 0.4 ms]
      [Ref Enq: 0.0 ms]
      [Redirty Cards: 0.5 ms]
      [Humongous Register: 0.1 ms]
      [Humongous Reclaim: 0.0 ms]
      [Free CSet: 0.1 ms]
   [Eden: 370.0M(370.0M)->0.0B(486.0M) Survivors: 42.0M->52.0M Heap: 1015.8M(4096.0M)->756.4M(4096.0M)]
 [Times: user=0.06 sys=0.09, real=0.02 secs] 
2022-01-17T02:09:18.066+0800: 0.591: [GC pause (G1 Evacuation Pause) (young), 0.0205175 secs]
   [Parallel Time: 18.6 ms, GC Workers: 10]
      [GC Worker Start (ms): Min: 591.3, Avg: 591.4, Max: 591.5, Diff: 0.2]
      [Ext Root Scanning (ms): Min: 0.0, Avg: 0.1, Max: 0.2, Diff: 0.2, Sum: 0.6]
      [Update RS (ms): Min: 0.0, Avg: 0.1, Max: 0.1, Diff: 0.1, Sum: 0.7]
         [Processed Buffers: Min: 1, Avg: 1.1, Max: 2, Diff: 1, Sum: 11]
      [Scan RS (ms): Min: 0.0, Avg: 0.0, Max: 0.0, Diff: 0.0, Sum: 0.2]
      [Code Root Scanning (ms): Min: 0.0, Avg: 0.0, Max: 0.0, Diff: 0.0, Sum: 0.0]
      [Object Copy (ms): Min: 18.1, Avg: 18.2, Max: 18.3, Diff: 0.2, Sum: 181.6]
      [Termination (ms): Min: 0.0, Avg: 0.1, Max: 0.2, Diff: 0.2, Sum: 1.2]
         [Termination Attempts: Min: 1, Avg: 1.0, Max: 1, Diff: 0, Sum: 10]
      [GC Worker Other (ms): Min: 0.0, Avg: 0.0, Max: 0.0, Diff: 0.0, Sum: 0.1]
      [GC Worker Total (ms): Min: 18.4, Avg: 18.4, Max: 18.5, Diff: 0.2, Sum: 184.3]
      [GC Worker End (ms): Min: 609.9, Avg: 609.9, Max: 609.9, Diff: 0.0]
   [Code Root Fixup: 0.0 ms]
   [Code Root Purge: 0.0 ms]
   [Clear CT: 0.5 ms]
   [Other: 1.4 ms]
      [Choose CSet: 0.0 ms]
      [Ref Proc: 0.4 ms]
      [Ref Enq: 0.0 ms]
      [Redirty Cards: 0.7 ms]
      [Humongous Register: 0.0 ms]
      [Humongous Reclaim: 0.0 ms]
      [Free CSet: 0.1 ms]
   [Eden: 486.0M(486.0M)->0.0B(524.0M) Survivors: 52.0M->68.0M Heap: 1242.4M(4096.0M)->881.7M(4096.0M)]
 [Times: user=0.08 sys=0.06, real=0.02 secs] 
2022-01-17T02:09:18.139+0800: 0.664: [GC pause (G1 Evacuation Pause) (young), 0.0219107 secs]
   [Parallel Time: 20.4 ms, GC Workers: 10]
      [GC Worker Start (ms): Min: 664.6, Avg: 664.6, Max: 664.7, Diff: 0.1]
      [Ext Root Scanning (ms): Min: 0.1, Avg: 0.1, Max: 0.1, Diff: 0.1, Sum: 0.9]
      [Update RS (ms): Min: 0.0, Avg: 0.1, Max: 0.1, Diff: 0.1, Sum: 0.7]
         [Processed Buffers: Min: 1, Avg: 1.1, Max: 2, Diff: 1, Sum: 11]
      [Scan RS (ms): Min: 0.0, Avg: 0.0, Max: 0.0, Diff: 0.0, Sum: 0.2]
      [Code Root Scanning (ms): Min: 0.0, Avg: 0.0, Max: 0.0, Diff: 0.0, Sum: 0.0]
      [Object Copy (ms): Min: 19.5, Avg: 19.6, Max: 19.8, Diff: 0.4, Sum: 196.4]
      [Termination (ms): Min: 0.0, Avg: 0.2, Max: 0.3, Diff: 0.3, Sum: 1.9]
         [Termination Attempts: Min: 1, Avg: 1.0, Max: 1, Diff: 0, Sum: 10]
      [GC Worker Other (ms): Min: 0.0, Avg: 0.0, Max: 0.0, Diff: 0.0, Sum: 0.1]
      [GC Worker Total (ms): Min: 20.0, Avg: 20.0, Max: 20.1, Diff: 0.1, Sum: 200.3]
      [GC Worker End (ms): Min: 684.6, Avg: 684.7, Max: 684.7, Diff: 0.0]
   [Code Root Fixup: 0.0 ms]
   [Code Root Purge: 0.0 ms]
   [Clear CT: 0.6 ms]
   [Other: 0.9 ms]
      [Choose CSet: 0.0 ms]
      [Ref Proc: 0.3 ms]
      [Ref Enq: 0.0 ms]
      [Redirty Cards: 0.3 ms]
      [Humongous Register: 0.0 ms]
      [Humongous Reclaim: 0.0 ms]
      [Free CSet: 0.1 ms]
   [Eden: 524.0M(524.0M)->0.0B(2382.0M) Survivors: 68.0M->74.0M Heap: 1405.7M(4096.0M)->1007.4M(4096.0M)]
 [Times: user=0.09 sys=0.06, real=0.02 secs] 
2022-01-17T02:09:18.716+0800: 1.242: [GC pause (G1 Evacuation Pause) (young), 0.0408082 secs]
   [Parallel Time: 39.1 ms, GC Workers: 10]
      [GC Worker Start (ms): Min: 1242.6, Avg: 1242.7, Max: 1242.8, Diff: 0.2]
      [Ext Root Scanning (ms): Min: 0.0, Avg: 0.1, Max: 0.2, Diff: 0.2, Sum: 0.6]
      [Update RS (ms): Min: 0.1, Avg: 0.1, Max: 0.1, Diff: 0.1, Sum: 0.9]
         [Processed Buffers: Min: 1, Avg: 1.1, Max: 2, Diff: 1, Sum: 11]
      [Scan RS (ms): Min: 0.1, Avg: 0.1, Max: 0.2, Diff: 0.1, Sum: 1.3]
      [Code Root Scanning (ms): Min: 0.0, Avg: 0.0, Max: 0.0, Diff: 0.0, Sum: 0.0]
      [Object Copy (ms): Min: 38.2, Avg: 38.3, Max: 38.5, Diff: 0.3, Sum: 383.2]
      [Termination (ms): Min: 0.0, Avg: 0.1, Max: 0.3, Diff: 0.3, Sum: 1.4]
         [Termination Attempts: Min: 1, Avg: 1.0, Max: 1, Diff: 0, Sum: 10]
      [GC Worker Other (ms): Min: 0.0, Avg: 0.0, Max: 0.0, Diff: 0.0, Sum: 0.2]
      [GC Worker Total (ms): Min: 38.7, Avg: 38.8, Max: 38.9, Diff: 0.2, Sum: 387.7]
      [GC Worker End (ms): Min: 1281.5, Avg: 1281.5, Max: 1281.5, Diff: 0.0]
   [Code Root Fixup: 0.0 ms]
   [Code Root Purge: 0.0 ms]
   [Clear CT: 0.5 ms]
   [Other: 1.3 ms]
      [Choose CSet: 0.0 ms]
      [Ref Proc: 0.1 ms]
      [Ref Enq: 0.0 ms]
      [Redirty Cards: 0.3 ms]
      [Humongous Register: 0.0 ms]
      [Humongous Reclaim: 0.0 ms]
      [Free CSet: 0.5 ms]
   [Eden: 2382.0M(2382.0M)->0.0B(698.0M) Survivors: 74.0M->308.0M Heap: 3389.4M(4096.0M)->1313.8M(4096.0M)]
 [Times: user=0.09 sys=0.22, real=0.04 secs] 
2022-01-17T02:09:18.824+0800: 1.350: [GC pause (G1 Evacuation Pause) (young), 0.0360383 secs]
   [Parallel Time: 34.6 ms, GC Workers: 10]
      [GC Worker Start (ms): Min: 1350.0, Avg: 1350.1, Max: 1350.1, Diff: 0.1]
      [Ext Root Scanning (ms): Min: 0.0, Avg: 0.1, Max: 0.2, Diff: 0.1, Sum: 0.7]
      [Update RS (ms): Min: 0.0, Avg: 0.1, Max: 0.1, Diff: 0.1, Sum: 0.7]
         [Processed Buffers: Min: 1, Avg: 1.1, Max: 2, Diff: 1, Sum: 11]
      [Scan RS (ms): Min: 0.0, Avg: 0.0, Max: 0.1, Diff: 0.1, Sum: 0.4]
      [Code Root Scanning (ms): Min: 0.0, Avg: 0.0, Max: 0.0, Diff: 0.0, Sum: 0.0]
      [Object Copy (ms): Min: 33.8, Avg: 34.0, Max: 34.1, Diff: 0.2, Sum: 339.5]
      [Termination (ms): Min: 0.0, Avg: 0.1, Max: 0.2, Diff: 0.2, Sum: 1.0]
         [Termination Attempts: Min: 1, Avg: 1.0, Max: 1, Diff: 0, Sum: 10]
      [GC Worker Other (ms): Min: 0.0, Avg: 0.0, Max: 0.0, Diff: 0.0, Sum: 0.1]
      [GC Worker Total (ms): Min: 34.2, Avg: 34.2, Max: 34.3, Diff: 0.1, Sum: 342.5]
      [GC Worker End (ms): Min: 1384.3, Avg: 1384.3, Max: 1384.3, Diff: 0.0]
   [Code Root Fixup: 0.0 ms]
   [Code Root Purge: 0.0 ms]
   [Clear CT: 0.4 ms]
   [Other: 1.1 ms]
      [Choose CSet: 0.0 ms]
      [Ref Proc: 0.2 ms]
      [Ref Enq: 0.0 ms]
      [Redirty Cards: 0.5 ms]
      [Humongous Register: 0.0 ms]
      [Humongous Reclaim: 0.0 ms]
      [Free CSet: 0.2 ms]
   [Eden: 698.0M(698.0M)->0.0B(1096.0M) Survivors: 308.0M->126.0M Heap: 2011.8M(4096.0M)->1352.8M(4096.0M)]
 [Times: user=0.17 sys=0.14, real=0.04 secs] 
2022-01-17T02:09:18.966+0800: 1.491: [GC pause (G1 Evacuation Pause) (young), 0.0318873 secs]
   [Parallel Time: 30.5 ms, GC Workers: 10]
      [GC Worker Start (ms): Min: 1491.4, Avg: 1491.5, Max: 1491.5, Diff: 0.1]
      [Ext Root Scanning (ms): Min: 0.1, Avg: 0.1, Max: 0.2, Diff: 0.1, Sum: 0.9]
      [Update RS (ms): Min: 0.1, Avg: 0.1, Max: 0.1, Diff: 0.1, Sum: 0.8]
         [Processed Buffers: Min: 1, Avg: 1.1, Max: 2, Diff: 1, Sum: 11]
      [Scan RS (ms): Min: 0.0, Avg: 0.1, Max: 0.1, Diff: 0.1, Sum: 0.6]
      [Code Root Scanning (ms): Min: 0.0, Avg: 0.0, Max: 0.0, Diff: 0.0, Sum: 0.0]
      [Object Copy (ms): Min: 29.8, Avg: 29.9, Max: 30.0, Diff: 0.2, Sum: 298.5]
      [Termination (ms): Min: 0.0, Avg: 0.1, Max: 0.2, Diff: 0.2, Sum: 1.3]
         [Termination Attempts: Min: 1, Avg: 1.0, Max: 1, Diff: 0, Sum: 10]
      [GC Worker Other (ms): Min: 0.0, Avg: 0.0, Max: 0.0, Diff: 0.0, Sum: 0.2]
      [GC Worker Total (ms): Min: 30.2, Avg: 30.2, Max: 30.3, Diff: 0.1, Sum: 302.2]
      [GC Worker End (ms): Min: 1521.7, Avg: 1521.7, Max: 1521.7, Diff: 0.0]
   [Code Root Fixup: 0.0 ms]
   [Code Root Purge: 0.0 ms]
   [Clear CT: 0.5 ms]
   [Other: 1.0 ms]
      [Choose CSet: 0.0 ms]
      [Ref Proc: 0.1 ms]
      [Ref Enq: 0.0 ms]
      [Redirty Cards: 0.4 ms]
      [Humongous Register: 0.0 ms]
      [Humongous Reclaim: 0.0 ms]
      [Free CSet: 0.2 ms]
   [Eden: 1096.0M(1096.0M)->0.0B(1636.0M) Survivors: 126.0M->154.0M Heap: 2448.8M(4096.0M)->1541.8M(4096.0M)]
 [Times: user=0.27 sys=0.05, real=0.03 secs] 
2022-01-17T02:09:19.157+0800: 1.682: [GC pause (G1 Evacuation Pause) (young), 0.0344140 secs]
   [Parallel Time: 32.1 ms, GC Workers: 10]
      [GC Worker Start (ms): Min: 1682.5, Avg: 1682.5, Max: 1682.6, Diff: 0.1]
      [Ext Root Scanning (ms): Min: 0.0, Avg: 0.1, Max: 0.2, Diff: 0.1, Sum: 0.8]
      [Update RS (ms): Min: 0.0, Avg: 0.1, Max: 0.1, Diff: 0.1, Sum: 0.8]
         [Processed Buffers: Min: 1, Avg: 1.1, Max: 2, Diff: 1, Sum: 11]
      [Scan RS (ms): Min: 0.0, Avg: 0.1, Max: 0.1, Diff: 0.1, Sum: 0.9]
      [Code Root Scanning (ms): Min: 0.0, Avg: 0.0, Max: 0.0, Diff: 0.0, Sum: 0.0]
      [Object Copy (ms): Min: 31.1, Avg: 31.2, Max: 31.3, Diff: 0.1, Sum: 312.4]
      [Termination (ms): Min: 0.0, Avg: 0.1, Max: 0.1, Diff: 0.1, Sum: 0.6]
         [Termination Attempts: Min: 1, Avg: 1.1, Max: 2, Diff: 1, Sum: 11]
      [GC Worker Other (ms): Min: 0.0, Avg: 0.1, Max: 0.3, Diff: 0.3, Sum: 1.4]
      [GC Worker Total (ms): Min: 31.5, Avg: 31.7, Max: 31.8, Diff: 0.3, Sum: 316.9]
      [GC Worker End (ms): Min: 1714.1, Avg: 1714.2, Max: 1714.4, Diff: 0.3]
   [Code Root Fixup: 0.0 ms]
   [Code Root Purge: 0.0 ms]
   [Clear CT: 0.6 ms]
   [Other: 1.7 ms]
      [Choose CSet: 0.0 ms]
      [Ref Proc: 0.6 ms]
      [Ref Enq: 0.0 ms]
      [Redirty Cards: 0.7 ms]
      [Humongous Register: 0.0 ms]
      [Humongous Reclaim: 0.0 ms]
      [Free CSet: 0.3 ms]
   [Eden: 1636.0M(1636.0M)->0.0B(1572.0M) Survivors: 154.0M->224.0M Heap: 3177.8M(4096.0M)->1714.9M(4096.0M)]
 [Times: user=0.31 sys=0.00, real=0.03 secs] 
2022-01-17T02:09:19.339+0800: 1.865: [GC pause (G1 Evacuation Pause) (young), 0.0370997 secs]
   [Parallel Time: 35.4 ms, GC Workers: 10]
      [GC Worker Start (ms): Min: 1865.2, Avg: 1865.3, Max: 1865.3, Diff: 0.1]
      [Ext Root Scanning (ms): Min: 0.0, Avg: 0.1, Max: 0.1, Diff: 0.1, Sum: 0.8]
      [Update RS (ms): Min: 0.0, Avg: 0.1, Max: 0.3, Diff: 0.3, Sum: 1.2]
         [Processed Buffers: Min: 0, Avg: 1.1, Max: 2, Diff: 2, Sum: 11]
      [Scan RS (ms): Min: 0.0, Avg: 0.1, Max: 0.1, Diff: 0.1, Sum: 0.9]
      [Code Root Scanning (ms): Min: 0.0, Avg: 0.0, Max: 0.0, Diff: 0.0, Sum: 0.0]
      [Object Copy (ms): Min: 34.6, Avg: 34.7, Max: 34.8, Diff: 0.3, Sum: 347.3]
      [Termination (ms): Min: 0.0, Avg: 0.1, Max: 0.1, Diff: 0.1, Sum: 0.6]
         [Termination Attempts: Min: 1, Avg: 1.0, Max: 1, Diff: 0, Sum: 10]
      [GC Worker Other (ms): Min: 0.0, Avg: 0.0, Max: 0.1, Diff: 0.1, Sum: 0.5]
      [GC Worker Total (ms): Min: 35.1, Avg: 35.1, Max: 35.2, Diff: 0.1, Sum: 351.3]
      [GC Worker End (ms): Min: 1900.4, Avg: 1900.4, Max: 1900.5, Diff: 0.1]
   [Code Root Fixup: 0.0 ms]
   [Code Root Purge: 0.0 ms]
   [Clear CT: 0.4 ms]
   [Other: 1.3 ms]
      [Choose CSet: 0.0 ms]
      [Ref Proc: 0.3 ms]
      [Ref Enq: 0.0 ms]
      [Redirty Cards: 0.6 ms]
      [Humongous Register: 0.0 ms]
      [Humongous Reclaim: 0.0 ms]
      [Free CSet: 0.3 ms]
   [Eden: 1572.0M(1572.0M)->0.0B(1450.0M) Survivors: 224.0M->226.0M Heap: 3286.9M(4096.0M)->1858.3M(4096.0M)]
 [Times: user=0.30 sys=0.02, real=0.04 secs] 
2022-01-17T02:09:19.513+0800: 2.039: [GC pause (G1 Evacuation Pause) (young), 0.0363485 secs]
   [Parallel Time: 34.9 ms, GC Workers: 10]
      [GC Worker Start (ms): Min: 2038.9, Avg: 2039.0, Max: 2039.1, Diff: 0.2]
      [Ext Root Scanning (ms): Min: 0.0, Avg: 0.1, Max: 0.2, Diff: 0.2, Sum: 0.6]
      [Update RS (ms): Min: 0.0, Avg: 0.1, Max: 0.5, Diff: 0.5, Sum: 1.0]
         [Processed Buffers: Min: 1, Avg: 1.1, Max: 2, Diff: 1, Sum: 11]
      [Scan RS (ms): Min: 0.1, Avg: 0.1, Max: 0.1, Diff: 0.1, Sum: 0.9]
      [Code Root Scanning (ms): Min: 0.0, Avg: 0.0, Max: 0.0, Diff: 0.0, Sum: 0.0]
      [Object Copy (ms): Min: 33.9, Avg: 34.3, Max: 34.4, Diff: 0.5, Sum: 342.8]
      [Termination (ms): Min: 0.0, Avg: 0.1, Max: 0.1, Diff: 0.1, Sum: 0.5]
         [Termination Attempts: Min: 1, Avg: 1.2, Max: 2, Diff: 1, Sum: 12]
      [GC Worker Other (ms): Min: 0.0, Avg: 0.0, Max: 0.1, Diff: 0.1, Sum: 0.4]
      [GC Worker Total (ms): Min: 34.6, Avg: 34.6, Max: 34.7, Diff: 0.1, Sum: 346.4]
      [GC Worker End (ms): Min: 2073.6, Avg: 2073.7, Max: 2073.8, Diff: 0.1]
   [Code Root Fixup: 0.0 ms]
   [Code Root Purge: 0.0 ms]
   [Clear CT: 0.4 ms]
   [Other: 1.1 ms]
      [Choose CSet: 0.0 ms]
      [Ref Proc: 0.2 ms]
      [Ref Enq: 0.0 ms]
      [Redirty Cards: 0.2 ms]
      [Humongous Register: 0.0 ms]
      [Humongous Reclaim: 0.0 ms]
      [Free CSet: 0.5 ms]
   [Eden: 1450.0M(1450.0M)->0.0B(1338.0M) Survivors: 226.0M->210.0M Heap: 3308.3M(4096.0M)->1995.1M(4096.0M)]
 [Times: user=0.31 sys=0.00, real=0.04 secs] 
2022-01-17T02:09:19.675+0800: 2.201: [GC pause (G1 Evacuation Pause) (young), 0.0350732 secs]
   [Parallel Time: 33.2 ms, GC Workers: 10]
      [GC Worker Start (ms): Min: 2201.5, Avg: 2201.6, Max: 2201.7, Diff: 0.2]
      [Ext Root Scanning (ms): Min: 0.0, Avg: 0.1, Max: 0.2, Diff: 0.2, Sum: 0.5]
      [Update RS (ms): Min: 0.0, Avg: 0.1, Max: 0.1, Diff: 0.1, Sum: 0.8]
         [Processed Buffers: Min: 1, Avg: 1.1, Max: 2, Diff: 1, Sum: 11]
      [Scan RS (ms): Min: 0.0, Avg: 0.1, Max: 0.1, Diff: 0.1, Sum: 0.7]
      [Code Root Scanning (ms): Min: 0.0, Avg: 0.0, Max: 0.0, Diff: 0.0, Sum: 0.0]
      [Object Copy (ms): Min: 32.5, Avg: 32.6, Max: 32.7, Diff: 0.1, Sum: 326.0]
      [Termination (ms): Min: 0.0, Avg: 0.1, Max: 0.1, Diff: 0.1, Sum: 0.6]
         [Termination Attempts: Min: 1, Avg: 1.0, Max: 1, Diff: 0, Sum: 10]
      [GC Worker Other (ms): Min: 0.0, Avg: 0.1, Max: 0.1, Diff: 0.1, Sum: 0.5]
      [GC Worker Total (ms): Min: 32.8, Avg: 32.9, Max: 33.0, Diff: 0.2, Sum: 329.1]
      [GC Worker End (ms): Min: 2234.5, Avg: 2234.5, Max: 2234.6, Diff: 0.1]
   [Code Root Fixup: 0.0 ms]
   [Code Root Purge: 0.0 ms]
   [Clear CT: 0.4 ms]
   [Other: 1.4 ms]
      [Choose CSet: 0.0 ms]
      [Ref Proc: 0.4 ms]
      [Ref Enq: 0.0 ms]
      [Redirty Cards: 0.6 ms]
      [Humongous Register: 0.0 ms]
      [Humongous Reclaim: 0.0 ms]
      [Free CSet: 0.3 ms]
   [Eden: 1338.0M(1338.0M)->0.0B(1222.0M) Survivors: 210.0M->194.0M Heap: 3333.1M(4096.0M)->2133.4M(4096.0M)]
 [Times: user=0.31 sys=0.00, real=0.04 secs] 
2022-01-17T02:09:19.825+0800: 2.351: [GC pause (G1 Evacuation Pause) (young) (initial-mark), 0.0333105 secs]
   [Parallel Time: 31.8 ms, GC Workers: 10]
      [GC Worker Start (ms): Min: 2350.9, Avg: 2350.9, Max: 2350.9, Diff: 0.1]
      [Ext Root Scanning (ms): Min: 0.0, Avg: 0.1, Max: 0.1, Diff: 0.1, Sum: 0.8]
      [Update RS (ms): Min: 0.0, Avg: 0.1, Max: 0.3, Diff: 0.3, Sum: 0.8]
         [Processed Buffers: Min: 1, Avg: 1.1, Max: 2, Diff: 1, Sum: 11]
      [Scan RS (ms): Min: 0.0, Avg: 0.1, Max: 0.1, Diff: 0.0, Sum: 0.7]
      [Code Root Scanning (ms): Min: 0.0, Avg: 0.0, Max: 0.0, Diff: 0.0, Sum: 0.0]
      [Object Copy (ms): Min: 31.1, Avg: 31.3, Max: 31.4, Diff: 0.3, Sum: 312.9]
      [Termination (ms): Min: 0.0, Avg: 0.1, Max: 0.2, Diff: 0.2, Sum: 0.5]
         [Termination Attempts: Min: 1, Avg: 1.0, Max: 1, Diff: 0, Sum: 10]
      [GC Worker Other (ms): Min: 0.0, Avg: 0.0, Max: 0.1, Diff: 0.1, Sum: 0.2]
      [GC Worker Total (ms): Min: 31.6, Avg: 31.6, Max: 31.7, Diff: 0.1, Sum: 316.1]
      [GC Worker End (ms): Min: 2382.5, Avg: 2382.5, Max: 2382.6, Diff: 0.1]
   [Code Root Fixup: 0.0 ms]
   [Code Root Purge: 0.0 ms]
   [Clear CT: 0.6 ms]
   [Other: 1.0 ms]
      [Choose CSet: 0.0 ms]
      [Ref Proc: 0.1 ms]
      [Ref Enq: 0.0 ms]
      [Redirty Cards: 0.4 ms]
      [Humongous Register: 0.0 ms]
      [Humongous Reclaim: 0.0 ms]
      [Free CSet: 0.3 ms]
   [Eden: 1222.0M(1222.0M)->0.0B(1104.0M) Survivors: 194.0M->178.0M Heap: 3355.4M(4096.0M)->2274.2M(4096.0M)]
 [Times: user=0.31 sys=0.00, real=0.03 secs] 
2022-01-17T02:09:19.859+0800: 2.384: [GC concurrent-root-region-scan-start]
2022-01-17T02:09:19.859+0800: 2.384: [GC concurrent-root-region-scan-end, 0.0002505 secs]
2022-01-17T02:09:19.859+0800: 2.384: [GC concurrent-mark-start]
2022-01-17T02:09:19.863+0800: 2.389: [GC concurrent-mark-end, 0.0043089 secs]
2022-01-17T02:09:19.863+0800: 2.389: [GC remark 2022-01-17T02:09:19.863+0800: 2.389: [Finalize Marking, 0.0002933 secs] 2022-01-17T02:09:19.864+0800: 2.389: [GC ref-proc, 0.0000617 secs] 2022-01-17T02:09:19.864+0800: 2.389: [Unloading, 0.0004085 secs], 0.0014289 secs]
 [Times: user=0.00 sys=0.00, real=0.00 secs] 
2022-01-17T02:09:19.864+0800: 2.390: [GC cleanup 2320M->666M(4096M), 0.0012682 secs]
 [Times: user=0.00 sys=0.00, real=0.00 secs] 
2022-01-17T02:09:19.866+0800: 2.392: [GC concurrent-cleanup-start]
2022-01-17T02:09:19.867+0800: 2.393: [GC concurrent-cleanup-end, 0.0009741 secs]
2022-01-17T02:09:19.970+0800: 2.495: [GC pause (G1 Evacuation Pause) (young), 0.0328525 secs]
   [Parallel Time: 30.8 ms, GC Workers: 10]
      [GC Worker Start (ms): Min: 2495.6, Avg: 2495.7, Max: 2495.8, Diff: 0.2]
      [Ext Root Scanning (ms): Min: 0.0, Avg: 0.1, Max: 0.2, Diff: 0.2, Sum: 0.6]
      [Update RS (ms): Min: 0.1, Avg: 0.1, Max: 0.1, Diff: 0.1, Sum: 0.8]
         [Processed Buffers: Min: 1, Avg: 1.1, Max: 2, Diff: 1, Sum: 11]
      [Scan RS (ms): Min: 0.0, Avg: 0.1, Max: 0.5, Diff: 0.4, Sum: 1.0]
      [Code Root Scanning (ms): Min: 0.0, Avg: 0.0, Max: 0.0, Diff: 0.0, Sum: 0.0]
      [Object Copy (ms): Min: 29.7, Avg: 30.0, Max: 30.1, Diff: 0.5, Sum: 300.3]
      [Termination (ms): Min: 0.0, Avg: 0.1, Max: 0.1, Diff: 0.1, Sum: 0.5]
         [Termination Attempts: Min: 1, Avg: 1.1, Max: 2, Diff: 1, Sum: 11]
      [GC Worker Other (ms): Min: 0.0, Avg: 0.1, Max: 0.2, Diff: 0.2, Sum: 0.7]
      [GC Worker Total (ms): Min: 30.3, Avg: 30.4, Max: 30.5, Diff: 0.2, Sum: 303.9]
      [GC Worker End (ms): Min: 2526.1, Avg: 2526.1, Max: 2526.2, Diff: 0.2]
   [Code Root Fixup: 0.0 ms]
   [Code Root Purge: 0.0 ms]
   [Clear CT: 0.5 ms]
   [Other: 1.5 ms]
      [Choose CSet: 0.0 ms]
      [Ref Proc: 0.4 ms]
      [Ref Enq: 0.0 ms]
      [Redirty Cards: 0.6 ms]
      [Humongous Register: 0.0 ms]
      [Humongous Reclaim: 0.0 ms]
      [Free CSet: 0.2 ms]
   [Eden: 1104.0M(1104.0M)->0.0B(42.0M) Survivors: 178.0M->162.0M Heap: 1724.2M(4096.0M)->756.8M(4096.0M)]
 [Times: user=0.31 sys=0.00, real=0.03 secs] 
2022-01-17T02:09:20.006+0800: 2.532: [GC pause (G1 Evacuation Pause) (mixed), 0.0174355 secs]
   [Parallel Time: 16.7 ms, GC Workers: 10]
      [GC Worker Start (ms): Min: 2532.6, Avg: 2532.6, Max: 2532.7, Diff: 0.1]
      [Ext Root Scanning (ms): Min: 0.0, Avg: 0.1, Max: 0.1, Diff: 0.1, Sum: 0.6]
      [Update RS (ms): Min: 0.1, Avg: 0.1, Max: 0.1, Diff: 0.1, Sum: 0.7]
         [Processed Buffers: Min: 1, Avg: 1.1, Max: 2, Diff: 1, Sum: 11]
      [Scan RS (ms): Min: 0.0, Avg: 0.0, Max: 0.0, Diff: 0.0, Sum: 0.2]
      [Code Root Scanning (ms): Min: 0.0, Avg: 0.0, Max: 0.0, Diff: 0.0, Sum: 0.0]
      [Object Copy (ms): Min: 16.3, Avg: 16.4, Max: 16.4, Diff: 0.1, Sum: 163.9]
      [Termination (ms): Min: 0.0, Avg: 0.1, Max: 0.1, Diff: 0.1, Sum: 0.6]
         [Termination Attempts: Min: 1, Avg: 1.2, Max: 2, Diff: 1, Sum: 12]
      [GC Worker Other (ms): Min: 0.0, Avg: 0.0, Max: 0.0, Diff: 0.0, Sum: 0.1]
      [GC Worker Total (ms): Min: 16.6, Avg: 16.6, Max: 16.7, Diff: 0.1, Sum: 166.1]
      [GC Worker End (ms): Min: 2549.2, Avg: 2549.2, Max: 2549.2, Diff: 0.0]
   [Code Root Fixup: 0.0 ms]
   [Code Root Purge: 0.0 ms]
   [Clear CT: 0.2 ms]
   [Other: 0.5 ms]
      [Choose CSet: 0.0 ms]
      [Ref Proc: 0.1 ms]
      [Ref Enq: 0.0 ms]
      [Redirty Cards: 0.1 ms]
      [Humongous Register: 0.0 ms]
      [Humongous Reclaim: 0.0 ms]
      [Free CSet: 0.1 ms]
   [Eden: 42.0M(42.0M)->0.0B(2420.0M) Survivors: 162.0M->14.0M Heap: 798.8M(4096.0M)->735.3M(4096.0M)]
 [Times: user=0.16 sys=0.00, real=0.02 secs] 
2022-01-17T02:09:20.252+0800: 2.778: [GC pause (G1 Evacuation Pause) (young), 0.0379478 secs]
   [Parallel Time: 35.6 ms, GC Workers: 10]
      [GC Worker Start (ms): Min: 2778.4, Avg: 2778.6, Max: 2778.6, Diff: 0.2]
      [Ext Root Scanning (ms): Min: 0.0, Avg: 0.1, Max: 0.2, Diff: 0.2, Sum: 0.5]
      [Update RS (ms): Min: 0.0, Avg: 0.1, Max: 0.2, Diff: 0.2, Sum: 0.9]
         [Processed Buffers: Min: 1, Avg: 1.1, Max: 2, Diff: 1, Sum: 11]
      [Scan RS (ms): Min: 0.0, Avg: 0.1, Max: 0.1, Diff: 0.1, Sum: 1.1]
      [Code Root Scanning (ms): Min: 0.0, Avg: 0.0, Max: 0.0, Diff: 0.0, Sum: 0.0]
      [Object Copy (ms): Min: 34.8, Avg: 34.9, Max: 34.9, Diff: 0.1, Sum: 348.6]
      [Termination (ms): Min: 0.0, Avg: 0.0, Max: 0.1, Diff: 0.1, Sum: 0.4]
         [Termination Attempts: Min: 1, Avg: 1.0, Max: 1, Diff: 0, Sum: 10]
      [GC Worker Other (ms): Min: 0.0, Avg: 0.1, Max: 0.2, Diff: 0.2, Sum: 0.6]
      [GC Worker Total (ms): Min: 35.1, Avg: 35.2, Max: 35.3, Diff: 0.2, Sum: 352.2]
      [GC Worker End (ms): Min: 2813.7, Avg: 2813.8, Max: 2813.9, Diff: 0.2]
   [Code Root Fixup: 0.0 ms]
   [Code Root Purge: 0.0 ms]
   [Clear CT: 0.7 ms]
   [Other: 1.6 ms]
      [Choose CSet: 0.0 ms]
      [Ref Proc: 0.5 ms]
      [Ref Enq: 0.0 ms]
      [Redirty Cards: 0.6 ms]
      [Humongous Register: 0.0 ms]
      [Humongous Reclaim: 0.0 ms]
      [Free CSet: 0.4 ms]
   [Eden: 2420.0M(2420.0M)->0.0B(2114.0M) Survivors: 14.0M->306.0M Heap: 3155.3M(4096.0M)->1102.3M(4096.0M)]
 [Times: user=0.45 sys=0.02, real=0.04 secs] 
2022-01-17T02:09:20.487+0800: 3.013: [GC pause (G1 Evacuation Pause) (young), 0.0392524 secs]
   [Parallel Time: 37.4 ms, GC Workers: 10]
      [GC Worker Start (ms): Min: 3013.1, Avg: 3013.2, Max: 3013.3, Diff: 0.1]
      [Ext Root Scanning (ms): Min: 0.0, Avg: 0.1, Max: 0.2, Diff: 0.1, Sum: 0.9]
      [Update RS (ms): Min: 0.0, Avg: 0.1, Max: 0.2, Diff: 0.2, Sum: 0.8]
         [Processed Buffers: Min: 1, Avg: 1.1, Max: 2, Diff: 1, Sum: 11]
      [Scan RS (ms): Min: 0.1, Avg: 0.1, Max: 0.2, Diff: 0.1, Sum: 1.3]
      [Code Root Scanning (ms): Min: 0.0, Avg: 0.0, Max: 0.0, Diff: 0.0, Sum: 0.0]
      [Object Copy (ms): Min: 36.7, Avg: 36.8, Max: 36.9, Diff: 0.2, Sum: 368.4]
      [Termination (ms): Min: 0.0, Avg: 0.1, Max: 0.2, Diff: 0.2, Sum: 0.8]
         [Termination Attempts: Min: 1, Avg: 1.0, Max: 1, Diff: 0, Sum: 10]
      [GC Worker Other (ms): Min: 0.0, Avg: 0.0, Max: 0.1, Diff: 0.0, Sum: 0.4]
      [GC Worker Total (ms): Min: 37.2, Avg: 37.3, Max: 37.3, Diff: 0.1, Sum: 372.6]
      [GC Worker End (ms): Min: 3050.5, Avg: 3050.5, Max: 3050.5, Diff: 0.0]
   [Code Root Fixup: 0.0 ms]
   [Code Root Purge: 0.0 ms]
   [Clear CT: 0.5 ms]
   [Other: 1.4 ms]
      [Choose CSet: 0.0 ms]
      [Ref Proc: 0.2 ms]
      [Ref Enq: 0.0 ms]
      [Redirty Cards: 0.5 ms]
      [Humongous Register: 0.0 ms]
      [Humongous Reclaim: 0.0 ms]
      [Free CSet: 0.4 ms]
   [Eden: 2114.0M(2114.0M)->0.0B(2036.0M) Survivors: 306.0M->304.0M Heap: 3216.3M(4096.0M)->1201.7M(4096.0M)]
 [Times: user=0.47 sys=0.00, real=0.04 secs] 
2022-01-17T02:09:20.718+0800: 3.244: [GC pause (G1 Evacuation Pause) (young), 0.0379801 secs]
   [Parallel Time: 36.1 ms, GC Workers: 10]
      [GC Worker Start (ms): Min: 3244.2, Avg: 3244.2, Max: 3244.3, Diff: 0.1]
      [Ext Root Scanning (ms): Min: 0.0, Avg: 0.1, Max: 0.1, Diff: 0.1, Sum: 0.8]
      [Update RS (ms): Min: 0.0, Avg: 0.1, Max: 0.2, Diff: 0.2, Sum: 0.7]
         [Processed Buffers: Min: 1, Avg: 1.1, Max: 2, Diff: 1, Sum: 11]
      [Scan RS (ms): Min: 0.0, Avg: 0.1, Max: 0.2, Diff: 0.1, Sum: 1.3]
      [Code Root Scanning (ms): Min: 0.0, Avg: 0.0, Max: 0.0, Diff: 0.0, Sum: 0.0]
      [Object Copy (ms): Min: 35.2, Avg: 35.3, Max: 35.3, Diff: 0.1, Sum: 352.7]
      [Termination (ms): Min: 0.0, Avg: 0.1, Max: 0.1, Diff: 0.1, Sum: 0.8]
         [Termination Attempts: Min: 1, Avg: 1.0, Max: 1, Diff: 0, Sum: 10]
      [GC Worker Other (ms): Min: 0.0, Avg: 0.1, Max: 0.3, Diff: 0.3, Sum: 1.2]
      [GC Worker Total (ms): Min: 35.6, Avg: 35.8, Max: 35.9, Diff: 0.3, Sum: 357.5]
      [GC Worker End (ms): Min: 3279.9, Avg: 3280.0, Max: 3280.2, Diff: 0.3]
   [Code Root Fixup: 0.0 ms]
   [Code Root Purge: 0.0 ms]
   [Clear CT: 0.7 ms]
   [Other: 1.2 ms]
      [Choose CSet: 0.0 ms]
      [Ref Proc: 0.2 ms]
      [Ref Enq: 0.0 ms]
      [Redirty Cards: 0.4 ms]
      [Humongous Register: 0.0 ms]
      [Humongous Reclaim: 0.0 ms]
      [Free CSet: 0.4 ms]
   [Eden: 2036.0M(2036.0M)->0.0B(1978.0M) Survivors: 304.0M->294.0M Heap: 3237.7M(4096.0M)->1277.1M(4096.0M)]
 [Times: user=0.30 sys=0.01, real=0.04 secs] 
2022-01-17T02:09:20.944+0800: 3.470: [GC pause (G1 Evacuation Pause) (young), 0.0396828 secs]
   [Parallel Time: 37.7 ms, GC Workers: 10]
      [GC Worker Start (ms): Min: 3470.4, Avg: 3470.5, Max: 3470.6, Diff: 0.1]
      [Ext Root Scanning (ms): Min: 0.0, Avg: 0.1, Max: 0.2, Diff: 0.1, Sum: 0.8]
      [Update RS (ms): Min: 0.0, Avg: 0.1, Max: 0.2, Diff: 0.1, Sum: 0.8]
         [Processed Buffers: Min: 1, Avg: 1.1, Max: 2, Diff: 1, Sum: 11]
      [Scan RS (ms): Min: 0.1, Avg: 0.1, Max: 0.1, Diff: 0.1, Sum: 1.1]
      [Code Root Scanning (ms): Min: 0.0, Avg: 0.0, Max: 0.0, Diff: 0.0, Sum: 0.0]
      [Object Copy (ms): Min: 36.9, Avg: 37.0, Max: 37.1, Diff: 0.2, Sum: 369.7]
      [Termination (ms): Min: 0.0, Avg: 0.1, Max: 0.2, Diff: 0.2, Sum: 1.1]
         [Termination Attempts: Min: 1, Avg: 1.1, Max: 2, Diff: 1, Sum: 11]
      [GC Worker Other (ms): Min: 0.0, Avg: 0.1, Max: 0.2, Diff: 0.2, Sum: 0.9]
      [GC Worker Total (ms): Min: 37.3, Avg: 37.4, Max: 37.6, Diff: 0.3, Sum: 374.3]
      [GC Worker End (ms): Min: 3507.9, Avg: 3508.0, Max: 3508.1, Diff: 0.2]
   [Code Root Fixup: 0.0 ms]
   [Code Root Purge: 0.0 ms]
   [Clear CT: 0.4 ms]
   [Other: 1.6 ms]
      [Choose CSet: 0.0 ms]
      [Ref Proc: 0.2 ms]
      [Ref Enq: 0.0 ms]
      [Redirty Cards: 0.6 ms]
      [Humongous Register: 0.0 ms]
      [Humongous Reclaim: 0.0 ms]
      [Free CSet: 0.6 ms]
   [Eden: 1978.0M(1978.0M)->0.0B(1904.0M) Survivors: 294.0M->284.0M Heap: 3255.1M(4096.0M)->1364.7M(4096.0M)]
 [Times: user=0.44 sys=0.03, real=0.04 secs] 
2022-01-17T02:09:21.163+0800: 3.689: [GC pause (G1 Evacuation Pause) (young), 0.0390805 secs]
   [Parallel Time: 37.3 ms, GC Workers: 10]
      [GC Worker Start (ms): Min: 3688.8, Avg: 3688.9, Max: 3688.9, Diff: 0.2]
      [Ext Root Scanning (ms): Min: 0.0, Avg: 0.1, Max: 0.2, Diff: 0.2, Sum: 0.6]
      [Update RS (ms): Min: 0.0, Avg: 0.1, Max: 0.4, Diff: 0.3, Sum: 0.9]
         [Processed Buffers: Min: 1, Avg: 1.1, Max: 2, Diff: 1, Sum: 11]
      [Scan RS (ms): Min: 0.0, Avg: 0.1, Max: 0.1, Diff: 0.1, Sum: 1.2]
      [Code Root Scanning (ms): Min: 0.0, Avg: 0.0, Max: 0.0, Diff: 0.0, Sum: 0.0]
      [Object Copy (ms): Min: 36.3, Avg: 36.5, Max: 36.6, Diff: 0.3, Sum: 365.2]
      [Termination (ms): Min: 0.0, Avg: 0.1, Max: 0.1, Diff: 0.1, Sum: 0.6]
         [Termination Attempts: Min: 1, Avg: 1.1, Max: 2, Diff: 1, Sum: 11]
      [GC Worker Other (ms): Min: 0.0, Avg: 0.1, Max: 0.1, Diff: 0.1, Sum: 0.7]
      [GC Worker Total (ms): Min: 36.8, Avg: 36.9, Max: 37.0, Diff: 0.2, Sum: 369.3]
      [GC Worker End (ms): Min: 3725.7, Avg: 3725.8, Max: 3725.9, Diff: 0.1]
   [Code Root Fixup: 0.0 ms]
   [Code Root Purge: 0.0 ms]
   [Clear CT: 0.5 ms]
   [Other: 1.2 ms]
      [Choose CSet: 0.0 ms]
      [Ref Proc: 0.4 ms]
      [Ref Enq: 0.0 ms]
      [Redirty Cards: 0.4 ms]
      [Humongous Register: 0.0 ms]
      [Humongous Reclaim: 0.0 ms]
      [Free CSet: 0.4 ms]
   [Eden: 1904.0M(1904.0M)->0.0B(1810.0M) Survivors: 284.0M->274.0M Heap: 3268.7M(4096.0M)->1471.9M(4096.0M)]
 [Times: user=0.47 sys=0.00, real=0.04 secs] 
2022-01-17T02:09:21.371+0800: 3.897: [GC pause (G1 Evacuation Pause) (young), 0.0367686 secs]
   [Parallel Time: 35.3 ms, GC Workers: 10]
      [GC Worker Start (ms): Min: 3896.7, Avg: 3896.9, Max: 3897.0, Diff: 0.2]
      [Ext Root Scanning (ms): Min: 0.0, Avg: 0.0, Max: 0.2, Diff: 0.2, Sum: 0.4]
      [Update RS (ms): Min: 0.0, Avg: 0.1, Max: 0.1, Diff: 0.1, Sum: 0.7]
         [Processed Buffers: Min: 0, Avg: 1.1, Max: 2, Diff: 2, Sum: 11]
      [Scan RS (ms): Min: 0.1, Avg: 0.1, Max: 0.1, Diff: 0.1, Sum: 1.1]
      [Code Root Scanning (ms): Min: 0.0, Avg: 0.0, Max: 0.0, Diff: 0.0, Sum: 0.0]
      [Object Copy (ms): Min: 34.5, Avg: 34.6, Max: 34.8, Diff: 0.2, Sum: 346.4]
      [Termination (ms): Min: 0.0, Avg: 0.1, Max: 0.2, Diff: 0.2, Sum: 1.4]
         [Termination Attempts: Min: 1, Avg: 1.0, Max: 1, Diff: 0, Sum: 10]
      [GC Worker Other (ms): Min: 0.0, Avg: 0.0, Max: 0.1, Diff: 0.0, Sum: 0.4]
      [GC Worker Total (ms): Min: 34.9, Avg: 35.0, Max: 35.2, Diff: 0.2, Sum: 350.4]
      [GC Worker End (ms): Min: 3931.9, Avg: 3931.9, Max: 3931.9, Diff: 0.0]
   [Code Root Fixup: 0.0 ms]
   [Code Root Purge: 0.0 ms]
   [Clear CT: 0.5 ms]
   [Other: 1.0 ms]
      [Choose CSet: 0.0 ms]
      [Ref Proc: 0.2 ms]
      [Ref Enq: 0.0 ms]
      [Redirty Cards: 0.3 ms]
      [Humongous Register: 0.0 ms]
      [Humongous Reclaim: 0.0 ms]
      [Free CSet: 0.3 ms]
   [Eden: 1810.0M(1810.0M)->0.0B(1732.0M) Survivors: 274.0M->262.0M Heap: 3281.9M(4096.0M)->1563.8M(4096.0M)]
 [Times: user=0.30 sys=0.02, real=0.04 secs] 
2022-01-17T02:09:21.574+0800: 4.099: [GC pause (G1 Evacuation Pause) (young), 0.0376869 secs]
   [Parallel Time: 35.9 ms, GC Workers: 10]
      [GC Worker Start (ms): Min: 4099.2, Avg: 4099.2, Max: 4099.3, Diff: 0.1]
      [Ext Root Scanning (ms): Min: 0.0, Avg: 0.1, Max: 0.2, Diff: 0.1, Sum: 0.6]
      [Update RS (ms): Min: 0.0, Avg: 0.1, Max: 0.3, Diff: 0.2, Sum: 0.8]
         [Processed Buffers: Min: 1, Avg: 1.1, Max: 2, Diff: 1, Sum: 11]
      [Scan RS (ms): Min: 0.0, Avg: 0.1, Max: 0.1, Diff: 0.1, Sum: 1.0]
      [Code Root Scanning (ms): Min: 0.0, Avg: 0.0, Max: 0.0, Diff: 0.0, Sum: 0.0]
      [Object Copy (ms): Min: 35.2, Avg: 35.3, Max: 35.4, Diff: 0.2, Sum: 353.4]
      [Termination (ms): Min: 0.0, Avg: 0.1, Max: 0.2, Diff: 0.2, Sum: 0.8]
         [Termination Attempts: Min: 1, Avg: 1.0, Max: 1, Diff: 0, Sum: 10]
      [GC Worker Other (ms): Min: 0.0, Avg: 0.0, Max: 0.1, Diff: 0.1, Sum: 0.4]
      [GC Worker Total (ms): Min: 35.6, Avg: 35.7, Max: 35.8, Diff: 0.2, Sum: 357.0]
      [GC Worker End (ms): Min: 4134.9, Avg: 4134.9, Max: 4135.0, Diff: 0.1]
   [Code Root Fixup: 0.0 ms]
   [Code Root Purge: 0.0 ms]
   [Clear CT: 0.6 ms]
   [Other: 1.2 ms]
      [Choose CSet: 0.0 ms]
      [Ref Proc: 0.2 ms]
      [Ref Enq: 0.0 ms]
      [Redirty Cards: 0.5 ms]
      [Humongous Register: 0.0 ms]
      [Humongous Reclaim: 0.0 ms]
      [Free CSet: 0.3 ms]
   [Eden: 1732.0M(1732.0M)->0.0B(1628.0M) Survivors: 262.0M->250.0M Heap: 3295.8M(4096.0M)->1681.2M(4096.0M)]
 [Times: user=0.31 sys=0.00, real=0.04 secs] 
2022-01-17T02:09:21.767+0800: 4.293: [GC pause (G1 Evacuation Pause) (young), 0.0364433 secs]
   [Parallel Time: 34.6 ms, GC Workers: 10]
      [GC Worker Start (ms): Min: 4292.9, Avg: 4293.0, Max: 4293.0, Diff: 0.1]
      [Ext Root Scanning (ms): Min: 0.0, Avg: 0.1, Max: 0.1, Diff: 0.1, Sum: 0.6]
      [Update RS (ms): Min: 0.0, Avg: 0.1, Max: 0.1, Diff: 0.1, Sum: 0.9]
         [Processed Buffers: Min: 1, Avg: 1.1, Max: 2, Diff: 1, Sum: 11]
      [Scan RS (ms): Min: 0.1, Avg: 0.1, Max: 0.1, Diff: 0.0, Sum: 1.0]
      [Code Root Scanning (ms): Min: 0.0, Avg: 0.0, Max: 0.0, Diff: 0.0, Sum: 0.0]
      [Object Copy (ms): Min: 33.8, Avg: 33.9, Max: 34.0, Diff: 0.2, Sum: 339.3]
      [Termination (ms): Min: 0.0, Avg: 0.1, Max: 0.2, Diff: 0.2, Sum: 0.9]
         [Termination Attempts: Min: 1, Avg: 1.0, Max: 1, Diff: 0, Sum: 10]
      [GC Worker Other (ms): Min: 0.0, Avg: 0.1, Max: 0.2, Diff: 0.2, Sum: 0.6]
      [GC Worker Total (ms): Min: 34.2, Avg: 34.3, Max: 34.5, Diff: 0.2, Sum: 343.3]
      [GC Worker End (ms): Min: 4327.3, Avg: 4327.3, Max: 4327.4, Diff: 0.2]
   [Code Root Fixup: 0.0 ms]
   [Code Root Purge: 0.0 ms]
   [Clear CT: 0.6 ms]
   [Other: 1.2 ms]
      [Choose CSet: 0.0 ms]
      [Ref Proc: 0.3 ms]
      [Ref Enq: 0.0 ms]
      [Redirty Cards: 0.5 ms]
      [Humongous Register: 0.0 ms]
      [Humongous Reclaim: 0.0 ms]
      [Free CSet: 0.3 ms]
   [Eden: 1628.0M(1628.0M)->0.0B(1530.0M) Survivors: 250.0M->236.0M Heap: 3309.2M(4096.0M)->1791.1M(4096.0M)]
 [Times: user=0.31 sys=0.00, real=0.04 secs] 
2022-01-17T02:09:21.944+0800: 4.470: [GC pause (G1 Evacuation Pause) (young), 0.0374806 secs]
   [Parallel Time: 35.4 ms, GC Workers: 10]
      [GC Worker Start (ms): Min: 4469.7, Avg: 4469.9, Max: 4469.9, Diff: 0.2]
      [Ext Root Scanning (ms): Min: 0.0, Avg: 0.1, Max: 0.2, Diff: 0.2, Sum: 0.6]
      [Update RS (ms): Min: 0.1, Avg: 0.1, Max: 0.1, Diff: 0.1, Sum: 0.8]
         [Processed Buffers: Min: 1, Avg: 1.1, Max: 2, Diff: 1, Sum: 11]
      [Scan RS (ms): Min: 0.0, Avg: 0.1, Max: 0.1, Diff: 0.1, Sum: 0.8]
      [Code Root Scanning (ms): Min: 0.0, Avg: 0.0, Max: 0.0, Diff: 0.0, Sum: 0.0]
      [Object Copy (ms): Min: 34.7, Avg: 34.8, Max: 34.9, Diff: 0.2, Sum: 347.9]
      [Termination (ms): Min: 0.0, Avg: 0.1, Max: 0.2, Diff: 0.2, Sum: 1.1]
         [Termination Attempts: Min: 1, Avg: 1.0, Max: 1, Diff: 0, Sum: 10]
      [GC Worker Other (ms): Min: 0.0, Avg: 0.0, Max: 0.1, Diff: 0.1, Sum: 0.4]
      [GC Worker Total (ms): Min: 35.1, Avg: 35.2, Max: 35.3, Diff: 0.2, Sum: 351.6]
      [GC Worker End (ms): Min: 4505.0, Avg: 4505.0, Max: 4505.1, Diff: 0.1]
   [Code Root Fixup: 0.0 ms]
   [Code Root Purge: 0.0 ms]
   [Clear CT: 0.5 ms]
   [Other: 1.5 ms]
      [Choose CSet: 0.0 ms]
      [Ref Proc: 0.4 ms]
      [Ref Enq: 0.0 ms]
      [Redirty Cards: 0.7 ms]
      [Humongous Register: 0.0 ms]
      [Humongous Reclaim: 0.0 ms]
      [Free CSet: 0.3 ms]
   [Eden: 1530.0M(1530.0M)->0.0B(1408.0M) Survivors: 236.0M->222.0M Heap: 3321.1M(4096.0M)->1925.8M(4096.0M)]
 [Times: user=0.47 sys=0.00, real=0.04 secs] 
2022-01-17T02:09:22.113+0800: 4.639: [GC pause (G1 Evacuation Pause) (young), 0.0351764 secs]
   [Parallel Time: 33.8 ms, GC Workers: 10]
      [GC Worker Start (ms): Min: 4639.3, Avg: 4639.4, Max: 4639.5, Diff: 0.2]
      [Ext Root Scanning (ms): Min: 0.0, Avg: 0.1, Max: 0.2, Diff: 0.2, Sum: 0.6]
      [Update RS (ms): Min: 0.1, Avg: 0.1, Max: 0.2, Diff: 0.1, Sum: 1.0]
         [Processed Buffers: Min: 1, Avg: 1.1, Max: 2, Diff: 1, Sum: 11]
      [Scan RS (ms): Min: 0.0, Avg: 0.1, Max: 0.1, Diff: 0.1, Sum: 0.8]
      [Code Root Scanning (ms): Min: 0.0, Avg: 0.0, Max: 0.0, Diff: 0.0, Sum: 0.0]
      [Object Copy (ms): Min: 33.0, Avg: 33.1, Max: 33.1, Diff: 0.1, Sum: 330.9]
      [Termination (ms): Min: 0.0, Avg: 0.1, Max: 0.1, Diff: 0.1, Sum: 0.5]
         [Termination Attempts: Min: 1, Avg: 1.1, Max: 2, Diff: 1, Sum: 11]
      [GC Worker Other (ms): Min: 0.0, Avg: 0.0, Max: 0.1, Diff: 0.1, Sum: 0.4]
      [GC Worker Total (ms): Min: 33.3, Avg: 33.4, Max: 33.6, Diff: 0.2, Sum: 334.3]
      [GC Worker End (ms): Min: 4672.8, Avg: 4672.9, Max: 4672.9, Diff: 0.1]
   [Code Root Fixup: 0.0 ms]
   [Code Root Purge: 0.0 ms]
   [Clear CT: 0.3 ms]
   [Other: 1.1 ms]
      [Choose CSet: 0.0 ms]
      [Ref Proc: 0.2 ms]
      [Ref Enq: 0.0 ms]
      [Redirty Cards: 0.4 ms]
      [Humongous Register: 0.0 ms]
      [Humongous Reclaim: 0.0 ms]
      [Free CSet: 0.3 ms]
   [Eden: 1408.0M(1408.0M)->0.0B(1296.0M) Survivors: 222.0M->204.0M Heap: 3333.8M(4096.0M)->2053.5M(4096.0M)]
 [Times: user=0.31 sys=0.00, real=0.04 secs] 
2022-01-17T02:09:22.269+0800: 4.795: [GC pause (G1 Evacuation Pause) (young) (initial-mark), 0.0358849 secs]
   [Parallel Time: 34.8 ms, GC Workers: 10]
      [GC Worker Start (ms): Min: 4795.2, Avg: 4795.3, Max: 4795.3, Diff: 0.2]
      [Ext Root Scanning (ms): Min: 0.0, Avg: 0.1, Max: 0.2, Diff: 0.2, Sum: 0.7]
      [Update RS (ms): Min: 0.1, Avg: 0.1, Max: 0.2, Diff: 0.1, Sum: 0.9]
         [Processed Buffers: Min: 1, Avg: 1.1, Max: 2, Diff: 1, Sum: 11]
      [Scan RS (ms): Min: 0.0, Avg: 0.1, Max: 0.1, Diff: 0.0, Sum: 0.7]
      [Code Root Scanning (ms): Min: 0.0, Avg: 0.0, Max: 0.0, Diff: 0.0, Sum: 0.0]
      [Object Copy (ms): Min: 34.1, Avg: 34.3, Max: 34.4, Diff: 0.3, Sum: 342.6]
      [Termination (ms): Min: 0.0, Avg: 0.1, Max: 0.2, Diff: 0.2, Sum: 1.3]
         [Termination Attempts: Min: 1, Avg: 1.0, Max: 1, Diff: 0, Sum: 10]
      [GC Worker Other (ms): Min: 0.0, Avg: 0.0, Max: 0.0, Diff: 0.0, Sum: 0.3]
      [GC Worker Total (ms): Min: 34.6, Avg: 34.6, Max: 34.8, Diff: 0.2, Sum: 346.5]
      [GC Worker End (ms): Min: 4829.9, Avg: 4829.9, Max: 4830.0, Diff: 0.0]
   [Code Root Fixup: 0.0 ms]
   [Code Root Purge: 0.0 ms]
   [Clear CT: 0.3 ms]
   [Other: 0.8 ms]
      [Choose CSet: 0.0 ms]
      [Ref Proc: 0.1 ms]
      [Ref Enq: 0.0 ms]
      [Redirty Cards: 0.1 ms]
      [Humongous Register: 0.0 ms]
      [Humongous Reclaim: 0.0 ms]
      [Free CSet: 0.4 ms]
   [Eden: 1296.0M(1296.0M)->0.0B(1154.0M) Survivors: 204.0M->188.0M Heap: 3349.5M(4096.0M)->2214.4M(4096.0M)]
 [Times: user=0.33 sys=0.00, real=0.04 secs] 
2022-01-17T02:09:22.305+0800: 4.831: [GC concurrent-root-region-scan-start]
2022-01-17T02:09:22.305+0800: 4.831: [GC concurrent-root-region-scan-end, 0.0001487 secs]
2022-01-17T02:09:22.305+0800: 4.831: [GC concurrent-mark-start]
2022-01-17T02:09:22.308+0800: 4.834: [GC concurrent-mark-end, 0.0032270 secs]
2022-01-17T02:09:22.308+0800: 4.834: [GC remark 2022-01-17T02:09:22.308+0800: 4.835: [Finalize Marking, 0.0001509 secs] 2022-01-17T02:09:22.309+0800: 4.835: [GC ref-proc, 0.0000596 secs] 2022-01-17T02:09:22.309+0800: 4.835: [Unloading, 0.0003625 secs], 0.0011512 secs]
 [Times: user=0.00 sys=0.00, real=0.00 secs] 
2022-01-17T02:09:22.310+0800: 4.836: [GC cleanup 2244M->666M(4096M), 0.0010545 secs]
 [Times: user=0.00 sys=0.00, real=0.00 secs] 
2022-01-17T02:09:22.311+0800: 4.837: [GC concurrent-cleanup-start]
2022-01-17T02:09:22.311+0800: 4.838: [GC concurrent-cleanup-end, 0.0008287 secs]
2022-01-17T02:09:22.416+0800: 4.942: [GC pause (G1 Evacuation Pause) (young), 0.0320851 secs]
   [Parallel Time: 30.8 ms, GC Workers: 10]
      [GC Worker Start (ms): Min: 4942.2, Avg: 4942.3, Max: 4942.4, Diff: 0.2]
      [Ext Root Scanning (ms): Min: 0.0, Avg: 0.1, Max: 0.2, Diff: 0.2, Sum: 0.5]
      [Update RS (ms): Min: 0.1, Avg: 0.1, Max: 0.3, Diff: 0.2, Sum: 1.3]
         [Processed Buffers: Min: 1, Avg: 1.1, Max: 2, Diff: 1, Sum: 11]
      [Scan RS (ms): Min: 0.0, Avg: 0.1, Max: 0.1, Diff: 0.1, Sum: 0.6]
      [Code Root Scanning (ms): Min: 0.0, Avg: 0.0, Max: 0.0, Diff: 0.0, Sum: 0.0]
      [Object Copy (ms): Min: 29.9, Avg: 30.1, Max: 30.2, Diff: 0.4, Sum: 300.9]
      [Termination (ms): Min: 0.0, Avg: 0.1, Max: 0.2, Diff: 0.2, Sum: 1.0]
         [Termination Attempts: Min: 1, Avg: 1.0, Max: 1, Diff: 0, Sum: 10]
      [GC Worker Other (ms): Min: 0.0, Avg: 0.0, Max: 0.1, Diff: 0.0, Sum: 0.3]
      [GC Worker Total (ms): Min: 30.4, Avg: 30.5, Max: 30.6, Diff: 0.2, Sum: 304.7]
      [GC Worker End (ms): Min: 4972.8, Avg: 4972.8, Max: 4972.8, Diff: 0.0]
   [Code Root Fixup: 0.0 ms]
   [Code Root Purge: 0.0 ms]
   [Clear CT: 0.3 ms]
   [Other: 1.0 ms]
      [Choose CSet: 0.0 ms]
      [Ref Proc: 0.4 ms]
      [Ref Enq: 0.0 ms]
      [Redirty Cards: 0.1 ms]
      [Humongous Register: 0.0 ms]
      [Humongous Reclaim: 0.0 ms]
      [Free CSet: 0.3 ms]
   [Eden: 1154.0M(1154.0M)->0.0B(36.0M) Survivors: 188.0M->168.0M Heap: 1790.4M(4096.0M)->771.6M(4096.0M)]
 [Times: user=0.31 sys=0.00, real=0.03 secs] 
2022-01-17T02:09:22.452+0800: 4.978: [GC pause (G1 Evacuation Pause) (mixed), 0.0175425 secs]
   [Parallel Time: 17.1 ms, GC Workers: 10]
      [GC Worker Start (ms): Min: 4977.9, Avg: 4978.0, Max: 4978.0, Diff: 0.1]
      [Ext Root Scanning (ms): Min: 0.0, Avg: 0.1, Max: 0.1, Diff: 0.1, Sum: 0.6]
      [Update RS (ms): Min: 0.0, Avg: 0.1, Max: 0.3, Diff: 0.3, Sum: 0.8]
         [Processed Buffers: Min: 1, Avg: 1.1, Max: 2, Diff: 1, Sum: 11]
      [Scan RS (ms): Min: 0.0, Avg: 0.0, Max: 0.0, Diff: 0.0, Sum: 0.1]
      [Code Root Scanning (ms): Min: 0.0, Avg: 0.0, Max: 0.0, Diff: 0.0, Sum: 0.0]
      [Object Copy (ms): Min: 16.5, Avg: 16.7, Max: 16.8, Diff: 0.3, Sum: 167.4]
      [Termination (ms): Min: 0.0, Avg: 0.0, Max: 0.1, Diff: 0.1, Sum: 0.3]
         [Termination Attempts: Min: 1, Avg: 1.0, Max: 1, Diff: 0, Sum: 10]
      [GC Worker Other (ms): Min: 0.0, Avg: 0.0, Max: 0.0, Diff: 0.0, Sum: 0.1]
      [GC Worker Total (ms): Min: 16.9, Avg: 16.9, Max: 17.0, Diff: 0.1, Sum: 169.4]
      [GC Worker End (ms): Min: 4994.9, Avg: 4994.9, Max: 4994.9, Diff: 0.0]
   [Code Root Fixup: 0.0 ms]
   [Code Root Purge: 0.0 ms]
   [Clear CT: 0.1 ms]
   [Other: 0.4 ms]
      [Choose CSet: 0.0 ms]
      [Ref Proc: 0.1 ms]
      [Ref Enq: 0.0 ms]
      [Redirty Cards: 0.1 ms]
      [Humongous Register: 0.0 ms]
      [Humongous Reclaim: 0.0 ms]
      [Free CSet: 0.1 ms]
   [Eden: 36.0M(36.0M)->0.0B(2412.0M) Survivors: 168.0M->12.0M Heap: 807.6M(4096.0M)->759.8M(4096.0M)]
 [Times: user=0.16 sys=0.00, real=0.02 secs] 
2022-01-17T02:09:22.690+0800: 5.216: [GC pause (G1 Evacuation Pause) (young), 0.0373343 secs]
   [Parallel Time: 35.6 ms, GC Workers: 10]
      [GC Worker Start (ms): Min: 5216.4, Avg: 5216.5, Max: 5216.6, Diff: 0.2]
      [Ext Root Scanning (ms): Min: 0.0, Avg: 0.1, Max: 0.2, Diff: 0.2, Sum: 0.5]
      [Update RS (ms): Min: 0.1, Avg: 0.1, Max: 0.2, Diff: 0.1, Sum: 0.9]
         [Processed Buffers: Min: 1, Avg: 1.1, Max: 2, Diff: 1, Sum: 11]
      [Scan RS (ms): Min: 0.0, Avg: 0.1, Max: 0.1, Diff: 0.1, Sum: 1.1]
      [Code Root Scanning (ms): Min: 0.0, Avg: 0.0, Max: 0.0, Diff: 0.0, Sum: 0.0]
      [Object Copy (ms): Min: 34.7, Avg: 34.8, Max: 34.9, Diff: 0.2, Sum: 347.7]
      [Termination (ms): Min: 0.0, Avg: 0.1, Max: 0.2, Diff: 0.2, Sum: 0.9]
         [Termination Attempts: Min: 1, Avg: 1.0, Max: 1, Diff: 0, Sum: 10]
      [GC Worker Other (ms): Min: 0.0, Avg: 0.1, Max: 0.2, Diff: 0.1, Sum: 0.6]
      [GC Worker Total (ms): Min: 35.1, Avg: 35.2, Max: 35.3, Diff: 0.3, Sum: 351.8]
      [GC Worker End (ms): Min: 5251.6, Avg: 5251.7, Max: 5251.8, Diff: 0.1]
   [Code Root Fixup: 0.0 ms]
   [Code Root Purge: 0.0 ms]
   [Clear CT: 0.4 ms]
   [Other: 1.2 ms]
      [Choose CSet: 0.0 ms]
      [Ref Proc: 0.4 ms]
      [Ref Enq: 0.0 ms]
      [Redirty Cards: 0.3 ms]
      [Humongous Register: 0.0 ms]
      [Humongous Reclaim: 0.0 ms]
      [Free CSet: 0.4 ms]
   [Eden: 2412.0M(2412.0M)->0.0B(2102.0M) Survivors: 12.0M->304.0M Heap: 3171.8M(4096.0M)->1128.0M(4096.0M)]
 [Times: user=0.33 sys=0.02, real=0.04 secs] 
2022-01-17T02:09:22.925+0800: 5.451: [GC pause (G1 Evacuation Pause) (young), 0.0385605 secs]
   [Parallel Time: 36.7 ms, GC Workers: 10]
      [GC Worker Start (ms): Min: 5451.0, Avg: 5451.1, Max: 5451.2, Diff: 0.1]
      [Ext Root Scanning (ms): Min: 0.0, Avg: 0.1, Max: 0.1, Diff: 0.1, Sum: 0.6]
      [Update RS (ms): Min: 0.0, Avg: 0.1, Max: 0.1, Diff: 0.1, Sum: 0.8]
         [Processed Buffers: Min: 1, Avg: 1.1, Max: 2, Diff: 1, Sum: 11]
      [Scan RS (ms): Min: 0.1, Avg: 0.1, Max: 0.2, Diff: 0.1, Sum: 1.2]
      [Code Root Scanning (ms): Min: 0.0, Avg: 0.0, Max: 0.0, Diff: 0.0, Sum: 0.0]
      [Object Copy (ms): Min: 35.8, Avg: 35.9, Max: 36.0, Diff: 0.1, Sum: 359.2]
      [Termination (ms): Min: 0.0, Avg: 0.1, Max: 0.1, Diff: 0.1, Sum: 0.6]
         [Termination Attempts: Min: 1, Avg: 1.0, Max: 1, Diff: 0, Sum: 10]
      [GC Worker Other (ms): Min: 0.0, Avg: 0.1, Max: 0.2, Diff: 0.2, Sum: 1.1]
      [GC Worker Total (ms): Min: 36.2, Avg: 36.4, Max: 36.5, Diff: 0.3, Sum: 363.6]
      [GC Worker End (ms): Min: 5487.4, Avg: 5487.5, Max: 5487.6, Diff: 0.2]
   [Code Root Fixup: 0.0 ms]
   [Code Root Purge: 0.0 ms]
   [Clear CT: 0.6 ms]
   [Other: 1.2 ms]
      [Choose CSet: 0.0 ms]
      [Ref Proc: 0.2 ms]
      [Ref Enq: 0.0 ms]
      [Redirty Cards: 0.3 ms]
      [Humongous Register: 0.0 ms]
      [Humongous Reclaim: 0.0 ms]
      [Free CSet: 0.5 ms]
   [Eden: 2102.0M(2102.0M)->0.0B(2044.0M) Survivors: 304.0M->302.0M Heap: 3230.0M(4096.0M)->1204.6M(4096.0M)]
 [Times: user=0.47 sys=0.00, real=0.04 secs] 
2022-01-17T02:09:23.156+0800: 5.682: [GC pause (G1 Evacuation Pause) (young), 0.0378036 secs]
   [Parallel Time: 36.1 ms, GC Workers: 10]
      [GC Worker Start (ms): Min: 5682.2, Avg: 5682.3, Max: 5682.3, Diff: 0.1]
      [Ext Root Scanning (ms): Min: 0.0, Avg: 0.1, Max: 0.1, Diff: 0.1, Sum: 0.6]
      [Update RS (ms): Min: 0.0, Avg: 0.1, Max: 0.2, Diff: 0.1, Sum: 0.9]
         [Processed Buffers: Min: 1, Avg: 1.1, Max: 2, Diff: 1, Sum: 11]
      [Scan RS (ms): Min: 0.0, Avg: 0.1, Max: 0.2, Diff: 0.1, Sum: 1.3]
      [Code Root Scanning (ms): Min: 0.0, Avg: 0.0, Max: 0.0, Diff: 0.0, Sum: 0.0]
      [Object Copy (ms): Min: 35.4, Avg: 35.4, Max: 35.5, Diff: 0.1, Sum: 354.4]
      [Termination (ms): Min: 0.0, Avg: 0.0, Max: 0.1, Diff: 0.1, Sum: 0.4]
         [Termination Attempts: Min: 1, Avg: 1.0, Max: 1, Diff: 0, Sum: 10]
      [GC Worker Other (ms): Min: 0.0, Avg: 0.1, Max: 0.2, Diff: 0.1, Sum: 0.7]
      [GC Worker Total (ms): Min: 35.7, Avg: 35.8, Max: 36.0, Diff: 0.2, Sum: 358.4]
      [GC Worker End (ms): Min: 5718.1, Avg: 5718.1, Max: 5718.2, Diff: 0.1]
   [Code Root Fixup: 0.0 ms]
   [Code Root Purge: 0.0 ms]
   [Clear CT: 0.5 ms]
   [Other: 1.2 ms]
      [Choose CSet: 0.0 ms]
      [Ref Proc: 0.3 ms]
      [Ref Enq: 0.0 ms]
      [Redirty Cards: 0.4 ms]
      [Humongous Register: 0.0 ms]
      [Humongous Reclaim: 0.0 ms]
      [Free CSet: 0.4 ms]
   [Eden: 2044.0M(2044.0M)->0.0B(1980.0M) Survivors: 302.0M->294.0M Heap: 3248.6M(4096.0M)->1280.8M(4096.0M)]
 [Times: user=0.31 sys=0.00, real=0.04 secs] 
2022-01-17T02:09:23.378+0800: 5.905: [GC pause (G1 Evacuation Pause) (young), 0.0383351 secs]
   [Parallel Time: 36.6 ms, GC Workers: 10]
      [GC Worker Start (ms): Min: 5905.0, Avg: 5905.1, Max: 5905.1, Diff: 0.2]
      [Ext Root Scanning (ms): Min: 0.0, Avg: 0.1, Max: 0.2, Diff: 0.2, Sum: 0.6]
      [Update RS (ms): Min: 0.0, Avg: 0.1, Max: 0.5, Diff: 0.5, Sum: 1.0]
         [Processed Buffers: Min: 1, Avg: 1.1, Max: 2, Diff: 1, Sum: 11]
      [Scan RS (ms): Min: 0.1, Avg: 0.1, Max: 0.2, Diff: 0.1, Sum: 1.2]
      [Code Root Scanning (ms): Min: 0.0, Avg: 0.0, Max: 0.0, Diff: 0.0, Sum: 0.0]
      [Object Copy (ms): Min: 35.3, Avg: 35.7, Max: 35.8, Diff: 0.6, Sum: 357.3]
      [Termination (ms): Min: 0.0, Avg: 0.1, Max: 0.2, Diff: 0.2, Sum: 0.8]
         [Termination Attempts: Min: 1, Avg: 1.2, Max: 2, Diff: 1, Sum: 12]
      [GC Worker Other (ms): Min: 0.0, Avg: 0.1, Max: 0.2, Diff: 0.2, Sum: 0.8]
      [GC Worker Total (ms): Min: 36.1, Avg: 36.2, Max: 36.3, Diff: 0.3, Sum: 361.7]
      [GC Worker End (ms): Min: 5941.2, Avg: 5941.2, Max: 5941.3, Diff: 0.2]
   [Code Root Fixup: 0.0 ms]
   [Code Root Purge: 0.0 ms]
   [Clear CT: 0.3 ms]
   [Other: 1.4 ms]
      [Choose CSet: 0.0 ms]
      [Ref Proc: 0.4 ms]
      [Ref Enq: 0.0 ms]
      [Redirty Cards: 0.5 ms]
      [Humongous Register: 0.0 ms]
      [Humongous Reclaim: 0.0 ms]
      [Free CSet: 0.4 ms]
   [Eden: 1980.0M(1980.0M)->0.0B(1914.0M) Survivors: 294.0M->286.0M Heap: 3260.8M(4096.0M)->1360.4M(4096.0M)]
 [Times: user=0.47 sys=0.00, real=0.04 secs] 
2022-01-17T02:09:23.594+0800: 6.120: [GC pause (G1 Evacuation Pause) (young), 0.0377675 secs]
   [Parallel Time: 36.4 ms, GC Workers: 10]
      [GC Worker Start (ms): Min: 6120.2, Avg: 6120.3, Max: 6120.3, Diff: 0.1]
      [Ext Root Scanning (ms): Min: 0.0, Avg: 0.1, Max: 0.1, Diff: 0.1, Sum: 0.7]
      [Update RS (ms): Min: 0.0, Avg: 0.1, Max: 0.2, Diff: 0.2, Sum: 0.8]
         [Processed Buffers: Min: 1, Avg: 1.1, Max: 2, Diff: 1, Sum: 11]
      [Scan RS (ms): Min: 0.0, Avg: 0.1, Max: 0.1, Diff: 0.1, Sum: 1.0]
      [Code Root Scanning (ms): Min: 0.0, Avg: 0.0, Max: 0.0, Diff: 0.0, Sum: 0.0]
      [Object Copy (ms): Min: 35.8, Avg: 35.9, Max: 35.9, Diff: 0.1, Sum: 358.8]
      [Termination (ms): Min: 0.0, Avg: 0.1, Max: 0.1, Diff: 0.1, Sum: 0.5]
         [Termination Attempts: Min: 1, Avg: 1.0, Max: 1, Diff: 0, Sum: 10]
      [GC Worker Other (ms): Min: 0.0, Avg: 0.0, Max: 0.1, Diff: 0.1, Sum: 0.4]
      [GC Worker Total (ms): Min: 36.2, Avg: 36.2, Max: 36.3, Diff: 0.1, Sum: 362.3]
      [GC Worker End (ms): Min: 6156.5, Avg: 6156.5, Max: 6156.5, Diff: 0.1]
   [Code Root Fixup: 0.0 ms]
   [Code Root Purge: 0.0 ms]
   [Clear CT: 0.5 ms]
   [Other: 0.9 ms]
      [Choose CSet: 0.0 ms]
      [Ref Proc: 0.2 ms]
      [Ref Enq: 0.0 ms]
      [Redirty Cards: 0.2 ms]
      [Humongous Register: 0.0 ms]
      [Humongous Reclaim: 0.0 ms]
      [Free CSet: 0.4 ms]
   [Eden: 1914.0M(1914.0M)->0.0B(1834.0M) Survivors: 286.0M->276.0M Heap: 3274.4M(4096.0M)->1452.7M(4096.0M)]
 [Times: user=0.31 sys=0.00, real=0.04 secs] 
2022-01-17T02:09:23.803+0800: 6.329: [GC pause (G1 Evacuation Pause) (young), 0.0384645 secs]
   [Parallel Time: 37.1 ms, GC Workers: 10]
      [GC Worker Start (ms): Min: 6329.3, Avg: 6329.3, Max: 6329.4, Diff: 0.1]
      [Ext Root Scanning (ms): Min: 0.1, Avg: 0.1, Max: 0.2, Diff: 0.1, Sum: 1.1]
      [Update RS (ms): Min: 0.0, Avg: 0.1, Max: 0.2, Diff: 0.1, Sum: 0.9]
         [Processed Buffers: Min: 1, Avg: 1.1, Max: 2, Diff: 1, Sum: 11]
      [Scan RS (ms): Min: 0.1, Avg: 0.1, Max: 0.1, Diff: 0.1, Sum: 1.1]
      [Code Root Scanning (ms): Min: 0.0, Avg: 0.0, Max: 0.0, Diff: 0.0, Sum: 0.0]
      [Object Copy (ms): Min: 36.4, Avg: 36.5, Max: 36.6, Diff: 0.1, Sum: 365.1]
      [Termination (ms): Min: 0.0, Avg: 0.1, Max: 0.1, Diff: 0.1, Sum: 0.7]
         [Termination Attempts: Min: 1, Avg: 1.0, Max: 1, Diff: 0, Sum: 10]
      [GC Worker Other (ms): Min: 0.0, Avg: 0.0, Max: 0.0, Diff: 0.0, Sum: 0.3]
      [GC Worker Total (ms): Min: 36.9, Avg: 36.9, Max: 37.0, Diff: 0.1, Sum: 369.2]
      [GC Worker End (ms): Min: 6366.2, Avg: 6366.2, Max: 6366.2, Diff: 0.0]
   [Code Root Fixup: 0.0 ms]
   [Code Root Purge: 0.0 ms]
   [Clear CT: 0.5 ms]
   [Other: 0.8 ms]
      [Choose CSet: 0.0 ms]
      [Ref Proc: 0.1 ms]
      [Ref Enq: 0.0 ms]
      [Redirty Cards: 0.2 ms]
      [Humongous Register: 0.0 ms]
      [Humongous Reclaim: 0.0 ms]
      [Free CSet: 0.4 ms]
   [Eden: 1834.0M(1834.0M)->0.0B(1722.0M) Survivors: 276.0M->264.0M Heap: 3286.7M(4096.0M)->1572.3M(4096.0M)]
 [Times: user=0.45 sys=0.02, real=0.04 secs] 
2022-01-17T02:09:24.005+0800: 6.531: [GC pause (G1 Evacuation Pause) (young), 0.0369753 secs]
   [Parallel Time: 35.3 ms, GC Workers: 10]
      [GC Worker Start (ms): Min: 6531.3, Avg: 6531.4, Max: 6531.5, Diff: 0.2]
      [Ext Root Scanning (ms): Min: 0.0, Avg: 0.1, Max: 0.2, Diff: 0.2, Sum: 0.6]
      [Update RS (ms): Min: 0.0, Avg: 0.1, Max: 0.2, Diff: 0.1, Sum: 0.8]
         [Processed Buffers: Min: 1, Avg: 1.1, Max: 2, Diff: 1, Sum: 11]
      [Scan RS (ms): Min: 0.0, Avg: 0.1, Max: 0.1, Diff: 0.1, Sum: 1.1]
      [Code Root Scanning (ms): Min: 0.0, Avg: 0.0, Max: 0.0, Diff: 0.0, Sum: 0.0]
      [Object Copy (ms): Min: 34.5, Avg: 34.6, Max: 34.7, Diff: 0.2, Sum: 346.1]
      [Termination (ms): Min: 0.0, Avg: 0.1, Max: 0.2, Diff: 0.2, Sum: 0.7]
         [Termination Attempts: Min: 1, Avg: 1.0, Max: 1, Diff: 0, Sum: 10]
      [GC Worker Other (ms): Min: 0.0, Avg: 0.0, Max: 0.1, Diff: 0.1, Sum: 0.4]
      [GC Worker Total (ms): Min: 34.9, Avg: 35.0, Max: 35.1, Diff: 0.2, Sum: 349.7]
      [GC Worker End (ms): Min: 6566.4, Avg: 6566.4, Max: 6566.4, Diff: 0.1]
   [Code Root Fixup: 0.0 ms]
   [Code Root Purge: 0.0 ms]
   [Clear CT: 0.6 ms]
   [Other: 1.1 ms]
      [Choose CSet: 0.0 ms]
      [Ref Proc: 0.4 ms]
      [Ref Enq: 0.0 ms]
      [Redirty Cards: 0.2 ms]
      [Humongous Register: 0.0 ms]
      [Humongous Reclaim: 0.0 ms]
      [Free CSet: 0.4 ms]
   [Eden: 1722.0M(1722.0M)->0.0B(1628.0M) Survivors: 264.0M->250.0M Heap: 3294.3M(4096.0M)->1678.1M(4096.0M)]
 [Times: user=0.47 sys=0.00, real=0.04 secs] 
2022-01-17T02:09:24.196+0800: 6.722: [GC pause (G1 Evacuation Pause) (young), 0.0368560 secs]
   [Parallel Time: 35.4 ms, GC Workers: 10]
      [GC Worker Start (ms): Min: 6721.6, Avg: 6721.8, Max: 6721.8, Diff: 0.2]
      [Ext Root Scanning (ms): Min: 0.0, Avg: 0.1, Max: 0.2, Diff: 0.2, Sum: 0.5]
      [Update RS (ms): Min: 0.0, Avg: 0.1, Max: 0.1, Diff: 0.1, Sum: 0.8]
         [Processed Buffers: Min: 1, Avg: 1.1, Max: 2, Diff: 1, Sum: 11]
      [Scan RS (ms): Min: 0.0, Avg: 0.1, Max: 0.1, Diff: 0.1, Sum: 0.9]
      [Code Root Scanning (ms): Min: 0.0, Avg: 0.0, Max: 0.0, Diff: 0.0, Sum: 0.0]
      [Object Copy (ms): Min: 34.7, Avg: 34.7, Max: 34.8, Diff: 0.1, Sum: 347.2]
      [Termination (ms): Min: 0.0, Avg: 0.0, Max: 0.1, Diff: 0.1, Sum: 0.4]
         [Termination Attempts: Min: 1, Avg: 1.0, Max: 1, Diff: 0, Sum: 10]
      [GC Worker Other (ms): Min: 0.0, Avg: 0.1, Max: 0.1, Diff: 0.1, Sum: 0.8]
      [GC Worker Total (ms): Min: 35.0, Avg: 35.1, Max: 35.2, Diff: 0.2, Sum: 350.5]
      [GC Worker End (ms): Min: 6756.8, Avg: 6756.8, Max: 6756.9, Diff: 0.1]
   [Code Root Fixup: 0.0 ms]
   [Code Root Purge: 0.0 ms]
   [Clear CT: 0.4 ms]
   [Other: 1.1 ms]
      [Choose CSet: 0.0 ms]
      [Ref Proc: 0.1 ms]
      [Ref Enq: 0.0 ms]
      [Redirty Cards: 0.5 ms]
      [Humongous Register: 0.0 ms]
      [Humongous Reclaim: 0.0 ms]
      [Free CSet: 0.3 ms]
   [Eden: 1628.0M(1628.0M)->0.0B(1522.0M) Survivors: 250.0M->236.0M Heap: 3306.1M(4096.0M)->1794.9M(4096.0M)]
 [Times: user=0.31 sys=0.00, real=0.04 secs] 
2022-01-17T02:09:24.375+0800: 6.901: [GC pause (G1 Evacuation Pause) (young), 0.0357591 secs]
   [Parallel Time: 34.1 ms, GC Workers: 10]
      [GC Worker Start (ms): Min: 6901.0, Avg: 6901.1, Max: 6901.1, Diff: 0.1]
      [Ext Root Scanning (ms): Min: 0.1, Avg: 0.1, Max: 0.1, Diff: 0.1, Sum: 0.9]
      [Update RS (ms): Min: 0.0, Avg: 0.1, Max: 0.2, Diff: 0.1, Sum: 0.7]
         [Processed Buffers: Min: 0, Avg: 1.1, Max: 2, Diff: 2, Sum: 11]
      [Scan RS (ms): Min: 0.0, Avg: 0.1, Max: 0.1, Diff: 0.1, Sum: 0.8]
      [Code Root Scanning (ms): Min: 0.0, Avg: 0.0, Max: 0.0, Diff: 0.0, Sum: 0.0]
      [Object Copy (ms): Min: 33.2, Avg: 33.3, Max: 33.4, Diff: 0.2, Sum: 333.1]
      [Termination (ms): Min: 0.0, Avg: 0.1, Max: 0.2, Diff: 0.2, Sum: 1.0]
         [Termination Attempts: Min: 1, Avg: 1.0, Max: 1, Diff: 0, Sum: 10]
      [GC Worker Other (ms): Min: 0.0, Avg: 0.1, Max: 0.1, Diff: 0.1, Sum: 0.6]
      [GC Worker Total (ms): Min: 33.6, Avg: 33.7, Max: 33.8, Diff: 0.2, Sum: 337.1]
      [GC Worker End (ms): Min: 6934.7, Avg: 6934.8, Max: 6934.9, Diff: 0.1]
   [Code Root Fixup: 0.0 ms]
   [Code Root Purge: 0.0 ms]
   [Clear CT: 0.6 ms]
   [Other: 1.1 ms]
      [Choose CSet: 0.0 ms]
      [Ref Proc: 0.2 ms]
      [Ref Enq: 0.0 ms]
      [Redirty Cards: 0.4 ms]
      [Humongous Register: 0.0 ms]
      [Humongous Reclaim: 0.0 ms]
      [Free CSet: 0.3 ms]
   [Eden: 1522.0M(1522.0M)->0.0B(1418.0M) Survivors: 236.0M->220.0M Heap: 3316.9M(4096.0M)->1917.6M(4096.0M)]
 [Times: user=0.31 sys=0.00, real=0.04 secs] 
2022-01-17T02:09:24.547+0800: 7.072: [GC pause (G1 Evacuation Pause) (young), 0.0347347 secs]
   [Parallel Time: 33.3 ms, GC Workers: 10]
      [GC Worker Start (ms): Min: 7072.3, Avg: 7072.4, Max: 7072.4, Diff: 0.2]
      [Ext Root Scanning (ms): Min: 0.0, Avg: 0.1, Max: 0.2, Diff: 0.2, Sum: 0.6]
      [Update RS (ms): Min: 0.1, Avg: 0.1, Max: 0.2, Diff: 0.1, Sum: 0.8]
         [Processed Buffers: Min: 1, Avg: 1.1, Max: 2, Diff: 1, Sum: 11]
      [Scan RS (ms): Min: 0.0, Avg: 0.1, Max: 0.1, Diff: 0.1, Sum: 0.8]
      [Code Root Scanning (ms): Min: 0.0, Avg: 0.0, Max: 0.0, Diff: 0.0, Sum: 0.0]
      [Object Copy (ms): Min: 32.7, Avg: 32.7, Max: 32.8, Diff: 0.1, Sum: 327.4]
      [Termination (ms): Min: 0.0, Avg: 0.1, Max: 0.1, Diff: 0.1, Sum: 0.7]
         [Termination Attempts: Min: 1, Avg: 1.0, Max: 1, Diff: 0, Sum: 10]
      [GC Worker Other (ms): Min: 0.0, Avg: 0.0, Max: 0.1, Diff: 0.1, Sum: 0.4]
      [GC Worker Total (ms): Min: 33.0, Avg: 33.1, Max: 33.2, Diff: 0.2, Sum: 330.9]
      [GC Worker End (ms): Min: 7105.4, Avg: 7105.5, Max: 7105.5, Diff: 0.1]
   [Code Root Fixup: 0.0 ms]
   [Code Root Purge: 0.0 ms]
   [Clear CT: 0.4 ms]
   [Other: 1.0 ms]
      [Choose CSet: 0.0 ms]
      [Ref Proc: 0.1 ms]
      [Ref Enq: 0.0 ms]
      [Redirty Cards: 0.4 ms]
      [Humongous Register: 0.0 ms]
      [Humongous Reclaim: 0.0 ms]
      [Free CSet: 0.3 ms]
   [Eden: 1418.0M(1418.0M)->0.0B(1312.0M) Survivors: 220.0M->206.0M Heap: 3335.6M(4096.0M)->2039.9M(4096.0M)]
 [Times: user=0.30 sys=0.00, real=0.03 secs] 
2022-01-17T02:09:24.704+0800: 7.230: [GC pause (G1 Evacuation Pause) (young), 0.0338267 secs]
   [Parallel Time: 32.7 ms, GC Workers: 10]
      [GC Worker Start (ms): Min: 7229.7, Avg: 7229.7, Max: 7229.8, Diff: 0.1]
      [Ext Root Scanning (ms): Min: 0.0, Avg: 0.1, Max: 0.2, Diff: 0.1, Sum: 0.7]
      [Update RS (ms): Min: 0.1, Avg: 0.1, Max: 0.1, Diff: 0.1, Sum: 0.8]
         [Processed Buffers: Min: 1, Avg: 1.1, Max: 2, Diff: 1, Sum: 11]
      [Scan RS (ms): Min: 0.0, Avg: 0.1, Max: 0.1, Diff: 0.1, Sum: 0.8]
      [Code Root Scanning (ms): Min: 0.0, Avg: 0.0, Max: 0.0, Diff: 0.0, Sum: 0.0]
      [Object Copy (ms): Min: 32.2, Avg: 32.3, Max: 32.3, Diff: 0.1, Sum: 322.7]
      [Termination (ms): Min: 0.0, Avg: 0.0, Max: 0.1, Diff: 0.1, Sum: 0.4]
         [Termination Attempts: Min: 1, Avg: 1.0, Max: 1, Diff: 0, Sum: 10]
      [GC Worker Other (ms): Min: 0.0, Avg: 0.0, Max: 0.0, Diff: 0.0, Sum: 0.2]
      [GC Worker Total (ms): Min: 32.5, Avg: 32.6, Max: 32.6, Diff: 0.1, Sum: 325.7]
      [GC Worker End (ms): Min: 7262.3, Avg: 7262.3, Max: 7262.3, Diff: 0.0]
   [Code Root Fixup: 0.0 ms]
   [Code Root Purge: 0.0 ms]
   [Clear CT: 0.3 ms]
   [Other: 0.8 ms]
      [Choose CSet: 0.0 ms]
      [Ref Proc: 0.3 ms]
      [Ref Enq: 0.0 ms]
      [Redirty Cards: 0.1 ms]
      [Humongous Register: 0.0 ms]
      [Humongous Reclaim: 0.0 ms]
      [Free CSet: 0.3 ms]
   [Eden: 1312.0M(1312.0M)->0.0B(1186.0M) Survivors: 206.0M->190.0M Heap: 3351.9M(4096.0M)->2180.5M(4096.0M)]
 [Times: user=0.31 sys=0.00, real=0.03 secs] 
2022-01-17T02:09:24.852+0800: 7.377: [GC pause (G1 Evacuation Pause) (young) (initial-mark), 0.0333139 secs]
   [Parallel Time: 31.9 ms, GC Workers: 10]
      [GC Worker Start (ms): Min: 7377.5, Avg: 7377.5, Max: 7377.6, Diff: 0.1]
      [Ext Root Scanning (ms): Min: 0.0, Avg: 0.1, Max: 0.2, Diff: 0.1, Sum: 0.8]
      [Update RS (ms): Min: 0.0, Avg: 0.1, Max: 0.1, Diff: 0.1, Sum: 0.7]
         [Processed Buffers: Min: 1, Avg: 1.1, Max: 2, Diff: 1, Sum: 11]
      [Scan RS (ms): Min: 0.0, Avg: 0.1, Max: 0.1, Diff: 0.1, Sum: 0.6]
      [Code Root Scanning (ms): Min: 0.0, Avg: 0.0, Max: 0.0, Diff: 0.0, Sum: 0.0]
      [Object Copy (ms): Min: 31.3, Avg: 31.3, Max: 31.4, Diff: 0.1, Sum: 313.3]
      [Termination (ms): Min: 0.0, Avg: 0.0, Max: 0.1, Diff: 0.1, Sum: 0.3]
         [Termination Attempts: Min: 1, Avg: 1.0, Max: 1, Diff: 0, Sum: 10]
      [GC Worker Other (ms): Min: 0.0, Avg: 0.0, Max: 0.1, Diff: 0.0, Sum: 0.3]
      [GC Worker Total (ms): Min: 31.5, Avg: 31.6, Max: 31.7, Diff: 0.1, Sum: 316.1]
      [GC Worker End (ms): Min: 7409.1, Avg: 7409.1, Max: 7409.2, Diff: 0.0]
   [Code Root Fixup: 0.0 ms]
   [Code Root Purge: 0.0 ms]
   [Clear CT: 0.2 ms]
   [Other: 1.2 ms]
      [Choose CSet: 0.0 ms]
      [Ref Proc: 0.3 ms]
      [Ref Enq: 0.0 ms]
      [Redirty Cards: 0.5 ms]
      [Humongous Register: 0.0 ms]
      [Humongous Reclaim: 0.0 ms]
      [Free CSet: 0.2 ms]
   [Eden: 1186.0M(1186.0M)->0.0B(1062.0M) Survivors: 190.0M->172.0M Heap: 3366.5M(4096.0M)->2324.8M(4096.0M)]
 [Times: user=0.31 sys=0.00, real=0.03 secs] 
2022-01-17T02:09:24.885+0800: 7.411: [GC concurrent-root-region-scan-start]
2022-01-17T02:09:24.885+0800: 7.411: [GC concurrent-root-region-scan-end, 0.0001402 secs]
2022-01-17T02:09:24.885+0800: 7.411: [GC concurrent-mark-start]
2022-01-17T02:09:24.888+0800: 7.414: [GC concurrent-mark-end, 0.0027866 secs]
2022-01-17T02:09:24.888+0800: 7.414: [GC remark 2022-01-17T02:09:24.888+0800: 7.414: [Finalize Marking, 0.0000917 secs] 2022-01-17T02:09:24.888+0800: 7.414: [GC ref-proc, 0.0000591 secs] 2022-01-17T02:09:24.888+0800: 7.414: [Unloading, 0.0003415 secs], 0.0010818 secs]
 [Times: user=0.00 sys=0.00, real=0.00 secs] 
2022-01-17T02:09:24.889+0800: 7.415: [GC cleanup 2347M->659M(4096M), 0.0011622 secs]
 [Times: user=0.00 sys=0.00, real=0.00 secs] 
2022-01-17T02:09:24.890+0800: 7.416: [GC concurrent-cleanup-start]
2022-01-17T02:09:24.891+0800: 7.417: [GC concurrent-cleanup-end, 0.0008384 secs]
2022-01-17T02:09:24.991+0800: 7.517: [GC pause (G1 Evacuation Pause) (young), 0.0329597 secs]
   [Parallel Time: 31.0 ms, GC Workers: 10]
      [GC Worker Start (ms): Min: 7516.7, Avg: 7516.8, Max: 7516.9, Diff: 0.2]
      [Ext Root Scanning (ms): Min: 0.0, Avg: 0.1, Max: 0.2, Diff: 0.2, Sum: 0.5]
      [Update RS (ms): Min: 0.0, Avg: 0.1, Max: 0.4, Diff: 0.3, Sum: 0.9]
         [Processed Buffers: Min: 1, Avg: 1.1, Max: 2, Diff: 1, Sum: 11]
      [Scan RS (ms): Min: 0.0, Avg: 0.1, Max: 0.1, Diff: 0.1, Sum: 0.6]
      [Code Root Scanning (ms): Min: 0.0, Avg: 0.0, Max: 0.0, Diff: 0.0, Sum: 0.0]
      [Object Copy (ms): Min: 30.0, Avg: 30.3, Max: 30.5, Diff: 0.4, Sum: 303.3]
      [Termination (ms): Min: 0.0, Avg: 0.1, Max: 0.2, Diff: 0.2, Sum: 0.9]
         [Termination Attempts: Min: 1, Avg: 1.3, Max: 2, Diff: 1, Sum: 13]
      [GC Worker Other (ms): Min: 0.0, Avg: 0.1, Max: 0.1, Diff: 0.1, Sum: 0.5]
      [GC Worker Total (ms): Min: 30.6, Avg: 30.7, Max: 30.9, Diff: 0.3, Sum: 306.7]
      [GC Worker End (ms): Min: 7547.4, Avg: 7547.5, Max: 7547.6, Diff: 0.1]
   [Code Root Fixup: 0.0 ms]
   [Code Root Purge: 0.0 ms]
   [Clear CT: 0.4 ms]
   [Other: 1.5 ms]
      [Choose CSet: 0.0 ms]
      [Ref Proc: 0.5 ms]
      [Ref Enq: 0.0 ms]
      [Redirty Cards: 0.6 ms]
      [Humongous Register: 0.0 ms]
      [Humongous Reclaim: 0.0 ms]
      [Free CSet: 0.2 ms]
   [Eden: 1062.0M(1062.0M)->0.0B(48.0M) Survivors: 172.0M->156.0M Heap: 1698.8M(4096.0M)->794.6M(4096.0M)]
 [Times: user=0.31 sys=0.00, real=0.03 secs] 
2022-01-17T02:09:25.028+0800: 7.554: [GC pause (G1 Evacuation Pause) (mixed), 0.0173207 secs]
   [Parallel Time: 16.4 ms, GC Workers: 10]
      [GC Worker Start (ms): Min: 7554.4, Avg: 7554.5, Max: 7554.5, Diff: 0.1]
      [Ext Root Scanning (ms): Min: 0.1, Avg: 0.1, Max: 0.1, Diff: 0.1, Sum: 0.9]
      [Update RS (ms): Min: 0.0, Avg: 0.1, Max: 0.1, Diff: 0.1, Sum: 0.6]
         [Processed Buffers: Min: 1, Avg: 1.1, Max: 2, Diff: 1, Sum: 11]
      [Scan RS (ms): Min: 0.0, Avg: 0.0, Max: 0.0, Diff: 0.0, Sum: 0.2]
      [Code Root Scanning (ms): Min: 0.0, Avg: 0.0, Max: 0.0, Diff: 0.0, Sum: 0.0]
      [Object Copy (ms): Min: 15.8, Avg: 15.8, Max: 15.9, Diff: 0.2, Sum: 158.5]
      [Termination (ms): Min: 0.0, Avg: 0.1, Max: 0.2, Diff: 0.2, Sum: 0.7]
         [Termination Attempts: Min: 1, Avg: 1.0, Max: 1, Diff: 0, Sum: 10]
      [GC Worker Other (ms): Min: 0.0, Avg: 0.0, Max: 0.0, Diff: 0.0, Sum: 0.1]
      [GC Worker Total (ms): Min: 16.1, Avg: 16.1, Max: 16.2, Diff: 0.1, Sum: 161.1]
      [GC Worker End (ms): Min: 7570.6, Avg: 7570.6, Max: 7570.6, Diff: 0.0]
   [Code Root Fixup: 0.0 ms]
   [Code Root Purge: 0.0 ms]
   [Clear CT: 0.4 ms]
   [Other: 0.6 ms]
      [Choose CSet: 0.0 ms]
      [Ref Proc: 0.1 ms]
      [Ref Enq: 0.0 ms]
      [Redirty Cards: 0.2 ms]
      [Humongous Register: 0.0 ms]
      [Humongous Reclaim: 0.0 ms]
      [Free CSet: 0.1 ms]
   [Eden: 48.0M(48.0M)->0.0B(2276.0M) Survivors: 156.0M->20.0M Heap: 842.6M(4096.0M)->762.9M(4096.0M)]
 [Times: user=0.16 sys=0.00, real=0.02 secs] 
2022-01-17T02:09:25.260+0800: 7.786: [GC pause (G1 Evacuation Pause) (young), 0.0355635 secs]
   [Parallel Time: 33.2 ms, GC Workers: 10]
      [GC Worker Start (ms): Min: 7785.9, Avg: 7786.1, Max: 7786.1, Diff: 0.2]
      [Ext Root Scanning (ms): Min: 0.0, Avg: 0.1, Max: 0.2, Diff: 0.2, Sum: 0.5]
      [Update RS (ms): Min: 0.1, Avg: 0.1, Max: 0.2, Diff: 0.2, Sum: 1.1]
         [Processed Buffers: Min: 1, Avg: 1.1, Max: 2, Diff: 1, Sum: 11]
      [Scan RS (ms): Min: 0.0, Avg: 0.1, Max: 0.2, Diff: 0.1, Sum: 1.2]
      [Code Root Scanning (ms): Min: 0.0, Avg: 0.0, Max: 0.0, Diff: 0.0, Sum: 0.0]
      [Object Copy (ms): Min: 32.1, Avg: 32.3, Max: 32.4, Diff: 0.3, Sum: 323.0]
      [Termination (ms): Min: 0.0, Avg: 0.1, Max: 0.3, Diff: 0.3, Sum: 1.2]
         [Termination Attempts: Min: 1, Avg: 1.0, Max: 1, Diff: 0, Sum: 10]
      [GC Worker Other (ms): Min: 0.0, Avg: 0.1, Max: 0.2, Diff: 0.2, Sum: 0.7]
      [GC Worker Total (ms): Min: 32.7, Avg: 32.8, Max: 32.9, Diff: 0.2, Sum: 327.8]
      [GC Worker End (ms): Min: 7818.8, Avg: 7818.9, Max: 7819.0, Diff: 0.2]
   [Code Root Fixup: 0.0 ms]
   [Code Root Purge: 0.0 ms]
   [Clear CT: 0.8 ms]
   [Other: 1.6 ms]
      [Choose CSet: 0.0 ms]
      [Ref Proc: 0.4 ms]
      [Ref Enq: 0.0 ms]
      [Redirty Cards: 0.6 ms]
      [Humongous Register: 0.0 ms]
      [Humongous Reclaim: 0.0 ms]
      [Free CSet: 0.4 ms]
   [Eden: 2276.0M(2276.0M)->0.0B(2058.0M) Survivors: 20.0M->288.0M Heap: 3038.9M(4096.0M)->1086.9M(4096.0M)]
 [Times: user=0.31 sys=0.00, real=0.04 secs] 
2022-01-17T02:09:25.486+0800: 8.012: [GC pause (G1 Evacuation Pause) (young), 0.0396284 secs]
   [Parallel Time: 37.6 ms, GC Workers: 10]
      [GC Worker Start (ms): Min: 8012.1, Avg: 8012.2, Max: 8012.2, Diff: 0.1]
      [Ext Root Scanning (ms): Min: 0.0, Avg: 0.1, Max: 0.2, Diff: 0.1, Sum: 0.8]
      [Update RS (ms): Min: 0.1, Avg: 0.1, Max: 0.1, Diff: 0.1, Sum: 0.8]
         [Processed Buffers: Min: 0, Avg: 1.1, Max: 2, Diff: 2, Sum: 11]
      [Scan RS (ms): Min: 0.1, Avg: 0.2, Max: 0.5, Diff: 0.5, Sum: 1.7]
      [Code Root Scanning (ms): Min: 0.0, Avg: 0.0, Max: 0.0, Diff: 0.0, Sum: 0.0]
      [Object Copy (ms): Min: 36.5, Avg: 36.8, Max: 37.0, Diff: 0.5, Sum: 368.3]
      [Termination (ms): Min: 0.0, Avg: 0.1, Max: 0.2, Diff: 0.2, Sum: 1.0]
         [Termination Attempts: Min: 1, Avg: 1.4, Max: 2, Diff: 1, Sum: 14]
      [GC Worker Other (ms): Min: 0.0, Avg: 0.1, Max: 0.2, Diff: 0.1, Sum: 0.5]
      [GC Worker Total (ms): Min: 37.2, Avg: 37.3, Max: 37.5, Diff: 0.3, Sum: 373.0]
      [GC Worker End (ms): Min: 8049.4, Avg: 8049.5, Max: 8049.6, Diff: 0.1]
   [Code Root Fixup: 0.0 ms]
   [Code Root Purge: 0.0 ms]
   [Clear CT: 0.8 ms]
   [Other: 1.2 ms]
      [Choose CSet: 0.0 ms]
      [Ref Proc: 0.2 ms]
      [Ref Enq: 0.0 ms]
      [Redirty Cards: 0.5 ms]
      [Humongous Register: 0.0 ms]
      [Humongous Reclaim: 0.0 ms]
      [Free CSet: 0.4 ms]
   [Eden: 2058.0M(2058.0M)->0.0B(1986.0M) Survivors: 288.0M->294.0M Heap: 3144.9M(4096.0M)->1200.5M(4096.0M)]
 [Times: user=0.47 sys=0.00, real=0.04 secs] 
2022-01-17T02:09:25.711+0800: 8.237: [GC pause (G1 Evacuation Pause) (young), 0.0386201 secs]
   [Parallel Time: 36.8 ms, GC Workers: 10]
      [GC Worker Start (ms): Min: 8237.2, Avg: 8237.3, Max: 8237.3, Diff: 0.1]
      [Ext Root Scanning (ms): Min: 0.0, Avg: 0.1, Max: 0.2, Diff: 0.1, Sum: 0.8]
      [Update RS (ms): Min: 0.1, Avg: 0.1, Max: 0.4, Diff: 0.4, Sum: 1.1]
         [Processed Buffers: Min: 1, Avg: 1.1, Max: 2, Diff: 1, Sum: 11]
      [Scan RS (ms): Min: 0.1, Avg: 0.1, Max: 0.1, Diff: 0.0, Sum: 1.3]
      [Code Root Scanning (ms): Min: 0.0, Avg: 0.0, Max: 0.0, Diff: 0.0, Sum: 0.0]
      [Object Copy (ms): Min: 35.8, Avg: 36.0, Max: 36.2, Diff: 0.4, Sum: 360.5]
      [Termination (ms): Min: 0.0, Avg: 0.1, Max: 0.2, Diff: 0.2, Sum: 1.0]
         [Termination Attempts: Min: 1, Avg: 1.1, Max: 2, Diff: 1, Sum: 11]
      [GC Worker Other (ms): Min: 0.0, Avg: 0.0, Max: 0.1, Diff: 0.1, Sum: 0.4]
      [GC Worker Total (ms): Min: 36.5, Avg: 36.5, Max: 36.6, Diff: 0.1, Sum: 365.1]
      [GC Worker End (ms): Min: 8273.8, Avg: 8273.8, Max: 8273.9, Diff: 0.1]
   [Code Root Fixup: 0.0 ms]
   [Code Root Purge: 0.0 ms]
   [Clear CT: 0.7 ms]
   [Other: 1.2 ms]
      [Choose CSet: 0.0 ms]
      [Ref Proc: 0.2 ms]
      [Ref Enq: 0.0 ms]
      [Redirty Cards: 0.5 ms]
      [Humongous Register: 0.0 ms]
      [Humongous Reclaim: 0.0 ms]
      [Free CSet: 0.4 ms]
   [Eden: 1986.0M(1986.0M)->0.0B(1928.0M) Survivors: 294.0M->286.0M Heap: 3186.5M(4096.0M)->1291.2M(4096.0M)]
 [Times: user=0.31 sys=0.00, real=0.04 secs] 
2022-01-17T02:09:25.929+0800: 8.455: [GC pause (G1 Evacuation Pause) (young), 0.0402718 secs]
   [Parallel Time: 38.3 ms, GC Workers: 10]
      [GC Worker Start (ms): Min: 8454.9, Avg: 8455.0, Max: 8455.1, Diff: 0.2]
      [Ext Root Scanning (ms): Min: 0.0, Avg: 0.1, Max: 0.2, Diff: 0.2, Sum: 0.6]
      [Update RS (ms): Min: 0.0, Avg: 0.1, Max: 0.2, Diff: 0.1, Sum: 1.0]
         [Processed Buffers: Min: 1, Avg: 1.1, Max: 2, Diff: 1, Sum: 11]
      [Scan RS (ms): Min: 0.0, Avg: 0.1, Max: 0.1, Diff: 0.1, Sum: 1.0]
      [Code Root Scanning (ms): Min: 0.0, Avg: 0.0, Max: 0.0, Diff: 0.0, Sum: 0.0]
      [Object Copy (ms): Min: 37.4, Avg: 37.5, Max: 37.5, Diff: 0.1, Sum: 374.6]
      [Termination (ms): Min: 0.0, Avg: 0.0, Max: 0.1, Diff: 0.1, Sum: 0.5]
         [Termination Attempts: Min: 1, Avg: 1.0, Max: 1, Diff: 0, Sum: 10]
      [GC Worker Other (ms): Min: 0.0, Avg: 0.1, Max: 0.2, Diff: 0.1, Sum: 0.7]
      [GC Worker Total (ms): Min: 37.7, Avg: 37.8, Max: 38.0, Diff: 0.2, Sum: 378.3]
      [GC Worker End (ms): Min: 8492.8, Avg: 8492.9, Max: 8492.9, Diff: 0.1]
   [Code Root Fixup: 0.0 ms]
   [Code Root Purge: 0.0 ms]
   [Clear CT: 0.4 ms]
   [Other: 1.6 ms]
      [Choose CSet: 0.0 ms]
      [Ref Proc: 0.3 ms]
      [Ref Enq: 0.0 ms]
      [Redirty Cards: 0.5 ms]
      [Humongous Register: 0.0 ms]
      [Humongous Reclaim: 0.0 ms]
      [Free CSet: 0.5 ms]
   [Eden: 1928.0M(1928.0M)->0.0B(1846.0M) Survivors: 286.0M->278.0M Heap: 3219.2M(4096.0M)->1399.9M(4096.0M)]
 [Times: user=0.47 sys=0.00, real=0.04 secs] 
2022-01-17T02:09:26.147+0800: 8.673: [GC pause (G1 Evacuation Pause) (young), 0.0386377 secs]
   [Parallel Time: 36.7 ms, GC Workers: 10]
      [GC Worker Start (ms): Min: 8673.1, Avg: 8673.2, Max: 8673.2, Diff: 0.1]
      [Ext Root Scanning (ms): Min: 0.0, Avg: 0.1, Max: 0.2, Diff: 0.1, Sum: 0.6]
      [Update RS (ms): Min: 0.0, Avg: 0.1, Max: 0.2, Diff: 0.2, Sum: 0.8]
         [Processed Buffers: Min: 0, Avg: 1.1, Max: 2, Diff: 2, Sum: 11]
      [Scan RS (ms): Min: 0.1, Avg: 0.1, Max: 0.1, Diff: 0.1, Sum: 1.0]
      [Code Root Scanning (ms): Min: 0.0, Avg: 0.0, Max: 0.0, Diff: 0.0, Sum: 0.0]
      [Object Copy (ms): Min: 35.8, Avg: 36.0, Max: 36.0, Diff: 0.3, Sum: 359.5]
      [Termination (ms): Min: 0.0, Avg: 0.1, Max: 0.3, Diff: 0.3, Sum: 1.0]
         [Termination Attempts: Min: 1, Avg: 1.0, Max: 1, Diff: 0, Sum: 10]
      [GC Worker Other (ms): Min: 0.0, Avg: 0.1, Max: 0.2, Diff: 0.2, Sum: 0.7]
      [GC Worker Total (ms): Min: 36.3, Avg: 36.4, Max: 36.5, Diff: 0.3, Sum: 363.8]
      [GC Worker End (ms): Min: 8709.5, Avg: 8709.5, Max: 8709.7, Diff: 0.2]
   [Code Root Fixup: 0.0 ms]
   [Code Root Purge: 0.0 ms]
   [Clear CT: 0.5 ms]
   [Other: 1.5 ms]
      [Choose CSet: 0.0 ms]
      [Ref Proc: 0.4 ms]
      [Ref Enq: 0.0 ms]
      [Redirty Cards: 0.6 ms]
      [Humongous Register: 0.0 ms]
      [Humongous Reclaim: 0.0 ms]
      [Free CSet: 0.3 ms]
   [Eden: 1846.0M(1846.0M)->0.0B(1762.0M) Survivors: 278.0M->266.0M Heap: 3245.9M(4096.0M)->1507.9M(4096.0M)]
 [Times: user=0.47 sys=0.00, real=0.04 secs] 
2022-01-17T02:09:26.352+0800: 8.878: [GC pause (G1 Evacuation Pause) (young), 0.0364666 secs]
   [Parallel Time: 35.3 ms, GC Workers: 10]
      [GC Worker Start (ms): Min: 8877.6, Avg: 8877.7, Max: 8877.8, Diff: 0.2]
      [Ext Root Scanning (ms): Min: 0.0, Avg: 0.1, Max: 0.2, Diff: 0.2, Sum: 0.6]
      [Update RS (ms): Min: 0.1, Avg: 0.1, Max: 0.1, Diff: 0.1, Sum: 0.7]
         [Processed Buffers: Min: 1, Avg: 1.1, Max: 2, Diff: 1, Sum: 11]
      [Scan RS (ms): Min: 0.1, Avg: 0.1, Max: 0.1, Diff: 0.1, Sum: 1.2]
      [Code Root Scanning (ms): Min: 0.0, Avg: 0.0, Max: 0.0, Diff: 0.0, Sum: 0.0]
      [Object Copy (ms): Min: 34.6, Avg: 34.7, Max: 34.8, Diff: 0.2, Sum: 346.6]
      [Termination (ms): Min: 0.0, Avg: 0.1, Max: 0.2, Diff: 0.2, Sum: 0.9]
         [Termination Attempts: Min: 1, Avg: 1.0, Max: 1, Diff: 0, Sum: 10]
      [GC Worker Other (ms): Min: 0.0, Avg: 0.0, Max: 0.1, Diff: 0.0, Sum: 0.3]
      [GC Worker Total (ms): Min: 35.0, Avg: 35.0, Max: 35.2, Diff: 0.2, Sum: 350.4]
      [GC Worker End (ms): Min: 8912.8, Avg: 8912.8, Max: 8912.8, Diff: 0.0]
   [Code Root Fixup: 0.0 ms]
   [Code Root Purge: 0.0 ms]
   [Clear CT: 0.4 ms]
   [Other: 0.8 ms]
      [Choose CSet: 0.0 ms]
      [Ref Proc: 0.1 ms]
      [Ref Enq: 0.0 ms]
      [Redirty Cards: 0.2 ms]
      [Humongous Register: 0.0 ms]
      [Humongous Reclaim: 0.0 ms]
      [Free CSet: 0.3 ms]
   [Eden: 1762.0M(1762.0M)->0.0B(1680.0M) Survivors: 266.0M->254.0M Heap: 3269.9M(4096.0M)->1609.3M(4096.0M)]
 [Times: user=0.30 sys=0.02, real=0.04 secs] 
2022-01-17T02:09:26.549+0800: 9.074: [GC pause (G1 Evacuation Pause) (young), 0.0378261 secs]
   [Parallel Time: 36.2 ms, GC Workers: 10]
      [GC Worker Start (ms): Min: 9074.6, Avg: 9074.7, Max: 9074.7, Diff: 0.2]
      [Ext Root Scanning (ms): Min: 0.0, Avg: 0.1, Max: 0.2, Diff: 0.2, Sum: 0.5]
      [Update RS (ms): Min: 0.0, Avg: 0.1, Max: 0.2, Diff: 0.1, Sum: 0.7]
         [Processed Buffers: Min: 1, Avg: 1.1, Max: 2, Diff: 1, Sum: 11]
      [Scan RS (ms): Min: 0.0, Avg: 0.1, Max: 0.1, Diff: 0.1, Sum: 0.9]
      [Code Root Scanning (ms): Min: 0.0, Avg: 0.0, Max: 0.0, Diff: 0.0, Sum: 0.0]
      [Object Copy (ms): Min: 35.3, Avg: 35.3, Max: 35.4, Diff: 0.1, Sum: 353.5]
      [Termination (ms): Min: 0.0, Avg: 0.0, Max: 0.1, Diff: 0.1, Sum: 0.4]
         [Termination Attempts: Min: 1, Avg: 1.0, Max: 1, Diff: 0, Sum: 10]
      [GC Worker Other (ms): Min: 0.0, Avg: 0.0, Max: 0.1, Diff: 0.1, Sum: 0.5]
      [GC Worker Total (ms): Min: 35.6, Avg: 35.7, Max: 35.7, Diff: 0.2, Sum: 356.6]
      [GC Worker End (ms): Min: 9110.3, Avg: 9110.3, Max: 9110.4, Diff: 0.1]
   [Code Root Fixup: 0.0 ms]
   [Code Root Purge: 0.0 ms]
   [Clear CT: 0.7 ms]
   [Other: 1.0 ms]
      [Choose CSet: 0.0 ms]
      [Ref Proc: 0.2 ms]
      [Ref Enq: 0.0 ms]
      [Redirty Cards: 0.4 ms]
      [Humongous Register: 0.0 ms]
      [Humongous Reclaim: 0.0 ms]
      [Free CSet: 0.3 ms]
   [Eden: 1680.0M(1680.0M)->0.0B(1586.0M) Survivors: 254.0M->242.0M Heap: 3289.3M(4096.0M)->1719.9M(4096.0M)]
 [Times: user=0.31 sys=0.00, real=0.04 secs] 
2022-01-17T02:09:26.737+0800: 9.262: [GC pause (G1 Evacuation Pause) (young), 0.0368208 secs]
   [Parallel Time: 34.8 ms, GC Workers: 10]
      [GC Worker Start (ms): Min: 9262.3, Avg: 9262.5, Max: 9262.6, Diff: 0.3]
      [Ext Root Scanning (ms): Min: 0.0, Avg: 0.0, Max: 0.2, Diff: 0.2, Sum: 0.5]
      [Update RS (ms): Min: 0.0, Avg: 0.1, Max: 0.2, Diff: 0.2, Sum: 1.0]
         [Processed Buffers: Min: 0, Avg: 1.1, Max: 2, Diff: 2, Sum: 11]
      [Scan RS (ms): Min: 0.0, Avg: 0.1, Max: 0.1, Diff: 0.1, Sum: 1.0]
      [Code Root Scanning (ms): Min: 0.0, Avg: 0.0, Max: 0.0, Diff: 0.0, Sum: 0.0]
      [Object Copy (ms): Min: 34.0, Avg: 34.0, Max: 34.1, Diff: 0.1, Sum: 340.4]
      [Termination (ms): Min: 0.0, Avg: 0.1, Max: 0.1, Diff: 0.1, Sum: 0.8]
         [Termination Attempts: Min: 1, Avg: 1.0, Max: 1, Diff: 0, Sum: 10]
      [GC Worker Other (ms): Min: 0.0, Avg: 0.0, Max: 0.1, Diff: 0.1, Sum: 0.4]
      [GC Worker Total (ms): Min: 34.3, Avg: 34.4, Max: 34.5, Diff: 0.2, Sum: 344.1]
      [GC Worker End (ms): Min: 9296.9, Avg: 9296.9, Max: 9296.9, Diff: 0.1]
   [Code Root Fixup: 0.0 ms]
   [Code Root Purge: 0.0 ms]
   [Clear CT: 0.6 ms]
   [Other: 1.4 ms]
      [Choose CSet: 0.0 ms]
      [Ref Proc: 0.5 ms]
      [Ref Enq: 0.0 ms]
      [Redirty Cards: 0.5 ms]
      [Humongous Register: 0.0 ms]
      [Humongous Reclaim: 0.0 ms]
      [Free CSet: 0.3 ms]
   [Eden: 1586.0M(1586.0M)->0.0B(1480.0M) Survivors: 242.0M->230.0M Heap: 3305.9M(4096.0M)->1843.8M(4096.0M)]
 [Times: user=0.33 sys=0.00, real=0.04 secs] 
2022-01-17T02:09:26.912+0800: 9.437: [GC pause (G1 Evacuation Pause) (young), 0.0353604 secs]
   [Parallel Time: 33.8 ms, GC Workers: 10]
      [GC Worker Start (ms): Min: 9437.3, Avg: 9437.4, Max: 9437.5, Diff: 0.2]
      [Ext Root Scanning (ms): Min: 0.0, Avg: 0.1, Max: 0.2, Diff: 0.2, Sum: 0.6]
      [Update RS (ms): Min: 0.0, Avg: 0.1, Max: 0.3, Diff: 0.3, Sum: 1.1]
         [Processed Buffers: Min: 1, Avg: 1.1, Max: 2, Diff: 1, Sum: 11]
      [Scan RS (ms): Min: 0.0, Avg: 0.1, Max: 0.1, Diff: 0.1, Sum: 0.8]
      [Code Root Scanning (ms): Min: 0.0, Avg: 0.0, Max: 0.0, Diff: 0.0, Sum: 0.0]
      [Object Copy (ms): Min: 33.0, Avg: 33.1, Max: 33.2, Diff: 0.2, Sum: 330.9]
      [Termination (ms): Min: 0.0, Avg: 0.0, Max: 0.1, Diff: 0.1, Sum: 0.5]
         [Termination Attempts: Min: 1, Avg: 1.0, Max: 1, Diff: 0, Sum: 10]
      [GC Worker Other (ms): Min: 0.0, Avg: 0.1, Max: 0.2, Diff: 0.2, Sum: 0.5]
      [GC Worker Total (ms): Min: 33.4, Avg: 33.4, Max: 33.5, Diff: 0.2, Sum: 334.3]
      [GC Worker End (ms): Min: 9470.8, Avg: 9470.9, Max: 9471.0, Diff: 0.2]
   [Code Root Fixup: 0.0 ms]
   [Code Root Purge: 0.0 ms]
   [Clear CT: 0.5 ms]
   [Other: 1.0 ms]
      [Choose CSet: 0.0 ms]
      [Ref Proc: 0.2 ms]
      [Ref Enq: 0.0 ms]
      [Redirty Cards: 0.3 ms]
      [Humongous Register: 0.0 ms]
      [Humongous Reclaim: 0.0 ms]
      [Free CSet: 0.3 ms]
   [Eden: 1480.0M(1480.0M)->0.0B(1382.0M) Survivors: 230.0M->214.0M Heap: 3323.8M(4096.0M)->1959.8M(4096.0M)]
 [Times: user=0.41 sys=0.03, real=0.04 secs] 
2022-01-17T02:09:27.073+0800: 9.599: [GC pause (G1 Evacuation Pause) (young), 0.0341482 secs]
   [Parallel Time: 32.9 ms, GC Workers: 10]
      [GC Worker Start (ms): Min: 9599.4, Avg: 9599.5, Max: 9599.5, Diff: 0.1]
      [Ext Root Scanning (ms): Min: 0.1, Avg: 0.1, Max: 0.1, Diff: 0.1, Sum: 1.0]
      [Update RS (ms): Min: 0.1, Avg: 0.1, Max: 0.3, Diff: 0.2, Sum: 0.8]
         [Processed Buffers: Min: 1, Avg: 1.1, Max: 2, Diff: 1, Sum: 11]
      [Scan RS (ms): Min: 0.0, Avg: 0.1, Max: 0.1, Diff: 0.1, Sum: 0.8]
      [Code Root Scanning (ms): Min: 0.0, Avg: 0.0, Max: 0.0, Diff: 0.0, Sum: 0.0]
      [Object Copy (ms): Min: 32.3, Avg: 32.4, Max: 32.5, Diff: 0.2, Sum: 323.7]
      [Termination (ms): Min: 0.0, Avg: 0.1, Max: 0.1, Diff: 0.1, Sum: 0.8]
         [Termination Attempts: Min: 1, Avg: 1.0, Max: 1, Diff: 0, Sum: 10]
      [GC Worker Other (ms): Min: 0.0, Avg: 0.0, Max: 0.0, Diff: 0.0, Sum: 0.3]
      [GC Worker Total (ms): Min: 32.7, Avg: 32.7, Max: 32.8, Diff: 0.1, Sum: 327.4]
      [GC Worker End (ms): Min: 9632.2, Avg: 9632.2, Max: 9632.2, Diff: 0.0]
   [Code Root Fixup: 0.0 ms]
   [Code Root Purge: 0.0 ms]
   [Clear CT: 0.4 ms]
   [Other: 0.9 ms]
      [Choose CSet: 0.0 ms]
      [Ref Proc: 0.2 ms]
      [Ref Enq: 0.0 ms]
      [Redirty Cards: 0.2 ms]
      [Humongous Register: 0.0 ms]
      [Humongous Reclaim: 0.0 ms]
      [Free CSet: 0.3 ms]
   [Eden: 1382.0M(1382.0M)->0.0B(1264.0M) Survivors: 214.0M->200.0M Heap: 3341.8M(4096.0M)->2093.0M(4096.0M)]
 [Times: user=0.31 sys=0.00, real=0.03 secs] 
2022-01-17T02:09:27.227+0800: 9.753: [GC pause (G1 Evacuation Pause) (young) (initial-mark), 0.0337407 secs]
   [Parallel Time: 32.6 ms, GC Workers: 10]
      [GC Worker Start (ms): Min: 9753.6, Avg: 9753.7, Max: 9753.7, Diff: 0.2]
      [Ext Root Scanning (ms): Min: 0.0, Avg: 0.1, Max: 0.2, Diff: 0.2, Sum: 0.7]
      [Update RS (ms): Min: 0.0, Avg: 0.1, Max: 0.1, Diff: 0.1, Sum: 0.7]
         [Processed Buffers: Min: 1, Avg: 1.1, Max: 2, Diff: 1, Sum: 11]
      [Scan RS (ms): Min: 0.0, Avg: 0.1, Max: 0.1, Diff: 0.1, Sum: 0.7]
      [Code Root Scanning (ms): Min: 0.0, Avg: 0.0, Max: 0.0, Diff: 0.0, Sum: 0.0]
      [Object Copy (ms): Min: 31.9, Avg: 32.0, Max: 32.0, Diff: 0.1, Sum: 320.0]
      [Termination (ms): Min: 0.0, Avg: 0.1, Max: 0.1, Diff: 0.1, Sum: 0.5]
         [Termination Attempts: Min: 1, Avg: 1.0, Max: 1, Diff: 0, Sum: 10]
      [GC Worker Other (ms): Min: 0.0, Avg: 0.0, Max: 0.1, Diff: 0.1, Sum: 0.4]
      [GC Worker Total (ms): Min: 32.2, Avg: 32.3, Max: 32.5, Diff: 0.2, Sum: 323.0]
      [GC Worker End (ms): Min: 9785.9, Avg: 9786.0, Max: 9786.0, Diff: 0.1]
   [Code Root Fixup: 0.0 ms]
   [Code Root Purge: 0.0 ms]
   [Clear CT: 0.4 ms]
   [Other: 0.7 ms]
      [Choose CSet: 0.0 ms]
      [Ref Proc: 0.1 ms]
      [Ref Enq: 0.0 ms]
      [Redirty Cards: 0.1 ms]
      [Humongous Register: 0.0 ms]
      [Humongous Reclaim: 0.0 ms]
      [Free CSet: 0.3 ms]
   [Eden: 1264.0M(1264.0M)->0.0B(1144.0M) Survivors: 200.0M->184.0M Heap: 3357.0M(4096.0M)->2232.3M(4096.0M)]
 [Times: user=0.31 sys=0.00, real=0.03 secs] 
2022-01-17T02:09:27.261+0800: 9.787: [GC concurrent-root-region-scan-start]
2022-01-17T02:09:27.262+0800: 9.787: [GC concurrent-root-region-scan-end, 0.0001963 secs]
2022-01-17T02:09:27.262+0800: 9.787: [GC concurrent-mark-start]
2022-01-17T02:09:27.264+0800: 9.790: [GC concurrent-mark-end, 0.0026146 secs]
2022-01-17T02:09:27.264+0800: 9.790: [GC remark 2022-01-17T02:09:27.264+0800: 9.790: [Finalize Marking, 0.0001718 secs] 2022-01-17T02:09:27.265+0800: 9.790: [GC ref-proc, 0.0000612 secs] 2022-01-17T02:09:27.265+0800: 9.790: [Unloading, 0.0005089 secs], 0.0014792 secs]
 [Times: user=0.00 sys=0.00, real=0.00 secs] 
2022-01-17T02:09:27.266+0800: 9.792: [GC cleanup 2258M->636M(4096M), 0.0015614 secs]
 [Times: user=0.00 sys=0.00, real=0.00 secs] 
2022-01-17T02:09:27.268+0800: 9.793: [GC concurrent-cleanup-start]
2022-01-17T02:09:27.268+0800: 9.794: [GC concurrent-cleanup-end, 0.0008091 secs]
2022-01-17T02:09:27.375+0800: 9.901: [GC pause (G1 Evacuation Pause) (young), 0.0336226 secs]
   [Parallel Time: 31.8 ms, GC Workers: 10]
      [GC Worker Start (ms): Min: 9901.0, Avg: 9901.1, Max: 9901.1, Diff: 0.1]
      [Ext Root Scanning (ms): Min: 0.1, Avg: 0.1, Max: 0.1, Diff: 0.1, Sum: 0.9]
      [Update RS (ms): Min: 0.0, Avg: 0.1, Max: 0.2, Diff: 0.1, Sum: 0.7]
         [Processed Buffers: Min: 1, Avg: 1.1, Max: 2, Diff: 1, Sum: 11]
      [Scan RS (ms): Min: 0.0, Avg: 0.1, Max: 0.1, Diff: 0.1, Sum: 0.6]
      [Code Root Scanning (ms): Min: 0.0, Avg: 0.0, Max: 0.0, Diff: 0.0, Sum: 0.0]
      [Object Copy (ms): Min: 31.0, Avg: 31.0, Max: 31.1, Diff: 0.1, Sum: 310.2]
      [Termination (ms): Min: 0.0, Avg: 0.1, Max: 0.1, Diff: 0.1, Sum: 0.8]
         [Termination Attempts: Min: 1, Avg: 1.4, Max: 2, Diff: 1, Sum: 14]
      [GC Worker Other (ms): Min: 0.0, Avg: 0.1, Max: 0.1, Diff: 0.1, Sum: 0.6]
      [GC Worker Total (ms): Min: 31.3, Avg: 31.4, Max: 31.5, Diff: 0.2, Sum: 313.9]
      [GC Worker End (ms): Min: 9932.4, Avg: 9932.4, Max: 9932.5, Diff: 0.1]
   [Code Root Fixup: 0.0 ms]
   [Code Root Purge: 0.0 ms]
   [Clear CT: 0.4 ms]
   [Other: 1.5 ms]
      [Choose CSet: 0.0 ms]
      [Ref Proc: 0.2 ms]
      [Ref Enq: 0.0 ms]
      [Redirty Cards: 0.8 ms]
      [Humongous Register: 0.0 ms]
      [Humongous Reclaim: 0.0 ms]
      [Free CSet: 0.3 ms]
   [Eden: 1144.0M(1144.0M)->0.0B(38.0M) Survivors: 184.0M->166.0M Heap: 1754.3M(4096.0M)->753.8M(4096.0M)]
 [Times: user=0.31 sys=0.00, real=0.03 secs] 
2022-01-17T02:09:27.412+0800: 9.938: [GC pause (G1 Evacuation Pause) (mixed), 0.0179046 secs]
   [Parallel Time: 17.0 ms, GC Workers: 10]
      [GC Worker Start (ms): Min: 9938.0, Avg: 9938.1, Max: 9938.1, Diff: 0.2]
      [Ext Root Scanning (ms): Min: 0.0, Avg: 0.1, Max: 0.1, Diff: 0.1, Sum: 0.6]
      [Update RS (ms): Min: 0.0, Avg: 0.1, Max: 0.2, Diff: 0.2, Sum: 0.7]
         [Processed Buffers: Min: 1, Avg: 1.1, Max: 2, Diff: 1, Sum: 11]
      [Scan RS (ms): Min: 0.0, Avg: 0.0, Max: 0.1, Diff: 0.1, Sum: 0.2]
      [Code Root Scanning (ms): Min: 0.0, Avg: 0.0, Max: 0.0, Diff: 0.0, Sum: 0.0]
      [Object Copy (ms): Min: 16.5, Avg: 16.6, Max: 16.7, Diff: 0.2, Sum: 166.1]
      [Termination (ms): Min: 0.0, Avg: 0.1, Max: 0.1, Diff: 0.1, Sum: 0.7]
         [Termination Attempts: Min: 1, Avg: 1.0, Max: 1, Diff: 0, Sum: 10]
      [GC Worker Other (ms): Min: 0.0, Avg: 0.0, Max: 0.0, Diff: 0.0, Sum: 0.1]
      [GC Worker Total (ms): Min: 16.8, Avg: 16.8, Max: 16.9, Diff: 0.2, Sum: 168.4]
      [GC Worker End (ms): Min: 9954.9, Avg: 9954.9, Max: 9954.9, Diff: 0.0]
   [Code Root Fixup: 0.0 ms]
   [Code Root Purge: 0.0 ms]
   [Clear CT: 0.4 ms]
   [Other: 0.6 ms]
      [Choose CSet: 0.0 ms]
      [Ref Proc: 0.1 ms]
      [Ref Enq: 0.0 ms]
      [Redirty Cards: 0.2 ms]
      [Humongous Register: 0.0 ms]
      [Humongous Reclaim: 0.0 ms]
      [Free CSet: 0.1 ms]
   [Eden: 38.0M(38.0M)->0.0B(2438.0M) Survivors: 166.0M->18.0M Heap: 791.8M(4096.0M)->749.6M(4096.0M)]
 [Times: user=0.17 sys=0.00, real=0.02 secs] 
2022-01-17T02:09:27.658+0800: 10.184: [GC pause (G1 Evacuation Pause) (young), 0.0366806 secs]
   [Parallel Time: 34.4 ms, GC Workers: 10]
      [GC Worker Start (ms): Min: 10183.9, Avg: 10184.0, Max: 10184.1, Diff: 0.2]
      [Ext Root Scanning (ms): Min: 0.0, Avg: 0.0, Max: 0.2, Diff: 0.2, Sum: 0.5]
      [Update RS (ms): Min: 0.0, Avg: 0.1, Max: 0.2, Diff: 0.1, Sum: 0.9]
         [Processed Buffers: Min: 1, Avg: 1.1, Max: 2, Diff: 1, Sum: 11]
      [Scan RS (ms): Min: 0.1, Avg: 0.1, Max: 0.2, Diff: 0.1, Sum: 1.2]
      [Code Root Scanning (ms): Min: 0.0, Avg: 0.0, Max: 0.0, Diff: 0.0, Sum: 0.0]
      [Object Copy (ms): Min: 33.6, Avg: 33.6, Max: 33.6, Diff: 0.0, Sum: 336.2]
      [Termination (ms): Min: 0.0, Avg: 0.0, Max: 0.0, Diff: 0.0, Sum: 0.3]
         [Termination Attempts: Min: 1, Avg: 1.0, Max: 1, Diff: 0, Sum: 10]
      [GC Worker Other (ms): Min: 0.0, Avg: 0.1, Max: 0.1, Diff: 0.1, Sum: 0.5]
      [GC Worker Total (ms): Min: 33.9, Avg: 34.0, Max: 34.1, Diff: 0.3, Sum: 339.6]
      [GC Worker End (ms): Min: 10218.0, Avg: 10218.0, Max: 10218.1, Diff: 0.1]
   [Code Root Fixup: 0.0 ms]
   [Code Root Purge: 0.0 ms]
   [Clear CT: 0.6 ms]
   [Other: 1.7 ms]
      [Choose CSet: 0.0 ms]
      [Ref Proc: 0.3 ms]
      [Ref Enq: 0.0 ms]
      [Redirty Cards: 0.7 ms]
      [Humongous Register: 0.0 ms]
      [Humongous Reclaim: 0.0 ms]
      [Free CSet: 0.4 ms]
   [Eden: 2438.0M(2438.0M)->0.0B(2148.0M) Survivors: 18.0M->308.0M Heap: 3187.6M(4096.0M)->1102.5M(4096.0M)]
 [Times: user=0.31 sys=0.00, real=0.04 secs] 
2022-01-17T02:09:27.897+0800: 10.423: [GC pause (G1 Evacuation Pause) (young), 0.0399516 secs]
   [Parallel Time: 37.7 ms, GC Workers: 10]
      [GC Worker Start (ms): Min: 10422.6, Avg: 10422.8, Max: 10422.8, Diff: 0.2]
      [Ext Root Scanning (ms): Min: 0.0, Avg: 0.1, Max: 0.2, Diff: 0.2, Sum: 0.6]
      [Update RS (ms): Min: 0.1, Avg: 0.1, Max: 0.2, Diff: 0.2, Sum: 0.9]
         [Processed Buffers: Min: 1, Avg: 1.1, Max: 2, Diff: 1, Sum: 11]
      [Scan RS (ms): Min: 0.0, Avg: 0.1, Max: 0.2, Diff: 0.1, Sum: 1.3]
      [Code Root Scanning (ms): Min: 0.0, Avg: 0.0, Max: 0.0, Diff: 0.0, Sum: 0.0]
      [Object Copy (ms): Min: 36.6, Avg: 36.8, Max: 37.0, Diff: 0.3, Sum: 367.8]
      [Termination (ms): Min: 0.0, Avg: 0.2, Max: 0.3, Diff: 0.3, Sum: 1.9]
         [Termination Attempts: Min: 1, Avg: 1.0, Max: 1, Diff: 0, Sum: 10]
      [GC Worker Other (ms): Min: 0.0, Avg: 0.0, Max: 0.1, Diff: 0.1, Sum: 0.4]
      [GC Worker Total (ms): Min: 37.2, Avg: 37.3, Max: 37.4, Diff: 0.2, Sum: 372.9]
      [GC Worker End (ms): Min: 10460.0, Avg: 10460.0, Max: 10460.1, Diff: 0.1]
   [Code Root Fixup: 0.0 ms]
   [Code Root Purge: 0.0 ms]
   [Clear CT: 0.7 ms]
   [Other: 1.5 ms]
      [Choose CSet: 0.0 ms]
      [Ref Proc: 0.4 ms]
      [Ref Enq: 0.0 ms]
      [Redirty Cards: 0.5 ms]
      [Humongous Register: 0.0 ms]
      [Humongous Reclaim: 0.0 ms]
      [Free CSet: 0.4 ms]
   [Eden: 2148.0M(2148.0M)->0.0B(2070.0M) Survivors: 308.0M->308.0M Heap: 3250.5M(4096.0M)->1189.6M(4096.0M)]
 [Times: user=0.47 sys=0.00, real=0.04 secs] 
2022-01-17T02:09:28.132+0800: 10.657: [GC pause (G1 Evacuation Pause) (young), 0.0374306 secs]
   [Parallel Time: 35.5 ms, GC Workers: 10]
      [GC Worker Start (ms): Min: 10657.2, Avg: 10657.3, Max: 10657.3, Diff: 0.2]
      [Ext Root Scanning (ms): Min: 0.0, Avg: 0.1, Max: 0.2, Diff: 0.2, Sum: 0.6]
      [Update RS (ms): Min: 0.0, Avg: 0.1, Max: 0.2, Diff: 0.1, Sum: 0.8]
         [Processed Buffers: Min: 1, Avg: 1.1, Max: 2, Diff: 1, Sum: 11]
      [Scan RS (ms): Min: 0.0, Avg: 0.1, Max: 0.2, Diff: 0.2, Sum: 1.3]
      [Code Root Scanning (ms): Min: 0.0, Avg: 0.0, Max: 0.0, Diff: 0.0, Sum: 0.0]
      [Object Copy (ms): Min: 34.5, Avg: 34.6, Max: 34.7, Diff: 0.2, Sum: 346.3]
      [Termination (ms): Min: 0.0, Avg: 0.1, Max: 0.2, Diff: 0.2, Sum: 1.0]
         [Termination Attempts: Min: 1, Avg: 1.1, Max: 2, Diff: 1, Sum: 11]
      [GC Worker Other (ms): Min: 0.0, Avg: 0.1, Max: 0.2, Diff: 0.2, Sum: 1.1]
      [GC Worker Total (ms): Min: 35.0, Avg: 35.1, Max: 35.2, Diff: 0.3, Sum: 351.1]
      [GC Worker End (ms): Min: 10692.3, Avg: 10692.4, Max: 10692.5, Diff: 0.2]
   [Code Root Fixup: 0.0 ms]
   [Code Root Purge: 0.0 ms]
   [Clear CT: 0.5 ms]
   [Other: 1.4 ms]
      [Choose CSet: 0.0 ms]
      [Ref Proc: 0.2 ms]
      [Ref Enq: 0.0 ms]
      [Redirty Cards: 0.7 ms]
      [Humongous Register: 0.0 ms]
      [Humongous Reclaim: 0.0 ms]
      [Free CSet: 0.4 ms]
   [Eden: 2070.0M(2070.0M)->0.0B(2016.0M) Survivors: 308.0M->298.0M Heap: 3259.6M(4096.0M)->1253.2M(4096.0M)]
 [Times: user=0.47 sys=0.00, real=0.04 secs] 
2022-01-17T02:09:28.358+0800: 10.884: [GC pause (G1 Evacuation Pause) (young), 0.0385742 secs]
   [Parallel Time: 36.8 ms, GC Workers: 10]
      [GC Worker Start (ms): Min: 10884.1, Avg: 10884.1, Max: 10884.2, Diff: 0.1]
      [Ext Root Scanning (ms): Min: 0.0, Avg: 0.1, Max: 0.1, Diff: 0.1, Sum: 0.8]
      [Update RS (ms): Min: 0.0, Avg: 0.1, Max: 0.2, Diff: 0.2, Sum: 0.7]
         [Processed Buffers: Min: 0, Avg: 1.1, Max: 2, Diff: 2, Sum: 11]
      [Scan RS (ms): Min: 0.0, Avg: 0.1, Max: 0.2, Diff: 0.1, Sum: 1.1]
      [Code Root Scanning (ms): Min: 0.0, Avg: 0.0, Max: 0.0, Diff: 0.0, Sum: 0.0]
      [Object Copy (ms): Min: 36.0, Avg: 36.1, Max: 36.2, Diff: 0.1, Sum: 360.8]
      [Termination (ms): Min: 0.0, Avg: 0.1, Max: 0.1, Diff: 0.1, Sum: 0.7]
         [Termination Attempts: Min: 1, Avg: 1.0, Max: 1, Diff: 0, Sum: 10]
      [GC Worker Other (ms): Min: 0.0, Avg: 0.1, Max: 0.2, Diff: 0.2, Sum: 0.7]
      [GC Worker Total (ms): Min: 36.4, Avg: 36.5, Max: 36.6, Diff: 0.2, Sum: 364.8]
      [GC Worker End (ms): Min: 10920.6, Avg: 10920.6, Max: 10920.7, Diff: 0.2]
   [Code Root Fixup: 0.0 ms]
   [Code Root Purge: 0.0 ms]
   [Clear CT: 0.6 ms]
   [Other: 1.3 ms]
      [Choose CSet: 0.0 ms]
      [Ref Proc: 0.4 ms]
      [Ref Enq: 0.0 ms]
      [Redirty Cards: 0.3 ms]
      [Humongous Register: 0.0 ms]
      [Humongous Reclaim: 0.0 ms]
      [Free CSet: 0.4 ms]
   [Eden: 2016.0M(2016.0M)->0.0B(1938.0M) Survivors: 298.0M->290.0M Heap: 3269.2M(4096.0M)->1338.5M(4096.0M)]
 [Times: user=0.31 sys=0.00, real=0.04 secs] 
2022-01-17T02:09:28.579+0800: 11.106: [GC pause (G1 Evacuation Pause) (young), 0.0381407 secs]
   [Parallel Time: 36.6 ms, GC Workers: 10]
      [GC Worker Start (ms): Min: 11105.9, Avg: 11106.0, Max: 11106.1, Diff: 0.2]
      [Ext Root Scanning (ms): Min: 0.0, Avg: 0.1, Max: 0.2, Diff: 0.2, Sum: 0.5]
      [Update RS (ms): Min: 0.0, Avg: 0.1, Max: 0.2, Diff: 0.1, Sum: 0.8]
         [Processed Buffers: Min: 1, Avg: 1.1, Max: 2, Diff: 1, Sum: 11]
      [Scan RS (ms): Min: 0.0, Avg: 0.1, Max: 0.1, Diff: 0.1, Sum: 1.1]
      [Code Root Scanning (ms): Min: 0.0, Avg: 0.0, Max: 0.0, Diff: 0.0, Sum: 0.0]
      [Object Copy (ms): Min: 35.8, Avg: 35.9, Max: 36.0, Diff: 0.2, Sum: 359.1]
      [Termination (ms): Min: 0.0, Avg: 0.1, Max: 0.2, Diff: 0.2, Sum: 0.8]
         [Termination Attempts: Min: 1, Avg: 1.0, Max: 1, Diff: 0, Sum: 10]
      [GC Worker Other (ms): Min: 0.0, Avg: 0.1, Max: 0.2, Diff: 0.1, Sum: 0.7]
      [GC Worker Total (ms): Min: 36.2, Avg: 36.3, Max: 36.4, Diff: 0.2, Sum: 363.1]
      [GC Worker End (ms): Min: 11142.3, Avg: 11142.4, Max: 11142.4, Diff: 0.1]
   [Code Root Fixup: 0.0 ms]
   [Code Root Purge: 0.0 ms]
   [Clear CT: 0.4 ms]
   [Other: 1.1 ms]
      [Choose CSet: 0.0 ms]
      [Ref Proc: 0.3 ms]
      [Ref Enq: 0.0 ms]
      [Redirty Cards: 0.4 ms]
      [Humongous Register: 0.0 ms]
      [Humongous Reclaim: 0.0 ms]
      [Free CSet: 0.4 ms]
   [Eden: 1938.0M(1938.0M)->0.0B(1848.0M) Survivors: 290.0M->280.0M Heap: 3276.5M(4096.0M)->1434.5M(4096.0M)]
 [Times: user=0.31 sys=0.00, real=0.04 secs] 
2022-01-17T02:09:28.789+0800: 11.314: [GC pause (G1 Evacuation Pause) (young), 0.0375819 secs]
   [Parallel Time: 35.9 ms, GC Workers: 10]
      [GC Worker Start (ms): Min: 11314.4, Avg: 11314.6, Max: 11314.6, Diff: 0.2]
      [Ext Root Scanning (ms): Min: 0.0, Avg: 0.0, Max: 0.2, Diff: 0.2, Sum: 0.5]
      [Update RS (ms): Min: 0.0, Avg: 0.1, Max: 0.3, Diff: 0.3, Sum: 0.8]
         [Processed Buffers: Min: 1, Avg: 1.1, Max: 2, Diff: 1, Sum: 11]
      [Scan RS (ms): Min: 0.0, Avg: 0.1, Max: 0.1, Diff: 0.1, Sum: 1.1]
      [Code Root Scanning (ms): Min: 0.0, Avg: 0.0, Max: 0.0, Diff: 0.0, Sum: 0.0]
      [Object Copy (ms): Min: 35.0, Avg: 35.2, Max: 35.3, Diff: 0.2, Sum: 351.7]
      [Termination (ms): Min: 0.0, Avg: 0.1, Max: 0.1, Diff: 0.1, Sum: 0.6]
         [Termination Attempts: Min: 1, Avg: 1.4, Max: 2, Diff: 1, Sum: 14]
      [GC Worker Other (ms): Min: 0.0, Avg: 0.1, Max: 0.1, Diff: 0.1, Sum: 0.5]
      [GC Worker Total (ms): Min: 35.4, Avg: 35.5, Max: 35.6, Diff: 0.2, Sum: 355.2]
      [GC Worker End (ms): Min: 11350.0, Avg: 11350.1, Max: 11350.1, Diff: 0.1]
   [Code Root Fixup: 0.0 ms]
   [Code Root Purge: 0.0 ms]
   [Clear CT: 0.5 ms]
   [Other: 1.1 ms]
      [Choose CSet: 0.0 ms]
      [Ref Proc: 0.4 ms]
      [Ref Enq: 0.0 ms]
      [Redirty Cards: 0.3 ms]
      [Humongous Register: 0.0 ms]
      [Humongous Reclaim: 0.0 ms]
      [Free CSet: 0.4 ms]
   [Eden: 1848.0M(1848.0M)->0.0B(1760.0M) Survivors: 280.0M->266.0M Heap: 3282.5M(4096.0M)->1532.9M(4096.0M)]
 [Times: user=0.45 sys=0.00, real=0.04 secs] 
2022-01-17T02:09:28.993+0800: 11.518: [GC pause (G1 Evacuation Pause) (young), 0.0369219 secs]
   [Parallel Time: 35.0 ms, GC Workers: 10]
      [GC Worker Start (ms): Min: 11518.2, Avg: 11518.3, Max: 11518.3, Diff: 0.2]
      [Ext Root Scanning (ms): Min: 0.0, Avg: 0.1, Max: 0.2, Diff: 0.2, Sum: 0.6]
      [Update RS (ms): Min: 0.0, Avg: 0.1, Max: 0.2, Diff: 0.1, Sum: 0.8]
         [Processed Buffers: Min: 1, Avg: 1.1, Max: 2, Diff: 1, Sum: 11]
      [Scan RS (ms): Min: 0.0, Avg: 0.1, Max: 0.1, Diff: 0.1, Sum: 0.9]
      [Code Root Scanning (ms): Min: 0.0, Avg: 0.0, Max: 0.0, Diff: 0.0, Sum: 0.0]
      [Object Copy (ms): Min: 34.2, Avg: 34.3, Max: 34.3, Diff: 0.2, Sum: 342.6]
      [Termination (ms): Min: 0.0, Avg: 0.1, Max: 0.1, Diff: 0.1, Sum: 0.8]
         [Termination Attempts: Min: 1, Avg: 1.1, Max: 2, Diff: 1, Sum: 11]
      [GC Worker Other (ms): Min: 0.0, Avg: 0.1, Max: 0.1, Diff: 0.1, Sum: 0.5]
      [GC Worker Total (ms): Min: 34.5, Avg: 34.6, Max: 34.7, Diff: 0.2, Sum: 346.2]
      [GC Worker End (ms): Min: 11552.9, Avg: 11552.9, Max: 11553.0, Diff: 0.1]
   [Code Root Fixup: 0.0 ms]
   [Code Root Purge: 0.0 ms]
   [Clear CT: 0.7 ms]
   [Other: 1.2 ms]
      [Choose CSet: 0.0 ms]
      [Ref Proc: 0.3 ms]
      [Ref Enq: 0.0 ms]
      [Redirty Cards: 0.5 ms]
      [Humongous Register: 0.0 ms]
      [Humongous Reclaim: 0.0 ms]
      [Free CSet: 0.3 ms]
   [Eden: 1760.0M(1760.0M)->0.0B(1676.0M) Survivors: 266.0M->254.0M Heap: 3292.9M(4096.0M)->1630.9M(4096.0M)]
 [Times: user=0.31 sys=0.00, real=0.04 secs] 
2022-01-17T02:09:29.187+0800: 11.713: [GC pause (G1 Evacuation Pause) (young), 0.0380788 secs]
   [Parallel Time: 36.5 ms, GC Workers: 10]
      [GC Worker Start (ms): Min: 11713.1, Avg: 11713.2, Max: 11713.3, Diff: 0.2]
      [Ext Root Scanning (ms): Min: 0.0, Avg: 0.1, Max: 0.2, Diff: 0.2, Sum: 0.6]
      [Update RS (ms): Min: 0.0, Avg: 0.1, Max: 0.3, Diff: 0.3, Sum: 0.9]
         [Processed Buffers: Min: 1, Avg: 1.1, Max: 2, Diff: 1, Sum: 11]
      [Scan RS (ms): Min: 0.1, Avg: 0.1, Max: 0.1, Diff: 0.1, Sum: 1.0]
      [Code Root Scanning (ms): Min: 0.0, Avg: 0.0, Max: 0.0, Diff: 0.0, Sum: 0.0]
      [Object Copy (ms): Min: 35.6, Avg: 35.9, Max: 35.9, Diff: 0.3, Sum: 358.7]
      [Termination (ms): Min: 0.0, Avg: 0.0, Max: 0.1, Diff: 0.0, Sum: 0.3]
         [Termination Attempts: Min: 1, Avg: 1.1, Max: 2, Diff: 1, Sum: 11]
      [GC Worker Other (ms): Min: 0.0, Avg: 0.1, Max: 0.1, Diff: 0.1, Sum: 0.6]
      [GC Worker Total (ms): Min: 36.1, Avg: 36.2, Max: 36.3, Diff: 0.2, Sum: 362.1]
      [GC Worker End (ms): Min: 11749.4, Avg: 11749.4, Max: 11749.5, Diff: 0.1]
   [Code Root Fixup: 0.0 ms]
   [Code Root Purge: 0.0 ms]
   [Clear CT: 0.4 ms]
   [Other: 1.3 ms]
      [Choose CSet: 0.0 ms]
      [Ref Proc: 0.3 ms]
      [Ref Enq: 0.0 ms]
      [Redirty Cards: 0.5 ms]
      [Humongous Register: 0.0 ms]
      [Humongous Reclaim: 0.0 ms]
      [Free CSet: 0.3 ms]
   [Eden: 1676.0M(1676.0M)->0.0B(1554.0M) Survivors: 254.0M->242.0M Heap: 3306.9M(4096.0M)->1762.4M(4096.0M)]
 [Times: user=0.31 sys=0.00, real=0.04 secs] 
2022-01-17T02:09:29.373+0800: 11.899: [GC pause (G1 Evacuation Pause) (young), 0.0362585 secs]
   [Parallel Time: 34.5 ms, GC Workers: 10]
      [GC Worker Start (ms): Min: 11899.1, Avg: 11899.2, Max: 11899.2, Diff: 0.1]
      [Ext Root Scanning (ms): Min: 0.0, Avg: 0.1, Max: 0.2, Diff: 0.1, Sum: 0.7]
      [Update RS (ms): Min: 0.0, Avg: 0.1, Max: 0.2, Diff: 0.1, Sum: 0.8]
         [Processed Buffers: Min: 1, Avg: 1.1, Max: 2, Diff: 1, Sum: 11]
      [Scan RS (ms): Min: 0.0, Avg: 0.1, Max: 0.1, Diff: 0.1, Sum: 0.8]
      [Code Root Scanning (ms): Min: 0.0, Avg: 0.0, Max: 0.0, Diff: 0.0, Sum: 0.0]
      [Object Copy (ms): Min: 33.7, Avg: 33.7, Max: 33.8, Diff: 0.1, Sum: 337.1]
      [Termination (ms): Min: 0.0, Avg: 0.0, Max: 0.1, Diff: 0.1, Sum: 0.4]
         [Termination Attempts: Min: 1, Avg: 1.0, Max: 1, Diff: 0, Sum: 10]
      [GC Worker Other (ms): Min: 0.0, Avg: 0.1, Max: 0.1, Diff: 0.1, Sum: 0.7]
      [GC Worker Total (ms): Min: 34.0, Avg: 34.1, Max: 34.2, Diff: 0.3, Sum: 340.6]
      [GC Worker End (ms): Min: 11933.2, Avg: 11933.2, Max: 11933.3, Diff: 0.1]
   [Code Root Fixup: 0.0 ms]
   [Code Root Purge: 0.0 ms]
   [Clear CT: 0.4 ms]
   [Other: 1.3 ms]
      [Choose CSet: 0.0 ms]
      [Ref Proc: 0.2 ms]
      [Ref Enq: 0.0 ms]
      [Redirty Cards: 0.6 ms]
      [Humongous Register: 0.0 ms]
      [Humongous Reclaim: 0.0 ms]
      [Free CSet: 0.3 ms]
   [Eden: 1554.0M(1554.0M)->0.0B(1450.0M) Survivors: 242.0M->226.0M Heap: 3316.4M(4096.0M)->1879.3M(4096.0M)]
 [Times: user=0.31 sys=0.00, real=0.04 secs] 
2022-01-17T02:09:29.542+0800: 12.068: [GC pause (G1 Evacuation Pause) (young), 0.0355761 secs]
   [Parallel Time: 34.1 ms, GC Workers: 10]
      [GC Worker Start (ms): Min: 12067.9, Avg: 12068.0, Max: 12068.1, Diff: 0.1]
      [Ext Root Scanning (ms): Min: 0.0, Avg: 0.1, Max: 0.2, Diff: 0.1, Sum: 0.7]
      [Update RS (ms): Min: 0.1, Avg: 0.1, Max: 0.4, Diff: 0.3, Sum: 1.0]
         [Processed Buffers: Min: 1, Avg: 1.1, Max: 2, Diff: 1, Sum: 11]
      [Scan RS (ms): Min: 0.0, Avg: 0.1, Max: 0.1, Diff: 0.1, Sum: 0.9]
      [Code Root Scanning (ms): Min: 0.0, Avg: 0.0, Max: 0.0, Diff: 0.0, Sum: 0.0]
      [Object Copy (ms): Min: 33.2, Avg: 33.4, Max: 33.5, Diff: 0.3, Sum: 334.4]
      [Termination (ms): Min: 0.0, Avg: 0.1, Max: 0.1, Diff: 0.1, Sum: 0.6]
         [Termination Attempts: Min: 1, Avg: 1.0, Max: 1, Diff: 0, Sum: 10]
      [GC Worker Other (ms): Min: 0.0, Avg: 0.0, Max: 0.1, Diff: 0.1, Sum: 0.5]
      [GC Worker Total (ms): Min: 33.8, Avg: 33.8, Max: 33.9, Diff: 0.1, Sum: 338.1]
      [GC Worker End (ms): Min: 12101.8, Avg: 12101.9, Max: 12101.9, Diff: 0.1]
   [Code Root Fixup: 0.0 ms]
   [Code Root Purge: 0.0 ms]
   [Clear CT: 0.4 ms]
   [Other: 1.1 ms]
      [Choose CSet: 0.0 ms]
      [Ref Proc: 0.2 ms]
      [Ref Enq: 0.0 ms]
      [Redirty Cards: 0.4 ms]
      [Humongous Register: 0.0 ms]
      [Humongous Reclaim: 0.0 ms]
      [Free CSet: 0.3 ms]
   [Eden: 1450.0M(1450.0M)->0.0B(1334.0M) Survivors: 226.0M->210.0M Heap: 3329.3M(4096.0M)->2010.5M(4096.0M)]
 [Times: user=0.31 sys=0.00, real=0.03 secs] 
2022-01-17T02:09:29.703+0800: 12.229: [GC pause (G1 Evacuation Pause) (young), 0.0340194 secs]
   [Parallel Time: 32.3 ms, GC Workers: 10]
      [GC Worker Start (ms): Min: 12229.1, Avg: 12229.2, Max: 12229.2, Diff: 0.1]
      [Ext Root Scanning (ms): Min: 0.0, Avg: 0.1, Max: 0.2, Diff: 0.1, Sum: 0.8]
      [Update RS (ms): Min: 0.1, Avg: 0.1, Max: 0.2, Diff: 0.1, Sum: 1.0]
         [Processed Buffers: Min: 1, Avg: 1.1, Max: 2, Diff: 1, Sum: 11]
      [Scan RS (ms): Min: 0.0, Avg: 0.1, Max: 0.1, Diff: 0.1, Sum: 0.7]
      [Code Root Scanning (ms): Min: 0.0, Avg: 0.0, Max: 0.0, Diff: 0.0, Sum: 0.0]
      [Object Copy (ms): Min: 31.3, Avg: 31.5, Max: 31.6, Diff: 0.2, Sum: 314.6]
      [Termination (ms): Min: 0.0, Avg: 0.1, Max: 0.2, Diff: 0.2, Sum: 1.0]
         [Termination Attempts: Min: 1, Avg: 1.0, Max: 1, Diff: 0, Sum: 10]
      [GC Worker Other (ms): Min: 0.0, Avg: 0.0, Max: 0.1, Diff: 0.1, Sum: 0.4]
      [GC Worker Total (ms): Min: 31.8, Avg: 31.9, Max: 32.0, Diff: 0.2, Sum: 318.6]
      [GC Worker End (ms): Min: 12261.0, Avg: 12261.0, Max: 12261.1, Diff: 0.1]
   [Code Root Fixup: 0.0 ms]
   [Code Root Purge: 0.0 ms]
   [Clear CT: 0.6 ms]
   [Other: 1.2 ms]
      [Choose CSet: 0.0 ms]
      [Ref Proc: 0.4 ms]
      [Ref Enq: 0.0 ms]
      [Redirty Cards: 0.4 ms]
      [Humongous Register: 0.0 ms]
      [Humongous Reclaim: 0.0 ms]
      [Free CSet: 0.3 ms]
   [Eden: 1334.0M(1334.0M)->0.0B(1232.0M) Survivors: 210.0M->194.0M Heap: 3344.5M(4096.0M)->2130.6M(4096.0M)]
 [Times: user=0.31 sys=0.00, real=0.03 secs] 
2022-01-17T02:09:29.854+0800: 12.380: [GC pause (G1 Evacuation Pause) (young) (initial-mark), 0.0326668 secs]
   [Parallel Time: 31.2 ms, GC Workers: 10]
      [GC Worker Start (ms): Min: 12380.1, Avg: 12380.2, Max: 12380.2, Diff: 0.1]
      [Ext Root Scanning (ms): Min: 0.1, Avg: 0.1, Max: 0.2, Diff: 0.1, Sum: 1.2]
      [Update RS (ms): Min: 0.1, Avg: 0.1, Max: 0.4, Diff: 0.3, Sum: 1.1]
         [Processed Buffers: Min: 1, Avg: 1.1, Max: 2, Diff: 1, Sum: 11]
      [Scan RS (ms): Min: 0.0, Avg: 0.1, Max: 0.1, Diff: 0.1, Sum: 0.7]
      [Code Root Scanning (ms): Min: 0.0, Avg: 0.0, Max: 0.0, Diff: 0.0, Sum: 0.0]
      [Object Copy (ms): Min: 30.4, Avg: 30.7, Max: 30.8, Diff: 0.4, Sum: 306.7]
      [Termination (ms): Min: 0.0, Avg: 0.1, Max: 0.3, Diff: 0.3, Sum: 1.3]
         [Termination Attempts: Min: 1, Avg: 1.0, Max: 1, Diff: 0, Sum: 10]
      [GC Worker Other (ms): Min: 0.0, Avg: 0.0, Max: 0.1, Diff: 0.0, Sum: 0.3]
      [GC Worker Total (ms): Min: 31.1, Avg: 31.1, Max: 31.2, Diff: 0.1, Sum: 311.3]
      [GC Worker End (ms): Min: 12411.3, Avg: 12411.3, Max: 12411.3, Diff: 0.0]
   [Code Root Fixup: 0.0 ms]
   [Code Root Purge: 0.0 ms]
   [Clear CT: 0.5 ms]
   [Other: 0.9 ms]
      [Choose CSet: 0.0 ms]
      [Ref Proc: 0.3 ms]
      [Ref Enq: 0.0 ms]
      [Redirty Cards: 0.1 ms]
      [Humongous Register: 0.0 ms]
      [Humongous Reclaim: 0.0 ms]
      [Free CSet: 0.3 ms]
   [Eden: 1232.0M(1232.0M)->0.0B(1120.0M) Survivors: 194.0M->180.0M Heap: 3362.6M(4096.0M)->2262.4M(4096.0M)]
 [Times: user=0.31 sys=0.00, real=0.03 secs] 
2022-01-17T02:09:29.887+0800: 12.413: [GC concurrent-root-region-scan-start]
2022-01-17T02:09:29.887+0800: 12.413: [GC concurrent-root-region-scan-end, 0.0001183 secs]
2022-01-17T02:09:29.887+0800: 12.413: [GC concurrent-mark-start]
2022-01-17T02:09:29.890+0800: 12.416: [GC concurrent-mark-end, 0.0030719 secs]
2022-01-17T02:09:29.891+0800: 12.416: [GC remark 2022-01-17T02:09:29.891+0800: 12.416: [Finalize Marking, 0.0002948 secs] 2022-01-17T02:09:29.891+0800: 12.416: [GC ref-proc, 0.0000615 secs] 2022-01-17T02:09:29.891+0800: 12.416: [Unloading, 0.0005293 secs], 0.0016260 secs]
 [Times: user=0.00 sys=0.00, real=0.00 secs] 
2022-01-17T02:09:29.892+0800: 12.418: [GC cleanup 2295M->653M(4096M), 0.0015376 secs]
 [Times: user=0.00 sys=0.00, real=0.00 secs] 
2022-01-17T02:09:29.893+0800: 12.419: [GC concurrent-cleanup-start]
2022-01-17T02:09:29.894+0800: 12.420: [GC concurrent-cleanup-end, 0.0008250 secs]
2022-01-17T02:09:30.000+0800: 12.525: [GC pause (G1 Evacuation Pause) (young), 0.0334905 secs]
   [Parallel Time: 31.5 ms, GC Workers: 10]
      [GC Worker Start (ms): Min: 12525.5, Avg: 12525.6, Max: 12525.7, Diff: 0.1]
      [Ext Root Scanning (ms): Min: 0.0, Avg: 0.1, Max: 0.1, Diff: 0.1, Sum: 0.6]
      [Update RS (ms): Min: 0.0, Avg: 0.1, Max: 0.2, Diff: 0.2, Sum: 0.8]
         [Processed Buffers: Min: 1, Avg: 1.1, Max: 2, Diff: 1, Sum: 11]
      [Scan RS (ms): Min: 0.0, Avg: 0.1, Max: 0.1, Diff: 0.1, Sum: 0.6]
      [Code Root Scanning (ms): Min: 0.0, Avg: 0.0, Max: 0.0, Diff: 0.0, Sum: 0.0]
      [Object Copy (ms): Min: 30.6, Avg: 30.7, Max: 30.8, Diff: 0.1, Sum: 307.0]
      [Termination (ms): Min: 0.0, Avg: 0.1, Max: 0.1, Diff: 0.1, Sum: 0.5]
         [Termination Attempts: Min: 1, Avg: 1.0, Max: 1, Diff: 0, Sum: 10]
      [GC Worker Other (ms): Min: 0.0, Avg: 0.0, Max: 0.1, Diff: 0.1, Sum: 0.5]
      [GC Worker Total (ms): Min: 30.9, Avg: 31.0, Max: 31.1, Diff: 0.1, Sum: 310.0]
      [GC Worker End (ms): Min: 12556.6, Avg: 12556.6, Max: 12556.7, Diff: 0.1]
   [Code Root Fixup: 0.0 ms]
   [Code Root Purge: 0.0 ms]
   [Clear CT: 0.4 ms]
   [Other: 1.7 ms]
      [Choose CSet: 0.0 ms]
      [Ref Proc: 0.4 ms]
      [Ref Enq: 0.0 ms]
      [Redirty Cards: 0.7 ms]
      [Humongous Register: 0.0 ms]
      [Humongous Reclaim: 0.0 ms]
      [Free CSet: 0.3 ms]
   [Eden: 1120.0M(1120.0M)->0.0B(40.0M) Survivors: 180.0M->164.0M Heap: 1740.4M(4096.0M)->766.6M(4096.0M)]
 [Times: user=0.31 sys=0.00, real=0.03 secs] 
2022-01-17T02:09:30.037+0800: 12.562: [GC pause (G1 Evacuation Pause) (mixed), 0.0172580 secs]
   [Parallel Time: 16.7 ms, GC Workers: 10]
      [GC Worker Start (ms): Min: 12562.6, Avg: 12562.7, Max: 12562.7, Diff: 0.1]
      [Ext Root Scanning (ms): Min: 0.1, Avg: 0.1, Max: 0.2, Diff: 0.1, Sum: 0.9]
      [Update RS (ms): Min: 0.1, Avg: 0.1, Max: 0.1, Diff: 0.1, Sum: 0.7]
         [Processed Buffers: Min: 1, Avg: 1.1, Max: 2, Diff: 1, Sum: 11]
      [Scan RS (ms): Min: 0.0, Avg: 0.0, Max: 0.0, Diff: 0.0, Sum: 0.2]
      [Code Root Scanning (ms): Min: 0.0, Avg: 0.0, Max: 0.0, Diff: 0.0, Sum: 0.0]
      [Object Copy (ms): Min: 16.2, Avg: 16.3, Max: 16.4, Diff: 0.2, Sum: 163.1]
      [Termination (ms): Min: 0.0, Avg: 0.1, Max: 0.2, Diff: 0.2, Sum: 0.9]
         [Termination Attempts: Min: 1, Avg: 1.0, Max: 1, Diff: 0, Sum: 10]
      [GC Worker Other (ms): Min: 0.0, Avg: 0.0, Max: 0.0, Diff: 0.0, Sum: 0.1]
      [GC Worker Total (ms): Min: 16.6, Avg: 16.6, Max: 16.7, Diff: 0.1, Sum: 166.0]
      [GC Worker End (ms): Min: 12579.3, Avg: 12579.3, Max: 12579.3, Diff: 0.0]
   [Code Root Fixup: 0.0 ms]
   [Code Root Purge: 0.0 ms]
   [Clear CT: 0.1 ms]
   [Other: 0.5 ms]
      [Choose CSet: 0.0 ms]
      [Ref Proc: 0.1 ms]
      [Ref Enq: 0.0 ms]
      [Redirty Cards: 0.1 ms]
      [Humongous Register: 0.1 ms]
      [Humongous Reclaim: 0.0 ms]
      [Free CSet: 0.1 ms]
   [Eden: 40.0M(40.0M)->0.0B(2440.0M) Survivors: 164.0M->16.0M Heap: 806.6M(4096.0M)->736.9M(4096.0M)]
 [Times: user=0.16 sys=0.00, real=0.02 secs] 
2022-01-17T02:09:30.281+0800: 12.807: [GC pause (G1 Evacuation Pause) (young), 0.0349114 secs]
   [Parallel Time: 32.8 ms, GC Workers: 10]
      [GC Worker Start (ms): Min: 12807.1, Avg: 12807.2, Max: 12807.2, Diff: 0.2]
      [Ext Root Scanning (ms): Min: 0.0, Avg: 0.1, Max: 0.2, Diff: 0.2, Sum: 0.6]
      [Update RS (ms): Min: 0.0, Avg: 0.1, Max: 0.2, Diff: 0.1, Sum: 0.9]
         [Processed Buffers: Min: 1, Avg: 1.1, Max: 2, Diff: 1, Sum: 11]
      [Scan RS (ms): Min: 0.0, Avg: 0.1, Max: 0.2, Diff: 0.1, Sum: 1.1]
      [Code Root Scanning (ms): Min: 0.0, Avg: 0.0, Max: 0.0, Diff: 0.0, Sum: 0.0]
      [Object Copy (ms): Min: 31.8, Avg: 31.9, Max: 32.0, Diff: 0.2, Sum: 318.7]
      [Termination (ms): Min: 0.0, Avg: 0.1, Max: 0.2, Diff: 0.2, Sum: 0.9]
         [Termination Attempts: Min: 1, Avg: 1.0, Max: 1, Diff: 0, Sum: 10]
      [GC Worker Other (ms): Min: 0.0, Avg: 0.0, Max: 0.2, Diff: 0.1, Sum: 0.5]
      [GC Worker Total (ms): Min: 32.2, Avg: 32.3, Max: 32.5, Diff: 0.3, Sum: 322.8]
      [GC Worker End (ms): Min: 12839.4, Avg: 12839.5, Max: 12839.6, Diff: 0.1]
   [Code Root Fixup: 0.0 ms]
   [Code Root Purge: 0.0 ms]
   [Clear CT: 0.7 ms]
   [Other: 1.4 ms]
      [Choose CSet: 0.0 ms]
      [Ref Proc: 0.2 ms]
      [Ref Enq: 0.0 ms]
      [Redirty Cards: 0.6 ms]
      [Humongous Register: 0.0 ms]
      [Humongous Reclaim: 0.0 ms]
      [Free CSet: 0.4 ms]
   [Eden: 2440.0M(2440.0M)->0.0B(2148.0M) Survivors: 16.0M->308.0M Heap: 3176.9M(4096.0M)->1061.4M(4096.0M)]
 [Times: user=0.30 sys=0.02, real=0.04 secs] 
2022-01-17T02:09:30.519+0800: 13.046: [GC pause (G1 Evacuation Pause) (young), 0.0395144 secs]
   [Parallel Time: 37.5 ms, GC Workers: 10]
      [GC Worker Start (ms): Min: 13046.0, Avg: 13046.1, Max: 13046.1, Diff: 0.2]
      [Ext Root Scanning (ms): Min: 0.0, Avg: 0.1, Max: 0.2, Diff: 0.2, Sum: 0.6]
      [Update RS (ms): Min: 0.0, Avg: 0.1, Max: 0.4, Diff: 0.4, Sum: 1.0]
         [Processed Buffers: Min: 1, Avg: 1.1, Max: 2, Diff: 1, Sum: 11]
      [Scan RS (ms): Min: 0.1, Avg: 0.1, Max: 0.2, Diff: 0.1, Sum: 1.3]
      [Code Root Scanning (ms): Min: 0.0, Avg: 0.0, Max: 0.0, Diff: 0.0, Sum: 0.0]
      [Object Copy (ms): Min: 36.2, Avg: 36.4, Max: 36.6, Diff: 0.4, Sum: 364.4]
      [Termination (ms): Min: 0.0, Avg: 0.1, Max: 0.1, Diff: 0.1, Sum: 0.7]
         [Termination Attempts: Min: 1, Avg: 1.0, Max: 1, Diff: 0, Sum: 10]
      [GC Worker Other (ms): Min: 0.0, Avg: 0.1, Max: 0.2, Diff: 0.2, Sum: 0.6]
      [GC Worker Total (ms): Min: 36.8, Avg: 36.9, Max: 37.0, Diff: 0.2, Sum: 368.7]
      [GC Worker End (ms): Min: 13082.9, Avg: 13082.9, Max: 13083.1, Diff: 0.2]
   [Code Root Fixup: 0.0 ms]
   [Code Root Purge: 0.0 ms]
   [Clear CT: 0.6 ms]
   [Other: 1.3 ms]
      [Choose CSet: 0.0 ms]
      [Ref Proc: 0.5 ms]
      [Ref Enq: 0.0 ms]
      [Redirty Cards: 0.3 ms]
      [Humongous Register: 0.1 ms]
      [Humongous Reclaim: 0.0 ms]
      [Free CSet: 0.4 ms]
   [Eden: 2148.0M(2148.0M)->0.0B(2132.0M) Survivors: 308.0M->308.0M Heap: 3209.4M(4096.0M)->1148.4M(4096.0M)]
 [Times: user=0.47 sys=0.00, real=0.04 secs] 
2022-01-17T02:09:30.760+0800: 13.285: [GC pause (G1 Evacuation Pause) (young), 0.0380919 secs]
   [Parallel Time: 36.3 ms, GC Workers: 10]
      [GC Worker Start (ms): Min: 13285.6, Avg: 13285.6, Max: 13285.7, Diff: 0.1]
      [Ext Root Scanning (ms): Min: 0.1, Avg: 0.1, Max: 0.2, Diff: 0.1, Sum: 0.9]
      [Update RS (ms): Min: 0.1, Avg: 0.1, Max: 0.2, Diff: 0.1, Sum: 0.9]
         [Processed Buffers: Min: 1, Avg: 1.1, Max: 2, Diff: 1, Sum: 11]
      [Scan RS (ms): Min: 0.1, Avg: 0.1, Max: 0.2, Diff: 0.1, Sum: 1.2]
      [Code Root Scanning (ms): Min: 0.0, Avg: 0.0, Max: 0.0, Diff: 0.0, Sum: 0.0]
      [Object Copy (ms): Min: 35.6, Avg: 35.6, Max: 35.7, Diff: 0.1, Sum: 356.4]
      [Termination (ms): Min: 0.0, Avg: 0.1, Max: 0.1, Diff: 0.1, Sum: 0.9]
         [Termination Attempts: Min: 1, Avg: 1.0, Max: 1, Diff: 0, Sum: 10]
      [GC Worker Other (ms): Min: 0.0, Avg: 0.0, Max: 0.1, Diff: 0.1, Sum: 0.4]
      [GC Worker Total (ms): Min: 36.0, Avg: 36.1, Max: 36.2, Diff: 0.2, Sum: 360.8]
      [GC Worker End (ms): Min: 13321.7, Avg: 13321.7, Max: 13321.8, Diff: 0.1]
   [Code Root Fixup: 0.0 ms]
   [Code Root Purge: 0.0 ms]
   [Clear CT: 0.6 ms]
   [Other: 1.2 ms]
      [Choose CSet: 0.0 ms]
      [Ref Proc: 0.3 ms]
      [Ref Enq: 0.0 ms]
      [Redirty Cards: 0.3 ms]
      [Humongous Register: 0.1 ms]
      [Humongous Reclaim: 0.0 ms]
      [Free CSet: 0.4 ms]
   [Eden: 2132.0M(2132.0M)->0.0B(2058.0M) Survivors: 308.0M->306.0M Heap: 3280.4M(4096.0M)->1222.2M(4096.0M)]
 [Times: user=0.31 sys=0.00, real=0.04 secs] 
2022-01-17T02:09:30.994+0800: 13.521: [GC pause (G1 Evacuation Pause) (young), 0.0382930 secs]
   [Parallel Time: 36.7 ms, GC Workers: 10]
      [GC Worker Start (ms): Min: 13520.6, Avg: 13520.7, Max: 13520.8, Diff: 0.1]
      [Ext Root Scanning (ms): Min: 0.0, Avg: 0.1, Max: 0.2, Diff: 0.1, Sum: 0.8]
      [Update RS (ms): Min: 0.1, Avg: 0.1, Max: 0.2, Diff: 0.1, Sum: 0.9]
         [Processed Buffers: Min: 1, Avg: 1.1, Max: 2, Diff: 1, Sum: 11]
      [Scan RS (ms): Min: 0.0, Avg: 0.1, Max: 0.2, Diff: 0.1, Sum: 1.2]
      [Code Root Scanning (ms): Min: 0.0, Avg: 0.0, Max: 0.0, Diff: 0.0, Sum: 0.0]
      [Object Copy (ms): Min: 36.0, Avg: 36.1, Max: 36.2, Diff: 0.1, Sum: 360.9]
      [Termination (ms): Min: 0.0, Avg: 0.1, Max: 0.2, Diff: 0.2, Sum: 0.6]
         [Termination Attempts: Min: 1, Avg: 1.0, Max: 1, Diff: 0, Sum: 10]
      [GC Worker Other (ms): Min: 0.0, Avg: 0.1, Max: 0.1, Diff: 0.1, Sum: 0.5]
      [GC Worker Total (ms): Min: 36.4, Avg: 36.5, Max: 36.6, Diff: 0.2, Sum: 365.0]
      [GC Worker End (ms): Min: 13557.2, Avg: 13557.2, Max: 13557.3, Diff: 0.1]
   [Code Root Fixup: 0.0 ms]
   [Code Root Purge: 0.0 ms]
   [Clear CT: 0.6 ms]
   [Other: 1.0 ms]
      [Choose CSet: 0.0 ms]
      [Ref Proc: 0.2 ms]
      [Ref Enq: 0.0 ms]
      [Redirty Cards: 0.2 ms]
      [Humongous Register: 0.0 ms]
      [Humongous Reclaim: 0.0 ms]
      [Free CSet: 0.4 ms]
   [Eden: 2058.0M(2058.0M)->0.0B(1976.0M) Survivors: 306.0M->296.0M Heap: 3280.2M(4096.0M)->1305.1M(4096.0M)]
 [Times: user=0.31 sys=0.00, real=0.04 secs] 
2022-01-17T02:09:31.214+0800: 13.740: [GC pause (G1 Evacuation Pause) (young), 0.0385209 secs]
   [Parallel Time: 36.6 ms, GC Workers: 10]
      [GC Worker Start (ms): Min: 13739.8, Avg: 13739.9, Max: 13739.9, Diff: 0.1]
      [Ext Root Scanning (ms): Min: 0.1, Avg: 0.1, Max: 0.1, Diff: 0.1, Sum: 0.9]
      [Update RS (ms): Min: 0.1, Avg: 0.1, Max: 0.1, Diff: 0.1, Sum: 1.0]
         [Processed Buffers: Min: 1, Avg: 1.1, Max: 2, Diff: 1, Sum: 11]
      [Scan RS (ms): Min: 0.1, Avg: 0.1, Max: 0.2, Diff: 0.1, Sum: 1.3]
      [Code Root Scanning (ms): Min: 0.0, Avg: 0.0, Max: 0.0, Diff: 0.0, Sum: 0.0]
      [Object Copy (ms): Min: 35.8, Avg: 35.9, Max: 35.9, Diff: 0.2, Sum: 358.5]
      [Termination (ms): Min: 0.0, Avg: 0.1, Max: 0.1, Diff: 0.1, Sum: 0.7]
         [Termination Attempts: Min: 1, Avg: 1.0, Max: 1, Diff: 0, Sum: 10]
      [GC Worker Other (ms): Min: 0.0, Avg: 0.1, Max: 0.2, Diff: 0.2, Sum: 0.9]
      [GC Worker Total (ms): Min: 36.2, Avg: 36.3, Max: 36.4, Diff: 0.2, Sum: 363.3]
      [GC Worker End (ms): Min: 13776.2, Avg: 13776.2, Max: 13776.3, Diff: 0.2]
   [Code Root Fixup: 0.0 ms]
   [Code Root Purge: 0.0 ms]
   [Clear CT: 0.6 ms]
   [Other: 1.3 ms]
      [Choose CSet: 0.0 ms]
      [Ref Proc: 0.3 ms]
      [Ref Enq: 0.0 ms]
      [Redirty Cards: 0.4 ms]
      [Humongous Register: 0.0 ms]
      [Humongous Reclaim: 0.0 ms]
      [Free CSet: 0.4 ms]
   [Eden: 1976.0M(1976.0M)->0.0B(1884.0M) Survivors: 296.0M->284.0M Heap: 3281.1M(4096.0M)->1403.6M(4096.0M)]
 [Times: user=0.31 sys=0.00, real=0.04 secs] 
2022-01-17T02:09:31.431+0800: 13.956: [GC pause (G1 Evacuation Pause) (young), 0.0379317 secs]
   [Parallel Time: 36.4 ms, GC Workers: 10]
      [GC Worker Start (ms): Min: 13956.4, Avg: 13956.5, Max: 13956.6, Diff: 0.2]
      [Ext Root Scanning (ms): Min: 0.0, Avg: 0.1, Max: 0.2, Diff: 0.1, Sum: 0.6]
      [Update RS (ms): Min: 0.0, Avg: 0.1, Max: 0.4, Diff: 0.4, Sum: 1.0]
         [Processed Buffers: Min: 1, Avg: 1.1, Max: 2, Diff: 1, Sum: 11]
      [Scan RS (ms): Min: 0.0, Avg: 0.1, Max: 0.1, Diff: 0.1, Sum: 1.1]
      [Code Root Scanning (ms): Min: 0.0, Avg: 0.0, Max: 0.0, Diff: 0.0, Sum: 0.0]
      [Object Copy (ms): Min: 35.2, Avg: 35.4, Max: 35.6, Diff: 0.4, Sum: 354.3]
      [Termination (ms): Min: 0.0, Avg: 0.1, Max: 0.2, Diff: 0.2, Sum: 1.5]
         [Termination Attempts: Min: 1, Avg: 1.2, Max: 2, Diff: 1, Sum: 12]
      [GC Worker Other (ms): Min: 0.0, Avg: 0.1, Max: 0.2, Diff: 0.1, Sum: 0.5]
      [GC Worker Total (ms): Min: 35.8, Avg: 35.9, Max: 36.0, Diff: 0.2, Sum: 359.0]
      [GC Worker End (ms): Min: 13992.4, Avg: 13992.4, Max: 13992.5, Diff: 0.1]
   [Code Root Fixup: 0.0 ms]
   [Code Root Purge: 0.0 ms]
   [Clear CT: 0.5 ms]
   [Other: 1.1 ms]
      [Choose CSet: 0.0 ms]
      [Ref Proc: 0.2 ms]
      [Ref Enq: 0.0 ms]
      [Redirty Cards: 0.3 ms]
      [Humongous Register: 0.0 ms]
      [Humongous Reclaim: 0.0 ms]
      [Free CSet: 0.4 ms]
   [Eden: 1884.0M(1884.0M)->0.0B(1796.0M) Survivors: 284.0M->272.0M Heap: 3287.6M(4096.0M)->1499.4M(4096.0M)]
 [Times: user=0.31 sys=0.00, real=0.04 secs] 
2022-01-17T02:09:31.644+0800: 14.170: [GC pause (G1 Evacuation Pause) (young), 0.0374157 secs]
   [Parallel Time: 36.0 ms, GC Workers: 10]
      [GC Worker Start (ms): Min: 14170.2, Avg: 14170.3, Max: 14170.4, Diff: 0.2]
      [Ext Root Scanning (ms): Min: 0.0, Avg: 0.1, Max: 0.2, Diff: 0.2, Sum: 0.5]
      [Update RS (ms): Min: 0.0, Avg: 0.1, Max: 0.1, Diff: 0.1, Sum: 0.8]
         [Processed Buffers: Min: 1, Avg: 1.1, Max: 2, Diff: 1, Sum: 11]
      [Scan RS (ms): Min: 0.1, Avg: 0.1, Max: 0.1, Diff: 0.1, Sum: 1.1]
      [Code Root Scanning (ms): Min: 0.0, Avg: 0.0, Max: 0.0, Diff: 0.0, Sum: 0.0]
      [Object Copy (ms): Min: 35.2, Avg: 35.3, Max: 35.4, Diff: 0.2, Sum: 353.3]
      [Termination (ms): Min: 0.0, Avg: 0.1, Max: 0.2, Diff: 0.2, Sum: 0.9]
         [Termination Attempts: Min: 1, Avg: 1.0, Max: 1, Diff: 0, Sum: 10]
      [GC Worker Other (ms): Min: 0.0, Avg: 0.1, Max: 0.1, Diff: 0.1, Sum: 0.7]
      [GC Worker Total (ms): Min: 35.7, Avg: 35.7, Max: 35.8, Diff: 0.1, Sum: 357.3]
      [GC Worker End (ms): Min: 14206.0, Avg: 14206.1, Max: 14206.1, Diff: 0.1]
   [Code Root Fixup: 0.0 ms]
   [Code Root Purge: 0.0 ms]
   [Clear CT: 0.4 ms]
   [Other: 1.0 ms]
      [Choose CSet: 0.0 ms]
      [Ref Proc: 0.2 ms]
      [Ref Enq: 0.0 ms]
      [Redirty Cards: 0.2 ms]
      [Humongous Register: 0.1 ms]
      [Humongous Reclaim: 0.0 ms]
      [Free CSet: 0.4 ms]
   [Eden: 1796.0M(1796.0M)->0.0B(1700.0M) Survivors: 272.0M->260.0M Heap: 3295.4M(4096.0M)->1603.6M(4096.0M)]
 [Times: user=0.47 sys=0.00, real=0.04 secs] 
2022-01-17T02:09:31.839+0800: 14.364: [GC pause (G1 Evacuation Pause) (young), 0.0378345 secs]
   [Parallel Time: 36.1 ms, GC Workers: 10]
      [GC Worker Start (ms): Min: 14364.6, Avg: 14364.6, Max: 14364.6, Diff: 0.1]
      [Ext Root Scanning (ms): Min: 0.1, Avg: 0.1, Max: 0.1, Diff: 0.1, Sum: 1.0]
      [Update RS (ms): Min: 0.1, Avg: 0.1, Max: 0.2, Diff: 0.1, Sum: 1.0]
         [Processed Buffers: Min: 1, Avg: 1.1, Max: 2, Diff: 1, Sum: 11]
      [Scan RS (ms): Min: 0.0, Avg: 0.1, Max: 0.1, Diff: 0.1, Sum: 1.0]
      [Code Root Scanning (ms): Min: 0.0, Avg: 0.0, Max: 0.0, Diff: 0.0, Sum: 0.0]
      [Object Copy (ms): Min: 35.3, Avg: 35.3, Max: 35.4, Diff: 0.1, Sum: 353.0]
      [Termination (ms): Min: 0.0, Avg: 0.0, Max: 0.1, Diff: 0.1, Sum: 0.4]
         [Termination Attempts: Min: 1, Avg: 1.0, Max: 1, Diff: 0, Sum: 10]
      [GC Worker Other (ms): Min: 0.0, Avg: 0.1, Max: 0.2, Diff: 0.2, Sum: 0.8]
      [GC Worker Total (ms): Min: 35.6, Avg: 35.7, Max: 35.8, Diff: 0.2, Sum: 357.3]
      [GC Worker End (ms): Min: 14400.3, Avg: 14400.3, Max: 14400.4, Diff: 0.2]
   [Code Root Fixup: 0.0 ms]
   [Code Root Purge: 0.0 ms]
   [Clear CT: 0.6 ms]
   [Other: 1.1 ms]
      [Choose CSet: 0.0 ms]
      [Ref Proc: 0.3 ms]
      [Ref Enq: 0.0 ms]
      [Redirty Cards: 0.3 ms]
      [Humongous Register: 0.0 ms]
      [Humongous Reclaim: 0.0 ms]
      [Free CSet: 0.4 ms]
   [Eden: 1700.0M(1700.0M)->0.0B(1584.0M) Survivors: 260.0M->246.0M Heap: 3303.6M(4096.0M)->1727.3M(4096.0M)]
 [Times: user=0.31 sys=0.00, real=0.04 secs] 
2022-01-17T02:09:32.023+0800: 14.549: [GC pause (G1 Evacuation Pause) (young), 0.0352934 secs]
   [Parallel Time: 33.3 ms, GC Workers: 10]
      [GC Worker Start (ms): Min: 14549.5, Avg: 14549.6, Max: 14549.7, Diff: 0.2]
      [Ext Root Scanning (ms): Min: 0.0, Avg: 0.1, Max: 0.2, Diff: 0.2, Sum: 0.7]
      [Update RS (ms): Min: 0.0, Avg: 0.1, Max: 0.2, Diff: 0.1, Sum: 1.1]
         [Processed Buffers: Min: 1, Avg: 1.1, Max: 2, Diff: 1, Sum: 11]
      [Scan RS (ms): Min: 0.0, Avg: 0.1, Max: 0.1, Diff: 0.1, Sum: 1.0]
      [Code Root Scanning (ms): Min: 0.0, Avg: 0.0, Max: 0.0, Diff: 0.0, Sum: 0.0]
      [Object Copy (ms): Min: 32.5, Avg: 32.6, Max: 32.8, Diff: 0.3, Sum: 326.1]
      [Termination (ms): Min: 0.0, Avg: 0.1, Max: 0.2, Diff: 0.2, Sum: 1.1]
         [Termination Attempts: Min: 1, Avg: 1.0, Max: 1, Diff: 0, Sum: 10]
      [GC Worker Other (ms): Min: 0.0, Avg: 0.0, Max: 0.1, Diff: 0.1, Sum: 0.3]
      [GC Worker Total (ms): Min: 33.0, Avg: 33.0, Max: 33.1, Diff: 0.1, Sum: 330.2]
      [GC Worker End (ms): Min: 14582.6, Avg: 14582.6, Max: 14582.7, Diff: 0.1]
   [Code Root Fixup: 0.0 ms]
   [Code Root Purge: 0.0 ms]
   [Clear CT: 0.5 ms]
   [Other: 1.5 ms]
      [Choose CSet: 0.0 ms]
      [Ref Proc: 0.2 ms]
      [Ref Enq: 0.0 ms]
      [Redirty Cards: 0.8 ms]
      [Humongous Register: 0.0 ms]
      [Humongous Reclaim: 0.0 ms]
      [Free CSet: 0.3 ms]
   [Eden: 1584.0M(1584.0M)->0.0B(1494.0M) Survivors: 246.0M->230.0M Heap: 3311.3M(4096.0M)->1832.6M(4096.0M)]
 [Times: user=0.31 sys=0.00, real=0.04 secs] 
2022-01-17T02:09:32.202+0800: 14.728: [GC pause (G1 Evacuation Pause) (young), 0.0367669 secs]
   [Parallel Time: 34.7 ms, GC Workers: 10]
      [GC Worker Start (ms): Min: 14727.6, Avg: 14727.7, Max: 14727.7, Diff: 0.1]
      [Ext Root Scanning (ms): Min: 0.0, Avg: 0.1, Max: 0.1, Diff: 0.1, Sum: 0.7]
      [Update RS (ms): Min: 0.0, Avg: 0.1, Max: 0.1, Diff: 0.1, Sum: 0.8]
         [Processed Buffers: Min: 1, Avg: 1.1, Max: 2, Diff: 1, Sum: 11]
      [Scan RS (ms): Min: 0.1, Avg: 0.1, Max: 0.1, Diff: 0.1, Sum: 0.9]
      [Code Root Scanning (ms): Min: 0.0, Avg: 0.0, Max: 0.0, Diff: 0.0, Sum: 0.0]
      [Object Copy (ms): Min: 33.9, Avg: 34.0, Max: 34.0, Diff: 0.1, Sum: 339.7]
      [Termination (ms): Min: 0.0, Avg: 0.0, Max: 0.1, Diff: 0.1, Sum: 0.3]
         [Termination Attempts: Min: 1, Avg: 1.0, Max: 1, Diff: 0, Sum: 10]
      [GC Worker Other (ms): Min: 0.0, Avg: 0.1, Max: 0.2, Diff: 0.2, Sum: 0.8]
      [GC Worker Total (ms): Min: 34.2, Avg: 34.3, Max: 34.5, Diff: 0.3, Sum: 343.3]
      [GC Worker End (ms): Min: 14762.0, Avg: 14762.0, Max: 14762.1, Diff: 0.2]
   [Code Root Fixup: 0.0 ms]
   [Code Root Purge: 0.0 ms]
   [Clear CT: 0.7 ms]
   [Other: 1.3 ms]
      [Choose CSet: 0.0 ms]
      [Ref Proc: 0.4 ms]
      [Ref Enq: 0.0 ms]
      [Redirty Cards: 0.4 ms]
      [Humongous Register: 0.0 ms]
      [Humongous Reclaim: 0.0 ms]
      [Free CSet: 0.3 ms]
   [Eden: 1494.0M(1494.0M)->0.0B(1378.0M) Survivors: 230.0M->216.0M Heap: 3326.6M(4096.0M)->1964.8M(4096.0M)]
 [Times: user=0.31 sys=0.00, real=0.04 secs] 
2022-01-17T02:09:32.367+0800: 14.893: [GC pause (G1 Evacuation Pause) (young), 0.0355813 secs]
   [Parallel Time: 33.8 ms, GC Workers: 10]
      [GC Worker Start (ms): Min: 14893.3, Avg: 14893.4, Max: 14893.5, Diff: 0.1]
      [Ext Root Scanning (ms): Min: 0.0, Avg: 0.1, Max: 0.1, Diff: 0.1, Sum: 0.6]
      [Update RS (ms): Min: 0.1, Avg: 0.1, Max: 0.5, Diff: 0.4, Sum: 1.3]
         [Processed Buffers: Min: 1, Avg: 1.1, Max: 2, Diff: 1, Sum: 11]
      [Scan RS (ms): Min: 0.1, Avg: 0.1, Max: 0.1, Diff: 0.0, Sum: 0.9]
      [Code Root Scanning (ms): Min: 0.0, Avg: 0.0, Max: 0.0, Diff: 0.0, Sum: 0.0]
      [Object Copy (ms): Min: 33.0, Avg: 33.3, Max: 33.3, Diff: 0.3, Sum: 332.7]
      [Termination (ms): Min: 0.0, Avg: 0.1, Max: 0.1, Diff: 0.1, Sum: 0.5]
         [Termination Attempts: Min: 1, Avg: 1.0, Max: 1, Diff: 0, Sum: 10]
      [GC Worker Other (ms): Min: 0.0, Avg: 0.0, Max: 0.1, Diff: 0.1, Sum: 0.4]
      [GC Worker Total (ms): Min: 33.6, Avg: 33.6, Max: 33.7, Diff: 0.1, Sum: 336.4]
      [GC Worker End (ms): Min: 14927.0, Avg: 14927.1, Max: 14927.1, Diff: 0.1]
   [Code Root Fixup: 0.0 ms]
   [Code Root Purge: 0.0 ms]
   [Clear CT: 0.5 ms]
   [Other: 1.2 ms]
      [Choose CSet: 0.0 ms]
      [Ref Proc: 0.3 ms]
      [Ref Enq: 0.0 ms]
      [Redirty Cards: 0.4 ms]
      [Humongous Register: 0.0 ms]
      [Humongous Reclaim: 0.0 ms]
      [Free CSet: 0.3 ms]
   [Eden: 1378.0M(1378.0M)->0.0B(1258.0M) Survivors: 216.0M->200.0M Heap: 3342.8M(4096.0M)->2102.4M(4096.0M)]
 [Times: user=0.31 sys=0.00, real=0.04 secs] 
2022-01-17T02:09:32.521+0800: 15.047: [GC pause (G1 Evacuation Pause) (young) (initial-mark), 0.0330283 secs]
   [Parallel Time: 31.4 ms, GC Workers: 10]
      [GC Worker Start (ms): Min: 15046.9, Avg: 15047.0, Max: 15047.0, Diff: 0.1]
      [Ext Root Scanning (ms): Min: 0.0, Avg: 0.1, Max: 0.2, Diff: 0.1, Sum: 0.8]
      [Update RS (ms): Min: 0.0, Avg: 0.1, Max: 0.1, Diff: 0.1, Sum: 0.7]
         [Processed Buffers: Min: 1, Avg: 1.1, Max: 2, Diff: 1, Sum: 11]
      [Scan RS (ms): Min: 0.0, Avg: 0.1, Max: 0.1, Diff: 0.1, Sum: 0.7]
      [Code Root Scanning (ms): Min: 0.0, Avg: 0.0, Max: 0.0, Diff: 0.0, Sum: 0.0]
      [Object Copy (ms): Min: 30.8, Avg: 30.9, Max: 31.0, Diff: 0.2, Sum: 309.1]
      [Termination (ms): Min: 0.0, Avg: 0.1, Max: 0.2, Diff: 0.2, Sum: 0.7]
         [Termination Attempts: Min: 1, Avg: 1.0, Max: 1, Diff: 0, Sum: 10]
      [GC Worker Other (ms): Min: 0.0, Avg: 0.0, Max: 0.0, Diff: 0.0, Sum: 0.2]
      [GC Worker Total (ms): Min: 31.2, Avg: 31.2, Max: 31.3, Diff: 0.2, Sum: 312.2]
      [GC Worker End (ms): Min: 15078.2, Avg: 15078.2, Max: 15078.2, Diff: 0.0]
   [Code Root Fixup: 0.0 ms]
   [Code Root Purge: 0.0 ms]
   [Clear CT: 0.4 ms]
   [Other: 1.2 ms]
      [Choose CSet: 0.0 ms]
      [Ref Proc: 0.5 ms]
      [Ref Enq: 0.0 ms]
      [Redirty Cards: 0.3 ms]
      [Humongous Register: 0.0 ms]
      [Humongous Reclaim: 0.0 ms]
      [Free CSet: 0.3 ms]
   [Eden: 1258.0M(1258.0M)->0.0B(1150.0M) Survivors: 200.0M->184.0M Heap: 3360.4M(4096.0M)->2231.8M(4096.0M)]
 [Times: user=0.31 sys=0.00, real=0.03 secs] 
2022-01-17T02:09:32.554+0800: 15.080: [GC concurrent-root-region-scan-start]
2022-01-17T02:09:32.554+0800: 15.080: [GC concurrent-root-region-scan-end, 0.0001537 secs]
2022-01-17T02:09:32.554+0800: 15.080: [GC concurrent-mark-start]
2022-01-17T02:09:32.557+0800: 15.083: [GC concurrent-mark-end, 0.0028052 secs]
2022-01-17T02:09:32.557+0800: 15.083: [GC remark 2022-01-17T02:09:32.557+0800: 15.083: [Finalize Marking, 0.0000869 secs] 2022-01-17T02:09:32.557+0800: 15.083: [GC ref-proc, 0.0000667 secs] 2022-01-17T02:09:32.557+0800: 15.083: [Unloading, 0.0003082 secs], 0.0010987 secs]
 [Times: user=0.00 sys=0.00, real=0.00 secs] 
2022-01-17T02:09:32.558+0800: 15.084: [GC cleanup 2255M->635M(4096M), 0.0010679 secs]
 [Times: user=0.00 sys=0.00, real=0.00 secs] 
2022-01-17T02:09:32.559+0800: 15.085: [GC concurrent-cleanup-start]
2022-01-17T02:09:32.560+0800: 15.086: [GC concurrent-cleanup-end, 0.0007826 secs]
2022-01-17T02:09:32.666+0800: 15.192: [GC pause (G1 Evacuation Pause) (young), 0.0336105 secs]
   [Parallel Time: 31.7 ms, GC Workers: 10]
      [GC Worker Start (ms): Min: 15192.0, Avg: 15192.1, Max: 15192.1, Diff: 0.1]
      [Ext Root Scanning (ms): Min: 0.1, Avg: 0.1, Max: 0.2, Diff: 0.1, Sum: 1.0]
      [Update RS (ms): Min: 0.1, Avg: 0.1, Max: 0.2, Diff: 0.1, Sum: 1.3]
         [Processed Buffers: Min: 0, Avg: 1.1, Max: 2, Diff: 2, Sum: 11]
      [Scan RS (ms): Min: 0.0, Avg: 0.1, Max: 0.1, Diff: 0.1, Sum: 0.6]
      [Code Root Scanning (ms): Min: 0.0, Avg: 0.0, Max: 0.0, Diff: 0.0, Sum: 0.0]
      [Object Copy (ms): Min: 30.8, Avg: 30.9, Max: 31.0, Diff: 0.2, Sum: 309.1]
      [Termination (ms): Min: 0.0, Avg: 0.1, Max: 0.2, Diff: 0.2, Sum: 1.1]
         [Termination Attempts: Min: 1, Avg: 1.0, Max: 1, Diff: 0, Sum: 10]
      [GC Worker Other (ms): Min: 0.0, Avg: 0.1, Max: 0.1, Diff: 0.1, Sum: 0.7]
      [GC Worker Total (ms): Min: 31.3, Avg: 31.4, Max: 31.5, Diff: 0.2, Sum: 313.8]
      [GC Worker End (ms): Min: 15223.4, Avg: 15223.5, Max: 15223.5, Diff: 0.1]
   [Code Root Fixup: 0.0 ms]
   [Code Root Purge: 0.0 ms]
   [Clear CT: 0.3 ms]
   [Other: 1.7 ms]
      [Choose CSet: 0.0 ms]
      [Ref Proc: 0.4 ms]
      [Ref Enq: 0.0 ms]
      [Redirty Cards: 0.7 ms]
      [Humongous Register: 0.0 ms]
      [Humongous Reclaim: 0.0 ms]
      [Free CSet: 0.3 ms]
   [Eden: 1150.0M(1150.0M)->0.0B(36.0M) Survivors: 184.0M->168.0M Heap: 1761.8M(4096.0M)->760.7M(4096.0M)]
 [Times: user=0.31 sys=0.00, real=0.03 secs] 
2022-01-17T02:09:32.704+0800: 15.229: [GC pause (G1 Evacuation Pause) (mixed), 0.0176208 secs]
   [Parallel Time: 16.7 ms, GC Workers: 10]
      [GC Worker Start (ms): Min: 15229.3, Avg: 15229.3, Max: 15229.4, Diff: 0.1]
      [Ext Root Scanning (ms): Min: 0.0, Avg: 0.1, Max: 0.2, Diff: 0.1, Sum: 0.7]
      [Update RS (ms): Min: 0.0, Avg: 0.1, Max: 0.3, Diff: 0.3, Sum: 0.8]
         [Processed Buffers: Min: 1, Avg: 1.1, Max: 2, Diff: 1, Sum: 11]
      [Scan RS (ms): Min: 0.0, Avg: 0.0, Max: 0.0, Diff: 0.0, Sum: 0.2]
      [Code Root Scanning (ms): Min: 0.0, Avg: 0.0, Max: 0.0, Diff: 0.0, Sum: 0.0]
      [Object Copy (ms): Min: 16.0, Avg: 16.3, Max: 16.4, Diff: 0.3, Sum: 162.8]
      [Termination (ms): Min: 0.0, Avg: 0.1, Max: 0.1, Diff: 0.1, Sum: 0.5]
         [Termination Attempts: Min: 1, Avg: 1.0, Max: 1, Diff: 0, Sum: 10]
      [GC Worker Other (ms): Min: 0.0, Avg: 0.0, Max: 0.0, Diff: 0.0, Sum: 0.1]
      [GC Worker Total (ms): Min: 16.5, Avg: 16.5, Max: 16.6, Diff: 0.1, Sum: 165.2]
      [GC Worker End (ms): Min: 15245.9, Avg: 15245.9, Max: 15245.9, Diff: 0.0]
   [Code Root Fixup: 0.0 ms]
   [Code Root Purge: 0.0 ms]
   [Clear CT: 0.3 ms]
   [Other: 0.6 ms]
      [Choose CSet: 0.0 ms]
      [Ref Proc: 0.1 ms]
      [Ref Enq: 0.0 ms]
      [Redirty Cards: 0.3 ms]
      [Humongous Register: 0.0 ms]
      [Humongous Reclaim: 0.0 ms]
      [Free CSet: 0.1 ms]
   [Eden: 36.0M(36.0M)->0.0B(2446.0M) Survivors: 168.0M->10.0M Heap: 796.7M(4096.0M)->738.2M(4096.0M)]
 [Times: user=0.16 sys=0.00, real=0.02 secs] 
2022-01-17T02:09:32.950+0800: 15.476: [GC pause (G1 Evacuation Pause) (young), 0.0374197 secs]
   [Parallel Time: 35.6 ms, GC Workers: 10]
      [GC Worker Start (ms): Min: 15476.0, Avg: 15476.1, Max: 15476.1, Diff: 0.1]
      [Ext Root Scanning (ms): Min: 0.1, Avg: 0.1, Max: 0.1, Diff: 0.1, Sum: 1.0]
      [Update RS (ms): Min: 0.0, Avg: 0.1, Max: 0.3, Diff: 0.3, Sum: 1.1]
         [Processed Buffers: Min: 1, Avg: 1.1, Max: 2, Diff: 1, Sum: 11]
      [Scan RS (ms): Min: 0.1, Avg: 0.1, Max: 0.2, Diff: 0.1, Sum: 1.2]
      [Code Root Scanning (ms): Min: 0.0, Avg: 0.0, Max: 0.0, Diff: 0.0, Sum: 0.0]
      [Object Copy (ms): Min: 34.7, Avg: 34.9, Max: 35.0, Diff: 0.3, Sum: 348.6]
      [Termination (ms): Min: 0.0, Avg: 0.1, Max: 0.2, Diff: 0.2, Sum: 0.9]
         [Termination Attempts: Min: 1, Avg: 1.1, Max: 2, Diff: 1, Sum: 11]
      [GC Worker Other (ms): Min: 0.0, Avg: 0.0, Max: 0.2, Diff: 0.1, Sum: 0.5]
      [GC Worker Total (ms): Min: 35.3, Avg: 35.3, Max: 35.5, Diff: 0.2, Sum: 353.3]
      [GC Worker End (ms): Min: 15511.4, Avg: 15511.4, Max: 15511.5, Diff: 0.2]
   [Code Root Fixup: 0.0 ms]
   [Code Root Purge: 0.0 ms]
   [Clear CT: 0.5 ms]
   [Other: 1.3 ms]
      [Choose CSet: 0.0 ms]
      [Ref Proc: 0.3 ms]
      [Ref Enq: 0.0 ms]
      [Redirty Cards: 0.4 ms]
      [Humongous Register: 0.0 ms]
      [Humongous Reclaim: 0.0 ms]
      [Free CSet: 0.4 ms]
   [Eden: 2446.0M(2446.0M)->0.0B(2134.0M) Survivors: 10.0M->308.0M Heap: 3184.2M(4096.0M)->1108.7M(4096.0M)]
 [Times: user=0.31 sys=0.00, real=0.04 secs] 
2022-01-17T02:09:33.190+0800: 15.717: [GC pause (G1 Evacuation Pause) (young), 0.0384511 secs]
   [Parallel Time: 36.9 ms, GC Workers: 10]
      [GC Worker Start (ms): Min: 15716.7, Avg: 15716.8, Max: 15716.9, Diff: 0.2]
      [Ext Root Scanning (ms): Min: 0.0, Avg: 0.1, Max: 0.2, Diff: 0.2, Sum: 0.6]
      [Update RS (ms): Min: 0.0, Avg: 0.1, Max: 0.2, Diff: 0.2, Sum: 0.8]
         [Processed Buffers: Min: 1, Avg: 1.1, Max: 2, Diff: 1, Sum: 11]
      [Scan RS (ms): Min: 0.0, Avg: 0.1, Max: 0.2, Diff: 0.1, Sum: 1.3]
      [Code Root Scanning (ms): Min: 0.0, Avg: 0.0, Max: 0.0, Diff: 0.0, Sum: 0.0]
      [Object Copy (ms): Min: 36.1, Avg: 36.2, Max: 36.2, Diff: 0.2, Sum: 361.5]
      [Termination (ms): Min: 0.0, Avg: 0.1, Max: 0.1, Diff: 0.1, Sum: 0.9]
         [Termination Attempts: Min: 1, Avg: 1.1, Max: 2, Diff: 1, Sum: 11]
      [GC Worker Other (ms): Min: 0.0, Avg: 0.0, Max: 0.1, Diff: 0.1, Sum: 0.4]
      [GC Worker Total (ms): Min: 36.5, Avg: 36.6, Max: 36.7, Diff: 0.2, Sum: 365.5]
      [GC Worker End (ms): Min: 15753.3, Avg: 15753.4, Max: 15753.4, Diff: 0.1]
   [Code Root Fixup: 0.0 ms]
   [Code Root Purge: 0.0 ms]
   [Clear CT: 0.6 ms]
   [Other: 0.9 ms]
      [Choose CSet: 0.0 ms]
      [Ref Proc: 0.1 ms]
      [Ref Enq: 0.0 ms]
      [Redirty Cards: 0.2 ms]
      [Humongous Register: 0.0 ms]
      [Humongous Reclaim: 0.0 ms]
      [Free CSet: 0.4 ms]
   [Eden: 2134.0M(2134.0M)->0.0B(2066.0M) Survivors: 308.0M->306.0M Heap: 3242.7M(4096.0M)->1192.5M(4096.0M)]
 [Times: user=0.47 sys=0.00, real=0.04 secs] 
2022-01-17T02:09:33.422+0800: 15.948: [GC pause (G1 Evacuation Pause) (young), 0.0387610 secs]
   [Parallel Time: 36.6 ms, GC Workers: 10]
      [GC Worker Start (ms): Min: 15947.9, Avg: 15948.0, Max: 15948.0, Diff: 0.1]
      [Ext Root Scanning (ms): Min: 0.0, Avg: 0.1, Max: 0.2, Diff: 0.1, Sum: 0.7]
      [Update RS (ms): Min: 0.0, Avg: 0.1, Max: 0.3, Diff: 0.3, Sum: 0.8]
         [Processed Buffers: Min: 1, Avg: 1.1, Max: 2, Diff: 1, Sum: 11]
      [Scan RS (ms): Min: 0.1, Avg: 0.1, Max: 0.2, Diff: 0.1, Sum: 1.4]
      [Code Root Scanning (ms): Min: 0.0, Avg: 0.0, Max: 0.0, Diff: 0.0, Sum: 0.0]
      [Object Copy (ms): Min: 35.5, Avg: 35.6, Max: 35.7, Diff: 0.3, Sum: 356.4]
      [Termination (ms): Min: 0.0, Avg: 0.1, Max: 0.1, Diff: 0.1, Sum: 0.7]
         [Termination Attempts: Min: 1, Avg: 1.0, Max: 1, Diff: 0, Sum: 10]
      [GC Worker Other (ms): Min: 0.0, Avg: 0.1, Max: 0.2, Diff: 0.2, Sum: 1.3]
      [GC Worker Total (ms): Min: 36.0, Avg: 36.1, Max: 36.3, Diff: 0.4, Sum: 361.4]
      [GC Worker End (ms): Min: 15984.0, Avg: 15984.1, Max: 15984.2, Diff: 0.2]
   [Code Root Fixup: 0.0 ms]
   [Code Root Purge: 0.0 ms]
   [Clear CT: 0.7 ms]
   [Other: 1.4 ms]
      [Choose CSet: 0.0 ms]
      [Ref Proc: 0.4 ms]
      [Ref Enq: 0.0 ms]
      [Redirty Cards: 0.5 ms]
      [Humongous Register: 0.0 ms]
      [Humongous Reclaim: 0.0 ms]
      [Free CSet: 0.4 ms]
   [Eden: 2066.0M(2066.0M)->0.0B(2002.0M) Survivors: 306.0M->298.0M Heap: 3258.5M(4096.0M)->1268.0M(4096.0M)]
 [Times: user=0.31 sys=0.00, real=0.04 secs] 
2022-01-17T02:09:33.652+0800: 16.178: [GC pause (G1 Evacuation Pause) (young), 0.0376915 secs]
   [Parallel Time: 35.8 ms, GC Workers: 10]
      [GC Worker Start (ms): Min: 16178.4, Avg: 16178.4, Max: 16178.5, Diff: 0.1]
      [Ext Root Scanning (ms): Min: 0.0, Avg: 0.1, Max: 0.1, Diff: 0.1, Sum: 0.8]
      [Update RS (ms): Min: 0.1, Avg: 0.1, Max: 0.2, Diff: 0.1, Sum: 0.9]
         [Processed Buffers: Min: 1, Avg: 1.1, Max: 2, Diff: 1, Sum: 11]
      [Scan RS (ms): Min: 0.1, Avg: 0.1, Max: 0.1, Diff: 0.1, Sum: 1.2]
      [Code Root Scanning (ms): Min: 0.0, Avg: 0.0, Max: 0.0, Diff: 0.0, Sum: 0.0]
      [Object Copy (ms): Min: 35.1, Avg: 35.2, Max: 35.2, Diff: 0.1, Sum: 351.6]
      [Termination (ms): Min: 0.0, Avg: 0.1, Max: 0.1, Diff: 0.1, Sum: 0.6]
         [Termination Attempts: Min: 1, Avg: 1.0, Max: 1, Diff: 0, Sum: 10]
      [GC Worker Other (ms): Min: 0.0, Avg: 0.1, Max: 0.1, Diff: 0.1, Sum: 0.6]
      [GC Worker Total (ms): Min: 35.5, Avg: 35.6, Max: 35.7, Diff: 0.2, Sum: 355.8]
      [GC Worker End (ms): Min: 16213.9, Avg: 16214.0, Max: 16214.1, Diff: 0.1]
   [Code Root Fixup: 0.0 ms]
   [Code Root Purge: 0.0 ms]
   [Clear CT: 0.5 ms]
   [Other: 1.4 ms]
      [Choose CSet: 0.0 ms]
      [Ref Proc: 0.4 ms]
      [Ref Enq: 0.0 ms]
      [Redirty Cards: 0.4 ms]
      [Humongous Register: 0.0 ms]
      [Humongous Reclaim: 0.0 ms]
      [Free CSet: 0.4 ms]
   [Eden: 2002.0M(2002.0M)->0.0B(1934.0M) Survivors: 298.0M->288.0M Heap: 3270.0M(4096.0M)->1346.6M(4096.0M)]
 [Times: user=0.31 sys=0.00, real=0.04 secs] 
2022-01-17T02:09:33.877+0800: 16.402: [GC pause (G1 Evacuation Pause) (young), 0.0378707 secs]
   [Parallel Time: 36.3 ms, GC Workers: 10]
      [GC Worker Start (ms): Min: 16402.4, Avg: 16402.5, Max: 16402.5, Diff: 0.2]
      [Ext Root Scanning (ms): Min: 0.0, Avg: 0.1, Max: 0.2, Diff: 0.2, Sum: 0.7]
      [Update RS (ms): Min: 0.0, Avg: 0.1, Max: 0.2, Diff: 0.2, Sum: 0.8]
         [Processed Buffers: Min: 1, Avg: 1.1, Max: 2, Diff: 1, Sum: 11]
      [Scan RS (ms): Min: 0.0, Avg: 0.1, Max: 0.1, Diff: 0.1, Sum: 1.2]
      [Code Root Scanning (ms): Min: 0.0, Avg: 0.0, Max: 0.0, Diff: 0.0, Sum: 0.0]
      [Object Copy (ms): Min: 35.5, Avg: 35.5, Max: 35.7, Diff: 0.2, Sum: 355.4]
      [Termination (ms): Min: 0.0, Avg: 0.1, Max: 0.2, Diff: 0.2, Sum: 1.2]
         [Termination Attempts: Min: 1, Avg: 1.1, Max: 2, Diff: 1, Sum: 11]
      [GC Worker Other (ms): Min: 0.0, Avg: 0.1, Max: 0.2, Diff: 0.1, Sum: 0.8]
      [GC Worker Total (ms): Min: 35.9, Avg: 36.0, Max: 36.1, Diff: 0.2, Sum: 360.1]
      [GC Worker End (ms): Min: 16438.4, Avg: 16438.5, Max: 16438.6, Diff: 0.1]
   [Code Root Fixup: 0.0 ms]
   [Code Root Purge: 0.0 ms]
   [Clear CT: 0.5 ms]
   [Other: 1.1 ms]
      [Choose CSet: 0.0 ms]
      [Ref Proc: 0.2 ms]
      [Ref Enq: 0.0 ms]
      [Redirty Cards: 0.3 ms]
      [Humongous Register: 0.0 ms]
      [Humongous Reclaim: 0.0 ms]
      [Free CSet: 0.4 ms]
   [Eden: 1934.0M(1934.0M)->0.0B(1854.0M) Survivors: 288.0M->278.0M Heap: 3280.6M(4096.0M)->1434.7M(4096.0M)]
 [Times: user=0.33 sys=0.00, real=0.04 secs] 
2022-01-17T02:09:34.086+0800: 16.612: [GC pause (G1 Evacuation Pause) (young), 0.0382251 secs]
   [Parallel Time: 37.3 ms, GC Workers: 10]
      [GC Worker Start (ms): Min: 16612.1, Avg: 16612.2, Max: 16612.3, Diff: 0.2]
      [Ext Root Scanning (ms): Min: 0.0, Avg: 0.1, Max: 0.2, Diff: 0.2, Sum: 0.7]
      [Update RS (ms): Min: 0.0, Avg: 0.1, Max: 0.2, Diff: 0.2, Sum: 1.0]
         [Processed Buffers: Min: 0, Avg: 1.1, Max: 2, Diff: 2, Sum: 11]
      [Scan RS (ms): Min: 0.0, Avg: 0.1, Max: 0.2, Diff: 0.2, Sum: 1.2]
      [Code Root Scanning (ms): Min: 0.0, Avg: 0.0, Max: 0.0, Diff: 0.0, Sum: 0.0]
      [Object Copy (ms): Min: 36.6, Avg: 36.7, Max: 36.8, Diff: 0.2, Sum: 367.1]
      [Termination (ms): Min: 0.0, Avg: 0.1, Max: 0.1, Diff: 0.1, Sum: 0.6]
         [Termination Attempts: Min: 1, Avg: 1.0, Max: 1, Diff: 0, Sum: 10]
      [GC Worker Other (ms): Min: 0.0, Avg: 0.0, Max: 0.0, Diff: 0.0, Sum: 0.3]
      [GC Worker Total (ms): Min: 37.0, Avg: 37.1, Max: 37.2, Diff: 0.2, Sum: 371.0]
      [GC Worker End (ms): Min: 16649.3, Avg: 16649.3, Max: 16649.4, Diff: 0.0]
   [Code Root Fixup: 0.0 ms]
   [Code Root Purge: 0.0 ms]
   [Clear CT: 0.3 ms]
   [Other: 0.6 ms]
      [Choose CSet: 0.0 ms]
      [Ref Proc: 0.1 ms]
      [Ref Enq: 0.0 ms]
      [Redirty Cards: 0.1 ms]
      [Humongous Register: 0.0 ms]
      [Humongous Reclaim: 0.0 ms]
      [Free CSet: 0.4 ms]
   [Eden: 1854.0M(1854.0M)->0.0B(1748.0M) Survivors: 278.0M->268.0M Heap: 3288.7M(4096.0M)->1549.7M(4096.0M)]
 [Times: user=0.31 sys=0.00, real=0.04 secs] 
2022-01-17T02:09:34.289+0800: 16.816: [GC pause (G1 Evacuation Pause) (young), 0.0390030 secs]
   [Parallel Time: 36.8 ms, GC Workers: 10]
      [GC Worker Start (ms): Min: 16815.8, Avg: 16815.9, Max: 16816.0, Diff: 0.3]
      [Ext Root Scanning (ms): Min: 0.0, Avg: 0.1, Max: 0.2, Diff: 0.2, Sum: 0.6]
      [Update RS (ms): Min: 0.1, Avg: 0.1, Max: 0.3, Diff: 0.3, Sum: 1.1]
         [Processed Buffers: Min: 1, Avg: 1.1, Max: 2, Diff: 1, Sum: 11]
      [Scan RS (ms): Min: 0.0, Avg: 0.1, Max: 0.2, Diff: 0.1, Sum: 1.1]
      [Code Root Scanning (ms): Min: 0.0, Avg: 0.0, Max: 0.0, Diff: 0.0, Sum: 0.0]
      [Object Copy (ms): Min: 35.9, Avg: 36.0, Max: 36.1, Diff: 0.2, Sum: 360.3]
      [Termination (ms): Min: 0.0, Avg: 0.0, Max: 0.1, Diff: 0.1, Sum: 0.5]
         [Termination Attempts: Min: 1, Avg: 1.0, Max: 1, Diff: 0, Sum: 10]
      [GC Worker Other (ms): Min: 0.0, Avg: 0.1, Max: 0.2, Diff: 0.1, Sum: 0.7]
      [GC Worker Total (ms): Min: 36.2, Avg: 36.4, Max: 36.6, Diff: 0.4, Sum: 364.2]
      [GC Worker End (ms): Min: 16852.3, Avg: 16852.4, Max: 16852.4, Diff: 0.1]
   [Code Root Fixup: 0.0 ms]
   [Code Root Purge: 0.0 ms]
   [Clear CT: 0.6 ms]
   [Other: 1.6 ms]
      [Choose CSet: 0.0 ms]
      [Ref Proc: 0.5 ms]
      [Ref Enq: 0.0 ms]
      [Redirty Cards: 0.7 ms]
      [Humongous Register: 0.0 ms]
      [Humongous Reclaim: 0.0 ms]
      [Free CSet: 0.3 ms]
   [Eden: 1748.0M(1748.0M)->0.0B(1638.0M) Survivors: 268.0M->252.0M Heap: 3297.7M(4096.0M)->1667.9M(4096.0M)]
 [Times: user=0.30 sys=0.00, real=0.04 secs] 
2022-01-17T02:09:34.482+0800: 17.008: [GC pause (G1 Evacuation Pause) (young), 0.0370583 secs]
   [Parallel Time: 35.3 ms, GC Workers: 10]
      [GC Worker Start (ms): Min: 17007.9, Avg: 17008.0, Max: 17008.1, Diff: 0.1]
      [Ext Root Scanning (ms): Min: 0.0, Avg: 0.1, Max: 0.1, Diff: 0.1, Sum: 0.7]
      [Update RS (ms): Min: 0.0, Avg: 0.1, Max: 0.1, Diff: 0.1, Sum: 0.7]
         [Processed Buffers: Min: 1, Avg: 1.1, Max: 2, Diff: 1, Sum: 11]
      [Scan RS (ms): Min: 0.0, Avg: 0.1, Max: 0.1, Diff: 0.1, Sum: 0.9]
      [Code Root Scanning (ms): Min: 0.0, Avg: 0.0, Max: 0.0, Diff: 0.0, Sum: 0.0]
      [Object Copy (ms): Min: 34.4, Avg: 34.5, Max: 34.5, Diff: 0.1, Sum: 344.5]
      [Termination (ms): Min: 0.0, Avg: 0.1, Max: 0.1, Diff: 0.1, Sum: 0.8]
         [Termination Attempts: Min: 1, Avg: 1.0, Max: 1, Diff: 0, Sum: 10]
      [GC Worker Other (ms): Min: 0.0, Avg: 0.1, Max: 0.2, Diff: 0.2, Sum: 0.8]
      [GC Worker Total (ms): Min: 34.7, Avg: 34.9, Max: 35.0, Diff: 0.2, Sum: 348.5]
      [GC Worker End (ms): Min: 17042.8, Avg: 17042.9, Max: 17043.0, Diff: 0.2]
   [Code Root Fixup: 0.0 ms]
   [Code Root Purge: 0.0 ms]
   [Clear CT: 0.5 ms]
   [Other: 1.3 ms]
      [Choose CSet: 0.0 ms]
      [Ref Proc: 0.2 ms]
      [Ref Enq: 0.0 ms]
      [Redirty Cards: 0.7 ms]
      [Humongous Register: 0.0 ms]
      [Humongous Reclaim: 0.0 ms]
      [Free CSet: 0.3 ms]
   [Eden: 1638.0M(1638.0M)->0.0B(1528.0M) Survivors: 252.0M->238.0M Heap: 3305.9M(4096.0M)->1791.2M(4096.0M)]
 [Times: user=0.31 sys=0.00, real=0.04 secs] 
2022-01-17T02:09:34.662+0800: 17.188: [GC pause (G1 Evacuation Pause) (young), 0.0351112 secs]
   [Parallel Time: 33.6 ms, GC Workers: 10]
      [GC Worker Start (ms): Min: 17188.4, Avg: 17188.5, Max: 17188.5, Diff: 0.2]
      [Ext Root Scanning (ms): Min: 0.0, Avg: 0.1, Max: 0.2, Diff: 0.2, Sum: 0.6]
      [Update RS (ms): Min: 0.1, Avg: 0.1, Max: 0.2, Diff: 0.1, Sum: 0.8]
         [Processed Buffers: Min: 1, Avg: 1.1, Max: 2, Diff: 1, Sum: 11]
      [Scan RS (ms): Min: 0.0, Avg: 0.1, Max: 0.1, Diff: 0.1, Sum: 0.9]
      [Code Root Scanning (ms): Min: 0.0, Avg: 0.0, Max: 0.0, Diff: 0.0, Sum: 0.0]
      [Object Copy (ms): Min: 32.7, Avg: 32.7, Max: 32.8, Diff: 0.1, Sum: 327.4]
      [Termination (ms): Min: 0.0, Avg: 0.1, Max: 0.1, Diff: 0.1, Sum: 0.7]
         [Termination Attempts: Min: 1, Avg: 1.2, Max: 2, Diff: 1, Sum: 12]
      [GC Worker Other (ms): Min: 0.0, Avg: 0.1, Max: 0.1, Diff: 0.1, Sum: 0.6]
      [GC Worker Total (ms): Min: 33.0, Avg: 33.1, Max: 33.3, Diff: 0.3, Sum: 331.0]
      [GC Worker End (ms): Min: 17221.5, Avg: 17221.6, Max: 17221.6, Diff: 0.1]
   [Code Root Fixup: 0.0 ms]
   [Code Root Purge: 0.0 ms]
   [Clear CT: 0.6 ms]
   [Other: 1.0 ms]
      [Choose CSet: 0.0 ms]
      [Ref Proc: 0.4 ms]
      [Ref Enq: 0.0 ms]
      [Redirty Cards: 0.1 ms]
      [Humongous Register: 0.0 ms]
      [Humongous Reclaim: 0.0 ms]
      [Free CSet: 0.3 ms]
   [Eden: 1528.0M(1528.0M)->0.0B(1440.0M) Survivors: 238.0M->222.0M Heap: 3319.2M(4096.0M)->1898.0M(4096.0M)]
 [Times: user=0.47 sys=0.00, real=0.04 secs] 
2022-01-17T02:09:34.834+0800: 17.360: [GC pause (G1 Evacuation Pause) (young), 0.0356844 secs]
   [Parallel Time: 33.7 ms, GC Workers: 10]
      [GC Worker Start (ms): Min: 17360.2, Avg: 17360.3, Max: 17360.4, Diff: 0.2]
      [Ext Root Scanning (ms): Min: 0.0, Avg: 0.1, Max: 0.2, Diff: 0.2, Sum: 0.5]
      [Update RS (ms): Min: 0.1, Avg: 0.1, Max: 0.1, Diff: 0.1, Sum: 0.8]
         [Processed Buffers: Min: 1, Avg: 1.1, Max: 2, Diff: 1, Sum: 11]
      [Scan RS (ms): Min: 0.0, Avg: 0.1, Max: 0.1, Diff: 0.1, Sum: 0.9]
      [Code Root Scanning (ms): Min: 0.0, Avg: 0.0, Max: 0.0, Diff: 0.0, Sum: 0.0]
      [Object Copy (ms): Min: 33.0, Avg: 33.1, Max: 33.2, Diff: 0.2, Sum: 330.5]
      [Termination (ms): Min: 0.0, Avg: 0.1, Max: 0.2, Diff: 0.2, Sum: 1.4]
         [Termination Attempts: Min: 1, Avg: 1.0, Max: 1, Diff: 0, Sum: 10]
      [GC Worker Other (ms): Min: 0.0, Avg: 0.0, Max: 0.0, Diff: 0.0, Sum: 0.2]
      [GC Worker Total (ms): Min: 33.4, Avg: 33.4, Max: 33.5, Diff: 0.2, Sum: 334.3]
      [GC Worker End (ms): Min: 17393.8, Avg: 17393.8, Max: 17393.8, Diff: 0.0]
   [Code Root Fixup: 0.0 ms]
   [Code Root Purge: 0.0 ms]
   [Clear CT: 0.7 ms]
   [Other: 1.3 ms]
      [Choose CSet: 0.0 ms]
      [Ref Proc: 0.4 ms]
      [Ref Enq: 0.0 ms]
      [Redirty Cards: 0.5 ms]
      [Humongous Register: 0.0 ms]
      [Humongous Reclaim: 0.0 ms]
      [Free CSet: 0.3 ms]
   [Eden: 1440.0M(1440.0M)->0.0B(1326.0M) Survivors: 222.0M->208.0M Heap: 3338.0M(4096.0M)->2026.4M(4096.0M)]
 [Times: user=0.47 sys=0.00, real=0.04 secs] 
2022-01-17T02:09:34.996+0800: 17.522: [GC pause (G1 Evacuation Pause) (young), 0.0355147 secs]
   [Parallel Time: 34.0 ms, GC Workers: 10]
      [GC Worker Start (ms): Min: 17521.7, Avg: 17521.8, Max: 17521.9, Diff: 0.2]
      [Ext Root Scanning (ms): Min: 0.0, Avg: 0.1, Max: 0.2, Diff: 0.2, Sum: 0.8]
      [Update RS (ms): Min: 0.1, Avg: 0.1, Max: 0.2, Diff: 0.2, Sum: 1.1]
         [Processed Buffers: Min: 1, Avg: 1.1, Max: 2, Diff: 1, Sum: 11]
      [Scan RS (ms): Min: 0.0, Avg: 0.1, Max: 0.1, Diff: 0.1, Sum: 0.7]
      [Code Root Scanning (ms): Min: 0.0, Avg: 0.0, Max: 0.0, Diff: 0.0, Sum: 0.0]
      [Object Copy (ms): Min: 33.3, Avg: 33.4, Max: 33.5, Diff: 0.3, Sum: 334.3]
      [Termination (ms): Min: 0.0, Avg: 0.1, Max: 0.2, Diff: 0.2, Sum: 1.1]
         [Termination Attempts: Min: 1, Avg: 1.0, Max: 1, Diff: 0, Sum: 10]
      [GC Worker Other (ms): Min: 0.0, Avg: 0.0, Max: 0.0, Diff: 0.0, Sum: 0.2]
      [GC Worker Total (ms): Min: 33.8, Avg: 33.8, Max: 33.9, Diff: 0.2, Sum: 338.4]
      [GC Worker End (ms): Min: 17555.6, Avg: 17555.7, Max: 17555.7, Diff: 0.0]
   [Code Root Fixup: 0.0 ms]
   [Code Root Purge: 0.0 ms]
   [Clear CT: 0.4 ms]
   [Other: 1.2 ms]
      [Choose CSet: 0.0 ms]
      [Ref Proc: 0.3 ms]
      [Ref Enq: 0.0 ms]
      [Redirty Cards: 0.5 ms]
      [Humongous Register: 0.0 ms]
      [Humongous Reclaim: 0.0 ms]
      [Free CSet: 0.3 ms]
   [Eden: 1326.0M(1326.0M)->0.0B(1198.0M) Survivors: 208.0M->192.0M Heap: 3352.4M(4096.0M)->2172.7M(4096.0M)]
 [Times: user=0.31 sys=0.00, real=0.03 secs] 
2022-01-17T02:09:35.143+0800: 17.669: [GC pause (G1 Evacuation Pause) (young) (initial-mark), 0.0335235 secs]
   [Parallel Time: 31.5 ms, GC Workers: 10]
      [GC Worker Start (ms): Min: 17668.8, Avg: 17668.9, Max: 17669.0, Diff: 0.2]
      [Ext Root Scanning (ms): Min: 0.0, Avg: 0.1, Max: 0.2, Diff: 0.2, Sum: 0.7]
      [Update RS (ms): Min: 0.0, Avg: 0.1, Max: 0.1, Diff: 0.1, Sum: 0.8]
         [Processed Buffers: Min: 1, Avg: 1.1, Max: 2, Diff: 1, Sum: 11]
      [Scan RS (ms): Min: 0.0, Avg: 0.1, Max: 0.1, Diff: 0.1, Sum: 0.6]
      [Code Root Scanning (ms): Min: 0.0, Avg: 0.0, Max: 0.0, Diff: 0.0, Sum: 0.0]
      [Object Copy (ms): Min: 30.6, Avg: 30.7, Max: 30.8, Diff: 0.1, Sum: 307.1]
      [Termination (ms): Min: 0.0, Avg: 0.0, Max: 0.1, Diff: 0.1, Sum: 0.5]
         [Termination Attempts: Min: 1, Avg: 1.0, Max: 1, Diff: 0, Sum: 10]
      [GC Worker Other (ms): Min: 0.0, Avg: 0.0, Max: 0.1, Diff: 0.1, Sum: 0.4]
      [GC Worker Total (ms): Min: 30.9, Avg: 31.0, Max: 31.2, Diff: 0.3, Sum: 310.0]
      [GC Worker End (ms): Min: 17699.9, Avg: 17699.9, Max: 17700.0, Diff: 0.1]
   [Code Root Fixup: 0.0 ms]
   [Code Root Purge: 0.0 ms]
   [Clear CT: 0.7 ms]
   [Other: 1.3 ms]
      [Choose CSet: 0.0 ms]
      [Ref Proc: 0.4 ms]
      [Ref Enq: 0.0 ms]
      [Redirty Cards: 0.5 ms]
      [Humongous Register: 0.0 ms]
      [Humongous Reclaim: 0.0 ms]
      [Free CSet: 0.2 ms]
   [Eden: 1198.0M(1198.0M)->0.0B(1078.0M) Survivors: 192.0M->174.0M Heap: 3370.7M(4096.0M)->2308.5M(4096.0M)]
 [Times: user=0.31 sys=0.00, real=0.03 secs] 
2022-01-17T02:09:35.176+0800: 17.702: [GC concurrent-root-region-scan-start]
2022-01-17T02:09:35.176+0800: 17.702: [GC concurrent-root-region-scan-end, 0.0001468 secs]
2022-01-17T02:09:35.176+0800: 17.702: [GC concurrent-mark-start]
2022-01-17T02:09:35.179+0800: 17.705: [GC concurrent-mark-end, 0.0026431 secs]
2022-01-17T02:09:35.179+0800: 17.705: [GC remark 2022-01-17T02:09:35.179+0800: 17.705: [Finalize Marking, 0.0001726 secs] 2022-01-17T02:09:35.179+0800: 17.705: [GC ref-proc, 0.0000591 secs] 2022-01-17T02:09:35.179+0800: 17.705: [Unloading, 0.0003980 secs], 0.0011967 secs]
 [Times: user=0.00 sys=0.00, real=0.00 secs] 
2022-01-17T02:09:35.181+0800: 17.707: [GC cleanup 2336M->688M(4096M), 0.0015907 secs]
 [Times: user=0.00 sys=0.00, real=0.00 secs] 
2022-01-17T02:09:35.182+0800: 17.708: [GC concurrent-cleanup-start]
2022-01-17T02:09:35.183+0800: 17.709: [GC concurrent-cleanup-end, 0.0011379 secs]
2022-01-17T02:09:35.285+0800: 17.811: [GC pause (G1 Evacuation Pause) (young), 0.0320085 secs]
   [Parallel Time: 30.0 ms, GC Workers: 10]
      [GC Worker Start (ms): Min: 17811.2, Avg: 17811.3, Max: 17811.4, Diff: 0.2]
      [Ext Root Scanning (ms): Min: 0.0, Avg: 0.1, Max: 0.2, Diff: 0.2, Sum: 0.6]
      [Update RS (ms): Min: 0.1, Avg: 0.1, Max: 0.3, Diff: 0.3, Sum: 1.0]
         [Processed Buffers: Min: 1, Avg: 1.1, Max: 2, Diff: 1, Sum: 11]
      [Scan RS (ms): Min: 0.0, Avg: 0.1, Max: 0.1, Diff: 0.1, Sum: 0.6]
      [Code Root Scanning (ms): Min: 0.0, Avg: 0.0, Max: 0.0, Diff: 0.0, Sum: 0.0]
      [Object Copy (ms): Min: 29.1, Avg: 29.3, Max: 29.3, Diff: 0.2, Sum: 292.6]
      [Termination (ms): Min: 0.0, Avg: 0.1, Max: 0.1, Diff: 0.1, Sum: 0.7]
         [Termination Attempts: Min: 1, Avg: 1.0, Max: 1, Diff: 0, Sum: 10]
      [GC Worker Other (ms): Min: 0.0, Avg: 0.0, Max: 0.1, Diff: 0.1, Sum: 0.4]
      [GC Worker Total (ms): Min: 29.5, Avg: 29.6, Max: 29.7, Diff: 0.2, Sum: 295.9]
      [GC Worker End (ms): Min: 17840.9, Avg: 17840.9, Max: 17841.0, Diff: 0.1]
   [Code Root Fixup: 0.0 ms]
   [Code Root Purge: 0.0 ms]
   [Clear CT: 0.6 ms]
   [Other: 1.3 ms]
      [Choose CSet: 0.0 ms]
      [Ref Proc: 0.3 ms]
      [Ref Enq: 0.0 ms]
      [Redirty Cards: 0.6 ms]
      [Humongous Register: 0.0 ms]
      [Humongous Reclaim: 0.0 ms]
      [Free CSet: 0.2 ms]
   [Eden: 1078.0M(1078.0M)->0.0B(46.0M) Survivors: 174.0M->158.0M Heap: 1738.5M(4096.0M)->798.8M(4096.0M)]
 [Times: user=0.31 sys=0.00, real=0.03 secs] 
2022-01-17T02:09:35.322+0800: 17.848: [GC pause (G1 Evacuation Pause) (mixed), 0.0170098 secs]
   [Parallel Time: 16.4 ms, GC Workers: 10]
      [GC Worker Start (ms): Min: 17847.7, Avg: 17847.8, Max: 17847.9, Diff: 0.1]
      [Ext Root Scanning (ms): Min: 0.0, Avg: 0.1, Max: 0.2, Diff: 0.1, Sum: 0.7]
      [Update RS (ms): Min: 0.0, Avg: 0.1, Max: 0.1, Diff: 0.1, Sum: 0.7]
         [Processed Buffers: Min: 1, Avg: 1.1, Max: 2, Diff: 1, Sum: 11]
      [Scan RS (ms): Min: 0.0, Avg: 0.0, Max: 0.0, Diff: 0.0, Sum: 0.3]
      [Code Root Scanning (ms): Min: 0.0, Avg: 0.0, Max: 0.0, Diff: 0.0, Sum: 0.0]
      [Object Copy (ms): Min: 15.7, Avg: 15.9, Max: 16.0, Diff: 0.3, Sum: 158.8]
      [Termination (ms): Min: 0.0, Avg: 0.2, Max: 0.3, Diff: 0.3, Sum: 1.7]
         [Termination Attempts: Min: 1, Avg: 1.0, Max: 1, Diff: 0, Sum: 10]
      [GC Worker Other (ms): Min: 0.0, Avg: 0.0, Max: 0.0, Diff: 0.0, Sum: 0.1]
      [GC Worker Total (ms): Min: 16.2, Avg: 16.2, Max: 16.3, Diff: 0.1, Sum: 162.3]
      [GC Worker End (ms): Min: 17864.0, Avg: 17864.0, Max: 17864.0, Diff: 0.0]
   [Code Root Fixup: 0.0 ms]
   [Code Root Purge: 0.0 ms]
   [Clear CT: 0.1 ms]
   [Other: 0.5 ms]
      [Choose CSet: 0.0 ms]
      [Ref Proc: 0.1 ms]
      [Ref Enq: 0.0 ms]
      [Redirty Cards: 0.1 ms]
      [Humongous Register: 0.0 ms]
      [Humongous Reclaim: 0.0 ms]
      [Free CSet: 0.1 ms]
   [Eden: 46.0M(46.0M)->0.0B(2394.0M) Survivors: 158.0M->16.0M Heap: 844.8M(4096.0M)->729.5M(4096.0M)]
 [Times: user=0.16 sys=0.00, real=0.02 secs] 
2022-01-17T02:09:35.564+0800: 18.090: [GC pause (G1 Evacuation Pause) (young), 0.0352621 secs]
   [Parallel Time: 33.7 ms, GC Workers: 10]
      [GC Worker Start (ms): Min: 18089.6, Avg: 18089.7, Max: 18089.8, Diff: 0.1]
      [Ext Root Scanning (ms): Min: 0.0, Avg: 0.1, Max: 0.2, Diff: 0.1, Sum: 0.7]
      [Update RS (ms): Min: 0.0, Avg: 0.1, Max: 0.1, Diff: 0.1, Sum: 0.9]
         [Processed Buffers: Min: 1, Avg: 1.1, Max: 2, Diff: 1, Sum: 11]
      [Scan RS (ms): Min: 0.1, Avg: 0.1, Max: 0.2, Diff: 0.1, Sum: 1.3]
      [Code Root Scanning (ms): Min: 0.0, Avg: 0.0, Max: 0.0, Diff: 0.0, Sum: 0.0]
      [Object Copy (ms): Min: 33.0, Avg: 33.1, Max: 33.1, Diff: 0.2, Sum: 330.8]
      [Termination (ms): Min: 0.0, Avg: 0.1, Max: 0.2, Diff: 0.2, Sum: 0.7]
         [Termination Attempts: Min: 1, Avg: 1.0, Max: 1, Diff: 0, Sum: 10]
      [GC Worker Other (ms): Min: 0.0, Avg: 0.0, Max: 0.1, Diff: 0.1, Sum: 0.4]
      [GC Worker Total (ms): Min: 33.4, Avg: 33.5, Max: 33.6, Diff: 0.1, Sum: 334.9]
      [GC Worker End (ms): Min: 18123.2, Avg: 18123.2, Max: 18123.3, Diff: 0.1]
   [Code Root Fixup: 0.0 ms]
   [Code Root Purge: 0.0 ms]
   [Clear CT: 0.4 ms]
   [Other: 1.1 ms]
      [Choose CSet: 0.0 ms]
      [Ref Proc: 0.2 ms]
      [Ref Enq: 0.0 ms]
      [Redirty Cards: 0.4 ms]
      [Humongous Register: 0.0 ms]
      [Humongous Reclaim: 0.0 ms]
      [Free CSet: 0.4 ms]
   [Eden: 2394.0M(2394.0M)->0.0B(2136.0M) Survivors: 16.0M->302.0M Heap: 3123.5M(4096.0M)->1064.8M(4096.0M)]
 [Times: user=0.31 sys=0.00, real=0.04 secs] 
2022-01-17T02:09:35.801+0800: 18.327: [GC pause (G1 Evacuation Pause) (young), 0.0386662 secs]
   [Parallel Time: 36.9 ms, GC Workers: 10]
      [GC Worker Start (ms): Min: 18327.3, Avg: 18327.4, Max: 18327.5, Diff: 0.2]
      [Ext Root Scanning (ms): Min: 0.0, Avg: 0.1, Max: 0.2, Diff: 0.2, Sum: 0.7]
      [Update RS (ms): Min: 0.0, Avg: 0.1, Max: 0.2, Diff: 0.2, Sum: 0.7]
         [Processed Buffers: Min: 1, Avg: 1.1, Max: 2, Diff: 1, Sum: 11]
      [Scan RS (ms): Min: 0.0, Avg: 0.1, Max: 0.2, Diff: 0.1, Sum: 1.2]
      [Code Root Scanning (ms): Min: 0.0, Avg: 0.0, Max: 0.0, Diff: 0.0, Sum: 0.0]
      [Object Copy (ms): Min: 36.3, Avg: 36.4, Max: 36.4, Diff: 0.1, Sum: 363.7]
      [Termination (ms): Min: 0.0, Avg: 0.1, Max: 0.1, Diff: 0.1, Sum: 0.7]
         [Termination Attempts: Min: 1, Avg: 1.0, Max: 1, Diff: 0, Sum: 10]
      [GC Worker Other (ms): Min: 0.0, Avg: 0.0, Max: 0.0, Diff: 0.0, Sum: 0.3]
      [GC Worker Total (ms): Min: 36.7, Avg: 36.7, Max: 36.9, Diff: 0.2, Sum: 367.4]
      [GC Worker End (ms): Min: 18364.1, Avg: 18364.2, Max: 18364.2, Diff: 0.0]
   [Code Root Fixup: 0.0 ms]
   [Code Root Purge: 0.0 ms]
   [Clear CT: 0.5 ms]
   [Other: 1.3 ms]
      [Choose CSet: 0.0 ms]
      [Ref Proc: 0.3 ms]
      [Ref Enq: 0.0 ms]
      [Redirty Cards: 0.4 ms]
      [Humongous Register: 0.0 ms]
      [Humongous Reclaim: 0.0 ms]
      [Free CSet: 0.4 ms]
   [Eden: 2136.0M(2136.0M)->0.0B(2072.0M) Survivors: 302.0M->306.0M Heap: 3200.8M(4096.0M)->1153.8M(4096.0M)]
 [Times: user=0.47 sys=0.00, real=0.04 secs] 
2022-01-17T02:09:36.040+0800: 18.565: [GC pause (G1 Evacuation Pause) (young), 0.0398164 secs]
   [Parallel Time: 38.0 ms, GC Workers: 10]
      [GC Worker Start (ms): Min: 18565.4, Avg: 18565.5, Max: 18565.6, Diff: 0.2]
      [Ext Root Scanning (ms): Min: 0.0, Avg: 0.1, Max: 0.2, Diff: 0.2, Sum: 0.5]
      [Update RS (ms): Min: 0.0, Avg: 0.1, Max: 0.2, Diff: 0.1, Sum: 0.7]
         [Processed Buffers: Min: 1, Avg: 1.1, Max: 2, Diff: 1, Sum: 11]
      [Scan RS (ms): Min: 0.0, Avg: 0.1, Max: 0.2, Diff: 0.1, Sum: 1.2]
      [Code Root Scanning (ms): Min: 0.0, Avg: 0.0, Max: 0.0, Diff: 0.0, Sum: 0.0]
      [Object Copy (ms): Min: 37.2, Avg: 37.3, Max: 37.3, Diff: 0.1, Sum: 372.6]
      [Termination (ms): Min: 0.0, Avg: 0.0, Max: 0.1, Diff: 0.1, Sum: 0.3]
         [Termination Attempts: Min: 1, Avg: 1.0, Max: 1, Diff: 0, Sum: 10]
      [GC Worker Other (ms): Min: 0.0, Avg: 0.1, Max: 0.1, Diff: 0.1, Sum: 0.5]
      [GC Worker Total (ms): Min: 37.5, Avg: 37.6, Max: 37.7, Diff: 0.3, Sum: 376.0]
      [GC Worker End (ms): Min: 18603.1, Avg: 18603.1, Max: 18603.2, Diff: 0.1]
   [Code Root Fixup: 0.0 ms]
   [Code Root Purge: 0.0 ms]
   [Clear CT: 0.4 ms]
   [Other: 1.4 ms]
      [Choose CSet: 0.0 ms]
      [Ref Proc: 0.2 ms]
      [Ref Enq: 0.0 ms]
      [Redirty Cards: 0.6 ms]
      [Humongous Register: 0.0 ms]
      [Humongous Reclaim: 0.0 ms]
      [Free CSet: 0.4 ms]
   [Eden: 2072.0M(2072.0M)->0.0B(1994.0M) Survivors: 306.0M->298.0M Heap: 3225.8M(4096.0M)->1249.6M(4096.0M)]
 [Times: user=0.31 sys=0.00, real=0.04 secs] 
2022-01-17T02:09:36.266+0800: 18.791: [GC pause (G1 Evacuation Pause) (young), 0.0399952 secs]
   [Parallel Time: 37.8 ms, GC Workers: 10]
      [GC Worker Start (ms): Min: 18791.6, Avg: 18791.7, Max: 18791.7, Diff: 0.2]
      [Ext Root Scanning (ms): Min: 0.0, Avg: 0.1, Max: 0.2, Diff: 0.2, Sum: 0.6]
      [Update RS (ms): Min: 0.0, Avg: 0.1, Max: 0.1, Diff: 0.1, Sum: 0.8]
         [Processed Buffers: Min: 1, Avg: 1.1, Max: 2, Diff: 1, Sum: 11]
      [Scan RS (ms): Min: 0.1, Avg: 0.1, Max: 0.1, Diff: 0.1, Sum: 1.3]
      [Code Root Scanning (ms): Min: 0.0, Avg: 0.0, Max: 0.0, Diff: 0.0, Sum: 0.0]
      [Object Copy (ms): Min: 36.8, Avg: 36.8, Max: 36.9, Diff: 0.1, Sum: 368.2]
      [Termination (ms): Min: 0.0, Avg: 0.1, Max: 0.1, Diff: 0.1, Sum: 0.7]
         [Termination Attempts: Min: 1, Avg: 1.3, Max: 2, Diff: 1, Sum: 13]
      [GC Worker Other (ms): Min: 0.0, Avg: 0.1, Max: 0.3, Diff: 0.3, Sum: 0.9]
      [GC Worker Total (ms): Min: 37.1, Avg: 37.2, Max: 37.4, Diff: 0.3, Sum: 372.5]
      [GC Worker End (ms): Min: 18828.9, Avg: 18828.9, Max: 18829.1, Diff: 0.3]
   [Code Root Fixup: 0.0 ms]
   [Code Root Purge: 0.0 ms]
   [Clear CT: 0.8 ms]
   [Other: 1.4 ms]
      [Choose CSet: 0.0 ms]
      [Ref Proc: 0.3 ms]
      [Ref Enq: 0.0 ms]
      [Redirty Cards: 0.5 ms]
      [Humongous Register: 0.0 ms]
      [Humongous Reclaim: 0.0 ms]
      [Free CSet: 0.4 ms]
   [Eden: 1994.0M(1994.0M)->0.0B(1910.0M) Survivors: 298.0M->288.0M Heap: 3243.6M(4096.0M)->1349.0M(4096.0M)]
 [Times: user=0.31 sys=0.00, real=0.04 secs] 
2022-01-17T02:09:36.481+0800: 19.008: [GC pause (G1 Evacuation Pause) (young), 0.0384554 secs]
   [Parallel Time: 36.4 ms, GC Workers: 10]
      [GC Worker Start (ms): Min: 19007.6, Avg: 19007.7, Max: 19007.7, Diff: 0.1]
      [Ext Root Scanning (ms): Min: 0.0, Avg: 0.1, Max: 0.1, Diff: 0.1, Sum: 0.7]
      [Update RS (ms): Min: 0.0, Avg: 0.1, Max: 0.1, Diff: 0.1, Sum: 0.8]
         [Processed Buffers: Min: 1, Avg: 1.1, Max: 2, Diff: 1, Sum: 11]
      [Scan RS (ms): Min: 0.0, Avg: 0.1, Max: 0.1, Diff: 0.1, Sum: 1.0]
      [Code Root Scanning (ms): Min: 0.0, Avg: 0.0, Max: 0.0, Diff: 0.0, Sum: 0.0]
      [Object Copy (ms): Min: 35.7, Avg: 35.7, Max: 35.8, Diff: 0.1, Sum: 357.5]
      [Termination (ms): Min: 0.0, Avg: 0.1, Max: 0.1, Diff: 0.1, Sum: 0.5]
         [Termination Attempts: Min: 1, Avg: 1.0, Max: 1, Diff: 0, Sum: 10]
      [GC Worker Other (ms): Min: 0.0, Avg: 0.0, Max: 0.1, Diff: 0.1, Sum: 0.5]
      [GC Worker Total (ms): Min: 36.0, Avg: 36.1, Max: 36.1, Diff: 0.1, Sum: 361.0]
      [GC Worker End (ms): Min: 19043.8, Avg: 19043.8, Max: 19043.8, Diff: 0.1]
   [Code Root Fixup: 0.0 ms]
   [Code Root Purge: 0.0 ms]
   [Clear CT: 0.6 ms]
   [Other: 1.4 ms]
      [Choose CSet: 0.0 ms]
      [Ref Proc: 0.3 ms]
      [Ref Enq: 0.0 ms]
      [Redirty Cards: 0.5 ms]
      [Humongous Register: 0.0 ms]
      [Humongous Reclaim: 0.0 ms]
      [Free CSet: 0.5 ms]
   [Eden: 1910.0M(1910.0M)->0.0B(1838.0M) Survivors: 288.0M->276.0M Heap: 3259.0M(4096.0M)->1436.8M(4096.0M)]
 [Times: user=0.31 sys=0.00, real=0.04 secs] 
2022-01-17T02:09:36.697+0800: 19.223: [GC pause (G1 Evacuation Pause) (young), 0.0374103 secs]
   [Parallel Time: 36.2 ms, GC Workers: 10]
      [GC Worker Start (ms): Min: 19222.6, Avg: 19222.7, Max: 19222.8, Diff: 0.1]
      [Ext Root Scanning (ms): Min: 0.0, Avg: 0.1, Max: 0.1, Diff: 0.1, Sum: 0.6]
      [Update RS (ms): Min: 0.0, Avg: 0.1, Max: 0.3, Diff: 0.2, Sum: 0.9]
         [Processed Buffers: Min: 1, Avg: 1.1, Max: 2, Diff: 1, Sum: 11]
      [Scan RS (ms): Min: 0.0, Avg: 0.1, Max: 0.1, Diff: 0.1, Sum: 1.1]
      [Code Root Scanning (ms): Min: 0.0, Avg: 0.0, Max: 0.0, Diff: 0.0, Sum: 0.0]
      [Object Copy (ms): Min: 35.5, Avg: 35.7, Max: 35.8, Diff: 0.3, Sum: 356.7]
      [Termination (ms): Min: 0.0, Avg: 0.1, Max: 0.3, Diff: 0.3, Sum: 1.2]
         [Termination Attempts: Min: 1, Avg: 1.0, Max: 1, Diff: 0, Sum: 10]
      [GC Worker Other (ms): Min: 0.0, Avg: 0.0, Max: 0.0, Diff: 0.0, Sum: 0.2]
      [GC Worker Total (ms): Min: 36.0, Avg: 36.1, Max: 36.2, Diff: 0.2, Sum: 360.8]
      [GC Worker End (ms): Min: 19258.8, Avg: 19258.8, Max: 19258.8, Diff: 0.0]
   [Code Root Fixup: 0.0 ms]
   [Code Root Purge: 0.0 ms]
   [Clear CT: 0.4 ms]
   [Other: 0.8 ms]
      [Choose CSet: 0.0 ms]
      [Ref Proc: 0.1 ms]
      [Ref Enq: 0.0 ms]
      [Redirty Cards: 0.2 ms]
      [Humongous Register: 0.0 ms]
      [Humongous Reclaim: 0.0 ms]
      [Free CSet: 0.4 ms]
   [Eden: 1838.0M(1838.0M)->0.0B(1748.0M) Survivors: 276.0M->266.0M Heap: 3274.8M(4096.0M)->1541.8M(4096.0M)]
 [Times: user=0.31 sys=0.00, real=0.04 secs] 
2022-01-17T02:09:36.896+0800: 19.422: [GC pause (G1 Evacuation Pause) (young), 0.0386698 secs]
   [Parallel Time: 36.9 ms, GC Workers: 10]
      [GC Worker Start (ms): Min: 19422.0, Avg: 19422.1, Max: 19422.2, Diff: 0.2]
      [Ext Root Scanning (ms): Min: 0.0, Avg: 0.1, Max: 0.1, Diff: 0.1, Sum: 0.5]
      [Update RS (ms): Min: 0.1, Avg: 0.1, Max: 0.1, Diff: 0.1, Sum: 0.8]
         [Processed Buffers: Min: 1, Avg: 1.1, Max: 2, Diff: 1, Sum: 11]
      [Scan RS (ms): Min: 0.0, Avg: 0.1, Max: 0.1, Diff: 0.1, Sum: 1.0]
      [Code Root Scanning (ms): Min: 0.0, Avg: 0.0, Max: 0.0, Diff: 0.0, Sum: 0.0]
      [Object Copy (ms): Min: 35.8, Avg: 36.0, Max: 36.1, Diff: 0.2, Sum: 359.6]
      [Termination (ms): Min: 0.0, Avg: 0.1, Max: 0.2, Diff: 0.2, Sum: 1.0]
         [Termination Attempts: Min: 1, Avg: 1.1, Max: 2, Diff: 1, Sum: 11]
      [GC Worker Other (ms): Min: 0.0, Avg: 0.1, Max: 0.2, Diff: 0.2, Sum: 0.8]
      [GC Worker Total (ms): Min: 36.3, Avg: 36.4, Max: 36.6, Diff: 0.3, Sum: 363.7]
      [GC Worker End (ms): Min: 19458.4, Avg: 19458.5, Max: 19458.6, Diff: 0.2]
   [Code Root Fixup: 0.0 ms]
   [Code Root Purge: 0.0 ms]
   [Clear CT: 0.6 ms]
   [Other: 1.2 ms]
      [Choose CSet: 0.0 ms]
      [Ref Proc: 0.2 ms]
      [Ref Enq: 0.0 ms]
      [Redirty Cards: 0.5 ms]
      [Humongous Register: 0.0 ms]
      [Humongous Reclaim: 0.0 ms]
      [Free CSet: 0.4 ms]
   [Eden: 1748.0M(1748.0M)->0.0B(1636.0M) Survivors: 266.0M->252.0M Heap: 3289.8M(4096.0M)->1665.7M(4096.0M)]
 [Times: user=0.47 sys=0.00, real=0.04 secs] 
2022-01-17T02:09:37.087+0800: 19.612: [GC pause (G1 Evacuation Pause) (young), 0.0357544 secs]
   [Parallel Time: 34.3 ms, GC Workers: 10]
      [GC Worker Start (ms): Min: 19612.5, Avg: 19612.6, Max: 19612.6, Diff: 0.2]
      [Ext Root Scanning (ms): Min: 0.0, Avg: 0.1, Max: 0.2, Diff: 0.2, Sum: 0.5]
      [Update RS (ms): Min: 0.0, Avg: 0.1, Max: 0.6, Diff: 0.6, Sum: 1.2]
         [Processed Buffers: Min: 1, Avg: 1.1, Max: 2, Diff: 1, Sum: 11]
      [Scan RS (ms): Min: 0.1, Avg: 0.1, Max: 0.1, Diff: 0.0, Sum: 1.0]
      [Code Root Scanning (ms): Min: 0.0, Avg: 0.0, Max: 0.0, Diff: 0.0, Sum: 0.0]
      [Object Copy (ms): Min: 32.9, Avg: 33.4, Max: 33.5, Diff: 0.6, Sum: 334.3]
      [Termination (ms): Min: 0.0, Avg: 0.0, Max: 0.1, Diff: 0.1, Sum: 0.4]
         [Termination Attempts: Min: 1, Avg: 1.0, Max: 1, Diff: 0, Sum: 10]
      [GC Worker Other (ms): Min: 0.0, Avg: 0.1, Max: 0.2, Diff: 0.2, Sum: 1.0]
      [GC Worker Total (ms): Min: 33.7, Avg: 33.8, Max: 34.0, Diff: 0.3, Sum: 338.5]
      [GC Worker End (ms): Min: 19646.3, Avg: 19646.4, Max: 19646.5, Diff: 0.2]
   [Code Root Fixup: 0.0 ms]
   [Code Root Purge: 0.0 ms]
   [Clear CT: 0.4 ms]
   [Other: 1.1 ms]
      [Choose CSet: 0.0 ms]
      [Ref Proc: 0.3 ms]
      [Ref Enq: 0.0 ms]
      [Redirty Cards: 0.2 ms]
      [Humongous Register: 0.1 ms]
      [Humongous Reclaim: 0.0 ms]
      [Free CSet: 0.4 ms]
   [Eden: 1636.0M(1636.0M)->0.0B(1548.0M) Survivors: 252.0M->236.0M Heap: 3301.7M(4096.0M)->1769.2M(4096.0M)]
 [Times: user=0.31 sys=0.00, real=0.04 secs] 
2022-01-17T02:09:37.267+0800: 19.793: [GC pause (G1 Evacuation Pause) (young), 0.0367884 secs]
   [Parallel Time: 34.8 ms, GC Workers: 10]
      [GC Worker Start (ms): Min: 19793.3, Avg: 19793.4, Max: 19793.4, Diff: 0.2]
      [Ext Root Scanning (ms): Min: 0.0, Avg: 0.1, Max: 0.2, Diff: 0.2, Sum: 0.6]
      [Update RS (ms): Min: 0.1, Avg: 0.1, Max: 0.1, Diff: 0.1, Sum: 0.9]
         [Processed Buffers: Min: 1, Avg: 1.1, Max: 2, Diff: 1, Sum: 11]
      [Scan RS (ms): Min: 0.1, Avg: 0.1, Max: 0.1, Diff: 0.1, Sum: 1.0]
      [Code Root Scanning (ms): Min: 0.0, Avg: 0.0, Max: 0.0, Diff: 0.0, Sum: 0.0]
      [Object Copy (ms): Min: 34.0, Avg: 34.1, Max: 34.1, Diff: 0.1, Sum: 340.8]
      [Termination (ms): Min: 0.0, Avg: 0.0, Max: 0.1, Diff: 0.1, Sum: 0.4]
         [Termination Attempts: Min: 1, Avg: 1.0, Max: 1, Diff: 0, Sum: 10]
      [GC Worker Other (ms): Min: 0.0, Avg: 0.1, Max: 0.2, Diff: 0.2, Sum: 0.7]
      [GC Worker Total (ms): Min: 34.3, Avg: 34.4, Max: 34.6, Diff: 0.2, Sum: 344.4]
      [GC Worker End (ms): Min: 19827.8, Avg: 19827.8, Max: 19827.9, Diff: 0.2]
   [Code Root Fixup: 0.0 ms]
   [Code Root Purge: 0.0 ms]
   [Clear CT: 0.4 ms]
   [Other: 1.5 ms]
      [Choose CSet: 0.0 ms]
      [Ref Proc: 0.4 ms]
      [Ref Enq: 0.0 ms]
      [Redirty Cards: 0.7 ms]
      [Humongous Register: 0.0 ms]
      [Humongous Reclaim: 0.0 ms]
      [Free CSet: 0.3 ms]
   [Eden: 1548.0M(1548.0M)->0.0B(1428.0M) Survivors: 236.0M->224.0M Heap: 3317.2M(4096.0M)->1903.8M(4096.0M)]
 [Times: user=0.31 sys=0.00, real=0.04 secs] 
2022-01-17T02:09:37.438+0800: 19.964: [GC pause (G1 Evacuation Pause) (young), 0.0364528 secs]
   [Parallel Time: 34.2 ms, GC Workers: 10]
      [GC Worker Start (ms): Min: 19963.9, Avg: 19964.0, Max: 19964.0, Diff: 0.1]
      [Ext Root Scanning (ms): Min: 0.0, Avg: 0.1, Max: 0.2, Diff: 0.1, Sum: 0.7]
      [Update RS (ms): Min: 0.0, Avg: 0.1, Max: 0.4, Diff: 0.4, Sum: 1.0]
         [Processed Buffers: Min: 1, Avg: 1.1, Max: 2, Diff: 1, Sum: 11]
      [Scan RS (ms): Min: 0.1, Avg: 0.1, Max: 0.1, Diff: 0.0, Sum: 0.8]
      [Code Root Scanning (ms): Min: 0.0, Avg: 0.0, Max: 0.0, Diff: 0.0, Sum: 0.0]
      [Object Copy (ms): Min: 33.0, Avg: 33.3, Max: 33.4, Diff: 0.4, Sum: 332.8]
      [Termination (ms): Min: 0.0, Avg: 0.1, Max: 0.1, Diff: 0.1, Sum: 0.7]
         [Termination Attempts: Min: 1, Avg: 1.4, Max: 2, Diff: 1, Sum: 14]
      [GC Worker Other (ms): Min: 0.0, Avg: 0.0, Max: 0.1, Diff: 0.1, Sum: 0.4]
      [GC Worker Total (ms): Min: 33.6, Avg: 33.7, Max: 33.8, Diff: 0.2, Sum: 336.6]
      [GC Worker End (ms): Min: 19997.6, Avg: 19997.6, Max: 19997.7, Diff: 0.1]
   [Code Root Fixup: 0.0 ms]
   [Code Root Purge: 0.0 ms]
   [Clear CT: 0.6 ms]
   [Other: 1.7 ms]
      [Choose CSet: 0.0 ms]
      [Ref Proc: 0.5 ms]
      [Ref Enq: 0.0 ms]
      [Redirty Cards: 0.8 ms]
      [Humongous Register: 0.0 ms]
      [Humongous Reclaim: 0.0 ms]
      [Free CSet: 0.3 ms]
   [Eden: 1428.0M(1428.0M)->0.0B(1312.0M) Survivors: 224.0M->208.0M Heap: 3331.8M(4096.0M)->2035.4M(4096.0M)]
 [Times: user=0.31 sys=0.00, real=0.04 secs] 
2022-01-17T02:09:37.597+0800: 20.123: [GC pause (G1 Evacuation Pause) (young), 0.0353899 secs]
   [Parallel Time: 34.1 ms, GC Workers: 10]
      [GC Worker Start (ms): Min: 20122.7, Avg: 20122.9, Max: 20122.9, Diff: 0.2]
      [Ext Root Scanning (ms): Min: 0.0, Avg: 0.1, Max: 0.2, Diff: 0.2, Sum: 0.6]
      [Update RS (ms): Min: 0.1, Avg: 0.1, Max: 0.1, Diff: 0.0, Sum: 0.8]
         [Processed Buffers: Min: 1, Avg: 1.1, Max: 2, Diff: 1, Sum: 11]
      [Scan RS (ms): Min: 0.1, Avg: 0.1, Max: 0.1, Diff: 0.0, Sum: 0.8]
      [Code Root Scanning (ms): Min: 0.0, Avg: 0.0, Max: 0.0, Diff: 0.0, Sum: 0.0]
      [Object Copy (ms): Min: 33.3, Avg: 33.4, Max: 33.5, Diff: 0.2, Sum: 334.1]
      [Termination (ms): Min: 0.0, Avg: 0.1, Max: 0.2, Diff: 0.2, Sum: 0.9]
         [Termination Attempts: Min: 1, Avg: 1.0, Max: 1, Diff: 0, Sum: 10]
      [GC Worker Other (ms): Min: 0.0, Avg: 0.0, Max: 0.1, Diff: 0.1, Sum: 0.4]
      [GC Worker Total (ms): Min: 33.7, Avg: 33.8, Max: 33.9, Diff: 0.2, Sum: 337.7]
      [GC Worker End (ms): Min: 20156.6, Avg: 20156.6, Max: 20156.7, Diff: 0.1]
   [Code Root Fixup: 0.0 ms]
   [Code Root Purge: 0.0 ms]
   [Clear CT: 0.4 ms]
   [Other: 0.9 ms]
      [Choose CSet: 0.0 ms]
      [Ref Proc: 0.2 ms]
      [Ref Enq: 0.0 ms]
      [Redirty Cards: 0.3 ms]
      [Humongous Register: 0.0 ms]
      [Humongous Reclaim: 0.0 ms]
      [Free CSet: 0.3 ms]
   [Eden: 1312.0M(1312.0M)->0.0B(1180.0M) Survivors: 208.0M->190.0M Heap: 3347.4M(4096.0M)->2185.4M(4096.0M)]
 [Times: user=0.31 sys=0.00, real=0.04 secs] 
2022-01-17T02:09:37.742+0800: 20.268: [GC pause (G1 Evacuation Pause) (young) (initial-mark), 0.0333039 secs]
   [Parallel Time: 31.4 ms, GC Workers: 10]
      [GC Worker Start (ms): Min: 20268.2, Avg: 20268.3, Max: 20268.4, Diff: 0.2]
      [Ext Root Scanning (ms): Min: 0.0, Avg: 0.1, Max: 0.2, Diff: 0.2, Sum: 0.7]
      [Update RS (ms): Min: 0.1, Avg: 0.1, Max: 0.1, Diff: 0.0, Sum: 0.7]
         [Processed Buffers: Min: 1, Avg: 1.1, Max: 2, Diff: 1, Sum: 11]
      [Scan RS (ms): Min: 0.0, Avg: 0.1, Max: 0.1, Diff: 0.0, Sum: 0.7]
      [Code Root Scanning (ms): Min: 0.0, Avg: 0.0, Max: 0.0, Diff: 0.0, Sum: 0.0]
      [Object Copy (ms): Min: 30.8, Avg: 30.8, Max: 30.8, Diff: 0.1, Sum: 308.0]
      [Termination (ms): Min: 0.0, Avg: 0.1, Max: 0.1, Diff: 0.1, Sum: 0.6]
         [Termination Attempts: Min: 1, Avg: 1.0, Max: 1, Diff: 0, Sum: 10]
      [GC Worker Other (ms): Min: 0.0, Avg: 0.0, Max: 0.1, Diff: 0.1, Sum: 0.2]
      [GC Worker Total (ms): Min: 31.0, Avg: 31.1, Max: 31.2, Diff: 0.2, Sum: 310.9]
      [GC Worker End (ms): Min: 20299.4, Avg: 20299.4, Max: 20299.4, Diff: 0.1]
   [Code Root Fixup: 0.0 ms]
   [Code Root Purge: 0.0 ms]
   [Clear CT: 0.6 ms]
   [Other: 1.2 ms]
      [Choose CSet: 0.0 ms]
      [Ref Proc: 0.2 ms]
      [Ref Enq: 0.0 ms]
      [Redirty Cards: 0.5 ms]
      [Humongous Register: 0.0 ms]
      [Humongous Reclaim: 0.0 ms]
      [Free CSet: 0.3 ms]
   [Eden: 1180.0M(1180.0M)->0.0B(1070.0M) Survivors: 190.0M->172.0M Heap: 3365.4M(4096.0M)->2317.4M(4096.0M)]
 [Times: user=0.31 sys=0.00, real=0.03 secs] 
2022-01-17T02:09:37.775+0800: 20.301: [GC concurrent-root-region-scan-start]
2022-01-17T02:09:37.776+0800: 20.302: [GC concurrent-root-region-scan-end, 0.0001904 secs]
2022-01-17T02:09:37.776+0800: 20.302: [GC concurrent-mark-start]
2022-01-17T02:09:37.779+0800: 20.305: [GC concurrent-mark-end, 0.0032305 secs]
2022-01-17T02:09:37.779+0800: 20.305: [GC remark 2022-01-17T02:09:37.779+0800: 20.305: [Finalize Marking, 0.0002540 secs] 2022-01-17T02:09:37.779+0800: 20.305: [GC ref-proc, 0.0000618 secs] 2022-01-17T02:09:37.779+0800: 20.305: [Unloading, 0.0004484 secs], 0.0014545 secs]
 [Times: user=0.00 sys=0.00, real=0.00 secs] 
2022-01-17T02:09:37.781+0800: 20.307: [GC cleanup 2348M->668M(4096M), 0.0019468 secs]
 [Times: user=0.00 sys=0.00, real=0.00 secs] 
2022-01-17T02:09:37.783+0800: 20.309: [GC concurrent-cleanup-start]
2022-01-17T02:09:37.783+0800: 20.310: [GC concurrent-cleanup-end, 0.0008608 secs]
2022-01-17T02:09:37.880+0800: 20.406: [GC pause (G1 Evacuation Pause) (young), 0.0326404 secs]
   [Parallel Time: 30.6 ms, GC Workers: 10]
      [GC Worker Start (ms): Min: 20406.4, Avg: 20406.5, Max: 20406.6, Diff: 0.2]
      [Ext Root Scanning (ms): Min: 0.0, Avg: 0.1, Max: 0.2, Diff: 0.2, Sum: 0.5]
      [Update RS (ms): Min: 0.1, Avg: 0.1, Max: 0.1, Diff: 0.0, Sum: 0.9]
         [Processed Buffers: Min: 1, Avg: 1.1, Max: 2, Diff: 1, Sum: 11]
      [Scan RS (ms): Min: 0.0, Avg: 0.1, Max: 0.1, Diff: 0.1, Sum: 0.5]
      [Code Root Scanning (ms): Min: 0.0, Avg: 0.0, Max: 0.0, Diff: 0.0, Sum: 0.0]
      [Object Copy (ms): Min: 29.9, Avg: 30.0, Max: 30.0, Diff: 0.1, Sum: 299.8]
      [Termination (ms): Min: 0.0, Avg: 0.0, Max: 0.1, Diff: 0.1, Sum: 0.5]
         [Termination Attempts: Min: 1, Avg: 1.0, Max: 1, Diff: 0, Sum: 10]
      [GC Worker Other (ms): Min: 0.0, Avg: 0.1, Max: 0.2, Diff: 0.2, Sum: 1.0]
      [GC Worker Total (ms): Min: 30.2, Avg: 30.3, Max: 30.5, Diff: 0.3, Sum: 303.2]
      [GC Worker End (ms): Min: 20436.8, Avg: 20436.9, Max: 20437.0, Diff: 0.2]
   [Code Root Fixup: 0.0 ms]
   [Code Root Purge: 0.0 ms]
   [Clear CT: 0.5 ms]
   [Other: 1.5 ms]
      [Choose CSet: 0.0 ms]
      [Ref Proc: 0.4 ms]
      [Ref Enq: 0.0 ms]
      [Redirty Cards: 0.6 ms]
      [Humongous Register: 0.0 ms]
      [Humongous Reclaim: 0.0 ms]
      [Free CSet: 0.2 ms]
   [Eden: 1070.0M(1070.0M)->0.0B(48.0M) Survivors: 172.0M->156.0M Heap: 1707.4M(4096.0M)->789.8M(4096.0M)]
 [Times: user=0.31 sys=0.00, real=0.03 secs] 
2022-01-17T02:09:37.918+0800: 20.443: [GC pause (G1 Evacuation Pause) (mixed), 0.0175223 secs]
   [Parallel Time: 16.2 ms, GC Workers: 10]
      [GC Worker Start (ms): Min: 20443.6, Avg: 20443.7, Max: 20443.7, Diff: 0.2]
      [Ext Root Scanning (ms): Min: 0.0, Avg: 0.1, Max: 0.2, Diff: 0.2, Sum: 0.6]
      [Update RS (ms): Min: 0.0, Avg: 0.1, Max: 0.2, Diff: 0.1, Sum: 0.7]
         [Processed Buffers: Min: 0, Avg: 1.1, Max: 2, Diff: 2, Sum: 11]
      [Scan RS (ms): Min: 0.0, Avg: 0.0, Max: 0.0, Diff: 0.0, Sum: 0.2]
      [Code Root Scanning (ms): Min: 0.0, Avg: 0.0, Max: 0.0, Diff: 0.0, Sum: 0.0]
      [Object Copy (ms): Min: 15.5, Avg: 15.7, Max: 15.8, Diff: 0.3, Sum: 157.0]
      [Termination (ms): Min: 0.0, Avg: 0.1, Max: 0.2, Diff: 0.2, Sum: 1.2]
         [Termination Attempts: Min: 1, Avg: 1.0, Max: 1, Diff: 0, Sum: 10]
      [GC Worker Other (ms): Min: 0.0, Avg: 0.0, Max: 0.0, Diff: 0.0, Sum: 0.1]
      [GC Worker Total (ms): Min: 15.9, Avg: 16.0, Max: 16.1, Diff: 0.2, Sum: 159.8]
      [GC Worker End (ms): Min: 20459.6, Avg: 20459.7, Max: 20459.7, Diff: 0.0]
   [Code Root Fixup: 0.0 ms]
   [Code Root Purge: 0.0 ms]
   [Clear CT: 0.3 ms]
   [Other: 1.0 ms]
      [Choose CSet: 0.0 ms]
      [Ref Proc: 0.3 ms]
      [Ref Enq: 0.0 ms]
      [Redirty Cards: 0.4 ms]
      [Humongous Register: 0.0 ms]
      [Humongous Reclaim: 0.0 ms]
      [Free CSet: 0.1 ms]
   [Eden: 48.0M(48.0M)->0.0B(2436.0M) Survivors: 156.0M->20.0M Heap: 837.8M(4096.0M)->754.9M(4096.0M)]
 [Times: user=0.16 sys=0.00, real=0.02 secs] 
2022-01-17T02:09:38.165+0800: 20.691: [GC pause (G1 Evacuation Pause) (young), 0.0364930 secs]
   [Parallel Time: 34.4 ms, GC Workers: 10]
      [GC Worker Start (ms): Min: 20691.6, Avg: 20691.6, Max: 20691.7, Diff: 0.1]
      [Ext Root Scanning (ms): Min: 0.0, Avg: 0.1, Max: 0.2, Diff: 0.1, Sum: 1.0]
      [Update RS (ms): Min: 0.0, Avg: 0.1, Max: 0.3, Diff: 0.3, Sum: 1.2]
         [Processed Buffers: Min: 1, Avg: 1.1, Max: 2, Diff: 1, Sum: 11]
      [Scan RS (ms): Min: 0.0, Avg: 0.1, Max: 0.2, Diff: 0.2, Sum: 1.3]
      [Code Root Scanning (ms): Min: 0.0, Avg: 0.0, Max: 0.0, Diff: 0.0, Sum: 0.0]
      [Object Copy (ms): Min: 33.5, Avg: 33.7, Max: 33.8, Diff: 0.3, Sum: 336.6]
      [Termination (ms): Min: 0.0, Avg: 0.1, Max: 0.1, Diff: 0.1, Sum: 0.7]
         [Termination Attempts: Min: 1, Avg: 1.2, Max: 2, Diff: 1, Sum: 12]
      [GC Worker Other (ms): Min: 0.0, Avg: 0.0, Max: 0.1, Diff: 0.0, Sum: 0.3]
      [GC Worker Total (ms): Min: 34.1, Avg: 34.1, Max: 34.2, Diff: 0.1, Sum: 341.2]
      [GC Worker End (ms): Min: 20725.7, Avg: 20725.8, Max: 20725.8, Diff: 0.0]
   [Code Root Fixup: 0.0 ms]
   [Code Root Purge: 0.0 ms]
   [Clear CT: 0.7 ms]
   [Other: 1.4 ms]
      [Choose CSet: 0.0 ms]
      [Ref Proc: 0.4 ms]
      [Ref Enq: 0.0 ms]
      [Redirty Cards: 0.5 ms]
      [Humongous Register: 0.0 ms]
      [Humongous Reclaim: 0.0 ms]
      [Free CSet: 0.4 ms]
   [Eden: 2436.0M(2436.0M)->0.0B(2148.0M) Survivors: 20.0M->308.0M Heap: 3190.9M(4096.0M)->1102.7M(4096.0M)]
 [Times: user=0.31 sys=0.00, real=0.04 secs] 
2022-01-17T02:09:38.405+0800: 20.930: [GC pause (G1 Evacuation Pause) (young), 0.0397685 secs]
   [Parallel Time: 37.8 ms, GC Workers: 10]
      [GC Worker Start (ms): Min: 20930.5, Avg: 20930.5, Max: 20930.5, Diff: 0.1]
      [Ext Root Scanning (ms): Min: 0.1, Avg: 0.1, Max: 0.1, Diff: 0.1, Sum: 0.9]
      [Update RS (ms): Min: 0.0, Avg: 0.1, Max: 0.2, Diff: 0.1, Sum: 0.8]
         [Processed Buffers: Min: 1, Avg: 1.1, Max: 2, Diff: 1, Sum: 11]
      [Scan RS (ms): Min: 0.0, Avg: 0.1, Max: 0.2, Diff: 0.1, Sum: 1.1]
      [Code Root Scanning (ms): Min: 0.0, Avg: 0.0, Max: 0.0, Diff: 0.0, Sum: 0.0]
      [Object Copy (ms): Min: 36.9, Avg: 37.0, Max: 37.0, Diff: 0.1, Sum: 369.8]
      [Termination (ms): Min: 0.0, Avg: 0.0, Max: 0.1, Diff: 0.1, Sum: 0.5]
         [Termination Attempts: Min: 1, Avg: 1.0, Max: 1, Diff: 0, Sum: 10]
      [GC Worker Other (ms): Min: 0.0, Avg: 0.1, Max: 0.2, Diff: 0.2, Sum: 0.6]
      [GC Worker Total (ms): Min: 37.3, Avg: 37.4, Max: 37.5, Diff: 0.2, Sum: 373.7]
      [GC Worker End (ms): Min: 20967.8, Avg: 20967.9, Max: 20968.0, Diff: 0.2]
   [Code Root Fixup: 0.0 ms]
   [Code Root Purge: 0.0 ms]
   [Clear CT: 0.5 ms]
   [Other: 1.5 ms]
      [Choose CSet: 0.0 ms]
      [Ref Proc: 0.4 ms]
      [Ref Enq: 0.0 ms]
      [Redirty Cards: 0.5 ms]
      [Humongous Register: 0.0 ms]
      [Humongous Reclaim: 0.0 ms]
      [Free CSet: 0.4 ms]
   [Eden: 2148.0M(2148.0M)->0.0B(2082.0M) Survivors: 308.0M->308.0M Heap: 3250.7M(4096.0M)->1191.9M(4096.0M)]
 [Times: user=0.31 sys=0.00, real=0.04 secs] 
2022-01-17T02:09:38.640+0800: 21.165: [GC pause (G1 Evacuation Pause) (young), 0.0381379 secs]
   [Parallel Time: 36.3 ms, GC Workers: 10]
      [GC Worker Start (ms): Min: 21165.3, Avg: 21165.4, Max: 21165.4, Diff: 0.1]
      [Ext Root Scanning (ms): Min: 0.0, Avg: 0.1, Max: 0.1, Diff: 0.1, Sum: 0.8]
      [Update RS (ms): Min: 0.0, Avg: 0.1, Max: 0.2, Diff: 0.1, Sum: 0.7]
         [Processed Buffers: Min: 0, Avg: 1.1, Max: 2, Diff: 2, Sum: 11]
      [Scan RS (ms): Min: 0.1, Avg: 0.1, Max: 0.2, Diff: 0.1, Sum: 1.3]
      [Code Root Scanning (ms): Min: 0.0, Avg: 0.0, Max: 0.0, Diff: 0.0, Sum: 0.0]
      [Object Copy (ms): Min: 35.7, Avg: 35.8, Max: 35.9, Diff: 0.2, Sum: 358.2]
      [Termination (ms): Min: 0.0, Avg: 0.1, Max: 0.2, Diff: 0.2, Sum: 0.6]
         [Termination Attempts: Min: 1, Avg: 1.0, Max: 1, Diff: 0, Sum: 10]
      [GC Worker Other (ms): Min: 0.0, Avg: 0.0, Max: 0.1, Diff: 0.1, Sum: 0.4]
      [GC Worker Total (ms): Min: 36.1, Avg: 36.2, Max: 36.3, Diff: 0.2, Sum: 361.9]
      [GC Worker End (ms): Min: 21201.5, Avg: 21201.6, Max: 21201.6, Diff: 0.1]
   [Code Root Fixup: 0.0 ms]
   [Code Root Purge: 0.0 ms]
   [Clear CT: 0.5 ms]
   [Other: 1.3 ms]
      [Choose CSet: 0.0 ms]
      [Ref Proc: 0.3 ms]
      [Ref Enq: 0.0 ms]
      [Redirty Cards: 0.4 ms]
      [Humongous Register: 0.0 ms]
      [Humongous Reclaim: 0.0 ms]
      [Free CSet: 0.4 ms]
   [Eden: 2082.0M(2082.0M)->0.0B(2012.0M) Survivors: 308.0M->300.0M Heap: 3273.9M(4096.0M)->1265.6M(4096.0M)]
 [Times: user=0.31 sys=0.00, real=0.04 secs] 
2022-01-17T02:09:38.867+0800: 21.393: [GC pause (G1 Evacuation Pause) (young), 0.0384413 secs]
   [Parallel Time: 36.8 ms, GC Workers: 10]
      [GC Worker Start (ms): Min: 21392.6, Avg: 21392.8, Max: 21392.8, Diff: 0.2]
      [Ext Root Scanning (ms): Min: 0.0, Avg: 0.0, Max: 0.2, Diff: 0.2, Sum: 0.5]
      [Update RS (ms): Min: 0.0, Avg: 0.1, Max: 0.2, Diff: 0.2, Sum: 0.7]
         [Processed Buffers: Min: 0, Avg: 1.1, Max: 2, Diff: 2, Sum: 11]
      [Scan RS (ms): Min: 0.0, Avg: 0.1, Max: 0.2, Diff: 0.1, Sum: 1.2]
      [Code Root Scanning (ms): Min: 0.0, Avg: 0.0, Max: 0.0, Diff: 0.0, Sum: 0.0]
      [Object Copy (ms): Min: 36.0, Avg: 36.1, Max: 36.2, Diff: 0.2, Sum: 361.0]
      [Termination (ms): Min: 0.0, Avg: 0.1, Max: 0.2, Diff: 0.2, Sum: 1.3]
         [Termination Attempts: Min: 1, Avg: 1.0, Max: 1, Diff: 0, Sum: 10]
      [GC Worker Other (ms): Min: 0.0, Avg: 0.0, Max: 0.1, Diff: 0.0, Sum: 0.4]
      [GC Worker Total (ms): Min: 36.4, Avg: 36.5, Max: 36.6, Diff: 0.2, Sum: 365.2]
      [GC Worker End (ms): Min: 21429.2, Avg: 21429.3, Max: 21429.3, Diff: 0.0]
   [Code Root Fixup: 0.0 ms]
   [Code Root Purge: 0.0 ms]
   [Clear CT: 0.5 ms]
   [Other: 1.1 ms]
      [Choose CSet: 0.0 ms]
      [Ref Proc: 0.2 ms]
      [Ref Enq: 0.0 ms]
      [Redirty Cards: 0.3 ms]
      [Humongous Register: 0.0 ms]
      [Humongous Reclaim: 0.0 ms]
      [Free CSet: 0.4 ms]
   [Eden: 2012.0M(2012.0M)->0.0B(1936.0M) Survivors: 300.0M->290.0M Heap: 3277.6M(4096.0M)->1347.2M(4096.0M)]
 [Times: user=0.31 sys=0.00, real=0.04 secs] 
2022-01-17T02:09:39.084+0800: 21.611: [GC pause (G1 Evacuation Pause) (young), 0.0381042 secs]
   [Parallel Time: 36.9 ms, GC Workers: 10]
      [GC Worker Start (ms): Min: 21611.0, Avg: 21611.1, Max: 21611.2, Diff: 0.2]
      [Ext Root Scanning (ms): Min: 0.0, Avg: 0.1, Max: 0.2, Diff: 0.2, Sum: 0.6]
      [Update RS (ms): Min: 0.0, Avg: 0.1, Max: 0.1, Diff: 0.1, Sum: 0.7]
         [Processed Buffers: Min: 1, Avg: 1.1, Max: 2, Diff: 1, Sum: 11]
      [Scan RS (ms): Min: 0.0, Avg: 0.1, Max: 0.1, Diff: 0.1, Sum: 1.1]
      [Code Root Scanning (ms): Min: 0.0, Avg: 0.0, Max: 0.0, Diff: 0.0, Sum: 0.0]
      [Object Copy (ms): Min: 36.4, Avg: 36.4, Max: 36.5, Diff: 0.1, Sum: 364.3]
      [Termination (ms): Min: 0.0, Avg: 0.0, Max: 0.1, Diff: 0.1, Sum: 0.5]
         [Termination Attempts: Min: 1, Avg: 1.0, Max: 1, Diff: 0, Sum: 10]
      [GC Worker Other (ms): Min: 0.0, Avg: 0.0, Max: 0.0, Diff: 0.0, Sum: 0.3]
      [GC Worker Total (ms): Min: 36.7, Avg: 36.8, Max: 36.9, Diff: 0.2, Sum: 367.5]
      [GC Worker End (ms): Min: 21647.8, Avg: 21647.9, Max: 21647.9, Diff: 0.0]
   [Code Root Fixup: 0.0 ms]
   [Code Root Purge: 0.0 ms]
   [Clear CT: 0.3 ms]
   [Other: 0.8 ms]
      [Choose CSet: 0.0 ms]
      [Ref Proc: 0.1 ms]
      [Ref Enq: 0.0 ms]
      [Redirty Cards: 0.2 ms]
      [Humongous Register: 0.1 ms]
      [Humongous Reclaim: 0.0 ms]
      [Free CSet: 0.4 ms]
   [Eden: 1936.0M(1936.0M)->0.0B(1850.0M) Survivors: 290.0M->280.0M Heap: 3283.2M(4096.0M)->1440.6M(4096.0M)]
 [Times: user=0.47 sys=0.00, real=0.04 secs] 
2022-01-17T02:09:39.293+0800: 21.819: [GC pause (G1 Evacuation Pause) (young), 0.0375649 secs]
   [Parallel Time: 36.4 ms, GC Workers: 10]
      [GC Worker Start (ms): Min: 21818.8, Avg: 21818.8, Max: 21818.8, Diff: 0.1]
      [Ext Root Scanning (ms): Min: 0.1, Avg: 0.1, Max: 0.1, Diff: 0.1, Sum: 0.9]
      [Update RS (ms): Min: 0.0, Avg: 0.1, Max: 0.2, Diff: 0.1, Sum: 0.7]
         [Processed Buffers: Min: 1, Avg: 1.1, Max: 2, Diff: 1, Sum: 11]
      [Scan RS (ms): Min: 0.0, Avg: 0.1, Max: 0.1, Diff: 0.1, Sum: 1.1]
      [Code Root Scanning (ms): Min: 0.0, Avg: 0.0, Max: 0.0, Diff: 0.0, Sum: 0.0]
      [Object Copy (ms): Min: 35.9, Avg: 36.0, Max: 36.0, Diff: 0.1, Sum: 359.7]
      [Termination (ms): Min: 0.0, Avg: 0.1, Max: 0.1, Diff: 0.1, Sum: 0.6]
         [Termination Attempts: Min: 1, Avg: 1.1, Max: 2, Diff: 1, Sum: 11]
      [GC Worker Other (ms): Min: 0.0, Avg: 0.0, Max: 0.0, Diff: 0.0, Sum: 0.2]
      [GC Worker Total (ms): Min: 36.3, Avg: 36.3, Max: 36.4, Diff: 0.1, Sum: 363.2]
      [GC Worker End (ms): Min: 21855.1, Avg: 21855.1, Max: 21855.1, Diff: 0.0]
   [Code Root Fixup: 0.0 ms]
   [Code Root Purge: 0.0 ms]
   [Clear CT: 0.3 ms]
   [Other: 0.8 ms]
      [Choose CSet: 0.0 ms]
      [Ref Proc: 0.1 ms]
      [Ref Enq: 0.0 ms]
      [Redirty Cards: 0.2 ms]
      [Humongous Register: 0.0 ms]
      [Humongous Reclaim: 0.0 ms]
      [Free CSet: 0.4 ms]
   [Eden: 1850.0M(1850.0M)->0.0B(1742.0M) Survivors: 280.0M->268.0M Heap: 3290.6M(4096.0M)->1554.3M(4096.0M)]
 [Times: user=0.31 sys=0.00, real=0.04 secs] 
2022-01-17T02:09:39.497+0800: 22.024: [GC pause (G1 Evacuation Pause) (young), 0.0362469 secs]
   [Parallel Time: 35.0 ms, GC Workers: 10]
      [GC Worker Start (ms): Min: 22023.6, Avg: 22023.6, Max: 22023.7, Diff: 0.1]
      [Ext Root Scanning (ms): Min: 0.1, Avg: 0.1, Max: 0.1, Diff: 0.1, Sum: 1.0]
      [Update RS (ms): Min: 0.0, Avg: 0.1, Max: 0.2, Diff: 0.1, Sum: 0.9]
         [Processed Buffers: Min: 1, Avg: 1.1, Max: 2, Diff: 1, Sum: 11]
      [Scan RS (ms): Min: 0.0, Avg: 0.1, Max: 0.1, Diff: 0.1, Sum: 1.0]
      [Code Root Scanning (ms): Min: 0.0, Avg: 0.0, Max: 0.0, Diff: 0.0, Sum: 0.0]
      [Object Copy (ms): Min: 34.4, Avg: 34.5, Max: 34.5, Diff: 0.1, Sum: 344.8]
      [Termination (ms): Min: 0.0, Avg: 0.1, Max: 0.1, Diff: 0.1, Sum: 0.7]
         [Termination Attempts: Min: 1, Avg: 1.0, Max: 1, Diff: 0, Sum: 10]
      [GC Worker Other (ms): Min: 0.0, Avg: 0.0, Max: 0.1, Diff: 0.1, Sum: 0.4]
      [GC Worker Total (ms): Min: 34.8, Avg: 34.9, Max: 34.9, Diff: 0.1, Sum: 348.8]
      [GC Worker End (ms): Min: 22058.5, Avg: 22058.5, Max: 22058.5, Diff: 0.1]
   [Code Root Fixup: 0.0 ms]
   [Code Root Purge: 0.0 ms]
   [Clear CT: 0.4 ms]
   [Other: 0.9 ms]
      [Choose CSet: 0.0 ms]
      [Ref Proc: 0.2 ms]
      [Ref Enq: 0.0 ms]
      [Redirty Cards: 0.2 ms]
      [Humongous Register: 0.0 ms]
      [Humongous Reclaim: 0.0 ms]
      [Free CSet: 0.3 ms]
   [Eden: 1742.0M(1742.0M)->0.0B(1656.0M) Survivors: 268.0M->252.0M Heap: 3296.3M(4096.0M)->1653.9M(4096.0M)]
 [Times: user=0.31 sys=0.00, real=0.04 secs] 
2022-01-17T02:09:39.690+0800: 22.216: [GC pause (G1 Evacuation Pause) (young), 0.0379352 secs]
   [Parallel Time: 36.3 ms, GC Workers: 10]
      [GC Worker Start (ms): Min: 22216.1, Avg: 22216.2, Max: 22216.2, Diff: 0.1]
      [Ext Root Scanning (ms): Min: 0.0, Avg: 0.1, Max: 0.2, Diff: 0.1, Sum: 0.7]
      [Update RS (ms): Min: 0.0, Avg: 0.1, Max: 0.1, Diff: 0.1, Sum: 0.8]
         [Processed Buffers: Min: 1, Avg: 1.1, Max: 2, Diff: 1, Sum: 11]
      [Scan RS (ms): Min: 0.1, Avg: 0.1, Max: 0.1, Diff: 0.1, Sum: 1.1]
      [Code Root Scanning (ms): Min: 0.0, Avg: 0.0, Max: 0.0, Diff: 0.0, Sum: 0.0]
      [Object Copy (ms): Min: 35.4, Avg: 35.4, Max: 35.5, Diff: 0.1, Sum: 354.4]
      [Termination (ms): Min: 0.0, Avg: 0.0, Max: 0.1, Diff: 0.1, Sum: 0.5]
         [Termination Attempts: Min: 1, Avg: 1.0, Max: 1, Diff: 0, Sum: 10]
      [GC Worker Other (ms): Min: 0.0, Avg: 0.1, Max: 0.2, Diff: 0.2, Sum: 0.9]
      [GC Worker Total (ms): Min: 35.7, Avg: 35.8, Max: 36.0, Diff: 0.2, Sum: 358.4]
      [GC Worker End (ms): Min: 22251.9, Avg: 22252.0, Max: 22252.1, Diff: 0.2]
   [Code Root Fixup: 0.0 ms]
   [Code Root Purge: 0.0 ms]
   [Clear CT: 0.5 ms]
   [Other: 1.2 ms]
      [Choose CSet: 0.0 ms]
      [Ref Proc: 0.3 ms]
      [Ref Enq: 0.0 ms]
      [Redirty Cards: 0.3 ms]
      [Humongous Register: 0.0 ms]
      [Humongous Reclaim: 0.0 ms]
      [Free CSet: 0.4 ms]
   [Eden: 1656.0M(1656.0M)->0.0B(1534.0M) Survivors: 252.0M->240.0M Heap: 3309.9M(4096.0M)->1783.4M(4096.0M)]
 [Times: user=0.31 sys=0.00, real=0.04 secs] 
2022-01-17T02:09:39.871+0800: 22.397: [GC pause (G1 Evacuation Pause) (young), 0.0365210 secs]
   [Parallel Time: 34.6 ms, GC Workers: 10]
      [GC Worker Start (ms): Min: 22396.9, Avg: 22396.9, Max: 22397.1, Diff: 0.2]
      [Ext Root Scanning (ms): Min: 0.0, Avg: 0.1, Max: 0.2, Diff: 0.2, Sum: 0.9]
      [Update RS (ms): Min: 0.1, Avg: 0.1, Max: 0.3, Diff: 0.2, Sum: 1.0]
         [Processed Buffers: Min: 1, Avg: 1.1, Max: 2, Diff: 1, Sum: 11]
      [Scan RS (ms): Min: 0.1, Avg: 0.1, Max: 0.1, Diff: 0.1, Sum: 1.0]
      [Code Root Scanning (ms): Min: 0.0, Avg: 0.0, Max: 0.0, Diff: 0.0, Sum: 0.0]
      [Object Copy (ms): Min: 33.8, Avg: 33.9, Max: 34.0, Diff: 0.2, Sum: 339.2]
      [Termination (ms): Min: 0.0, Avg: 0.1, Max: 0.2, Diff: 0.2, Sum: 0.8]
         [Termination Attempts: Min: 1, Avg: 1.0, Max: 1, Diff: 0, Sum: 10]
      [GC Worker Other (ms): Min: 0.0, Avg: 0.0, Max: 0.1, Diff: 0.1, Sum: 0.4]
      [GC Worker Total (ms): Min: 34.2, Avg: 34.3, Max: 34.4, Diff: 0.2, Sum: 343.3]
      [GC Worker End (ms): Min: 22431.3, Avg: 22431.3, Max: 22431.3, Diff: 0.1]
   [Code Root Fixup: 0.0 ms]
   [Code Root Purge: 0.0 ms]
   [Clear CT: 0.4 ms]
   [Other: 1.5 ms]
      [Choose CSet: 0.0 ms]
      [Ref Proc: 0.3 ms]
      [Ref Enq: 0.0 ms]
      [Redirty Cards: 0.7 ms]
      [Humongous Register: 0.0 ms]
      [Humongous Reclaim: 0.0 ms]
      [Free CSet: 0.3 ms]
   [Eden: 1534.0M(1534.0M)->0.0B(1420.0M) Survivors: 240.0M->222.0M Heap: 3317.4M(4096.0M)->1911.3M(4096.0M)]
 [Times: user=0.31 sys=0.00, real=0.04 secs] 
2022-01-17T02:09:40.036+0800: 22.562: [GC pause (G1 Evacuation Pause) (young), 0.0370917 secs]
   [Parallel Time: 35.4 ms, GC Workers: 10]
      [GC Worker Start (ms): Min: 22561.8, Avg: 22561.8, Max: 22561.9, Diff: 0.1]
      [Ext Root Scanning (ms): Min: 0.0, Avg: 0.1, Max: 0.1, Diff: 0.1, Sum: 0.7]
      [Update RS (ms): Min: 0.1, Avg: 0.1, Max: 0.1, Diff: 0.1, Sum: 0.8]
         [Processed Buffers: Min: 1, Avg: 1.1, Max: 2, Diff: 1, Sum: 11]
      [Scan RS (ms): Min: 0.0, Avg: 0.1, Max: 0.1, Diff: 0.1, Sum: 0.8]
      [Code Root Scanning (ms): Min: 0.0, Avg: 0.0, Max: 0.0, Diff: 0.0, Sum: 0.0]
      [Object Copy (ms): Min: 34.6, Avg: 34.7, Max: 34.8, Diff: 0.2, Sum: 347.3]
      [Termination (ms): Min: 0.0, Avg: 0.1, Max: 0.2, Diff: 0.2, Sum: 0.7]
         [Termination Attempts: Min: 1, Avg: 1.1, Max: 2, Diff: 1, Sum: 11]
      [GC Worker Other (ms): Min: 0.0, Avg: 0.1, Max: 0.1, Diff: 0.1, Sum: 0.6]
      [GC Worker Total (ms): Min: 35.0, Avg: 35.1, Max: 35.2, Diff: 0.2, Sum: 350.9]
      [GC Worker End (ms): Min: 22596.9, Avg: 22596.9, Max: 22597.0, Diff: 0.1]
   [Code Root Fixup: 0.0 ms]
   [Code Root Purge: 0.0 ms]
   [Clear CT: 0.7 ms]
   [Other: 1.0 ms]
      [Choose CSet: 0.0 ms]
      [Ref Proc: 0.3 ms]
      [Ref Enq: 0.0 ms]
      [Redirty Cards: 0.2 ms]
      [Humongous Register: 0.0 ms]
      [Humongous Reclaim: 0.0 ms]
      [Free CSet: 0.3 ms]
   [Eden: 1420.0M(1420.0M)->0.0B(1284.0M) Survivors: 222.0M->206.0M Heap: 3331.3M(4096.0M)->2062.6M(4096.0M)]
 [Times: user=0.47 sys=0.00, real=0.04 secs] 
2022-01-17T02:09:40.192+0800: 22.718: [GC pause (G1 Evacuation Pause) (young) (initial-mark), 0.0343630 secs]
   [Parallel Time: 32.8 ms, GC Workers: 10]
      [GC Worker Start (ms): Min: 22718.1, Avg: 22718.2, Max: 22718.3, Diff: 0.2]
      [Ext Root Scanning (ms): Min: 0.0, Avg: 0.2, Max: 0.3, Diff: 0.3, Sum: 1.5]
      [Update RS (ms): Min: 0.0, Avg: 0.0, Max: 0.1, Diff: 0.1, Sum: 0.3]
         [Processed Buffers: Min: 0, Avg: 1.1, Max: 4, Diff: 4, Sum: 11]
      [Scan RS (ms): Min: 0.0, Avg: 0.1, Max: 0.1, Diff: 0.1, Sum: 0.7]
      [Code Root Scanning (ms): Min: 0.0, Avg: 0.0, Max: 0.0, Diff: 0.0, Sum: 0.0]
      [Object Copy (ms): Min: 32.1, Avg: 32.2, Max: 32.4, Diff: 0.3, Sum: 322.5]
      [Termination (ms): Min: 0.0, Avg: 0.1, Max: 0.2, Diff: 0.2, Sum: 1.2]
         [Termination Attempts: Min: 1, Avg: 1.0, Max: 1, Diff: 0, Sum: 10]
      [GC Worker Other (ms): Min: 0.0, Avg: 0.0, Max: 0.1, Diff: 0.1, Sum: 0.5]
      [GC Worker Total (ms): Min: 32.6, Avg: 32.7, Max: 32.8, Diff: 0.2, Sum: 326.8]
      [GC Worker End (ms): Min: 22750.8, Avg: 22750.9, Max: 22750.9, Diff: 0.1]
   [Code Root Fixup: 0.0 ms]
   [Code Root Purge: 0.0 ms]
   [Clear CT: 0.5 ms]
   [Other: 1.1 ms]
      [Choose CSet: 0.0 ms]
      [Ref Proc: 0.2 ms]
      [Ref Enq: 0.0 ms]
      [Redirty Cards: 0.3 ms]
      [Humongous Register: 0.0 ms]
      [Humongous Reclaim: 0.0 ms]
      [Free CSet: 0.3 ms]
   [Eden: 1284.0M(1284.0M)->0.0B(1174.0M) Survivors: 206.0M->188.0M Heap: 3346.6M(4096.0M)->2194.7M(4096.0M)]
 [Times: user=0.33 sys=0.00, real=0.04 secs] 
2022-01-17T02:09:40.227+0800: 22.752: [GC concurrent-root-region-scan-start]
2022-01-17T02:09:40.227+0800: 22.753: [GC concurrent-root-region-scan-end, 0.0001362 secs]
2022-01-17T02:09:40.227+0800: 22.753: [GC concurrent-mark-start]
2022-01-17T02:09:40.231+0800: 22.757: [GC concurrent-mark-end, 0.0039261 secs]
2022-01-17T02:09:40.231+0800: 22.757: [GC remark 2022-01-17T02:09:40.231+0800: 22.757: [Finalize Marking, 0.0001972 secs] 2022-01-17T02:09:40.231+0800: 22.757: [GC ref-proc, 0.0000603 secs] 2022-01-17T02:09:40.231+0800: 22.757: [Unloading, 0.0004160 secs], 0.0013339 secs]
 [Times: user=0.00 sys=0.00, real=0.00 secs] 
2022-01-17T02:09:40.233+0800: 22.758: [GC cleanup 2226M->672M(4096M), 0.0013274 secs]
 [Times: user=0.00 sys=0.00, real=0.00 secs] 
2022-01-17T02:09:40.234+0800: 22.760: [GC concurrent-cleanup-start]
2022-01-17T02:09:40.235+0800: 22.761: [GC concurrent-cleanup-end, 0.0009734 secs]
2022-01-17T02:09:40.347+0800: 22.873: [GC pause (G1 Evacuation Pause) (young), 0.0329008 secs]
   [Parallel Time: 31.9 ms, GC Workers: 10]
      [GC Worker Start (ms): Min: 22873.4, Avg: 22873.5, Max: 22873.5, Diff: 0.2]
      [Ext Root Scanning (ms): Min: 0.0, Avg: 0.1, Max: 0.1, Diff: 0.1, Sum: 0.5]
      [Update RS (ms): Min: 0.0, Avg: 0.1, Max: 0.3, Diff: 0.3, Sum: 0.9]
         [Processed Buffers: Min: 0, Avg: 1.1, Max: 2, Diff: 2, Sum: 11]
      [Scan RS (ms): Min: 0.0, Avg: 0.1, Max: 0.1, Diff: 0.1, Sum: 0.5]
      [Code Root Scanning (ms): Min: 0.0, Avg: 0.0, Max: 0.0, Diff: 0.0, Sum: 0.0]
      [Object Copy (ms): Min: 31.4, Avg: 31.5, Max: 31.6, Diff: 0.2, Sum: 314.5]
      [Termination (ms): Min: 0.0, Avg: 0.1, Max: 0.2, Diff: 0.2, Sum: 0.9]
         [Termination Attempts: Min: 1, Avg: 1.0, Max: 1, Diff: 0, Sum: 10]
      [GC Worker Other (ms): Min: 0.0, Avg: 0.0, Max: 0.0, Diff: 0.0, Sum: 0.3]
      [GC Worker Total (ms): Min: 31.7, Avg: 31.8, Max: 31.9, Diff: 0.2, Sum: 317.7]
      [GC Worker End (ms): Min: 22905.2, Avg: 22905.2, Max: 22905.3, Diff: 0.0]
   [Code Root Fixup: 0.0 ms]
   [Code Root Purge: 0.0 ms]
   [Clear CT: 0.3 ms]
   [Other: 0.7 ms]
      [Choose CSet: 0.0 ms]
      [Ref Proc: 0.1 ms]
      [Ref Enq: 0.0 ms]
      [Redirty Cards: 0.1 ms]
      [Humongous Register: 0.0 ms]
      [Humongous Reclaim: 0.0 ms]
      [Free CSet: 0.3 ms]
   [Eden: 1174.0M(1174.0M)->0.0B(32.0M) Survivors: 188.0M->172.0M Heap: 1814.7M(4096.0M)->783.0M(4096.0M)]
 [Times: user=0.31 sys=0.00, real=0.03 secs] 
2022-01-17T02:09:40.383+0800: 22.909: [GC pause (G1 Evacuation Pause) (mixed), 0.0175261 secs]
   [Parallel Time: 17.0 ms, GC Workers: 10]
      [GC Worker Start (ms): Min: 22908.9, Avg: 22908.9, Max: 22908.9, Diff: 0.1]
      [Ext Root Scanning (ms): Min: 0.1, Avg: 0.1, Max: 0.1, Diff: 0.1, Sum: 0.8]
      [Update RS (ms): Min: 0.0, Avg: 0.1, Max: 0.2, Diff: 0.1, Sum: 0.6]
         [Processed Buffers: Min: 1, Avg: 1.1, Max: 2, Diff: 1, Sum: 11]
      [Scan RS (ms): Min: 0.0, Avg: 0.0, Max: 0.0, Diff: 0.0, Sum: 0.1]
      [Code Root Scanning (ms): Min: 0.0, Avg: 0.0, Max: 0.0, Diff: 0.0, Sum: 0.0]
      [Object Copy (ms): Min: 16.4, Avg: 16.6, Max: 16.8, Diff: 0.3, Sum: 166.5]
      [Termination (ms): Min: 0.0, Avg: 0.1, Max: 0.2, Diff: 0.2, Sum: 1.4]
         [Termination Attempts: Min: 1, Avg: 1.0, Max: 1, Diff: 0, Sum: 10]
      [GC Worker Other (ms): Min: 0.0, Avg: 0.0, Max: 0.0, Diff: 0.0, Sum: 0.1]
      [GC Worker Total (ms): Min: 16.9, Avg: 17.0, Max: 17.0, Diff: 0.1, Sum: 169.6]
      [GC Worker End (ms): Min: 22925.9, Avg: 22925.9, Max: 22925.9, Diff: 0.0]
   [Code Root Fixup: 0.0 ms]
   [Code Root Purge: 0.0 ms]
   [Clear CT: 0.1 ms]
   [Other: 0.4 ms]
      [Choose CSet: 0.0 ms]
      [Ref Proc: 0.1 ms]
      [Ref Enq: 0.0 ms]
      [Redirty Cards: 0.1 ms]
      [Humongous Register: 0.0 ms]
      [Humongous Reclaim: 0.0 ms]
      [Free CSet: 0.1 ms]
   [Eden: 32.0M(32.0M)->0.0B(2414.0M) Survivors: 172.0M->10.0M Heap: 815.0M(4096.0M)->740.9M(4096.0M)]
 [Times: user=0.16 sys=0.00, real=0.02 secs] 
2022-01-17T02:09:40.628+0800: 23.153: [GC pause (G1 Evacuation Pause) (young), 0.0368481 secs]
   [Parallel Time: 35.5 ms, GC Workers: 10]
      [GC Worker Start (ms): Min: 23153.2, Avg: 23153.3, Max: 23153.3, Diff: 0.1]
      [Ext Root Scanning (ms): Min: 0.0, Avg: 0.1, Max: 0.2, Diff: 0.1, Sum: 0.8]
      [Update RS (ms): Min: 0.0, Avg: 0.1, Max: 0.2, Diff: 0.1, Sum: 1.1]
         [Processed Buffers: Min: 1, Avg: 1.1, Max: 2, Diff: 1, Sum: 11]
      [Scan RS (ms): Min: 0.1, Avg: 0.1, Max: 0.2, Diff: 0.1, Sum: 1.2]
      [Code Root Scanning (ms): Min: 0.0, Avg: 0.0, Max: 0.0, Diff: 0.0, Sum: 0.0]
      [Object Copy (ms): Min: 34.6, Avg: 34.7, Max: 34.8, Diff: 0.2, Sum: 347.4]
      [Termination (ms): Min: 0.0, Avg: 0.1, Max: 0.2, Diff: 0.2, Sum: 0.8]
         [Termination Attempts: Min: 1, Avg: 1.0, Max: 1, Diff: 0, Sum: 10]
      [GC Worker Other (ms): Min: 0.0, Avg: 0.0, Max: 0.1, Diff: 0.1, Sum: 0.5]
      [GC Worker Total (ms): Min: 35.1, Avg: 35.2, Max: 35.3, Diff: 0.2, Sum: 351.8]
      [GC Worker End (ms): Min: 23188.4, Avg: 23188.4, Max: 23188.5, Diff: 0.1]
   [Code Root Fixup: 0.0 ms]
   [Code Root Purge: 0.0 ms]
   [Clear CT: 0.4 ms]
   [Other: 0.9 ms]
      [Choose CSet: 0.0 ms]
      [Ref Proc: 0.2 ms]
      [Ref Enq: 0.0 ms]
      [Redirty Cards: 0.2 ms]
      [Humongous Register: 0.0 ms]
      [Humongous Reclaim: 0.0 ms]
      [Free CSet: 0.4 ms]
   [Eden: 2414.0M(2414.0M)->0.0B(2110.0M) Survivors: 10.0M->304.0M Heap: 3154.9M(4096.0M)->1107.1M(4096.0M)]
 [Times: user=0.33 sys=0.00, real=0.04 secs] 
2022-01-17T02:09:40.862+0800: 23.388: [GC pause (G1 Evacuation Pause) (young), 0.0390403 secs]
   [Parallel Time: 37.3 ms, GC Workers: 10]
      [GC Worker Start (ms): Min: 23388.1, Avg: 23388.2, Max: 23388.2, Diff: 0.1]
      [Ext Root Scanning (ms): Min: 0.0, Avg: 0.1, Max: 0.1, Diff: 0.1, Sum: 0.6]
      [Update RS (ms): Min: 0.1, Avg: 0.1, Max: 0.3, Diff: 0.2, Sum: 0.9]
         [Processed Buffers: Min: 0, Avg: 1.1, Max: 2, Diff: 2, Sum: 11]
      [Scan RS (ms): Min: 0.0, Avg: 0.1, Max: 0.1, Diff: 0.1, Sum: 1.2]
      [Code Root Scanning (ms): Min: 0.0, Avg: 0.0, Max: 0.0, Diff: 0.0, Sum: 0.0]
      [Object Copy (ms): Min: 36.5, Avg: 36.6, Max: 36.7, Diff: 0.2, Sum: 366.2]
      [Termination (ms): Min: 0.0, Avg: 0.1, Max: 0.2, Diff: 0.2, Sum: 1.1]
         [Termination Attempts: Min: 1, Avg: 1.0, Max: 1, Diff: 0, Sum: 10]
      [GC Worker Other (ms): Min: 0.0, Avg: 0.1, Max: 0.2, Diff: 0.1, Sum: 0.8]
      [GC Worker Total (ms): Min: 37.0, Avg: 37.1, Max: 37.1, Diff: 0.1, Sum: 370.8]
      [GC Worker End (ms): Min: 23425.2, Avg: 23425.3, Max: 23425.3, Diff: 0.1]
   [Code Root Fixup: 0.0 ms]
   [Code Root Purge: 0.0 ms]
   [Clear CT: 0.4 ms]
   [Other: 1.3 ms]
      [Choose CSet: 0.0 ms]
      [Ref Proc: 0.2 ms]
      [Ref Enq: 0.0 ms]
      [Redirty Cards: 0.5 ms]
      [Humongous Register: 0.0 ms]
      [Humongous Reclaim: 0.0 ms]
      [Free CSet: 0.5 ms]
   [Eden: 2110.0M(2110.0M)->0.0B(2040.0M) Survivors: 304.0M->302.0M Heap: 3217.1M(4096.0M)->1196.3M(4096.0M)]
 [Times: user=0.47 sys=0.00, real=0.04 secs] 
2022-01-17T02:09:41.105+0800: 23.631: [GC pause (G1 Evacuation Pause) (young), 0.0385491 secs]
   [Parallel Time: 36.5 ms, GC Workers: 10]
      [GC Worker Start (ms): Min: 23631.3, Avg: 23631.4, Max: 23631.4, Diff: 0.1]
      [Ext Root Scanning (ms): Min: 0.0, Avg: 0.1, Max: 0.2, Diff: 0.1, Sum: 0.8]
      [Update RS (ms): Min: 0.0, Avg: 0.1, Max: 0.2, Diff: 0.1, Sum: 0.7]
         [Processed Buffers: Min: 1, Avg: 1.1, Max: 2, Diff: 1, Sum: 11]
      [Scan RS (ms): Min: 0.0, Avg: 0.1, Max: 0.2, Diff: 0.1, Sum: 1.2]
      [Code Root Scanning (ms): Min: 0.0, Avg: 0.0, Max: 0.0, Diff: 0.0, Sum: 0.0]
      [Object Copy (ms): Min: 35.7, Avg: 35.8, Max: 35.8, Diff: 0.2, Sum: 357.6]
      [Termination (ms): Min: 0.0, Avg: 0.1, Max: 0.2, Diff: 0.2, Sum: 0.8]
         [Termination Attempts: Min: 1, Avg: 1.1, Max: 2, Diff: 1, Sum: 11]
      [GC Worker Other (ms): Min: 0.0, Avg: 0.0, Max: 0.1, Diff: 0.1, Sum: 0.3]
      [GC Worker Total (ms): Min: 36.1, Avg: 36.1, Max: 36.3, Diff: 0.2, Sum: 361.5]
      [GC Worker End (ms): Min: 23667.5, Avg: 23667.5, Max: 23667.6, Diff: 0.1]
   [Code Root Fixup: 0.0 ms]
   [Code Root Purge: 0.0 ms]
   [Clear CT: 0.5 ms]
   [Other: 1.6 ms]
      [Choose CSet: 0.0 ms]
      [Ref Proc: 0.4 ms]
      [Ref Enq: 0.0 ms]
      [Redirty Cards: 0.6 ms]
      [Humongous Register: 0.0 ms]
      [Humongous Reclaim: 0.0 ms]
      [Free CSet: 0.4 ms]
   [Eden: 2040.0M(2040.0M)->0.0B(1978.0M) Survivors: 302.0M->294.0M Heap: 3236.3M(4096.0M)->1277.8M(4096.0M)]
 [Times: user=0.31 sys=0.00, real=0.04 secs] 
2022-01-17T02:09:41.334+0800: 23.860: [GC pause (G1 Evacuation Pause) (young), 0.0390919 secs]
   [Parallel Time: 37.7 ms, GC Workers: 10]
      [GC Worker Start (ms): Min: 23860.3, Avg: 23860.4, Max: 23860.4, Diff: 0.2]
      [Ext Root Scanning (ms): Min: 0.0, Avg: 0.1, Max: 0.2, Diff: 0.2, Sum: 0.6]
      [Update RS (ms): Min: 0.0, Avg: 0.1, Max: 0.1, Diff: 0.1, Sum: 0.8]
         [Processed Buffers: Min: 1, Avg: 1.1, Max: 2, Diff: 1, Sum: 11]
      [Scan RS (ms): Min: 0.1, Avg: 0.1, Max: 0.2, Diff: 0.1, Sum: 1.3]
      [Code Root Scanning (ms): Min: 0.0, Avg: 0.0, Max: 0.0, Diff: 0.0, Sum: 0.0]
      [Object Copy (ms): Min: 37.1, Avg: 37.1, Max: 37.2, Diff: 0.1, Sum: 371.3]
      [Termination (ms): Min: 0.0, Avg: 0.0, Max: 0.1, Diff: 0.1, Sum: 0.4]
         [Termination Attempts: Min: 1, Avg: 1.0, Max: 1, Diff: 0, Sum: 10]
      [GC Worker Other (ms): Min: 0.0, Avg: 0.0, Max: 0.1, Diff: 0.0, Sum: 0.3]
      [GC Worker Total (ms): Min: 37.4, Avg: 37.5, Max: 37.6, Diff: 0.2, Sum: 374.7]
      [GC Worker End (ms): Min: 23897.8, Avg: 23897.8, Max: 23897.9, Diff: 0.0]
   [Code Root Fixup: 0.0 ms]
   [Code Root Purge: 0.0 ms]
   [Clear CT: 0.5 ms]
   [Other: 0.9 ms]
      [Choose CSet: 0.0 ms]
      [Ref Proc: 0.2 ms]
      [Ref Enq: 0.0 ms]
      [Redirty Cards: 0.1 ms]
      [Humongous Register: 0.0 ms]
      [Humongous Reclaim: 0.0 ms]
      [Free CSet: 0.4 ms]
   [Eden: 1978.0M(1978.0M)->0.0B(1890.0M) Survivors: 294.0M->284.0M Heap: 3255.8M(4096.0M)->1378.3M(4096.0M)]
 [Times: user=0.47 sys=0.00, real=0.04 secs] 
2022-01-17T02:09:41.549+0800: 24.075: [GC pause (G1 Evacuation Pause) (young), 0.0375425 secs]
   [Parallel Time: 36.1 ms, GC Workers: 10]
      [GC Worker Start (ms): Min: 24075.1, Avg: 24075.3, Max: 24075.3, Diff: 0.2]
      [Ext Root Scanning (ms): Min: 0.0, Avg: 0.1, Max: 0.2, Diff: 0.2, Sum: 0.6]
      [Update RS (ms): Min: 0.0, Avg: 0.1, Max: 0.1, Diff: 0.1, Sum: 0.8]
         [Processed Buffers: Min: 1, Avg: 1.1, Max: 2, Diff: 1, Sum: 11]
      [Scan RS (ms): Min: 0.1, Avg: 0.1, Max: 0.1, Diff: 0.1, Sum: 1.2]
      [Code Root Scanning (ms): Min: 0.0, Avg: 0.0, Max: 0.0, Diff: 0.0, Sum: 0.0]
      [Object Copy (ms): Min: 35.4, Avg: 35.5, Max: 35.6, Diff: 0.2, Sum: 355.0]
      [Termination (ms): Min: 0.0, Avg: 0.1, Max: 0.2, Diff: 0.2, Sum: 0.9]
         [Termination Attempts: Min: 1, Avg: 1.1, Max: 2, Diff: 1, Sum: 11]
      [GC Worker Other (ms): Min: 0.0, Avg: 0.0, Max: 0.1, Diff: 0.1, Sum: 0.4]
      [GC Worker Total (ms): Min: 35.8, Avg: 35.9, Max: 36.0, Diff: 0.2, Sum: 358.9]
      [GC Worker End (ms): Min: 24111.1, Avg: 24111.1, Max: 24111.2, Diff: 0.1]
   [Code Root Fixup: 0.0 ms]
   [Code Root Purge: 0.0 ms]
   [Clear CT: 0.4 ms]
   [Other: 1.0 ms]
      [Choose CSet: 0.0 ms]
      [Ref Proc: 0.2 ms]
      [Ref Enq: 0.0 ms]
      [Redirty Cards: 0.2 ms]
      [Humongous Register: 0.0 ms]
      [Humongous Reclaim: 0.0 ms]
      [Free CSet: 0.4 ms]
   [Eden: 1890.0M(1890.0M)->0.0B(1800.0M) Survivors: 284.0M->272.0M Heap: 3268.3M(4096.0M)->1481.5M(4096.0M)]
 [Times: user=0.47 sys=0.00, real=0.04 secs] 
2022-01-17T02:09:41.756+0800: 24.282: [GC pause (G1 Evacuation Pause) (young), 0.0364339 secs]
   [Parallel Time: 34.9 ms, GC Workers: 10]
      [GC Worker Start (ms): Min: 24281.9, Avg: 24282.0, Max: 24282.1, Diff: 0.2]
      [Ext Root Scanning (ms): Min: 0.0, Avg: 0.1, Max: 0.1, Diff: 0.1, Sum: 0.5]
      [Update RS (ms): Min: 0.0, Avg: 0.1, Max: 0.4, Diff: 0.3, Sum: 0.9]
         [Processed Buffers: Min: 1, Avg: 1.1, Max: 2, Diff: 1, Sum: 11]
      [Scan RS (ms): Min: 0.1, Avg: 0.1, Max: 0.1, Diff: 0.1, Sum: 1.1]
      [Code Root Scanning (ms): Min: 0.0, Avg: 0.0, Max: 0.0, Diff: 0.0, Sum: 0.0]
      [Object Copy (ms): Min: 34.0, Avg: 34.2, Max: 34.3, Diff: 0.3, Sum: 341.9]
      [Termination (ms): Min: 0.0, Avg: 0.1, Max: 0.2, Diff: 0.2, Sum: 0.9]
         [Termination Attempts: Min: 1, Avg: 1.0, Max: 1, Diff: 0, Sum: 10]
      [GC Worker Other (ms): Min: 0.0, Avg: 0.1, Max: 0.1, Diff: 0.1, Sum: 0.6]
      [GC Worker Total (ms): Min: 34.5, Avg: 34.6, Max: 34.7, Diff: 0.2, Sum: 345.9]
      [GC Worker End (ms): Min: 24316.5, Avg: 24316.6, Max: 24316.6, Diff: 0.1]
   [Code Root Fixup: 0.0 ms]
   [Code Root Purge: 0.0 ms]
   [Clear CT: 0.4 ms]
   [Other: 1.1 ms]
      [Choose CSet: 0.0 ms]
      [Ref Proc: 0.2 ms]
      [Ref Enq: 0.0 ms]
      [Redirty Cards: 0.4 ms]
      [Humongous Register: 0.0 ms]
      [Humongous Reclaim: 0.0 ms]
      [Free CSet: 0.3 ms]
   [Eden: 1800.0M(1800.0M)->0.0B(1726.0M) Survivors: 272.0M->260.0M Heap: 3281.5M(4096.0M)->1569.9M(4096.0M)]
 [Times: user=0.47 sys=0.00, real=0.04 secs] 
2022-01-17T02:09:41.956+0800: 24.481: [GC pause (G1 Evacuation Pause) (young), 0.0379656 secs]
   [Parallel Time: 36.3 ms, GC Workers: 10]
      [GC Worker Start (ms): Min: 24481.6, Avg: 24481.7, Max: 24481.8, Diff: 0.2]
      [Ext Root Scanning (ms): Min: 0.0, Avg: 0.0, Max: 0.2, Diff: 0.2, Sum: 0.5]
      [Update RS (ms): Min: 0.0, Avg: 0.1, Max: 0.1, Diff: 0.1, Sum: 0.7]
         [Processed Buffers: Min: 1, Avg: 1.1, Max: 2, Diff: 1, Sum: 11]
      [Scan RS (ms): Min: 0.1, Avg: 0.1, Max: 0.1, Diff: 0.1, Sum: 1.0]
      [Code Root Scanning (ms): Min: 0.0, Avg: 0.0, Max: 0.0, Diff: 0.0, Sum: 0.0]
      [Object Copy (ms): Min: 35.6, Avg: 35.7, Max: 35.7, Diff: 0.1, Sum: 356.6]
      [Termination (ms): Min: 0.0, Avg: 0.0, Max: 0.1, Diff: 0.1, Sum: 0.5]
         [Termination Attempts: Min: 1, Avg: 1.0, Max: 1, Diff: 0, Sum: 10]
      [GC Worker Other (ms): Min: 0.0, Avg: 0.1, Max: 0.2, Diff: 0.2, Sum: 0.8]
      [GC Worker Total (ms): Min: 35.9, Avg: 36.0, Max: 36.1, Diff: 0.2, Sum: 360.0]
      [GC Worker End (ms): Min: 24517.6, Avg: 24517.7, Max: 24517.8, Diff: 0.2]
   [Code Root Fixup: 0.0 ms]
   [Code Root Purge: 0.0 ms]
   [Clear CT: 0.5 ms]
   [Other: 1.1 ms]
      [Choose CSet: 0.0 ms]
      [Ref Proc: 0.3 ms]
      [Ref Enq: 0.0 ms]
      [Redirty Cards: 0.3 ms]
      [Humongous Register: 0.0 ms]
      [Humongous Reclaim: 0.0 ms]
      [Free CSet: 0.3 ms]
   [Eden: 1726.0M(1726.0M)->0.0B(1620.0M) Survivors: 260.0M->250.0M Heap: 3295.9M(4096.0M)->1686.4M(4096.0M)]
 [Times: user=0.47 sys=0.00, real=0.04 secs] 
2022-01-17T02:09:42.150+0800: 24.676: [GC pause (G1 Evacuation Pause) (young), 0.0366935 secs]
   [Parallel Time: 34.8 ms, GC Workers: 10]
      [GC Worker Start (ms): Min: 24676.1, Avg: 24676.2, Max: 24676.3, Diff: 0.2]
      [Ext Root Scanning (ms): Min: 0.0, Avg: 0.1, Max: 0.2, Diff: 0.2, Sum: 0.5]
      [Update RS (ms): Min: 0.0, Avg: 0.1, Max: 0.3, Diff: 0.2, Sum: 0.9]
         [Processed Buffers: Min: 1, Avg: 1.1, Max: 2, Diff: 1, Sum: 11]
      [Scan RS (ms): Min: 0.1, Avg: 0.1, Max: 0.1, Diff: 0.1, Sum: 0.9]
      [Code Root Scanning (ms): Min: 0.0, Avg: 0.0, Max: 0.0, Diff: 0.0, Sum: 0.0]
      [Object Copy (ms): Min: 34.0, Avg: 34.2, Max: 34.2, Diff: 0.2, Sum: 341.5]
      [Termination (ms): Min: 0.0, Avg: 0.0, Max: 0.1, Diff: 0.1, Sum: 0.5]
         [Termination Attempts: Min: 1, Avg: 1.0, Max: 1, Diff: 0, Sum: 10]
      [GC Worker Other (ms): Min: 0.0, Avg: 0.0, Max: 0.1, Diff: 0.1, Sum: 0.4]
      [GC Worker Total (ms): Min: 34.4, Avg: 34.5, Max: 34.7, Diff: 0.3, Sum: 344.7]
      [GC Worker End (ms): Min: 24710.6, Avg: 24710.7, Max: 24710.7, Diff: 0.1]
   [Code Root Fixup: 0.0 ms]
   [Code Root Purge: 0.0 ms]
   [Clear CT: 0.4 ms]
   [Other: 1.5 ms]
      [Choose CSet: 0.0 ms]
      [Ref Proc: 0.4 ms]
      [Ref Enq: 0.0 ms]
      [Redirty Cards: 0.6 ms]
      [Humongous Register: 0.0 ms]
      [Humongous Reclaim: 0.0 ms]
      [Free CSet: 0.4 ms]
   [Eden: 1620.0M(1620.0M)->0.0B(1522.0M) Survivors: 250.0M->234.0M Heap: 3306.4M(4096.0M)->1798.5M(4096.0M)]
 [Times: user=0.31 sys=0.00, real=0.04 secs] 
2022-01-17T02:09:42.330+0800: 24.856: [GC pause (G1 Evacuation Pause) (young), 0.0354679 secs]
   [Parallel Time: 33.6 ms, GC Workers: 10]
      [GC Worker Start (ms): Min: 24856.1, Avg: 24856.2, Max: 24856.2, Diff: 0.2]
      [Ext Root Scanning (ms): Min: 0.0, Avg: 0.1, Max: 0.2, Diff: 0.2, Sum: 0.6]
      [Update RS (ms): Min: 0.0, Avg: 0.1, Max: 0.2, Diff: 0.1, Sum: 0.8]
         [Processed Buffers: Min: 1, Avg: 1.1, Max: 2, Diff: 1, Sum: 11]
      [Scan RS (ms): Min: 0.0, Avg: 0.1, Max: 0.1, Diff: 0.1, Sum: 0.8]
      [Code Root Scanning (ms): Min: 0.0, Avg: 0.0, Max: 0.0, Diff: 0.0, Sum: 0.0]
      [Object Copy (ms): Min: 33.0, Avg: 33.1, Max: 33.1, Diff: 0.1, Sum: 330.9]
      [Termination (ms): Min: 0.0, Avg: 0.1, Max: 0.1, Diff: 0.1, Sum: 0.6]
         [Termination Attempts: Min: 1, Avg: 1.0, Max: 1, Diff: 0, Sum: 10]
      [GC Worker Other (ms): Min: 0.0, Avg: 0.1, Max: 0.1, Diff: 0.1, Sum: 0.6]
      [GC Worker Total (ms): Min: 33.3, Avg: 33.4, Max: 33.5, Diff: 0.2, Sum: 334.3]
      [GC Worker End (ms): Min: 24889.5, Avg: 24889.6, Max: 24889.6, Diff: 0.1]
   [Code Root Fixup: 0.0 ms]
   [Code Root Purge: 0.0 ms]
   [Clear CT: 0.6 ms]
   [Other: 1.2 ms]
      [Choose CSet: 0.0 ms]
      [Ref Proc: 0.3 ms]
      [Ref Enq: 0.0 ms]
      [Redirty Cards: 0.4 ms]
      [Humongous Register: 0.0 ms]
      [Humongous Reclaim: 0.0 ms]
      [Free CSet: 0.3 ms]
   [Eden: 1522.0M(1522.0M)->0.0B(1418.0M) Survivors: 234.0M->220.0M Heap: 3320.5M(4096.0M)->1917.3M(4096.0M)]
 [Times: user=0.31 sys=0.00, real=0.04 secs] 
2022-01-17T02:09:42.500+0800: 25.027: [GC pause (G1 Evacuation Pause) (young), 0.0352178 secs]
   [Parallel Time: 33.4 ms, GC Workers: 10]
      [GC Worker Start (ms): Min: 25026.6, Avg: 25026.7, Max: 25026.8, Diff: 0.2]
      [Ext Root Scanning (ms): Min: 0.0, Avg: 0.1, Max: 0.2, Diff: 0.2, Sum: 0.6]
      [Update RS (ms): Min: 0.1, Avg: 0.1, Max: 0.2, Diff: 0.1, Sum: 0.9]
         [Processed Buffers: Min: 1, Avg: 1.1, Max: 2, Diff: 1, Sum: 11]
      [Scan RS (ms): Min: 0.0, Avg: 0.1, Max: 0.1, Diff: 0.1, Sum: 0.8]
      [Code Root Scanning (ms): Min: 0.0, Avg: 0.0, Max: 0.0, Diff: 0.0, Sum: 0.0]
      [Object Copy (ms): Min: 32.3, Avg: 32.4, Max: 32.5, Diff: 0.2, Sum: 324.2]
      [Termination (ms): Min: 0.0, Avg: 0.1, Max: 0.2, Diff: 0.2, Sum: 0.9]
         [Termination Attempts: Min: 1, Avg: 1.0, Max: 1, Diff: 0, Sum: 10]
      [GC Worker Other (ms): Min: 0.0, Avg: 0.1, Max: 0.3, Diff: 0.2, Sum: 1.0]
      [GC Worker Total (ms): Min: 32.7, Avg: 32.8, Max: 33.0, Diff: 0.3, Sum: 328.4]
      [GC Worker End (ms): Min: 25059.5, Avg: 25059.6, Max: 25059.7, Diff: 0.2]
   [Code Root Fixup: 0.0 ms]
   [Code Root Purge: 0.0 ms]
   [Clear CT: 0.4 ms]
   [Other: 1.4 ms]
      [Choose CSet: 0.0 ms]
      [Ref Proc: 0.4 ms]
      [Ref Enq: 0.0 ms]
      [Redirty Cards: 0.5 ms]
      [Humongous Register: 0.0 ms]
      [Humongous Reclaim: 0.0 ms]
      [Free CSet: 0.3 ms]
   [Eden: 1418.0M(1418.0M)->0.0B(1308.0M) Survivors: 220.0M->206.0M Heap: 3335.3M(4096.0M)->2045.8M(4096.0M)]
 [Times: user=0.31 sys=0.00, real=0.04 secs] 
2022-01-17T02:09:42.659+0800: 25.185: [GC pause (G1 Evacuation Pause) (young), 0.0337672 secs]
   [Parallel Time: 32.5 ms, GC Workers: 10]
      [GC Worker Start (ms): Min: 25184.8, Avg: 25184.9, Max: 25185.0, Diff: 0.2]
      [Ext Root Scanning (ms): Min: 0.0, Avg: 0.1, Max: 0.2, Diff: 0.2, Sum: 0.6]
      [Update RS (ms): Min: 0.1, Avg: 0.1, Max: 0.2, Diff: 0.1, Sum: 0.9]
         [Processed Buffers: Min: 1, Avg: 1.1, Max: 2, Diff: 1, Sum: 11]
      [Scan RS (ms): Min: 0.0, Avg: 0.1, Max: 0.1, Diff: 0.1, Sum: 0.7]
      [Code Root Scanning (ms): Min: 0.0, Avg: 0.0, Max: 0.0, Diff: 0.0, Sum: 0.0]
      [Object Copy (ms): Min: 31.8, Avg: 31.9, Max: 32.0, Diff: 0.1, Sum: 318.9]
      [Termination (ms): Min: 0.0, Avg: 0.1, Max: 0.1, Diff: 0.1, Sum: 0.8]
         [Termination Attempts: Min: 1, Avg: 1.0, Max: 1, Diff: 0, Sum: 10]
      [GC Worker Other (ms): Min: 0.0, Avg: 0.0, Max: 0.1, Diff: 0.1, Sum: 0.5]
      [GC Worker Total (ms): Min: 32.2, Avg: 32.2, Max: 32.3, Diff: 0.2, Sum: 322.3]
      [GC Worker End (ms): Min: 25217.1, Avg: 25217.2, Max: 25217.2, Diff: 0.1]
   [Code Root Fixup: 0.0 ms]
   [Code Root Purge: 0.0 ms]
   [Clear CT: 0.4 ms]
   [Other: 0.8 ms]
      [Choose CSet: 0.0 ms]
      [Ref Proc: 0.2 ms]
      [Ref Enq: 0.0 ms]
      [Redirty Cards: 0.2 ms]
      [Humongous Register: 0.0 ms]
      [Humongous Reclaim: 0.0 ms]
      [Free CSet: 0.3 ms]
   [Eden: 1308.0M(1308.0M)->0.0B(1196.0M) Survivors: 206.0M->190.0M Heap: 3353.8M(4096.0M)->2175.9M(4096.0M)]
 [Times: user=0.31 sys=0.00, real=0.03 secs] 
2022-01-17T02:09:42.805+0800: 25.332: [GC pause (G1 Evacuation Pause) (young) (initial-mark), 0.0343509 secs]
   [Parallel Time: 32.8 ms, GC Workers: 10]
      [GC Worker Start (ms): Min: 25332.0, Avg: 25332.1, Max: 25332.1, Diff: 0.2]
      [Ext Root Scanning (ms): Min: 0.0, Avg: 0.1, Max: 0.3, Diff: 0.3, Sum: 1.5]
      [Update RS (ms): Min: 0.0, Avg: 0.0, Max: 0.1, Diff: 0.1, Sum: 0.3]
         [Processed Buffers: Min: 0, Avg: 1.1, Max: 4, Diff: 4, Sum: 11]
      [Scan RS (ms): Min: 0.0, Avg: 0.1, Max: 0.1, Diff: 0.1, Sum: 0.6]
      [Code Root Scanning (ms): Min: 0.0, Avg: 0.0, Max: 0.0, Diff: 0.0, Sum: 0.0]
      [Object Copy (ms): Min: 32.1, Avg: 32.2, Max: 32.3, Diff: 0.2, Sum: 321.5]
      [Termination (ms): Min: 0.0, Avg: 0.1, Max: 0.2, Diff: 0.2, Sum: 1.0]
         [Termination Attempts: Min: 1, Avg: 1.0, Max: 1, Diff: 0, Sum: 10]
      [GC Worker Other (ms): Min: 0.0, Avg: 0.0, Max: 0.0, Diff: 0.0, Sum: 0.2]
      [GC Worker Total (ms): Min: 32.4, Avg: 32.5, Max: 32.6, Diff: 0.2, Sum: 325.1]
      [GC Worker End (ms): Min: 25364.6, Avg: 25364.6, Max: 25364.6, Diff: 0.0]
   [Code Root Fixup: 0.0 ms]
   [Code Root Purge: 0.0 ms]
   [Clear CT: 0.6 ms]
   [Other: 1.0 ms]
      [Choose CSet: 0.0 ms]
      [Ref Proc: 0.3 ms]
      [Ref Enq: 0.0 ms]
      [Redirty Cards: 0.1 ms]
      [Humongous Register: 0.0 ms]
      [Humongous Reclaim: 0.0 ms]
      [Free CSet: 0.3 ms]
   [Eden: 1196.0M(1196.0M)->0.0B(1064.0M) Survivors: 190.0M->174.0M Heap: 3371.9M(4096.0M)->2326.8M(4096.0M)]
 [Times: user=0.31 sys=0.00, real=0.03 secs] 
2022-01-17T02:09:42.840+0800: 25.366: [GC concurrent-root-region-scan-start]
2022-01-17T02:09:42.840+0800: 25.366: [GC concurrent-root-region-scan-end, 0.0001410 secs]
2022-01-17T02:09:42.840+0800: 25.366: [GC concurrent-mark-start]
2022-01-17T02:09:42.843+0800: 25.369: [GC concurrent-mark-end, 0.0027200 secs]
2022-01-17T02:09:42.843+0800: 25.369: [GC remark 2022-01-17T02:09:42.843+0800: 25.369: [Finalize Marking, 0.0002753 secs] 2022-01-17T02:09:42.843+0800: 25.370: [GC ref-proc, 0.0000619 secs] 2022-01-17T02:09:42.843+0800: 25.370: [Unloading, 0.0003486 secs], 0.0014132 secs]
 [Times: user=0.00 sys=0.00, real=0.00 secs] 
2022-01-17T02:09:42.845+0800: 25.371: [GC cleanup 2352M->674M(4096M), 0.0015914 secs]
 [Times: user=0.00 sys=0.00, real=0.00 secs] 
2022-01-17T02:09:42.847+0800: 25.372: [GC concurrent-cleanup-start]
2022-01-17T02:09:42.848+0800: 25.373: [GC concurrent-cleanup-end, 0.0008877 secs]
2022-01-17T02:09:42.949+0800: 25.474: [GC pause (G1 Evacuation Pause) (young), 0.0321105 secs]
   [Parallel Time: 30.6 ms, GC Workers: 10]
      [GC Worker Start (ms): Min: 25474.3, Avg: 25474.4, Max: 25474.5, Diff: 0.2]
      [Ext Root Scanning (ms): Min: 0.0, Avg: 0.1, Max: 0.2, Diff: 0.2, Sum: 0.5]
      [Update RS (ms): Min: 0.0, Avg: 0.1, Max: 0.2, Diff: 0.2, Sum: 1.0]
         [Processed Buffers: Min: 1, Avg: 1.1, Max: 2, Diff: 1, Sum: 11]
      [Scan RS (ms): Min: 0.0, Avg: 0.1, Max: 0.1, Diff: 0.1, Sum: 0.5]
      [Code Root Scanning (ms): Min: 0.0, Avg: 0.0, Max: 0.0, Diff: 0.0, Sum: 0.0]
      [Object Copy (ms): Min: 29.8, Avg: 29.8, Max: 29.9, Diff: 0.1, Sum: 298.0]
      [Termination (ms): Min: 0.0, Avg: 0.1, Max: 0.1, Diff: 0.1, Sum: 0.6]
         [Termination Attempts: Min: 1, Avg: 1.0, Max: 1, Diff: 0, Sum: 10]
      [GC Worker Other (ms): Min: 0.0, Avg: 0.1, Max: 0.2, Diff: 0.2, Sum: 0.7]
      [GC Worker Total (ms): Min: 30.0, Avg: 30.1, Max: 30.3, Diff: 0.3, Sum: 301.3]
      [GC Worker End (ms): Min: 25504.5, Avg: 25504.6, Max: 25504.7, Diff: 0.2]
   [Code Root Fixup: 0.0 ms]
   [Code Root Purge: 0.0 ms]
   [Clear CT: 0.3 ms]
   [Other: 1.3 ms]
      [Choose CSet: 0.0 ms]
      [Ref Proc: 0.3 ms]
      [Ref Enq: 0.0 ms]
      [Redirty Cards: 0.4 ms]
      [Humongous Register: 0.0 ms]
      [Humongous Reclaim: 0.0 ms]
      [Free CSet: 0.3 ms]
   [Eden: 1064.0M(1064.0M)->0.0B(48.0M) Survivors: 174.0M->156.0M Heap: 1712.8M(4096.0M)->795.5M(4096.0M)]
 [Times: user=0.31 sys=0.00, real=0.03 secs] 
2022-01-17T02:09:42.985+0800: 25.511: [GC pause (G1 Evacuation Pause) (mixed), 0.0174392 secs]
   [Parallel Time: 16.3 ms, GC Workers: 10]
      [GC Worker Start (ms): Min: 25510.7, Avg: 25510.8, Max: 25510.8, Diff: 0.1]
      [Ext Root Scanning (ms): Min: 0.0, Avg: 0.1, Max: 0.1, Diff: 0.1, Sum: 0.7]
      [Update RS (ms): Min: 0.0, Avg: 0.1, Max: 0.2, Diff: 0.2, Sum: 0.7]
         [Processed Buffers: Min: 1, Avg: 1.1, Max: 2, Diff: 1, Sum: 11]
      [Scan RS (ms): Min: 0.0, Avg: 0.0, Max: 0.1, Diff: 0.1, Sum: 0.3]
      [Code Root Scanning (ms): Min: 0.0, Avg: 0.0, Max: 0.0, Diff: 0.0, Sum: 0.0]
      [Object Copy (ms): Min: 15.7, Avg: 15.8, Max: 15.9, Diff: 0.2, Sum: 157.8]
      [Termination (ms): Min: 0.0, Avg: 0.1, Max: 0.1, Diff: 0.1, Sum: 0.7]
         [Termination Attempts: Min: 1, Avg: 1.1, Max: 2, Diff: 1, Sum: 11]
      [GC Worker Other (ms): Min: 0.0, Avg: 0.0, Max: 0.0, Diff: 0.0, Sum: 0.1]
      [GC Worker Total (ms): Min: 16.0, Avg: 16.0, Max: 16.1, Diff: 0.1, Sum: 160.2]
      [GC Worker End (ms): Min: 25526.8, Avg: 25526.8, Max: 25526.8, Diff: 0.0]
   [Code Root Fixup: 0.0 ms]
   [Code Root Purge: 0.0 ms]
   [Clear CT: 0.3 ms]
   [Other: 0.8 ms]
      [Choose CSet: 0.0 ms]
      [Ref Proc: 0.3 ms]
      [Ref Enq: 0.0 ms]
      [Redirty Cards: 0.2 ms]
      [Humongous Register: 0.0 ms]
      [Humongous Reclaim: 0.0 ms]
      [Free CSet: 0.1 ms]
   [Eden: 48.0M(48.0M)->0.0B(2440.0M) Survivors: 156.0M->16.0M Heap: 843.5M(4096.0M)->759.7M(4096.0M)]
 [Times: user=0.16 sys=0.00, real=0.02 secs] 
2022-01-17T02:09:43.234+0800: 25.760: [GC pause (G1 Evacuation Pause) (young), 0.0352770 secs]
   [Parallel Time: 33.7 ms, GC Workers: 10]
      [GC Worker Start (ms): Min: 25759.8, Avg: 25759.9, Max: 25760.0, Diff: 0.1]
      [Ext Root Scanning (ms): Min: 0.0, Avg: 0.1, Max: 0.2, Diff: 0.1, Sum: 0.7]
      [Update RS (ms): Min: 0.0, Avg: 0.1, Max: 0.1, Diff: 0.1, Sum: 0.8]
         [Processed Buffers: Min: 1, Avg: 1.1, Max: 2, Diff: 1, Sum: 11]
      [Scan RS (ms): Min: 0.1, Avg: 0.1, Max: 0.2, Diff: 0.1, Sum: 1.3]
      [Code Root Scanning (ms): Min: 0.0, Avg: 0.0, Max: 0.0, Diff: 0.0, Sum: 0.0]
      [Object Copy (ms): Min: 32.9, Avg: 33.0, Max: 33.0, Diff: 0.1, Sum: 329.6]
      [Termination (ms): Min: 0.0, Avg: 0.1, Max: 0.1, Diff: 0.1, Sum: 0.6]
         [Termination Attempts: Min: 1, Avg: 1.0, Max: 1, Diff: 0, Sum: 10]
      [GC Worker Other (ms): Min: 0.0, Avg: 0.0, Max: 0.1, Diff: 0.1, Sum: 0.4]
      [GC Worker Total (ms): Min: 33.3, Avg: 33.3, Max: 33.5, Diff: 0.2, Sum: 333.4]
      [GC Worker End (ms): Min: 25793.2, Avg: 25793.3, Max: 25793.3, Diff: 0.1]
   [Code Root Fixup: 0.0 ms]
   [Code Root Purge: 0.0 ms]
   [Clear CT: 0.5 ms]
   [Other: 1.1 ms]
      [Choose CSet: 0.0 ms]
      [Ref Proc: 0.1 ms]
      [Ref Enq: 0.0 ms]
      [Redirty Cards: 0.4 ms]
      [Humongous Register: 0.0 ms]
      [Humongous Reclaim: 0.0 ms]
      [Free CSet: 0.4 ms]
   [Eden: 2440.0M(2440.0M)->0.0B(2148.0M) Survivors: 16.0M->308.0M Heap: 3199.7M(4096.0M)->1098.3M(4096.0M)]
 [Times: user=0.31 sys=0.00, real=0.04 secs] 
2022-01-17T02:09:43.471+0800: 25.996: [GC pause (G1 Evacuation Pause) (young), 0.0392176 secs]
   [Parallel Time: 37.1 ms, GC Workers: 10]
      [GC Worker Start (ms): Min: 25996.2, Avg: 25996.3, Max: 25996.4, Diff: 0.2]
      [Ext Root Scanning (ms): Min: 0.0, Avg: 0.1, Max: 0.2, Diff: 0.2, Sum: 0.5]
      [Update RS (ms): Min: 0.0, Avg: 0.1, Max: 0.2, Diff: 0.2, Sum: 0.7]
         [Processed Buffers: Min: 0, Avg: 1.1, Max: 2, Diff: 2, Sum: 11]
      [Scan RS (ms): Min: 0.0, Avg: 0.1, Max: 0.2, Diff: 0.1, Sum: 1.2]
      [Code Root Scanning (ms): Min: 0.0, Avg: 0.0, Max: 0.0, Diff: 0.0, Sum: 0.0]
      [Object Copy (ms): Min: 36.1, Avg: 36.2, Max: 36.2, Diff: 0.1, Sum: 361.9]
      [Termination (ms): Min: 0.0, Avg: 0.0, Max: 0.1, Diff: 0.1, Sum: 0.4]
         [Termination Attempts: Min: 1, Avg: 1.3, Max: 2, Diff: 1, Sum: 13]
      [GC Worker Other (ms): Min: 0.0, Avg: 0.1, Max: 0.2, Diff: 0.2, Sum: 1.0]
      [GC Worker Total (ms): Min: 36.4, Avg: 36.6, Max: 36.8, Diff: 0.4, Sum: 365.7]
      [GC Worker End (ms): Min: 26032.8, Avg: 26032.9, Max: 26033.1, Diff: 0.2]
   [Code Root Fixup: 0.0 ms]
   [Code Root Purge: 0.0 ms]
   [Clear CT: 0.7 ms]
   [Other: 1.4 ms]
      [Choose CSet: 0.0 ms]
      [Ref Proc: 0.5 ms]
      [Ref Enq: 0.0 ms]
      [Redirty Cards: 0.3 ms]
      [Humongous Register: 0.0 ms]
      [Humongous Reclaim: 0.0 ms]
      [Free CSet: 0.4 ms]
   [Eden: 2148.0M(2148.0M)->0.0B(2088.0M) Survivors: 308.0M->308.0M Heap: 3246.3M(4096.0M)->1176.8M(4096.0M)]
 [Times: user=0.34 sys=0.00, real=0.04 secs] 
2022-01-17T02:09:43.707+0800: 26.233: [GC pause (G1 Evacuation Pause) (young), 0.0388245 secs]
   [Parallel Time: 37.0 ms, GC Workers: 10]
      [GC Worker Start (ms): Min: 26233.3, Avg: 26233.4, Max: 26233.4, Diff: 0.2]
      [Ext Root Scanning (ms): Min: 0.0, Avg: 0.1, Max: 0.2, Diff: 0.2, Sum: 0.6]
      [Update RS (ms): Min: 0.0, Avg: 0.1, Max: 0.2, Diff: 0.2, Sum: 0.7]
         [Processed Buffers: Min: 1, Avg: 1.1, Max: 2, Diff: 1, Sum: 11]
      [Scan RS (ms): Min: 0.0, Avg: 0.1, Max: 0.2, Diff: 0.1, Sum: 1.2]
      [Code Root Scanning (ms): Min: 0.0, Avg: 0.0, Max: 0.0, Diff: 0.0, Sum: 0.0]
      [Object Copy (ms): Min: 36.1, Avg: 36.2, Max: 36.3, Diff: 0.2, Sum: 362.0]
      [Termination (ms): Min: 0.0, Avg: 0.1, Max: 0.2, Diff: 0.2, Sum: 0.8]
         [Termination Attempts: Min: 1, Avg: 1.1, Max: 2, Diff: 1, Sum: 11]
      [GC Worker Other (ms): Min: 0.0, Avg: 0.1, Max: 0.2, Diff: 0.2, Sum: 0.8]
      [GC Worker Total (ms): Min: 36.5, Avg: 36.6, Max: 36.8, Diff: 0.3, Sum: 366.3]
      [GC Worker End (ms): Min: 26269.9, Avg: 26270.0, Max: 26270.1, Diff: 0.2]
   [Code Root Fixup: 0.0 ms]
   [Code Root Purge: 0.0 ms]
   [Clear CT: 0.5 ms]
   [Other: 1.3 ms]
      [Choose CSet: 0.0 ms]
      [Ref Proc: 0.3 ms]
      [Ref Enq: 0.0 ms]
      [Redirty Cards: 0.4 ms]
      [Humongous Register: 0.0 ms]
      [Humongous Reclaim: 0.0 ms]
      [Free CSet: 0.4 ms]
   [Eden: 2088.0M(2088.0M)->0.0B(2016.0M) Survivors: 308.0M->300.0M Heap: 3264.8M(4096.0M)->1256.9M(4096.0M)]
 [Times: user=0.47 sys=0.00, real=0.04 secs] 
2022-01-17T02:09:43.935+0800: 26.461: [GC pause (G1 Evacuation Pause) (young), 0.0396725 secs]
   [Parallel Time: 37.8 ms, GC Workers: 10]
      [GC Worker Start (ms): Min: 26461.0, Avg: 26461.0, Max: 26461.0, Diff: 0.1]
      [Ext Root Scanning (ms): Min: 0.1, Avg: 0.1, Max: 0.1, Diff: 0.1, Sum: 0.9]
      [Update RS (ms): Min: 0.0, Avg: 0.1, Max: 0.2, Diff: 0.1, Sum: 0.7]
         [Processed Buffers: Min: 1, Avg: 1.1, Max: 2, Diff: 1, Sum: 11]
      [Scan RS (ms): Min: 0.0, Avg: 0.1, Max: 0.1, Diff: 0.1, Sum: 1.1]
      [Code Root Scanning (ms): Min: 0.0, Avg: 0.0, Max: 0.0, Diff: 0.0, Sum: 0.0]
      [Object Copy (ms): Min: 37.2, Avg: 37.3, Max: 37.4, Diff: 0.2, Sum: 373.0]
      [Termination (ms): Min: 0.0, Avg: 0.1, Max: 0.2, Diff: 0.2, Sum: 0.7]
         [Termination Attempts: Min: 1, Avg: 1.0, Max: 1, Diff: 0, Sum: 10]
      [GC Worker Other (ms): Min: 0.0, Avg: 0.1, Max: 0.1, Diff: 0.1, Sum: 0.6]
      [GC Worker Total (ms): Min: 37.6, Avg: 37.7, Max: 37.8, Diff: 0.2, Sum: 377.0]
      [GC Worker End (ms): Min: 26498.7, Avg: 26498.7, Max: 26498.8, Diff: 0.1]
   [Code Root Fixup: 0.0 ms]
   [Code Root Purge: 0.0 ms]
   [Clear CT: 0.6 ms]
   [Other: 1.3 ms]
      [Choose CSet: 0.0 ms]
      [Ref Proc: 0.4 ms]
      [Ref Enq: 0.0 ms]
      [Redirty Cards: 0.3 ms]
      [Humongous Register: 0.0 ms]
      [Humongous Reclaim: 0.0 ms]
      [Free CSet: 0.4 ms]
   [Eden: 2016.0M(2016.0M)->0.0B(1908.0M) Survivors: 300.0M->290.0M Heap: 3272.9M(4096.0M)->1369.3M(4096.0M)]
 [Times: user=0.31 sys=0.00, real=0.04 secs] 
2022-01-17T02:09:44.152+0800: 26.678: [GC pause (G1 Evacuation Pause) (young), 0.0375126 secs]
   [Parallel Time: 36.2 ms, GC Workers: 10]
      [GC Worker Start (ms): Min: 26678.1, Avg: 26678.2, Max: 26678.2, Diff: 0.1]
      [Ext Root Scanning (ms): Min: 0.0, Avg: 0.1, Max: 0.2, Diff: 0.1, Sum: 0.8]
      [Update RS (ms): Min: 0.1, Avg: 0.1, Max: 0.2, Diff: 0.2, Sum: 0.9]
         [Processed Buffers: Min: 1, Avg: 1.1, Max: 2, Diff: 1, Sum: 11]
      [Scan RS (ms): Min: 0.0, Avg: 0.1, Max: 0.1, Diff: 0.1, Sum: 1.2]
      [Code Root Scanning (ms): Min: 0.0, Avg: 0.0, Max: 0.0, Diff: 0.0, Sum: 0.0]
      [Object Copy (ms): Min: 35.4, Avg: 35.6, Max: 35.7, Diff: 0.3, Sum: 356.2]
      [Termination (ms): Min: 0.0, Avg: 0.1, Max: 0.2, Diff: 0.2, Sum: 0.8]
         [Termination Attempts: Min: 1, Avg: 1.0, Max: 1, Diff: 0, Sum: 10]
      [GC Worker Other (ms): Min: 0.0, Avg: 0.0, Max: 0.0, Diff: 0.0, Sum: 0.2]
      [GC Worker Total (ms): Min: 36.0, Avg: 36.0, Max: 36.1, Diff: 0.1, Sum: 360.2]
      [GC Worker End (ms): Min: 26714.2, Avg: 26714.2, Max: 26714.2, Diff: 0.0]
   [Code Root Fixup: 0.0 ms]
   [Code Root Purge: 0.0 ms]
   [Clear CT: 0.4 ms]
   [Other: 0.9 ms]
      [Choose CSet: 0.0 ms]
      [Ref Proc: 0.1 ms]
      [Ref Enq: 0.0 ms]
      [Redirty Cards: 0.2 ms]
      [Humongous Register: 0.0 ms]
      [Humongous Reclaim: 0.0 ms]
      [Free CSet: 0.4 ms]
   [Eden: 1908.0M(1908.0M)->0.0B(1824.0M) Survivors: 290.0M->276.0M Heap: 3277.3M(4096.0M)->1459.0M(4096.0M)]
 [Times: user=0.31 sys=0.00, real=0.04 secs] 
2022-01-17T02:09:44.360+0800: 26.886: [GC pause (G1 Evacuation Pause) (young), 0.0365918 secs]
   [Parallel Time: 35.6 ms, GC Workers: 10]
      [GC Worker Start (ms): Min: 26886.0, Avg: 26886.1, Max: 26886.2, Diff: 0.2]
      [Ext Root Scanning (ms): Min: 0.0, Avg: 0.1, Max: 0.2, Diff: 0.2, Sum: 0.6]
      [Update RS (ms): Min: 0.1, Avg: 0.1, Max: 0.2, Diff: 0.1, Sum: 0.8]
         [Processed Buffers: Min: 0, Avg: 1.1, Max: 2, Diff: 2, Sum: 11]
      [Scan RS (ms): Min: 0.0, Avg: 0.1, Max: 0.1, Diff: 0.1, Sum: 1.1]
      [Code Root Scanning (ms): Min: 0.0, Avg: 0.0, Max: 0.0, Diff: 0.0, Sum: 0.0]
      [Object Copy (ms): Min: 35.0, Avg: 35.1, Max: 35.1, Diff: 0.1, Sum: 350.6]
      [Termination (ms): Min: 0.0, Avg: 0.1, Max: 0.1, Diff: 0.1, Sum: 0.6]
         [Termination Attempts: Min: 1, Avg: 1.0, Max: 1, Diff: 0, Sum: 10]
      [GC Worker Other (ms): Min: 0.0, Avg: 0.0, Max: 0.1, Diff: 0.0, Sum: 0.3]
      [GC Worker Total (ms): Min: 35.3, Avg: 35.4, Max: 35.5, Diff: 0.2, Sum: 354.0]
      [GC Worker End (ms): Min: 26921.5, Avg: 26921.5, Max: 26921.5, Diff: 0.0]
   [Code Root Fixup: 0.0 ms]
   [Code Root Purge: 0.0 ms]
   [Clear CT: 0.4 ms]
   [Other: 0.6 ms]
      [Choose CSet: 0.0 ms]
      [Ref Proc: 0.1 ms]
      [Ref Enq: 0.0 ms]
      [Redirty Cards: 0.1 ms]
      [Humongous Register: 0.0 ms]
      [Humongous Reclaim: 0.0 ms]
      [Free CSet: 0.4 ms]
   [Eden: 1824.0M(1824.0M)->0.0B(1752.0M) Survivors: 276.0M->264.0M Heap: 3283.0M(4096.0M)->1548.0M(4096.0M)]
 [Times: user=0.31 sys=0.00, real=0.04 secs] 
2022-01-17T02:09:44.575+0800: 27.101: [GC pause (G1 Evacuation Pause) (young), 0.0368989 secs]
   [Parallel Time: 35.6 ms, GC Workers: 10]
      [GC Worker Start (ms): Min: 27100.9, Avg: 27101.0, Max: 27101.0, Diff: 0.1]
      [Ext Root Scanning (ms): Min: 0.0, Avg: 0.1, Max: 0.2, Diff: 0.1, Sum: 0.6]
      [Update RS (ms): Min: 0.1, Avg: 0.1, Max: 0.1, Diff: 0.1, Sum: 0.8]
         [Processed Buffers: Min: 1, Avg: 1.1, Max: 2, Diff: 1, Sum: 11]
      [Scan RS (ms): Min: 0.1, Avg: 0.1, Max: 0.1, Diff: 0.1, Sum: 1.1]
      [Code Root Scanning (ms): Min: 0.0, Avg: 0.0, Max: 0.0, Diff: 0.0, Sum: 0.0]
      [Object Copy (ms): Min: 35.0, Avg: 35.0, Max: 35.1, Diff: 0.1, Sum: 350.3]
      [Termination (ms): Min: 0.0, Avg: 0.0, Max: 0.1, Diff: 0.1, Sum: 0.3]
         [Termination Attempts: Min: 1, Avg: 1.1, Max: 2, Diff: 1, Sum: 11]
      [GC Worker Other (ms): Min: 0.0, Avg: 0.0, Max: 0.1, Diff: 0.1, Sum: 0.5]
      [GC Worker Total (ms): Min: 35.3, Avg: 35.4, Max: 35.5, Diff: 0.2, Sum: 353.7]
      [GC Worker End (ms): Min: 27136.3, Avg: 27136.4, Max: 27136.4, Diff: 0.1]
   [Code Root Fixup: 0.0 ms]
   [Code Root Purge: 0.0 ms]
   [Clear CT: 0.4 ms]
   [Other: 0.9 ms]
      [Choose CSet: 0.0 ms]
      [Ref Proc: 0.2 ms]
      [Ref Enq: 0.0 ms]
      [Redirty Cards: 0.2 ms]
      [Humongous Register: 0.0 ms]
      [Humongous Reclaim: 0.0 ms]
      [Free CSet: 0.3 ms]
   [Eden: 1752.0M(1752.0M)->0.0B(1654.0M) Survivors: 264.0M->252.0M Heap: 3300.0M(4096.0M)->1653.5M(4096.0M)]
 [Times: user=0.31 sys=0.00, real=0.04 secs] 
2022-01-17T02:09:44.764+0800: 27.290: [GC pause (G1 Evacuation Pause) (young), 0.0373830 secs]
   [Parallel Time: 35.7 ms, GC Workers: 10]
      [GC Worker Start (ms): Min: 27290.3, Avg: 27290.3, Max: 27290.3, Diff: 0.1]
      [Ext Root Scanning (ms): Min: 0.1, Avg: 0.1, Max: 0.1, Diff: 0.1, Sum: 0.9]
      [Update RS (ms): Min: 0.0, Avg: 0.1, Max: 0.2, Diff: 0.1, Sum: 0.8]
         [Processed Buffers: Min: 1, Avg: 1.1, Max: 2, Diff: 1, Sum: 11]
      [Scan RS (ms): Min: 0.0, Avg: 0.1, Max: 0.1, Diff: 0.1, Sum: 1.0]
      [Code Root Scanning (ms): Min: 0.0, Avg: 0.0, Max: 0.0, Diff: 0.0, Sum: 0.0]
      [Object Copy (ms): Min: 35.0, Avg: 35.1, Max: 35.1, Diff: 0.1, Sum: 350.6]
      [Termination (ms): Min: 0.0, Avg: 0.0, Max: 0.1, Diff: 0.1, Sum: 0.5]
         [Termination Attempts: Min: 1, Avg: 1.0, Max: 1, Diff: 0, Sum: 10]
      [GC Worker Other (ms): Min: 0.0, Avg: 0.0, Max: 0.1, Diff: 0.1, Sum: 0.4]
      [GC Worker Total (ms): Min: 35.4, Avg: 35.4, Max: 35.5, Diff: 0.2, Sum: 354.2]
      [GC Worker End (ms): Min: 27325.7, Avg: 27325.7, Max: 27325.8, Diff: 0.1]
   [Code Root Fixup: 0.0 ms]
   [Code Root Purge: 0.0 ms]
   [Clear CT: 0.5 ms]
   [Other: 1.2 ms]
      [Choose CSet: 0.0 ms]
      [Ref Proc: 0.4 ms]
      [Ref Enq: 0.0 ms]
      [Redirty Cards: 0.4 ms]
      [Humongous Register: 0.0 ms]
      [Humongous Reclaim: 0.0 ms]
      [Free CSet: 0.3 ms]
   [Eden: 1654.0M(1654.0M)->0.0B(1536.0M) Survivors: 252.0M->240.0M Heap: 3307.5M(4096.0M)->1779.9M(4096.0M)]
 [Times: user=0.31 sys=0.00, real=0.04 secs] 
2022-01-17T02:09:44.947+0800: 27.472: [GC pause (G1 Evacuation Pause) (young), 0.0357670 secs]
   [Parallel Time: 34.1 ms, GC Workers: 10]
      [GC Worker Start (ms): Min: 27472.1, Avg: 27472.2, Max: 27472.3, Diff: 0.1]
      [Ext Root Scanning (ms): Min: 0.0, Avg: 0.1, Max: 0.2, Diff: 0.1, Sum: 0.8]
      [Update RS (ms): Min: 0.1, Avg: 0.1, Max: 0.4, Diff: 0.3, Sum: 1.1]
         [Processed Buffers: Min: 1, Avg: 1.1, Max: 2, Diff: 1, Sum: 11]
      [Scan RS (ms): Min: 0.0, Avg: 0.1, Max: 0.1, Diff: 0.1, Sum: 0.9]
      [Code Root Scanning (ms): Min: 0.0, Avg: 0.0, Max: 0.0, Diff: 0.0, Sum: 0.0]
      [Object Copy (ms): Min: 33.3, Avg: 33.5, Max: 33.6, Diff: 0.3, Sum: 335.4]
      [Termination (ms): Min: 0.0, Avg: 0.1, Max: 0.2, Diff: 0.2, Sum: 1.0]
         [Termination Attempts: Min: 1, Avg: 1.0, Max: 1, Diff: 0, Sum: 10]
      [GC Worker Other (ms): Min: 0.0, Avg: 0.0, Max: 0.1, Diff: 0.0, Sum: 0.3]
      [GC Worker Total (ms): Min: 33.9, Avg: 33.9, Max: 34.1, Diff: 0.2, Sum: 339.5]
      [GC Worker End (ms): Min: 27506.2, Avg: 27506.2, Max: 27506.2, Diff: 0.0]
   [Code Root Fixup: 0.0 ms]
   [Code Root Purge: 0.0 ms]
   [Clear CT: 0.5 ms]
   [Other: 1.1 ms]
      [Choose CSet: 0.0 ms]
      [Ref Proc: 0.1 ms]
      [Ref Enq: 0.0 ms]
      [Redirty Cards: 0.6 ms]
      [Humongous Register: 0.0 ms]
      [Humongous Reclaim: 0.0 ms]
      [Free CSet: 0.3 ms]
   [Eden: 1536.0M(1536.0M)->0.0B(1432.0M) Survivors: 240.0M->222.0M Heap: 3315.9M(4096.0M)->1901.0M(4096.0M)]
 [Times: user=0.31 sys=0.00, real=0.04 secs] 
2022-01-17T02:09:45.115+0800: 27.641: [GC pause (G1 Evacuation Pause) (young), 0.0356244 secs]
   [Parallel Time: 34.1 ms, GC Workers: 10]
      [GC Worker Start (ms): Min: 27641.4, Avg: 27641.4, Max: 27641.5, Diff: 0.1]
      [Ext Root Scanning (ms): Min: 0.0, Avg: 0.1, Max: 0.2, Diff: 0.1, Sum: 0.7]
      [Update RS (ms): Min: 0.0, Avg: 0.1, Max: 0.2, Diff: 0.1, Sum: 0.9]
         [Processed Buffers: Min: 1, Avg: 1.1, Max: 2, Diff: 1, Sum: 11]
      [Scan RS (ms): Min: 0.0, Avg: 0.1, Max: 0.1, Diff: 0.1, Sum: 0.7]
      [Code Root Scanning (ms): Min: 0.0, Avg: 0.0, Max: 0.0, Diff: 0.0, Sum: 0.0]
      [Object Copy (ms): Min: 33.4, Avg: 33.5, Max: 33.5, Diff: 0.1, Sum: 334.6]
      [Termination (ms): Min: 0.0, Avg: 0.1, Max: 0.1, Diff: 0.1, Sum: 0.7]
         [Termination Attempts: Min: 1, Avg: 1.0, Max: 1, Diff: 0, Sum: 10]
      [GC Worker Other (ms): Min: 0.0, Avg: 0.0, Max: 0.1, Diff: 0.1, Sum: 0.3]
      [GC Worker Total (ms): Min: 33.7, Avg: 33.8, Max: 33.9, Diff: 0.2, Sum: 337.9]
      [GC Worker End (ms): Min: 27675.2, Avg: 27675.2, Max: 27675.3, Diff: 0.1]
   [Code Root Fixup: 0.0 ms]
   [Code Root Purge: 0.0 ms]
   [Clear CT: 0.6 ms]
   [Other: 1.0 ms]
      [Choose CSet: 0.0 ms]
      [Ref Proc: 0.1 ms]
      [Ref Enq: 0.0 ms]
      [Redirty Cards: 0.4 ms]
      [Humongous Register: 0.0 ms]
      [Humongous Reclaim: 0.0 ms]
      [Free CSet: 0.3 ms]
   [Eden: 1432.0M(1432.0M)->0.0B(1314.0M) Survivors: 222.0M->208.0M Heap: 3333.0M(4096.0M)->2033.6M(4096.0M)]
 [Times: user=0.47 sys=0.00, real=0.04 secs] 
2022-01-17T02:09:45.274+0800: 27.799: [GC pause (G1 Evacuation Pause) (young), 0.0337900 secs]
   [Parallel Time: 32.8 ms, GC Workers: 10]
      [GC Worker Start (ms): Min: 27799.6, Avg: 27799.7, Max: 27799.8, Diff: 0.2]
      [Ext Root Scanning (ms): Min: 0.0, Avg: 0.1, Max: 0.2, Diff: 0.2, Sum: 0.6]
      [Update RS (ms): Min: 0.1, Avg: 0.1, Max: 0.2, Diff: 0.1, Sum: 0.8]
         [Processed Buffers: Min: 1, Avg: 1.1, Max: 2, Diff: 1, Sum: 11]
      [Scan RS (ms): Min: 0.0, Avg: 0.1, Max: 0.1, Diff: 0.1, Sum: 0.8]
      [Code Root Scanning (ms): Min: 0.0, Avg: 0.0, Max: 0.0, Diff: 0.0, Sum: 0.0]
      [Object Copy (ms): Min: 32.1, Avg: 32.2, Max: 32.3, Diff: 0.2, Sum: 322.4]
      [Termination (ms): Min: 0.0, Avg: 0.1, Max: 0.2, Diff: 0.2, Sum: 1.0]
         [Termination Attempts: Min: 1, Avg: 1.3, Max: 2, Diff: 1, Sum: 13]
      [GC Worker Other (ms): Min: 0.0, Avg: 0.0, Max: 0.0, Diff: 0.0, Sum: 0.2]
      [GC Worker Total (ms): Min: 32.5, Avg: 32.6, Max: 32.7, Diff: 0.2, Sum: 325.8]
      [GC Worker End (ms): Min: 27832.3, Avg: 27832.3, Max: 27832.3, Diff: 0.0]
   [Code Root Fixup: 0.0 ms]
   [Code Root Purge: 0.0 ms]
   [Clear CT: 0.3 ms]
   [Other: 0.7 ms]
      [Choose CSet: 0.0 ms]
      [Ref Proc: 0.1 ms]
      [Ref Enq: 0.0 ms]
      [Redirty Cards: 0.2 ms]
      [Humongous Register: 0.0 ms]
      [Humongous Reclaim: 0.0 ms]
      [Free CSet: 0.3 ms]
   [Eden: 1314.0M(1314.0M)->0.0B(1198.0M) Survivors: 208.0M->192.0M Heap: 3347.6M(4096.0M)->2169.8M(4096.0M)]
 [Times: user=0.31 sys=0.00, real=0.03 secs] 
2022-01-17T02:09:45.418+0800: 27.944: [GC pause (G1 Evacuation Pause) (young) (initial-mark), 0.0344718 secs]
   [Parallel Time: 32.5 ms, GC Workers: 10]
      [GC Worker Start (ms): Min: 27944.2, Avg: 27944.3, Max: 27944.3, Diff: 0.1]
      [Ext Root Scanning (ms): Min: 0.1, Avg: 0.1, Max: 0.1, Diff: 0.1, Sum: 0.9]
      [Update RS (ms): Min: 0.0, Avg: 0.1, Max: 0.1, Diff: 0.1, Sum: 0.7]
         [Processed Buffers: Min: 1, Avg: 1.1, Max: 2, Diff: 1, Sum: 11]
      [Scan RS (ms): Min: 0.0, Avg: 0.1, Max: 0.1, Diff: 0.1, Sum: 0.6]
      [Code Root Scanning (ms): Min: 0.0, Avg: 0.0, Max: 0.0, Diff: 0.0, Sum: 0.0]
      [Object Copy (ms): Min: 31.8, Avg: 31.8, Max: 31.9, Diff: 0.1, Sum: 318.4]
      [Termination (ms): Min: 0.0, Avg: 0.0, Max: 0.1, Diff: 0.1, Sum: 0.4]
         [Termination Attempts: Min: 1, Avg: 1.0, Max: 1, Diff: 0, Sum: 10]
      [GC Worker Other (ms): Min: 0.0, Avg: 0.1, Max: 0.2, Diff: 0.1, Sum: 0.5]
      [GC Worker Total (ms): Min: 32.1, Avg: 32.2, Max: 32.2, Diff: 0.1, Sum: 321.5]
      [GC Worker End (ms): Min: 27976.4, Avg: 27976.4, Max: 27976.5, Diff: 0.1]
   [Code Root Fixup: 0.0 ms]
   [Code Root Purge: 0.0 ms]
   [Clear CT: 0.6 ms]
   [Other: 1.3 ms]
      [Choose CSet: 0.0 ms]
      [Ref Proc: 0.4 ms]
      [Ref Enq: 0.0 ms]
      [Redirty Cards: 0.5 ms]
      [Humongous Register: 0.0 ms]
      [Humongous Reclaim: 0.0 ms]
      [Free CSet: 0.2 ms]
   [Eden: 1198.0M(1198.0M)->0.0B(1072.0M) Survivors: 192.0M->174.0M Heap: 3367.8M(4096.0M)->2315.1M(4096.0M)]
 [Times: user=0.31 sys=0.00, real=0.04 secs] 
2022-01-17T02:09:45.453+0800: 27.979: [GC concurrent-root-region-scan-start]
2022-01-17T02:09:45.453+0800: 27.979: [GC concurrent-root-region-scan-end, 0.0001907 secs]
2022-01-17T02:09:45.453+0800: 27.979: [GC concurrent-mark-start]
2022-01-17T02:09:45.456+0800: 27.982: [GC concurrent-mark-end, 0.0027786 secs]
2022-01-17T02:09:45.456+0800: 27.982: [GC remark 2022-01-17T02:09:45.456+0800: 27.982: [Finalize Marking, 0.0002711 secs] 2022-01-17T02:09:45.457+0800: 27.982: [GC ref-proc, 0.0000620 secs] 2022-01-17T02:09:45.457+0800: 27.982: [Unloading, 0.0005120 secs], 0.0016667 secs]
 [Times: user=0.00 sys=0.00, real=0.00 secs] 
2022-01-17T02:09:45.457+0800: 27.984: [GC cleanup 2342M->662M(4096M), 0.0016038 secs]
 [Times: user=0.00 sys=0.00, real=0.00 secs] 
2022-01-17T02:09:45.459+0800: 27.985: [GC concurrent-cleanup-start]
2022-01-17T02:09:45.460+0800: 27.986: [GC concurrent-cleanup-end, 0.0008878 secs]
2022-01-17T02:09:45.562+0800: 28.088: [GC pause (G1 Evacuation Pause) (young), 0.0325332 secs]
   [Parallel Time: 30.6 ms, GC Workers: 10]
      [GC Worker Start (ms): Min: 28088.2, Avg: 28088.3, Max: 28088.4, Diff: 0.1]
      [Ext Root Scanning (ms): Min: 0.0, Avg: 0.1, Max: 0.2, Diff: 0.1, Sum: 0.7]
      [Update RS (ms): Min: 0.1, Avg: 0.1, Max: 0.5, Diff: 0.4, Sum: 1.2]
         [Processed Buffers: Min: 0, Avg: 1.1, Max: 2, Diff: 2, Sum: 11]
      [Scan RS (ms): Min: 0.0, Avg: 0.1, Max: 0.1, Diff: 0.1, Sum: 0.6]
      [Code Root Scanning (ms): Min: 0.0, Avg: 0.0, Max: 0.0, Diff: 0.0, Sum: 0.0]
      [Object Copy (ms): Min: 29.4, Avg: 29.7, Max: 29.8, Diff: 0.5, Sum: 297.5]
      [Termination (ms): Min: 0.0, Avg: 0.0, Max: 0.1, Diff: 0.1, Sum: 0.4]
         [Termination Attempts: Min: 1, Avg: 1.0, Max: 1, Diff: 0, Sum: 10]
      [GC Worker Other (ms): Min: 0.0, Avg: 0.1, Max: 0.2, Diff: 0.2, Sum: 0.8]
      [GC Worker Total (ms): Min: 30.0, Avg: 30.1, Max: 30.2, Diff: 0.2, Sum: 301.1]
      [GC Worker End (ms): Min: 28118.4, Avg: 28118.4, Max: 28118.5, Diff: 0.2]
   [Code Root Fixup: 0.0 ms]
   [Code Root Purge: 0.0 ms]
   [Clear CT: 0.4 ms]
   [Other: 1.5 ms]
      [Choose CSet: 0.0 ms]
      [Ref Proc: 0.4 ms]
      [Ref Enq: 0.0 ms]
      [Redirty Cards: 0.6 ms]
      [Humongous Register: 0.0 ms]
      [Humongous Reclaim: 0.0 ms]
      [Free CSet: 0.2 ms]
   [Eden: 1072.0M(1072.0M)->0.0B(48.0M) Survivors: 174.0M->156.0M Heap: 1707.1M(4096.0M)->777.1M(4096.0M)]
 [Times: user=0.28 sys=0.02, real=0.03 secs] 
2022-01-17T02:09:45.599+0800: 28.125: [GC pause (G1 Evacuation Pause) (mixed), 0.0168016 secs]
   [Parallel Time: 16.0 ms, GC Workers: 10]
      [GC Worker Start (ms): Min: 28125.1, Avg: 28125.2, Max: 28125.3, Diff: 0.2]
      [Ext Root Scanning (ms): Min: 0.0, Avg: 0.1, Max: 0.2, Diff: 0.2, Sum: 0.6]
      [Update RS (ms): Min: 0.0, Avg: 0.1, Max: 0.1, Diff: 0.0, Sum: 0.7]
         [Processed Buffers: Min: 1, Avg: 1.1, Max: 2, Diff: 1, Sum: 11]
      [Scan RS (ms): Min: 0.0, Avg: 0.0, Max: 0.0, Diff: 0.0, Sum: 0.2]
      [Code Root Scanning (ms): Min: 0.0, Avg: 0.0, Max: 0.0, Diff: 0.0, Sum: 0.0]
      [Object Copy (ms): Min: 15.6, Avg: 15.6, Max: 15.6, Diff: 0.1, Sum: 155.8]
      [Termination (ms): Min: 0.0, Avg: 0.0, Max: 0.1, Diff: 0.1, Sum: 0.4]
         [Termination Attempts: Min: 1, Avg: 1.0, Max: 1, Diff: 0, Sum: 10]
      [GC Worker Other (ms): Min: 0.0, Avg: 0.0, Max: 0.0, Diff: 0.0, Sum: 0.2]
      [GC Worker Total (ms): Min: 15.7, Avg: 15.8, Max: 15.9, Diff: 0.2, Sum: 157.9]
      [GC Worker End (ms): Min: 28141.0, Avg: 28141.0, Max: 28141.0, Diff: 0.0]
   [Code Root Fixup: 0.0 ms]
   [Code Root Purge: 0.0 ms]
   [Clear CT: 0.1 ms]
   [Other: 0.6 ms]
      [Choose CSet: 0.0 ms]
      [Ref Proc: 0.1 ms]
      [Ref Enq: 0.0 ms]
      [Redirty Cards: 0.3 ms]
      [Humongous Register: 0.0 ms]
      [Humongous Reclaim: 0.0 ms]
      [Free CSet: 0.1 ms]
   [Eden: 48.0M(48.0M)->0.0B(2438.0M) Survivors: 156.0M->18.0M Heap: 825.1M(4096.0M)->745.5M(4096.0M)]
 [Times: user=0.16 sys=0.00, real=0.02 secs] 
2022-01-17T02:09:45.844+0800: 28.369: [GC pause (G1 Evacuation Pause) (young), 0.0356142 secs]
   [Parallel Time: 33.7 ms, GC Workers: 10]
      [GC Worker Start (ms): Min: 28369.4, Avg: 28369.5, Max: 28369.6, Diff: 0.2]
      [Ext Root Scanning (ms): Min: 0.0, Avg: 0.1, Max: 0.1, Diff: 0.1, Sum: 0.5]
      [Update RS (ms): Min: 0.0, Avg: 0.1, Max: 0.2, Diff: 0.1, Sum: 0.9]
         [Processed Buffers: Min: 1, Avg: 1.1, Max: 2, Diff: 1, Sum: 11]
      [Scan RS (ms): Min: 0.0, Avg: 0.1, Max: 0.2, Diff: 0.1, Sum: 1.2]
      [Code Root Scanning (ms): Min: 0.0, Avg: 0.0, Max: 0.0, Diff: 0.0, Sum: 0.0]
      [Object Copy (ms): Min: 32.9, Avg: 33.0, Max: 33.1, Diff: 0.1, Sum: 330.3]
      [Termination (ms): Min: 0.0, Avg: 0.1, Max: 0.1, Diff: 0.1, Sum: 0.5]
         [Termination Attempts: Min: 1, Avg: 1.0, Max: 1, Diff: 0, Sum: 10]
      [GC Worker Other (ms): Min: 0.0, Avg: 0.0, Max: 0.1, Diff: 0.1, Sum: 0.5]
      [GC Worker Total (ms): Min: 33.3, Avg: 33.4, Max: 33.6, Diff: 0.3, Sum: 334.0]
      [GC Worker End (ms): Min: 28402.9, Avg: 28402.9, Max: 28403.0, Diff: 0.1]
   [Code Root Fixup: 0.0 ms]
   [Code Root Purge: 0.0 ms]
   [Clear CT: 0.8 ms]
   [Other: 1.2 ms]
      [Choose CSet: 0.0 ms]
      [Ref Proc: 0.2 ms]
      [Ref Enq: 0.0 ms]
      [Redirty Cards: 0.4 ms]
      [Humongous Register: 0.0 ms]
      [Humongous Reclaim: 0.0 ms]
      [Free CSet: 0.4 ms]
   [Eden: 2438.0M(2438.0M)->0.0B(2148.0M) Survivors: 18.0M->308.0M Heap: 3183.5M(4096.0M)->1080.8M(4096.0M)]
 [Times: user=0.31 sys=0.00, real=0.03 secs] 
2022-01-17T02:09:46.085+0800: 28.611: [GC pause (G1 Evacuation Pause) (young), 0.0378112 secs]
   [Parallel Time: 36.2 ms, GC Workers: 10]
      [GC Worker Start (ms): Min: 28610.7, Avg: 28610.8, Max: 28610.9, Diff: 0.2]
      [Ext Root Scanning (ms): Min: 0.0, Avg: 0.1, Max: 0.2, Diff: 0.2, Sum: 0.6]
      [Update RS (ms): Min: 0.1, Avg: 0.1, Max: 0.1, Diff: 0.1, Sum: 0.8]
         [Processed Buffers: Min: 0, Avg: 1.1, Max: 2, Diff: 2, Sum: 11]
      [Scan RS (ms): Min: 0.1, Avg: 0.1, Max: 0.2, Diff: 0.1, Sum: 1.5]
      [Code Root Scanning (ms): Min: 0.0, Avg: 0.0, Max: 0.0, Diff: 0.0, Sum: 0.0]
      [Object Copy (ms): Min: 35.5, Avg: 35.6, Max: 35.7, Diff: 0.2, Sum: 355.6]
      [Termination (ms): Min: 0.0, Avg: 0.1, Max: 0.2, Diff: 0.2, Sum: 1.2]
         [Termination Attempts: Min: 1, Avg: 1.1, Max: 2, Diff: 1, Sum: 11]
      [GC Worker Other (ms): Min: 0.0, Avg: 0.0, Max: 0.1, Diff: 0.0, Sum: 0.3]
      [GC Worker Total (ms): Min: 35.9, Avg: 36.0, Max: 36.1, Diff: 0.2, Sum: 360.0]
      [GC Worker End (ms): Min: 28646.8, Avg: 28646.8, Max: 28646.9, Diff: 0.0]
   [Code Root Fixup: 0.0 ms]
   [Code Root Purge: 0.0 ms]
   [Clear CT: 0.5 ms]
   [Other: 1.1 ms]
      [Choose CSet: 0.0 ms]
      [Ref Proc: 0.1 ms]
      [Ref Enq: 0.0 ms]
      [Redirty Cards: 0.4 ms]
      [Humongous Register: 0.0 ms]
      [Humongous Reclaim: 0.0 ms]
      [Free CSet: 0.4 ms]
   [Eden: 2148.0M(2148.0M)->0.0B(2124.0M) Survivors: 308.0M->308.0M Heap: 3228.8M(4096.0M)->1152.6M(4096.0M)]
 [Times: user=0.47 sys=0.00, real=0.04 secs] 
2022-01-17T02:09:46.321+0800: 28.846: [GC pause (G1 Evacuation Pause) (young), 0.0399807 secs]
   [Parallel Time: 37.5 ms, GC Workers: 10]
      [GC Worker Start (ms): Min: 28846.4, Avg: 28846.5, Max: 28846.5, Diff: 0.2]
      [Ext Root Scanning (ms): Min: 0.0, Avg: 0.1, Max: 0.2, Diff: 0.2, Sum: 0.6]
      [Update RS (ms): Min: 0.0, Avg: 0.1, Max: 0.2, Diff: 0.2, Sum: 0.8]
         [Processed Buffers: Min: 1, Avg: 1.1, Max: 2, Diff: 1, Sum: 11]
      [Scan RS (ms): Min: 0.0, Avg: 0.1, Max: 0.1, Diff: 0.1, Sum: 1.2]
      [Code Root Scanning (ms): Min: 0.0, Avg: 0.0, Max: 0.0, Diff: 0.0, Sum: 0.0]
      [Object Copy (ms): Min: 36.5, Avg: 36.6, Max: 36.7, Diff: 0.2, Sum: 366.4]
      [Termination (ms): Min: 0.0, Avg: 0.1, Max: 0.2, Diff: 0.2, Sum: 0.5]
         [Termination Attempts: Min: 1, Avg: 1.3, Max: 2, Diff: 1, Sum: 13]
      [GC Worker Other (ms): Min: 0.0, Avg: 0.1, Max: 0.2, Diff: 0.2, Sum: 1.1]
      [GC Worker Total (ms): Min: 36.9, Avg: 37.1, Max: 37.3, Diff: 0.3, Sum: 370.7]
      [GC Worker End (ms): Min: 28883.4, Avg: 28883.5, Max: 28883.7, Diff: 0.2]
   [Code Root Fixup: 0.0 ms]
   [Code Root Purge: 0.0 ms]
   [Clear CT: 0.8 ms]
   [Other: 1.7 ms]
      [Choose CSet: 0.0 ms]
      [Ref Proc: 0.5 ms]
      [Ref Enq: 0.0 ms]
      [Redirty Cards: 0.6 ms]
      [Humongous Register: 0.0 ms]
      [Humongous Reclaim: 0.0 ms]
      [Free CSet: 0.4 ms]
   [Eden: 2124.0M(2124.0M)->0.0B(2040.0M) Survivors: 308.0M->304.0M Heap: 3276.6M(4096.0M)->1238.3M(4096.0M)]
 [Times: user=0.31 sys=0.00, real=0.04 secs] 
2022-01-17T02:09:46.553+0800: 29.079: [GC pause (G1 Evacuation Pause) (young), 0.0394121 secs]
   [Parallel Time: 37.6 ms, GC Workers: 10]
      [GC Worker Start (ms): Min: 29079.5, Avg: 29079.6, Max: 29079.6, Diff: 0.1]
      [Ext Root Scanning (ms): Min: 0.0, Avg: 0.1, Max: 0.2, Diff: 0.1, Sum: 0.7]
      [Update RS (ms): Min: 0.0, Avg: 0.1, Max: 0.1, Diff: 0.1, Sum: 0.7]
         [Processed Buffers: Min: 0, Avg: 1.1, Max: 2, Diff: 2, Sum: 11]
      [Scan RS (ms): Min: 0.1, Avg: 0.1, Max: 0.2, Diff: 0.1, Sum: 1.3]
      [Code Root Scanning (ms): Min: 0.0, Avg: 0.0, Max: 0.0, Diff: 0.0, Sum: 0.0]
      [Object Copy (ms): Min: 36.7, Avg: 36.8, Max: 36.9, Diff: 0.1, Sum: 368.2]
      [Termination (ms): Min: 0.0, Avg: 0.1, Max: 0.2, Diff: 0.2, Sum: 0.5]
         [Termination Attempts: Min: 1, Avg: 1.1, Max: 2, Diff: 1, Sum: 11]
      [GC Worker Other (ms): Min: 0.0, Avg: 0.1, Max: 0.1, Diff: 0.1, Sum: 0.6]
      [GC Worker Total (ms): Min: 37.1, Avg: 37.2, Max: 37.3, Diff: 0.2, Sum: 372.1]
      [GC Worker End (ms): Min: 29116.7, Avg: 29116.8, Max: 29116.9, Diff: 0.1]
   [Code Root Fixup: 0.0 ms]
   [Code Root Purge: 0.0 ms]
   [Clear CT: 0.6 ms]
   [Other: 1.2 ms]
      [Choose CSet: 0.0 ms]
      [Ref Proc: 0.3 ms]
      [Ref Enq: 0.0 ms]
      [Redirty Cards: 0.4 ms]
      [Humongous Register: 0.0 ms]
      [Humongous Reclaim: 0.0 ms]
      [Free CSet: 0.4 ms]
   [Eden: 2040.0M(2040.0M)->0.0B(1954.0M) Survivors: 304.0M->294.0M Heap: 3278.3M(4096.0M)->1327.8M(4096.0M)]
 [Times: user=0.47 sys=0.00, real=0.04 secs] 
2022-01-17T02:09:46.775+0800: 29.301: [GC pause (G1 Evacuation Pause) (young), 0.0379775 secs]
   [Parallel Time: 36.6 ms, GC Workers: 10]
      [GC Worker Start (ms): Min: 29301.4, Avg: 29301.5, Max: 29301.5, Diff: 0.1]
      [Ext Root Scanning (ms): Min: 0.0, Avg: 0.1, Max: 0.2, Diff: 0.1, Sum: 0.8]
      [Update RS (ms): Min: 0.1, Avg: 0.1, Max: 0.2, Diff: 0.1, Sum: 1.0]
         [Processed Buffers: Min: 1, Avg: 1.1, Max: 2, Diff: 1, Sum: 11]
      [Scan RS (ms): Min: 0.1, Avg: 0.1, Max: 0.2, Diff: 0.1, Sum: 1.2]
      [Code Root Scanning (ms): Min: 0.0, Avg: 0.0, Max: 0.0, Diff: 0.0, Sum: 0.0]
      [Object Copy (ms): Min: 35.9, Avg: 36.0, Max: 36.1, Diff: 0.1, Sum: 360.5]
      [Termination (ms): Min: 0.0, Avg: 0.0, Max: 0.1, Diff: 0.1, Sum: 0.4]
         [Termination Attempts: Min: 1, Avg: 1.1, Max: 2, Diff: 1, Sum: 11]
      [GC Worker Other (ms): Min: 0.0, Avg: 0.0, Max: 0.1, Diff: 0.1, Sum: 0.5]
      [GC Worker Total (ms): Min: 36.4, Avg: 36.4, Max: 36.6, Diff: 0.2, Sum: 364.4]
      [GC Worker End (ms): Min: 29337.9, Avg: 29337.9, Max: 29338.0, Diff: 0.1]
   [Code Root Fixup: 0.0 ms]
   [Code Root Purge: 0.0 ms]
   [Clear CT: 0.4 ms]
   [Other: 1.0 ms]
      [Choose CSet: 0.0 ms]
      [Ref Proc: 0.2 ms]
      [Ref Enq: 0.0 ms]
      [Redirty Cards: 0.2 ms]
      [Humongous Register: 0.0 ms]
      [Humongous Reclaim: 0.0 ms]
      [Free CSet: 0.4 ms]
   [Eden: 1954.0M(1954.0M)->0.0B(1868.0M) Survivors: 294.0M->282.0M Heap: 3281.8M(4096.0M)->1421.2M(4096.0M)]
 [Times: user=0.31 sys=0.00, real=0.04 secs] 
2022-01-17T02:09:46.988+0800: 29.514: [GC pause (G1 Evacuation Pause) (young), 0.0383845 secs]
   [Parallel Time: 36.9 ms, GC Workers: 10]
      [GC Worker Start (ms): Min: 29514.3, Avg: 29514.4, Max: 29514.4, Diff: 0.2]
      [Ext Root Scanning (ms): Min: 0.0, Avg: 0.1, Max: 0.2, Diff: 0.2, Sum: 0.6]
      [Update RS (ms): Min: 0.0, Avg: 0.1, Max: 0.4, Diff: 0.3, Sum: 0.9]
         [Processed Buffers: Min: 1, Avg: 1.1, Max: 2, Diff: 1, Sum: 11]
      [Scan RS (ms): Min: 0.1, Avg: 0.1, Max: 0.1, Diff: 0.1, Sum: 1.1]
      [Code Root Scanning (ms): Min: 0.0, Avg: 0.0, Max: 0.0, Diff: 0.0, Sum: 0.0]
      [Object Copy (ms): Min: 36.0, Avg: 36.3, Max: 36.4, Diff: 0.4, Sum: 363.0]
      [Termination (ms): Min: 0.0, Avg: 0.1, Max: 0.2, Diff: 0.2, Sum: 1.2]
         [Termination Attempts: Min: 1, Avg: 1.1, Max: 2, Diff: 1, Sum: 11]
      [GC Worker Other (ms): Min: 0.0, Avg: 0.1, Max: 0.1, Diff: 0.1, Sum: 0.6]
      [GC Worker Total (ms): Min: 36.6, Avg: 36.7, Max: 36.9, Diff: 0.2, Sum: 367.4]
      [GC Worker End (ms): Min: 29551.1, Avg: 29551.1, Max: 29551.1, Diff: 0.1]
   [Code Root Fixup: 0.0 ms]
   [Code Root Purge: 0.0 ms]
   [Clear CT: 0.6 ms]
   [Other: 0.9 ms]
      [Choose CSet: 0.0 ms]
      [Ref Proc: 0.1 ms]
      [Ref Enq: 0.0 ms]
      [Redirty Cards: 0.2 ms]
      [Humongous Register: 0.0 ms]
      [Humongous Reclaim: 0.0 ms]
      [Free CSet: 0.4 ms]
   [Eden: 1868.0M(1868.0M)->0.0B(1764.0M) Survivors: 282.0M->270.0M Heap: 3289.2M(4096.0M)->1530.7M(4096.0M)]
 [Times: user=0.47 sys=0.00, real=0.04 secs] 
2022-01-17T02:09:47.195+0800: 29.721: [GC pause (G1 Evacuation Pause) (young), 0.0371573 secs]
   [Parallel Time: 35.1 ms, GC Workers: 10]
      [GC Worker Start (ms): Min: 29721.3, Avg: 29721.4, Max: 29721.5, Diff: 0.2]
      [Ext Root Scanning (ms): Min: 0.0, Avg: 0.1, Max: 0.2, Diff: 0.1, Sum: 0.6]
      [Update RS (ms): Min: 0.1, Avg: 0.1, Max: 0.1, Diff: 0.1, Sum: 0.8]
         [Processed Buffers: Min: 1, Avg: 1.1, Max: 2, Diff: 1, Sum: 11]
      [Scan RS (ms): Min: 0.0, Avg: 0.1, Max: 0.1, Diff: 0.1, Sum: 1.0]
      [Code Root Scanning (ms): Min: 0.0, Avg: 0.0, Max: 0.0, Diff: 0.0, Sum: 0.0]
      [Object Copy (ms): Min: 34.6, Avg: 34.7, Max: 34.7, Diff: 0.1, Sum: 346.6]
      [Termination (ms): Min: 0.0, Avg: 0.1, Max: 0.1, Diff: 0.1, Sum: 0.6]
         [Termination Attempts: Min: 1, Avg: 1.0, Max: 1, Diff: 0, Sum: 10]
      [GC Worker Other (ms): Min: 0.0, Avg: 0.0, Max: 0.1, Diff: 0.0, Sum: 0.4]
      [GC Worker Total (ms): Min: 34.9, Avg: 35.0, Max: 35.1, Diff: 0.2, Sum: 349.9]
      [GC Worker End (ms): Min: 29756.4, Avg: 29756.4, Max: 29756.5, Diff: 0.1]
   [Code Root Fixup: 0.0 ms]
   [Code Root Purge: 0.0 ms]
   [Clear CT: 0.6 ms]
   [Other: 1.4 ms]
      [Choose CSet: 0.0 ms]
      [Ref Proc: 0.3 ms]
      [Ref Enq: 0.0 ms]
      [Redirty Cards: 0.6 ms]
      [Humongous Register: 0.0 ms]
      [Humongous Reclaim: 0.0 ms]
      [Free CSet: 0.4 ms]
   [Eden: 1764.0M(1764.0M)->0.0B(1680.0M) Survivors: 270.0M->256.0M Heap: 3294.7M(4096.0M)->1625.6M(4096.0M)]
 [Times: user=0.31 sys=0.00, real=0.04 secs] 
2022-01-17T02:09:47.385+0800: 29.911: [GC pause (G1 Evacuation Pause) (young), 0.0378275 secs]
   [Parallel Time: 35.8 ms, GC Workers: 10]
      [GC Worker Start (ms): Min: 29911.1, Avg: 29911.2, Max: 29911.2, Diff: 0.1]
      [Ext Root Scanning (ms): Min: 0.0, Avg: 0.1, Max: 0.2, Diff: 0.1, Sum: 0.7]
      [Update RS (ms): Min: 0.1, Avg: 0.1, Max: 0.2, Diff: 0.1, Sum: 1.4]
         [Processed Buffers: Min: 1, Avg: 1.1, Max: 2, Diff: 1, Sum: 11]
      [Scan RS (ms): Min: 0.0, Avg: 0.1, Max: 0.2, Diff: 0.1, Sum: 0.9]
      [Code Root Scanning (ms): Min: 0.0, Avg: 0.0, Max: 0.0, Diff: 0.0, Sum: 0.0]
      [Object Copy (ms): Min: 34.8, Avg: 34.8, Max: 34.9, Diff: 0.1, Sum: 348.3]
      [Termination (ms): Min: 0.0, Avg: 0.1, Max: 0.1, Diff: 0.1, Sum: 0.7]
         [Termination Attempts: Min: 1, Avg: 1.3, Max: 2, Diff: 1, Sum: 13]
      [GC Worker Other (ms): Min: 0.0, Avg: 0.1, Max: 0.2, Diff: 0.1, Sum: 0.6]
      [GC Worker Total (ms): Min: 35.2, Avg: 35.3, Max: 35.4, Diff: 0.2, Sum: 352.6]
      [GC Worker End (ms): Min: 29946.4, Avg: 29946.5, Max: 29946.5, Diff: 0.1]
   [Code Root Fixup: 0.0 ms]
   [Code Root Purge: 0.0 ms]
   [Clear CT: 0.6 ms]
   [Other: 1.4 ms]
      [Choose CSet: 0.0 ms]
      [Ref Proc: 0.4 ms]
      [Ref Enq: 0.0 ms]
      [Redirty Cards: 0.5 ms]
      [Humongous Register: 0.0 ms]
      [Humongous Reclaim: 0.0 ms]
      [Free CSet: 0.3 ms]
   [Eden: 1680.0M(1680.0M)->0.0B(1580.0M) Survivors: 256.0M->242.0M Heap: 3305.6M(4096.0M)->1736.6M(4096.0M)]
 [Times: user=0.31 sys=0.00, real=0.04 secs] 
2022-01-17T02:09:47.568+0800: 30.094: [GC pause (G1 Evacuation Pause) (young), 0.0364393 secs]
   [Parallel Time: 34.7 ms, GC Workers: 10]
      [GC Worker Start (ms): Min: 30093.9, Avg: 30094.0, Max: 30094.0, Diff: 0.2]
      [Ext Root Scanning (ms): Min: 0.0, Avg: 0.1, Max: 0.2, Diff: 0.2, Sum: 0.6]
      [Update RS (ms): Min: 0.0, Avg: 0.1, Max: 0.2, Diff: 0.1, Sum: 0.9]
         [Processed Buffers: Min: 1, Avg: 1.1, Max: 2, Diff: 1, Sum: 11]
      [Scan RS (ms): Min: 0.0, Avg: 0.1, Max: 0.1, Diff: 0.1, Sum: 0.9]
      [Code Root Scanning (ms): Min: 0.0, Avg: 0.0, Max: 0.0, Diff: 0.0, Sum: 0.0]
      [Object Copy (ms): Min: 34.1, Avg: 34.2, Max: 34.3, Diff: 0.2, Sum: 341.6]
      [Termination (ms): Min: 0.0, Avg: 0.1, Max: 0.1, Diff: 0.1, Sum: 0.9]
         [Termination Attempts: Min: 1, Avg: 1.0, Max: 1, Diff: 0, Sum: 10]
      [GC Worker Other (ms): Min: 0.0, Avg: 0.0, Max: 0.0, Diff: 0.0, Sum: 0.2]
      [GC Worker Total (ms): Min: 34.4, Avg: 34.5, Max: 34.6, Diff: 0.2, Sum: 345.1]
      [GC Worker End (ms): Min: 30128.5, Avg: 30128.5, Max: 30128.5, Diff: 0.0]
   [Code Root Fixup: 0.0 ms]
   [Code Root Purge: 0.0 ms]
   [Clear CT: 0.5 ms]
   [Other: 1.3 ms]
      [Choose CSet: 0.0 ms]
      [Ref Proc: 0.1 ms]
      [Ref Enq: 0.0 ms]
      [Redirty Cards: 0.7 ms]
      [Humongous Register: 0.0 ms]
      [Humongous Reclaim: 0.0 ms]
      [Free CSet: 0.3 ms]
   [Eden: 1580.0M(1580.0M)->0.0B(1470.0M) Survivors: 242.0M->228.0M Heap: 3316.6M(4096.0M)->1859.1M(4096.0M)]
 [Times: user=0.47 sys=0.00, real=0.04 secs] 
Heap
 garbage-first heap   total 4194304K, used 1903721K [0x00000006c0000000, 0x00000006c0204000, 0x00000007c0000000)
  region size 2048K, 115 young (235520K), 114 survivors (233472K)
 Metaspace       used 2716K, capacity 4490K, committed 4864K, reserved 1056768K
  class space    used 291K, capacity 386K, committed 512K, reserved 1048576K
