Java HotSpot(TM) 64-Bit Server VM (25.231-b11) for windows-amd64 JRE (1.8.0_231-b11), built on Oct  5 2019 03:11:30 by "java_re" with MS VC++ 10.0 (VS2010)
Memory: 4k page, physical 16718268k(8499768k free), swap 19208636k(3937772k free)
CommandLine flags: -XX:InitialHeapSize=4294967296 -XX:MaxHeapSize=4294967296 -XX:+PrintGC -XX:+PrintGCDateStamps -XX:+PrintGCDetails -XX:+PrintGCTimeStamps -XX:-UseAdaptiveSizePolicy -XX:+UseCompressedClassPointers -XX:+UseCompressedOops -XX:-UseLargePagesIndividualAllocation -XX:+UseSerialGC 
2022-01-17T02:06:07.462+0800: 0.399: [GC (Allocation Failure) 2022-01-17T02:06:07.463+0800: 0.399: [DefNew: 1118528K->139776K(1258304K), 0.0730815 secs] 1118528K->251645K(4054528K), 0.0732310 secs] [Times: user=0.00 sys=0.06, real=0.07 secs] 
2022-01-17T02:06:07.648+0800: 0.584: [GC (Allocation Failure) 2022-01-17T02:06:07.648+0800: 0.585: [DefNew: 1258304K->139775K(1258304K), 0.0860122 secs] 1370173K->409412K(4054528K), 0.0860770 secs] [Times: user=0.03 sys=0.06, real=0.09 secs] 
2022-01-17T02:06:07.840+0800: 0.777: [GC (Allocation Failure) 2022-01-17T02:06:07.840+0800: 0.777: [DefNew: 1258303K->139775K(1258304K), 0.0631678 secs] 1527940K->549746K(4054528K), 0.0632193 secs] [Times: user=0.06 sys=0.00, real=0.06 secs] 
2022-01-17T02:06:08.011+0800: 0.948: [GC (Allocation Failure) 2022-01-17T02:06:08.011+0800: 0.948: [DefNew: 1258303K->139775K(1258304K), 0.0642154 secs] 1668274K->712709K(4054528K), 0.0642783 secs] [Times: user=0.02 sys=0.05, real=0.06 secs] 
2022-01-17T02:06:08.186+0800: 1.122: [GC (Allocation Failure) 2022-01-17T02:06:08.186+0800: 1.122: [DefNew: 1258303K->139776K(1258304K), 0.0586303 secs] 1831237K->859759K(4054528K), 0.0586975 secs] [Times: user=0.00 sys=0.06, real=0.06 secs] 
2022-01-17T02:06:08.351+0800: 1.287: [GC (Allocation Failure) 2022-01-17T02:06:08.351+0800: 1.287: [DefNew: 1258304K->139775K(1258304K), 0.0613026 secs] 1978287K->1015512K(4054528K), 0.0613703 secs] [Times: user=0.05 sys=0.00, real=0.06 secs] 
2022-01-17T02:06:08.515+0800: 1.451: [GC (Allocation Failure) 2022-01-17T02:06:08.515+0800: 1.451: [DefNew: 1258303K->139775K(1258304K), 0.0594416 secs] 2134040K->1163568K(4054528K), 0.0594998 secs] [Times: user=0.03 sys=0.03, real=0.06 secs] 
2022-01-17T02:06:08.672+0800: 1.608: [GC (Allocation Failure) 2022-01-17T02:06:08.672+0800: 1.608: [DefNew: 1258303K->139776K(1258304K), 0.0619557 secs] 2282096K->1318098K(4054528K), 0.0620197 secs] [Times: user=0.03 sys=0.03, real=0.06 secs] 
2022-01-17T02:06:08.849+0800: 1.786: [GC (Allocation Failure) 2022-01-17T02:06:08.850+0800: 1.786: [DefNew: 1258304K->139775K(1258304K), 0.0677815 secs] 2436626K->1477191K(4054528K), 0.0678567 secs] [Times: user=0.05 sys=0.03, real=0.07 secs] 
2022-01-17T02:06:09.030+0800: 1.967: [GC (Allocation Failure) 2022-01-17T02:06:09.030+0800: 1.967: [DefNew: 1258303K->139776K(1258304K), 0.0660580 secs] 2595719K->1637457K(4054528K), 0.0661190 secs] [Times: user=0.03 sys=0.03, real=0.07 secs] 
2022-01-17T02:06:09.200+0800: 2.137: [GC (Allocation Failure) 2022-01-17T02:06:09.200+0800: 2.137: [DefNew: 1258304K->139775K(1258304K), 0.0627357 secs] 2755985K->1795407K(4054528K), 0.0627991 secs] [Times: user=0.06 sys=0.00, real=0.06 secs] 
2022-01-17T02:06:09.368+0800: 2.305: [GC (Allocation Failure) 2022-01-17T02:06:09.368+0800: 2.305: [DefNew: 1258303K->139776K(1258304K), 0.0569077 secs] 2913935K->1936213K(4054528K), 0.0569694 secs] [Times: user=0.01 sys=0.03, real=0.06 secs] 
2022-01-17T02:06:09.524+0800: 2.461: [GC (Allocation Failure) 2022-01-17T02:06:09.524+0800: 2.461: [DefNew: 1258304K->139775K(1258304K), 0.0619136 secs] 3054741K->2088631K(4054528K), 0.0619749 secs] [Times: user=0.05 sys=0.02, real=0.06 secs] 
2022-01-17T02:06:09.691+0800: 2.627: [GC (Allocation Failure) 2022-01-17T02:06:09.691+0800: 2.627: [DefNew: 1258303K->139775K(1258304K), 0.0606645 secs] 3207159K->2238637K(4054528K), 0.0607259 secs] [Times: user=0.03 sys=0.03, real=0.06 secs] 
2022-01-17T02:06:09.856+0800: 2.793: [GC (Allocation Failure) 2022-01-17T02:06:09.856+0800: 2.793: [DefNew: 1258303K->139776K(1258304K), 0.0633895 secs] 3357165K->2400393K(4054528K), 0.0635222 secs] [Times: user=0.06 sys=0.00, real=0.06 secs] 
2022-01-17T02:06:10.033+0800: 2.969: [GC (Allocation Failure) 2022-01-17T02:06:10.033+0800: 2.969: [DefNew: 1258304K->139776K(1258304K), 0.0730363 secs] 3518921K->2561445K(4054528K), 0.0730978 secs] [Times: user=0.05 sys=0.03, real=0.07 secs] 
2022-01-17T02:06:10.222+0800: 3.158: [GC (Allocation Failure) 2022-01-17T02:06:10.222+0800: 3.158: [DefNew: 1258304K->139775K(1258304K), 0.0600716 secs] 3679973K->2701057K(4054528K), 0.0601281 secs] [Times: user=0.06 sys=0.00, real=0.06 secs] 
2022-01-17T02:06:10.389+0800: 3.325: [GC (Allocation Failure) 2022-01-17T02:06:10.389+0800: 3.325: [DefNew: 1258303K->139775K(1258304K), 0.0616656 secs] 3819585K->2853036K(4054528K), 0.0617488 secs] [Times: user=0.05 sys=0.02, real=0.06 secs] 
2022-01-17T02:06:10.546+0800: 3.483: [GC (Allocation Failure) 2022-01-17T02:06:10.546+0800: 3.483: [DefNew: 1258303K->1258303K(1258304K), 0.0000137 secs]2022-01-17T02:06:10.546+0800: 3.483: [Tenured: 2713260K->497089K(2796224K), 0.0486903 secs] 3971564K->497089K(4054528K), [Metaspace: 2709K->2709K(1056768K)], 0.0487709 secs] [Times: user=0.05 sys=0.00, real=0.05 secs] 
2022-01-17T02:06:10.694+0800: 3.630: [GC (Allocation Failure) 2022-01-17T02:06:10.694+0800: 3.630: [DefNew: 1118528K->139775K(1258304K), 0.0283885 secs] 1615617K->738791K(4054528K), 0.0284562 secs] [Times: user=0.03 sys=0.00, real=0.03 secs] 
2022-01-17T02:06:10.820+0800: 3.757: [GC (Allocation Failure) 2022-01-17T02:06:10.820+0800: 3.757: [DefNew: 1258303K->139775K(1258304K), 0.0346877 secs] 1857319K->899818K(4054528K), 0.0347500 secs] [Times: user=0.03 sys=0.00, real=0.04 secs] 
2022-01-17T02:06:10.959+0800: 3.896: [GC (Allocation Failure) 2022-01-17T02:06:10.959+0800: 3.896: [DefNew: 1258303K->139775K(1258304K), 0.0390270 secs] 2018346K->1065360K(4054528K), 0.0390924 secs] [Times: user=0.05 sys=0.00, real=0.04 secs] 
2022-01-17T02:06:11.103+0800: 4.039: [GC (Allocation Failure) 2022-01-17T02:06:11.103+0800: 4.039: [DefNew: 1258303K->139775K(1258304K), 0.0345908 secs] 2183888K->1223626K(4054528K), 0.0346794 secs] [Times: user=0.03 sys=0.00, real=0.04 secs] 
2022-01-17T02:06:11.238+0800: 4.175: [GC (Allocation Failure) 2022-01-17T02:06:11.238+0800: 4.175: [DefNew: 1258303K->139775K(1258304K), 0.0345273 secs] 2342154K->1379990K(4054528K), 0.0345934 secs] [Times: user=0.05 sys=0.00, real=0.04 secs] 
2022-01-17T02:06:11.373+0800: 4.309: [GC (Allocation Failure) 2022-01-17T02:06:11.373+0800: 4.309: [DefNew: 1258303K->139775K(1258304K), 0.0346757 secs] 2498518K->1542273K(4054528K), 0.0347238 secs] [Times: user=0.03 sys=0.00, real=0.03 secs] 
2022-01-17T02:06:11.507+0800: 4.443: [GC (Allocation Failure) 2022-01-17T02:06:11.507+0800: 4.443: [DefNew: 1258303K->139775K(1258304K), 0.0337078 secs] 2660801K->1689283K(4054528K), 0.0337801 secs] [Times: user=0.05 sys=0.00, real=0.03 secs] 
2022-01-17T02:06:11.639+0800: 4.576: [GC (Allocation Failure) 2022-01-17T02:06:11.639+0800: 4.576: [DefNew: 1258303K->139775K(1258304K), 0.0337976 secs] 2807811K->1842644K(4054528K), 0.0338496 secs] [Times: user=0.03 sys=0.00, real=0.03 secs] 
2022-01-17T02:06:11.774+0800: 4.710: [GC (Allocation Failure) 2022-01-17T02:06:11.774+0800: 4.710: [DefNew: 1258303K->139775K(1258304K), 0.0330377 secs] 2961172K->1987417K(4054528K), 0.0331182 secs] [Times: user=0.03 sys=0.00, real=0.03 secs] 
2022-01-17T02:06:11.906+0800: 4.842: [GC (Allocation Failure) 2022-01-17T02:06:11.906+0800: 4.842: [DefNew: 1258303K->139776K(1258304K), 0.0338065 secs] 3105945K->2140044K(4054528K), 0.0338612 secs] [Times: user=0.03 sys=0.00, real=0.03 secs] 
2022-01-17T02:06:12.038+0800: 4.974: [GC (Allocation Failure) 2022-01-17T02:06:12.038+0800: 4.974: [DefNew: 1258304K->139775K(1258304K), 0.0350719 secs] 3258572K->2296085K(4054528K), 0.0351399 secs] [Times: user=0.05 sys=0.00, real=0.03 secs] 
2022-01-17T02:06:12.174+0800: 5.110: [GC (Allocation Failure) 2022-01-17T02:06:12.174+0800: 5.110: [DefNew: 1258303K->139775K(1258304K), 0.0338704 secs] 3414613K->2446377K(4054528K), 0.0339360 secs] [Times: user=0.03 sys=0.00, real=0.03 secs] 
2022-01-17T02:06:12.302+0800: 5.239: [GC (Allocation Failure) 2022-01-17T02:06:12.302+0800: 5.239: [DefNew: 1258303K->139775K(1258304K), 0.0343817 secs] 3564905K->2603705K(4054528K), 0.0344525 secs] [Times: user=0.05 sys=0.00, real=0.03 secs] 
2022-01-17T02:06:12.437+0800: 5.373: [GC (Allocation Failure) 2022-01-17T02:06:12.437+0800: 5.374: [DefNew: 1258303K->139776K(1258304K), 0.0349624 secs] 3722233K->2763629K(4054528K), 0.0350238 secs] [Times: user=0.03 sys=0.00, real=0.03 secs] 
2022-01-17T02:06:12.570+0800: 5.507: [GC (Allocation Failure) 2022-01-17T02:06:12.571+0800: 5.507: [DefNew: 1258304K->1258304K(1258304K), 0.0000142 secs]2022-01-17T02:06:12.571+0800: 5.507: [Tenured: 2623853K->495512K(2796224K), 0.0471839 secs] 3882157K->495512K(4054528K), [Metaspace: 2709K->2709K(1056768K)], 0.0472832 secs] [Times: user=0.05 sys=0.00, real=0.05 secs] 
2022-01-17T02:06:12.716+0800: 5.652: [GC (Allocation Failure) 2022-01-17T02:06:12.716+0800: 5.652: [DefNew: 1118528K->139775K(1258304K), 0.0286747 secs] 1614040K->744527K(4054528K), 0.0287446 secs] [Times: user=0.03 sys=0.00, real=0.03 secs] 
2022-01-17T02:06:12.842+0800: 5.778: [GC (Allocation Failure) 2022-01-17T02:06:12.842+0800: 5.778: [DefNew: 1258303K->139776K(1258304K), 0.0352449 secs] 1863055K->912174K(4054528K), 0.0353015 secs] [Times: user=0.03 sys=0.00, real=0.03 secs] 
2022-01-17T02:06:12.976+0800: 5.913: [GC (Allocation Failure) 2022-01-17T02:06:12.976+0800: 5.913: [DefNew: 1258304K->139776K(1258304K), 0.0353685 secs] 2030702K->1076517K(4054528K), 0.0354395 secs] [Times: user=0.03 sys=0.00, real=0.04 secs] 
2022-01-17T02:06:13.111+0800: 6.047: [GC (Allocation Failure) 2022-01-17T02:06:13.111+0800: 6.047: [DefNew: 1258304K->139775K(1258304K), 0.0335775 secs] 2195045K->1226760K(4054528K), 0.0336398 secs] [Times: user=0.03 sys=0.00, real=0.03 secs] 
2022-01-17T02:06:13.240+0800: 6.176: [GC (Allocation Failure) 2022-01-17T02:06:13.240+0800: 6.177: [DefNew: 1258303K->139775K(1258304K), 0.0341469 secs] 2345288K->1381960K(4054528K), 0.0342071 secs] [Times: user=0.05 sys=0.00, real=0.03 secs] 
2022-01-17T02:06:13.374+0800: 6.310: [GC (Allocation Failure) 2022-01-17T02:06:13.374+0800: 6.311: [DefNew: 1258303K->139776K(1258304K), 0.0340489 secs] 2500488K->1538238K(4054528K), 0.0341070 secs] [Times: user=0.03 sys=0.00, real=0.03 secs] 
2022-01-17T02:06:13.505+0800: 6.442: [GC (Allocation Failure) 2022-01-17T02:06:13.505+0800: 6.442: [DefNew: 1258304K->139775K(1258304K), 0.0348714 secs] 2656766K->1701399K(4054528K), 0.0349322 secs] [Times: user=0.05 sys=0.00, real=0.03 secs] 
2022-01-17T02:06:13.637+0800: 6.574: [GC (Allocation Failure) 2022-01-17T02:06:13.637+0800: 6.574: [DefNew: 1258303K->139775K(1258304K), 0.0341110 secs] 2819927K->1856587K(4054528K), 0.0341636 secs] [Times: user=0.03 sys=0.00, real=0.03 secs] 
2022-01-17T02:06:13.769+0800: 6.706: [GC (Allocation Failure) 2022-01-17T02:06:13.769+0800: 6.706: [DefNew: 1258303K->139776K(1258304K), 0.0330253 secs] 2975115K->2001686K(4054528K), 0.0330921 secs] [Times: user=0.03 sys=0.00, real=0.03 secs] 
2022-01-17T02:06:13.901+0800: 6.837: [GC (Allocation Failure) 2022-01-17T02:06:13.901+0800: 6.837: [DefNew: 1258304K->139775K(1258304K), 0.0346128 secs] 3120214K->2157482K(4054528K), 0.0346757 secs] [Times: user=0.03 sys=0.00, real=0.04 secs] 
2022-01-17T02:06:14.033+0800: 6.970: [GC (Allocation Failure) 2022-01-17T02:06:14.033+0800: 6.970: [DefNew: 1258303K->139776K(1258304K), 0.0340887 secs] 3276010K->2305935K(4054528K), 0.0341545 secs] [Times: user=0.03 sys=0.00, real=0.03 secs] 
2022-01-17T02:06:14.166+0800: 7.103: [GC (Allocation Failure) 2022-01-17T02:06:14.166+0800: 7.103: [DefNew: 1258304K->139775K(1258304K), 0.0352588 secs] 3424463K->2469655K(4054528K), 0.0353209 secs] [Times: user=0.03 sys=0.00, real=0.04 secs] 
2022-01-17T02:06:14.299+0800: 7.235: [GC (Allocation Failure) 2022-01-17T02:06:14.299+0800: 7.235: [DefNew: 1258303K->139776K(1258304K), 0.0340214 secs] 3588183K->2622599K(4054528K), 0.0340853 secs] [Times: user=0.03 sys=0.00, real=0.03 secs] 
2022-01-17T02:06:14.429+0800: 7.365: [GC (Allocation Failure) 2022-01-17T02:06:14.429+0800: 7.366: [DefNew: 1258304K->139776K(1258304K), 0.0355817 secs] 3741127K->2782854K(4054528K), 0.0356455 secs] [Times: user=0.03 sys=0.00, real=0.04 secs] 
2022-01-17T02:06:14.564+0800: 7.501: [GC (Allocation Failure) 2022-01-17T02:06:14.564+0800: 7.501: [DefNew: 1258304K->1258304K(1258304K), 0.0000134 secs]2022-01-17T02:06:14.564+0800: 7.501: [Tenured: 2643078K->485171K(2796224K), 0.0466738 secs] 3901382K->485171K(4054528K), [Metaspace: 2709K->2709K(1056768K)], 0.0467640 secs] [Times: user=0.05 sys=0.00, real=0.05 secs] 
2022-01-17T02:06:14.710+0800: 7.646: [GC (Allocation Failure) 2022-01-17T02:06:14.710+0800: 7.646: [DefNew: 1118528K->139775K(1258304K), 0.0281565 secs] 1603699K->723322K(4054528K), 0.0282195 secs] [Times: user=0.03 sys=0.00, real=0.03 secs] 
2022-01-17T02:06:14.836+0800: 7.773: [GC (Allocation Failure) 2022-01-17T02:06:14.836+0800: 7.773: [DefNew: 1258303K->139775K(1258304K), 0.0339300 secs] 1841850K->877615K(4054528K), 0.0339890 secs] [Times: user=0.03 sys=0.00, real=0.03 secs] 
2022-01-17T02:06:14.970+0800: 7.907: [GC (Allocation Failure) 2022-01-17T02:06:14.970+0800: 7.907: [DefNew: 1258303K->139775K(1258304K), 0.0349620 secs] 1996143K->1039539K(4054528K), 0.0350297 secs] [Times: user=0.03 sys=0.00, real=0.04 secs] 
2022-01-17T02:06:15.109+0800: 8.045: [GC (Allocation Failure) 2022-01-17T02:06:15.109+0800: 8.045: [DefNew: 1258303K->139776K(1258304K), 0.0339491 secs] 2158067K->1192524K(4054528K), 0.0340089 secs] [Times: user=0.03 sys=0.00, real=0.03 secs] 
2022-01-17T02:06:15.242+0800: 8.178: [GC (Allocation Failure) 2022-01-17T02:06:15.242+0800: 8.178: [DefNew: 1258304K->139775K(1258304K), 0.0344448 secs] 2311052K->1349084K(4054528K), 0.0345062 secs] [Times: user=0.03 sys=0.00, real=0.03 secs] 
2022-01-17T02:06:15.373+0800: 8.310: [GC (Allocation Failure) 2022-01-17T02:06:15.373+0800: 8.310: [DefNew: 1258303K->139776K(1258304K), 0.0347646 secs] 2467612K->1512724K(4054528K), 0.0348191 secs] [Times: user=0.03 sys=0.00, real=0.04 secs] 
2022-01-17T02:06:15.505+0800: 8.441: [GC (Allocation Failure) 2022-01-17T02:06:15.505+0800: 8.441: [DefNew: 1258304K->139775K(1258304K), 0.0343301 secs] 2631252K->1668664K(4054528K), 0.0344010 secs] [Times: user=0.05 sys=0.00, real=0.03 secs] 
2022-01-17T02:06:15.635+0800: 8.571: [GC (Allocation Failure) 2022-01-17T02:06:15.635+0800: 8.571: [DefNew: 1258303K->139775K(1258304K), 0.0349579 secs] 2787192K->1830842K(4054528K), 0.0350186 secs] [Times: user=0.03 sys=0.00, real=0.04 secs] 
2022-01-17T02:06:15.772+0800: 8.709: [GC (Allocation Failure) 2022-01-17T02:06:15.772+0800: 8.709: [DefNew: 1258303K->139775K(1258304K), 0.0337005 secs] 2949370K->1982054K(4054528K), 0.0337698 secs] [Times: user=0.05 sys=0.00, real=0.03 secs] 
2022-01-17T02:06:15.902+0800: 8.839: [GC (Allocation Failure) 2022-01-17T02:06:15.902+0800: 8.839: [DefNew: 1258303K->139775K(1258304K), 0.0353999 secs] 3100582K->2144711K(4054528K), 0.0354792 secs] [Times: user=0.03 sys=0.00, real=0.04 secs] 
2022-01-17T02:06:16.040+0800: 8.977: [GC (Allocation Failure) 2022-01-17T02:06:16.040+0800: 8.977: [DefNew: 1258303K->139775K(1258304K), 0.0370484 secs] 3263239K->2308145K(4054528K), 0.0371173 secs] [Times: user=0.03 sys=0.00, real=0.04 secs] 
2022-01-17T02:06:16.177+0800: 9.113: [GC (Allocation Failure) 2022-01-17T02:06:16.177+0800: 9.113: [DefNew: 1258303K->139775K(1258304K), 0.0334438 secs] 3426673K->2456679K(4054528K), 0.0335124 secs] [Times: user=0.03 sys=0.00, real=0.03 secs] 
2022-01-17T02:06:16.309+0800: 9.246: [GC (Allocation Failure) 2022-01-17T02:06:16.309+0800: 9.246: [DefNew: 1258303K->139775K(1258304K), 0.0348666 secs] 3575207K->2619046K(4054528K), 0.0349162 secs] [Times: user=0.03 sys=0.00, real=0.04 secs] 
2022-01-17T02:06:16.440+0800: 9.376: [GC (Allocation Failure) 2022-01-17T02:06:16.440+0800: 9.376: [DefNew: 1258303K->139776K(1258304K), 0.0337454 secs] 3737574K->2771622K(4054528K), 0.0338087 secs] [Times: user=0.03 sys=0.00, real=0.03 secs] 
2022-01-17T02:06:16.570+0800: 9.507: [GC (Allocation Failure) 2022-01-17T02:06:16.570+0800: 9.507: [DefNew: 1258304K->1258304K(1258304K), 0.0000188 secs]2022-01-17T02:06:16.570+0800: 9.507: [Tenured: 2631846K->371779K(2796224K), 0.0467200 secs] 3890150K->371779K(4054528K), [Metaspace: 2709K->2709K(1056768K)], 0.0468719 secs] [Times: user=0.05 sys=0.00, real=0.05 secs] 
2022-01-17T02:06:16.716+0800: 9.653: [GC (Allocation Failure) 2022-01-17T02:06:16.716+0800: 9.653: [DefNew: 1118528K->139776K(1258304K), 0.0284245 secs] 1490307K->613375K(4054528K), 0.0284998 secs] [Times: user=0.03 sys=0.00, real=0.03 secs] 
2022-01-17T02:06:16.844+0800: 9.781: [GC (Allocation Failure) 2022-01-17T02:06:16.844+0800: 9.781: [DefNew: 1258304K->139775K(1258304K), 0.0339470 secs] 1731903K->770554K(4054528K), 0.0340106 secs] [Times: user=0.03 sys=0.00, real=0.03 secs] 
2022-01-17T02:06:16.978+0800: 9.915: [GC (Allocation Failure) 2022-01-17T02:06:16.978+0800: 9.915: [DefNew: 1258303K->139775K(1258304K), 0.0339447 secs] 1889082K->922678K(4054528K), 0.0340064 secs] [Times: user=0.03 sys=0.00, real=0.03 secs] 
2022-01-17T02:06:17.111+0800: 10.048: [GC (Allocation Failure) 2022-01-17T02:06:17.111+0800: 10.048: [DefNew: 1258303K->139776K(1258304K), 0.0338298 secs] 2041206K->1075456K(4054528K), 0.0338957 secs] [Times: user=0.03 sys=0.00, real=0.03 secs] 
2022-01-17T02:06:17.246+0800: 10.182: [GC (Allocation Failure) 2022-01-17T02:06:17.246+0800: 10.182: [DefNew: 1258304K->139775K(1258304K), 0.0328494 secs] 2193984K->1215925K(4054528K), 0.0329098 secs] [Times: user=0.03 sys=0.00, real=0.03 secs] 
2022-01-17T02:06:17.376+0800: 10.313: [GC (Allocation Failure) 2022-01-17T02:06:17.376+0800: 10.313: [DefNew: 1258303K->139775K(1258304K), 0.0353122 secs] 2334453K->1385124K(4054528K), 0.0353732 secs] [Times: user=0.03 sys=0.00, real=0.04 secs] 
2022-01-17T02:06:17.512+0800: 10.448: [GC (Allocation Failure) 2022-01-17T02:06:17.512+0800: 10.448: [DefNew: 1258303K->139775K(1258304K), 0.0348510 secs] 2503652K->1546727K(4054528K), 0.0349128 secs] [Times: user=0.03 sys=0.00, real=0.03 secs] 
2022-01-17T02:06:17.645+0800: 10.582: [GC (Allocation Failure) 2022-01-17T02:06:17.645+0800: 10.582: [DefNew: 1258303K->139775K(1258304K), 0.0324401 secs] 2665255K->1686220K(4054528K), 0.0325622 secs] [Times: user=0.03 sys=0.00, real=0.03 secs] 
2022-01-17T02:06:17.778+0800: 10.715: [GC (Allocation Failure) 2022-01-17T02:06:17.778+0800: 10.715: [DefNew: 1258303K->139776K(1258304K), 0.0333932 secs] 2804748K->1835394K(4054528K), 0.0334541 secs] [Times: user=0.03 sys=0.00, real=0.03 secs] 
2022-01-17T02:06:17.908+0800: 10.845: [GC (Allocation Failure) 2022-01-17T02:06:17.909+0800: 10.845: [DefNew: 1258304K->139775K(1258304K), 0.0328763 secs] 2953922K->1978461K(4054528K), 0.0329407 secs] [Times: user=0.03 sys=0.00, real=0.03 secs] 
2022-01-17T02:06:18.039+0800: 10.976: [GC (Allocation Failure) 2022-01-17T02:06:18.039+0800: 10.976: [DefNew: 1258303K->139775K(1258304K), 0.0352446 secs] 3096989K->2143760K(4054528K), 0.0353059 secs] [Times: user=0.03 sys=0.00, real=0.04 secs] 
2022-01-17T02:06:18.179+0800: 11.115: [GC (Allocation Failure) 2022-01-17T02:06:18.179+0800: 11.115: [DefNew: 1258303K->139775K(1258304K), 0.0381643 secs] 3262288K->2283961K(4054528K), 0.0382151 secs] [Times: user=0.05 sys=0.00, real=0.04 secs] 
2022-01-17T02:06:18.325+0800: 11.261: [GC (Allocation Failure) 2022-01-17T02:06:18.325+0800: 11.261: [DefNew: 1258303K->139775K(1258304K), 0.0383274 secs] 3402489K->2428842K(4054528K), 0.0383811 secs] [Times: user=0.03 sys=0.00, real=0.04 secs] 
2022-01-17T02:06:18.463+0800: 11.400: [GC (Allocation Failure) 2022-01-17T02:06:18.463+0800: 11.400: [DefNew: 1258303K->139775K(1258304K), 0.0346814 secs] 3547370K->2581970K(4054528K), 0.0347402 secs] [Times: user=0.03 sys=0.00, real=0.03 secs] 
2022-01-17T02:06:18.599+0800: 11.535: [GC (Allocation Failure) 2022-01-17T02:06:18.599+0800: 11.536: [DefNew: 1258303K->139775K(1258304K), 0.0344518 secs] 3700498K->2739181K(4054528K), 0.0345198 secs] [Times: user=0.05 sys=0.00, real=0.04 secs] 
2022-01-17T02:06:18.731+0800: 11.668: [GC (Allocation Failure) 2022-01-17T02:06:18.732+0800: 11.668: [DefNew: 1258303K->139776K(1258304K), 0.0423130 secs] 3857709K->2898446K(4054528K), 0.0423844 secs] [Times: user=0.03 sys=0.02, real=0.04 secs] 
2022-01-17T02:06:18.873+0800: 11.810: [GC (Allocation Failure) 2022-01-17T02:06:18.873+0800: 11.810: [DefNew: 1258304K->1258304K(1258304K), 0.0000132 secs]2022-01-17T02:06:18.873+0800: 11.810: [Tenured: 2758670K->373804K(2796224K), 0.0471503 secs] 4016974K->373804K(4054528K), [Metaspace: 2709K->2709K(1056768K)], 0.0472338 secs] [Times: user=0.05 sys=0.00, real=0.05 secs] 
2022-01-17T02:06:19.018+0800: 11.955: [GC (Allocation Failure) 2022-01-17T02:06:19.018+0800: 11.955: [DefNew: 1118528K->139775K(1258304K), 0.0283994 secs] 1492332K->617258K(4054528K), 0.0284619 secs] [Times: user=0.03 sys=0.00, real=0.03 secs] 
2022-01-17T02:06:19.146+0800: 12.082: [GC (Allocation Failure) 2022-01-17T02:06:19.146+0800: 12.082: [DefNew: 1258303K->139775K(1258304K), 0.0344914 secs] 1735786K->778768K(4054528K), 0.0345638 secs] [Times: user=0.05 sys=0.00, real=0.03 secs] 
2022-01-17T02:06:19.281+0800: 12.218: [GC (Allocation Failure) 2022-01-17T02:06:19.282+0800: 12.218: [DefNew: 1258303K->139775K(1258304K), 0.0326078 secs] 1897296K->920576K(4054528K), 0.0326710 secs] [Times: user=0.03 sys=0.00, real=0.03 secs] 
2022-01-17T02:06:19.413+0800: 12.349: [GC (Allocation Failure) 2022-01-17T02:06:19.413+0800: 12.349: [DefNew: 1258303K->139775K(1258304K), 0.0340853 secs] 2039104K->1076819K(4054528K), 0.0341525 secs] [Times: user=0.05 sys=0.00, real=0.03 secs] 
2022-01-17T02:06:19.547+0800: 12.484: [GC (Allocation Failure) 2022-01-17T02:06:19.547+0800: 12.484: [DefNew: 1258303K->139775K(1258304K), 0.0334054 secs] 2195347K->1226448K(4054528K), 0.0334678 secs] [Times: user=0.03 sys=0.00, real=0.03 secs] 
2022-01-17T02:06:19.679+0800: 12.616: [GC (Allocation Failure) 2022-01-17T02:06:19.679+0800: 12.616: [DefNew: 1258303K->139776K(1258304K), 0.0337488 secs] 2344976K->1380105K(4054528K), 0.0338178 secs] [Times: user=0.05 sys=0.00, real=0.03 secs] 
2022-01-17T02:06:19.810+0800: 12.747: [GC (Allocation Failure) 2022-01-17T02:06:19.811+0800: 12.747: [DefNew: 1258304K->139775K(1258304K), 0.0340154 secs] 2498633K->1536891K(4054528K), 0.0340645 secs] [Times: user=0.03 sys=0.00, real=0.03 secs] 
2022-01-17T02:06:19.943+0800: 12.880: [GC (Allocation Failure) 2022-01-17T02:06:19.943+0800: 12.880: [DefNew: 1258303K->139776K(1258304K), 0.0343166 secs] 2655419K->1691317K(4054528K), 0.0343835 secs] [Times: user=0.05 sys=0.00, real=0.03 secs] 
2022-01-17T02:06:20.074+0800: 13.011: [GC (Allocation Failure) 2022-01-17T02:06:20.074+0800: 13.011: [DefNew: 1258304K->139775K(1258304K), 0.0338342 secs] 2809845K->1842783K(4054528K), 0.0338907 secs] [Times: user=0.03 sys=0.00, real=0.03 secs] 
2022-01-17T02:06:20.209+0800: 13.145: [GC (Allocation Failure) 2022-01-17T02:06:20.209+0800: 13.145: [DefNew: 1258303K->139776K(1258304K), 0.0329518 secs] 2961311K->1986607K(4054528K), 0.0330184 secs] [Times: user=0.03 sys=0.00, real=0.03 secs] 
2022-01-17T02:06:20.340+0800: 13.277: [GC (Allocation Failure) 2022-01-17T02:06:20.340+0800: 13.277: [DefNew: 1258304K->139776K(1258304K), 0.0325248 secs] 3105135K->2127468K(4054528K), 0.0325738 secs] [Times: user=0.03 sys=0.00, real=0.03 secs] 
2022-01-17T02:06:20.470+0800: 13.407: [GC (Allocation Failure) 2022-01-17T02:06:20.470+0800: 13.407: [DefNew: 1258304K->139775K(1258304K), 0.0334666 secs] 3245996K->2275638K(4054528K), 0.0335282 secs] [Times: user=0.03 sys=0.00, real=0.03 secs] 
2022-01-17T02:06:20.600+0800: 13.536: [GC (Allocation Failure) 2022-01-17T02:06:20.600+0800: 13.536: [DefNew: 1258303K->139775K(1258304K), 0.0345352 secs] 3394166K->2432698K(4054528K), 0.0345955 secs] [Times: user=0.05 sys=0.00, real=0.04 secs] 
2022-01-17T02:06:20.735+0800: 13.672: [GC (Allocation Failure) 2022-01-17T02:06:20.735+0800: 13.672: [DefNew: 1258303K->139775K(1258304K), 0.0336245 secs] 3551226K->2583054K(4054528K), 0.0336859 secs] [Times: user=0.03 sys=0.00, real=0.03 secs] 
2022-01-17T02:06:20.866+0800: 13.802: [GC (Allocation Failure) 2022-01-17T02:06:20.866+0800: 13.802: [DefNew: 1258303K->139775K(1258304K), 0.0326731 secs] 3701582K->2724559K(4054528K), 0.0327439 secs] [Times: user=0.05 sys=0.00, real=0.03 secs] 
2022-01-17T02:06:21.001+0800: 13.937: [GC (Allocation Failure) 2022-01-17T02:06:21.001+0800: 13.937: [DefNew: 1258303K->139776K(1258304K), 0.0355454 secs] 3843087K->2891840K(4054528K), 0.0356092 secs] [Times: user=0.03 sys=0.00, real=0.04 secs] 
2022-01-17T02:06:21.134+0800: 14.070: [GC (Allocation Failure) 2022-01-17T02:06:21.134+0800: 14.070: [DefNew: 1258304K->1258304K(1258304K), 0.0000133 secs]2022-01-17T02:06:21.134+0800: 14.070: [Tenured: 2752064K->393794K(2796224K), 0.0492182 secs] 4010368K->393794K(4054528K), [Metaspace: 2709K->2709K(1056768K)], 0.0493018 secs] [Times: user=0.05 sys=0.00, real=0.05 secs] 
2022-01-17T02:06:21.283+0800: 14.220: [GC (Allocation Failure) 2022-01-17T02:06:21.283+0800: 14.220: [DefNew: 1118528K->139775K(1258304K), 0.0286135 secs] 1512322K->640247K(4054528K), 0.0286733 secs] [Times: user=0.03 sys=0.00, real=0.03 secs] 
2022-01-17T02:06:21.412+0800: 14.349: [GC (Allocation Failure) 2022-01-17T02:06:21.412+0800: 14.349: [DefNew: 1258303K->139776K(1258304K), 0.0325581 secs] 1758775K->781773K(4054528K), 0.0326246 secs] [Times: user=0.05 sys=0.00, real=0.03 secs] 
2022-01-17T02:06:21.542+0800: 14.478: [GC (Allocation Failure) 2022-01-17T02:06:21.542+0800: 14.478: [DefNew: 1258304K->139775K(1258304K), 0.0338032 secs] 1900301K->934006K(4054528K), 0.0338641 secs] [Times: user=0.03 sys=0.00, real=0.03 secs] 
2022-01-17T02:06:21.672+0800: 14.609: [GC (Allocation Failure) 2022-01-17T02:06:21.672+0800: 14.609: [DefNew: 1258303K->139776K(1258304K), 0.0338976 secs] 2052534K->1087037K(4054528K), 0.0339588 secs] [Times: user=0.03 sys=0.00, real=0.03 secs] 
2022-01-17T02:06:21.806+0800: 14.742: [GC (Allocation Failure) 2022-01-17T02:06:21.806+0800: 14.742: [DefNew: 1258304K->139775K(1258304K), 0.0340817 secs] 2205565K->1242874K(4054528K), 0.0341460 secs] [Times: user=0.03 sys=0.00, real=0.03 secs] 
2022-01-17T02:06:21.937+0800: 14.873: [GC (Allocation Failure) 2022-01-17T02:06:21.937+0800: 14.874: [DefNew: 1258303K->139775K(1258304K), 0.0340878 secs] 2361402K->1400872K(4054528K), 0.0341501 secs] [Times: user=0.03 sys=0.00, real=0.03 secs] 
2022-01-17T02:06:22.070+0800: 15.007: [GC (Allocation Failure) 2022-01-17T02:06:22.070+0800: 15.007: [DefNew: 1258303K->139775K(1258304K), 0.0345841 secs] 2519400K->1551363K(4054528K), 0.0346445 secs] [Times: user=0.03 sys=0.00, real=0.03 secs] 
2022-01-17T02:06:22.205+0800: 15.141: [GC (Allocation Failure) 2022-01-17T02:06:22.205+0800: 15.141: [DefNew: 1258303K->139775K(1258304K), 0.0332536 secs] 2669891K->1697445K(4054528K), 0.0333137 secs] [Times: user=0.03 sys=0.00, real=0.03 secs] 
2022-01-17T02:06:22.337+0800: 15.273: [GC (Allocation Failure) 2022-01-17T02:06:22.337+0800: 15.273: [DefNew: 1258303K->139775K(1258304K), 0.0344261 secs] 2815973K->1858189K(4054528K), 0.0344832 secs] [Times: user=0.03 sys=0.00, real=0.03 secs] 
2022-01-17T02:06:22.468+0800: 15.405: [GC (Allocation Failure) 2022-01-17T02:06:22.468+0800: 15.405: [DefNew: 1258303K->139775K(1258304K), 0.0326506 secs] 2976717K->2001689K(4054528K), 0.0327034 secs] [Times: user=0.03 sys=0.00, real=0.03 secs] 
2022-01-17T02:06:22.598+0800: 15.534: [GC (Allocation Failure) 2022-01-17T02:06:22.598+0800: 15.534: [DefNew: 1258303K->139776K(1258304K), 0.0348483 secs] 3120217K->2164629K(4054528K), 0.0349156 secs] [Times: user=0.05 sys=0.00, real=0.03 secs] 
2022-01-17T02:06:22.729+0800: 15.665: [GC (Allocation Failure) 2022-01-17T02:06:22.729+0800: 15.665: [DefNew: 1258304K->139776K(1258304K), 0.0348012 secs] 3283157K->2317890K(4054528K), 0.0348640 secs] [Times: user=0.03 sys=0.00, real=0.03 secs] 
2022-01-17T02:06:22.863+0800: 15.800: [GC (Allocation Failure) 2022-01-17T02:06:22.863+0800: 15.800: [DefNew: 1258304K->139776K(1258304K), 0.0348148 secs] 3436418K->2480183K(4054528K), 0.0348840 secs] [Times: user=0.05 sys=0.00, real=0.04 secs] 
2022-01-17T02:06:22.996+0800: 15.932: [GC (Allocation Failure) 2022-01-17T02:06:22.996+0800: 15.932: [DefNew: 1258304K->139776K(1258304K), 0.0347238 secs] 3598711K->2640918K(4054528K), 0.0347819 secs] [Times: user=0.03 sys=0.00, real=0.03 secs] 
2022-01-17T02:06:23.128+0800: 16.065: [GC (Allocation Failure) 2022-01-17T02:06:23.128+0800: 16.065: [DefNew: 1258304K->139775K(1258304K), 0.0337693 secs] 3759446K->2792289K(4054528K), 0.0338312 secs] [Times: user=0.03 sys=0.00, real=0.03 secs] 
2022-01-17T02:06:23.263+0800: 16.200: [GC (Allocation Failure) 2022-01-17T02:06:23.263+0800: 16.200: [DefNew: 1258303K->1258303K(1258304K), 0.0000130 secs]2022-01-17T02:06:23.263+0800: 16.200: [Tenured: 2652513K->378656K(2796224K), 0.0476959 secs] 3910817K->378656K(4054528K), [Metaspace: 2709K->2709K(1056768K)], 0.0477826 secs] [Times: user=0.05 sys=0.00, real=0.05 secs] 
2022-01-17T02:06:23.411+0800: 16.348: [GC (Allocation Failure) 2022-01-17T02:06:23.411+0800: 16.348: [DefNew: 1118528K->139775K(1258304K), 0.0270225 secs] 1497184K->611440K(4054528K), 0.0270824 secs] [Times: user=0.03 sys=0.00, real=0.03 secs] 
2022-01-17T02:06:23.539+0800: 16.476: [GC (Allocation Failure) 2022-01-17T02:06:23.539+0800: 16.476: [DefNew: 1258303K->139776K(1258304K), 0.0319980 secs] 1729968K->748456K(4054528K), 0.0320647 secs] [Times: user=0.03 sys=0.00, real=0.03 secs] 
2022-01-17T02:06:23.669+0800: 16.606: [GC (Allocation Failure) 2022-01-17T02:06:23.669+0800: 16.606: [DefNew: 1258304K->139775K(1258304K), 0.0341475 secs] 1866984K->906258K(4054528K), 0.0342006 secs] [Times: user=0.03 sys=0.00, real=0.03 secs] 
2022-01-17T02:06:23.802+0800: 16.738: [GC (Allocation Failure) 2022-01-17T02:06:23.802+0800: 16.738: [DefNew: 1258303K->139775K(1258304K), 0.0334457 secs] 2024786K->1056933K(4054528K), 0.0335102 secs] [Times: user=0.03 sys=0.00, real=0.03 secs] 
2022-01-17T02:06:23.932+0800: 16.869: [GC (Allocation Failure) 2022-01-17T02:06:23.932+0800: 16.869: [DefNew: 1258303K->139775K(1258304K), 0.0328497 secs] 2175461K->1200718K(4054528K), 0.0329076 secs] [Times: user=0.03 sys=0.00, real=0.03 secs] 
2022-01-17T02:06:24.061+0800: 16.998: [GC (Allocation Failure) 2022-01-17T02:06:24.061+0800: 16.998: [DefNew: 1258303K->139775K(1258304K), 0.0355307 secs] 2319246K->1369220K(4054528K), 0.0355912 secs] [Times: user=0.03 sys=0.00, real=0.04 secs] 
2022-01-17T02:06:24.196+0800: 17.132: [GC (Allocation Failure) 2022-01-17T02:06:24.196+0800: 17.132: [DefNew: 1258303K->139776K(1258304K), 0.0356353 secs] 2487748K->1539068K(4054528K), 0.0356980 secs] [Times: user=0.03 sys=0.00, real=0.03 secs] 
2022-01-17T02:06:24.328+0800: 17.265: [GC (Allocation Failure) 2022-01-17T02:06:24.328+0800: 17.265: [DefNew: 1258304K->139776K(1258304K), 0.0344650 secs] 2657596K->1696415K(4054528K), 0.0345295 secs] [Times: user=0.03 sys=0.00, real=0.03 secs] 
2022-01-17T02:06:24.466+0800: 17.403: [GC (Allocation Failure) 2022-01-17T02:06:24.466+0800: 17.403: [DefNew: 1258304K->139775K(1258304K), 0.0326816 secs] 2814943K->1836853K(4054528K), 0.0327292 secs] [Times: user=0.03 sys=0.00, real=0.03 secs] 
2022-01-17T02:06:24.602+0800: 17.538: [GC (Allocation Failure) 2022-01-17T02:06:24.602+0800: 17.538: [DefNew: 1258303K->139775K(1258304K), 0.0341369 secs] 2955381K->1990622K(4054528K), 0.0342052 secs] [Times: user=0.03 sys=0.00, real=0.03 secs] 
2022-01-17T02:06:24.733+0800: 17.670: [GC (Allocation Failure) 2022-01-17T02:06:24.733+0800: 17.670: [DefNew: 1258303K->139776K(1258304K), 0.0337002 secs] 3109150K->2138820K(4054528K), 0.0337512 secs] [Times: user=0.03 sys=0.00, real=0.03 secs] 
2022-01-17T02:06:24.866+0800: 17.802: [GC (Allocation Failure) 2022-01-17T02:06:24.866+0800: 17.802: [DefNew: 1258304K->139775K(1258304K), 0.0330658 secs] 3257348K->2282617K(4054528K), 0.0331342 secs] [Times: user=0.05 sys=0.00, real=0.03 secs] 
2022-01-17T02:06:24.997+0800: 17.934: [GC (Allocation Failure) 2022-01-17T02:06:24.997+0800: 17.934: [DefNew: 1258303K->139775K(1258304K), 0.0335999 secs] 3401145K->2430364K(4054528K), 0.0336600 secs] [Times: user=0.03 sys=0.00, real=0.03 secs] 
2022-01-17T02:06:25.135+0800: 18.071: [GC (Allocation Failure) 2022-01-17T02:06:25.135+0800: 18.071: [DefNew: 1258303K->139775K(1258304K), 0.0357267 secs] 3548892K->2588247K(4054528K), 0.0358213 secs] [Times: user=0.03 sys=0.00, real=0.04 secs] 
2022-01-17T02:06:25.272+0800: 18.208: [GC (Allocation Failure) 2022-01-17T02:06:25.272+0800: 18.208: [DefNew: 1258303K->139775K(1258304K), 0.0344672 secs] 3706775K->2747109K(4054528K), 0.0345971 secs] [Times: user=0.05 sys=0.00, real=0.03 secs] 
2022-01-17T02:06:25.406+0800: 18.343: [GC (Allocation Failure) 2022-01-17T02:06:25.406+0800: 18.343: [DefNew: 1258303K->139775K(1258304K), 0.0345975 secs] 3865637K->2901037K(4054528K), 0.0346598 secs] [Times: user=0.03 sys=0.00, real=0.04 secs] 
2022-01-17T02:06:25.535+0800: 18.472: [GC (Allocation Failure) 2022-01-17T02:06:25.535+0800: 18.472: [DefNew: 1258303K->1258303K(1258304K), 0.0000135 secs]2022-01-17T02:06:25.535+0800: 18.472: [Tenured: 2761261K->388942K(2796224K), 0.0485870 secs] 4019565K->388942K(4054528K), [Metaspace: 2709K->2709K(1056768K)], 0.0486792 secs] [Times: user=0.05 sys=0.00, real=0.05 secs] 
2022-01-17T02:06:25.681+0800: 18.617: [GC (Allocation Failure) 2022-01-17T02:06:25.681+0800: 18.617: [DefNew: 1118528K->139775K(1258304K), 0.0284306 secs] 1507470K->633162K(4054528K), 0.0284939 secs] [Times: user=0.02 sys=0.00, real=0.03 secs] 
2022-01-17T02:06:25.809+0800: 18.745: [GC (Allocation Failure) 2022-01-17T02:06:25.809+0800: 18.746: [DefNew: 1258303K->139775K(1258304K), 0.0329014 secs] 1751690K->778300K(4054528K), 0.0329585 secs] [Times: user=0.03 sys=0.00, real=0.03 secs] 
2022-01-17T02:06:25.940+0800: 18.876: [GC (Allocation Failure) 2022-01-17T02:06:25.940+0800: 18.876: [DefNew: 1258303K->139775K(1258304K), 0.0375242 secs] 1896828K->930544K(4054528K), 0.0375918 secs] [Times: user=0.05 sys=0.00, real=0.04 secs] 
2022-01-17T02:06:26.080+0800: 19.017: [GC (Allocation Failure) 2022-01-17T02:06:26.080+0800: 19.017: [DefNew: 1258303K->139776K(1258304K), 0.0339720 secs] 2049072K->1064105K(4054528K), 0.0340374 secs] [Times: user=0.03 sys=0.00, real=0.03 secs] 
2022-01-17T02:06:26.213+0800: 19.149: [GC (Allocation Failure) 2022-01-17T02:06:26.213+0800: 19.150: [DefNew: 1258304K->139775K(1258304K), 0.0329793 secs] 2182633K->1207995K(4054528K), 0.0330480 secs] [Times: user=0.03 sys=0.00, real=0.03 secs] 
2022-01-17T02:06:26.343+0800: 19.279: [GC (Allocation Failure) 2022-01-17T02:06:26.343+0800: 19.279: [DefNew: 1258303K->139775K(1258304K), 0.0354351 secs] 2326523K->1376847K(4054528K), 0.0354954 secs] [Times: user=0.03 sys=0.00, real=0.04 secs] 
2022-01-17T02:06:26.479+0800: 19.415: [GC (Allocation Failure) 2022-01-17T02:06:26.479+0800: 19.415: [DefNew: 1258303K->139775K(1258304K), 0.0343067 secs] 2495375K->1537417K(4054528K), 0.0343556 secs] [Times: user=0.03 sys=0.00, real=0.03 secs] 
2022-01-17T02:06:26.609+0800: 19.545: [GC (Allocation Failure) 2022-01-17T02:06:26.609+0800: 19.545: [DefNew: 1258303K->139775K(1258304K), 0.0344357 secs] 2655945K->1697523K(4054528K), 0.0344966 secs] [Times: user=0.03 sys=0.00, real=0.03 secs] 
2022-01-17T02:06:26.743+0800: 19.680: [GC (Allocation Failure) 2022-01-17T02:06:26.744+0800: 19.680: [DefNew: 1258303K->139775K(1258304K), 0.0347150 secs] 2816051K->1858046K(4054528K), 0.0347777 secs] [Times: user=0.03 sys=0.00, real=0.04 secs] 
2022-01-17T02:06:26.875+0800: 19.812: [GC (Allocation Failure) 2022-01-17T02:06:26.875+0800: 19.812: [DefNew: 1258303K->139775K(1258304K), 0.0358273 secs] 2976574K->2029930K(4054528K), 0.0358883 secs] [Times: user=0.03 sys=0.00, real=0.04 secs] 
2022-01-17T02:06:27.007+0800: 19.943: [GC (Allocation Failure) 2022-01-17T02:06:27.007+0800: 19.944: [DefNew: 1258303K->139776K(1258304K), 0.0336247 secs] 3148458K->2180258K(4054528K), 0.0337028 secs] [Times: user=0.05 sys=0.00, real=0.03 secs] 
2022-01-17T02:06:27.139+0800: 20.075: [GC (Allocation Failure) 2022-01-17T02:06:27.139+0800: 20.075: [DefNew: 1258304K->139776K(1258304K), 0.0349043 secs] 3298786K->2339042K(4054528K), 0.0349667 secs] [Times: user=0.03 sys=0.00, real=0.04 secs] 
2022-01-17T02:06:27.272+0800: 20.209: [GC (Allocation Failure) 2022-01-17T02:06:27.272+0800: 20.209: [DefNew: 1258304K->139776K(1258304K), 0.0326239 secs] 3457570K->2479777K(4054528K), 0.0326959 secs] [Times: user=0.05 sys=0.00, real=0.03 secs] 
2022-01-17T02:06:27.404+0800: 20.341: [GC (Allocation Failure) 2022-01-17T02:06:27.404+0800: 20.341: [DefNew: 1258304K->139776K(1258304K), 0.0330564 secs] 3598305K->2625523K(4054528K), 0.0331135 secs] [Times: user=0.03 sys=0.00, real=0.03 secs] 
2022-01-17T02:06:27.537+0800: 20.473: [GC (Allocation Failure) 2022-01-17T02:06:27.537+0800: 20.473: [DefNew: 1258304K->139775K(1258304K), 0.0344917 secs] 3744051K->2776291K(4054528K), 0.0345568 secs] [Times: user=0.05 sys=0.00, real=0.03 secs] 
2022-01-17T02:06:27.670+0800: 20.607: [GC (Allocation Failure) 2022-01-17T02:06:27.670+0800: 20.607: [DefNew: 1258303K->1258303K(1258304K), 0.0000131 secs]2022-01-17T02:06:27.670+0800: 20.607: [Tenured: 2636515K->378114K(2796224K), 0.0487524 secs] 3894819K->378114K(4054528K), [Metaspace: 2709K->2709K(1056768K)], 0.0488365 secs] [Times: user=0.05 sys=0.00, real=0.05 secs] 
2022-01-17T02:06:27.819+0800: 20.755: [GC (Allocation Failure) 2022-01-17T02:06:27.819+0800: 20.755: [DefNew: 1118528K->139775K(1258304K), 0.0289124 secs] 1496642K->628083K(4054528K), 0.0289761 secs] [Times: user=0.03 sys=0.00, real=0.03 secs] 
2022-01-17T02:06:27.948+0800: 20.885: [GC (Allocation Failure) 2022-01-17T02:06:27.948+0800: 20.885: [DefNew: 1258303K->139775K(1258304K), 0.0320124 secs] 1746611K->768213K(4054528K), 0.0320741 secs] [Times: user=0.03 sys=0.00, real=0.03 secs] 
2022-01-17T02:06:28.077+0800: 21.014: [GC (Allocation Failure) 2022-01-17T02:06:28.077+0800: 21.014: [DefNew: 1258303K->139775K(1258304K), 0.0346303 secs] 1886741K->926966K(4054528K), 0.0346948 secs] [Times: user=0.03 sys=0.00, real=0.04 secs] 
2022-01-17T02:06:28.213+0800: 21.150: [GC (Allocation Failure) 2022-01-17T02:06:28.213+0800: 21.150: [DefNew: 1258303K->139776K(1258304K), 0.0337344 secs] 2045494K->1077319K(4054528K), 0.0337929 secs] [Times: user=0.03 sys=0.00, real=0.03 secs] 
2022-01-17T02:06:28.344+0800: 21.281: [GC (Allocation Failure) 2022-01-17T02:06:28.344+0800: 21.281: [DefNew: 1258304K->139776K(1258304K), 0.0339442 secs] 2195847K->1229831K(4054528K), 0.0340076 secs] [Times: user=0.03 sys=0.00, real=0.03 secs] 
2022-01-17T02:06:28.477+0800: 21.414: [GC (Allocation Failure) 2022-01-17T02:06:28.477+0800: 21.414: [DefNew: 1258304K->139775K(1258304K), 0.0338293 secs] 2348359K->1384596K(4054528K), 0.0338878 secs] [Times: user=0.03 sys=0.00, real=0.03 secs] 
2022-01-17T02:06:28.609+0800: 21.545: [GC (Allocation Failure) 2022-01-17T02:06:28.609+0800: 21.545: [DefNew: 1258303K->139776K(1258304K), 0.0344098 secs] 2503124K->1543214K(4054528K), 0.0344709 secs] [Times: user=0.03 sys=0.00, real=0.03 secs] 
2022-01-17T02:06:28.741+0800: 21.677: [GC (Allocation Failure) 2022-01-17T02:06:28.741+0800: 21.677: [DefNew: 1258304K->139776K(1258304K), 0.0336164 secs] 2661742K->1689680K(4054528K), 0.0336831 secs] [Times: user=0.05 sys=0.00, real=0.03 secs] 
2022-01-17T02:06:28.873+0800: 21.810: [GC (Allocation Failure) 2022-01-17T02:06:28.873+0800: 21.810: [DefNew: 1258304K->139775K(1258304K), 0.0347018 secs] 2808208K->1849958K(4054528K), 0.0347824 secs] [Times: user=0.03 sys=0.00, real=0.04 secs] 
2022-01-17T02:06:29.007+0800: 21.944: [GC (Allocation Failure) 2022-01-17T02:06:29.007+0800: 21.944: [DefNew: 1258303K->139776K(1258304K), 0.0352827 secs] 2968486K->2016096K(4054528K), 0.0353416 secs] [Times: user=0.05 sys=0.00, real=0.04 secs] 
2022-01-17T02:06:29.142+0800: 22.078: [GC (Allocation Failure) 2022-01-17T02:06:29.142+0800: 22.078: [DefNew: 1258304K->139775K(1258304K), 0.0329355 secs] 3134624K->2158845K(4054528K), 0.0329980 secs] [Times: user=0.03 sys=0.00, real=0.03 secs] 
2022-01-17T02:06:29.273+0800: 22.209: [GC (Allocation Failure) 2022-01-17T02:06:29.273+0800: 22.209: [DefNew: 1258303K->139775K(1258304K), 0.0330676 secs] 3277373K->2303159K(4054528K), 0.0331460 secs] [Times: user=0.03 sys=0.00, real=0.03 secs] 
2022-01-17T02:06:29.404+0800: 22.340: [GC (Allocation Failure) 2022-01-17T02:06:29.404+0800: 22.340: [DefNew: 1258303K->139776K(1258304K), 0.0342606 secs] 3421687K->2461519K(4054528K), 0.0343089 secs] [Times: user=0.03 sys=0.00, real=0.03 secs] 
2022-01-17T02:06:29.535+0800: 22.471: [GC (Allocation Failure) 2022-01-17T02:06:29.535+0800: 22.471: [DefNew: 1258304K->139775K(1258304K), 0.0330598 secs] 3580047K->2605324K(4054528K), 0.0331232 secs] [Times: user=0.03 sys=0.00, real=0.03 secs] 
2022-01-17T02:06:29.663+0800: 22.600: [GC (Allocation Failure) 2022-01-17T02:06:29.663+0800: 22.600: [DefNew: 1258303K->139776K(1258304K), 0.0350065 secs] 3723852K->2766227K(4054528K), 0.0350685 secs] [Times: user=0.05 sys=0.00, real=0.03 secs] 
2022-01-17T02:06:29.798+0800: 22.735: [GC (Allocation Failure) 2022-01-17T02:06:29.798+0800: 22.735: [DefNew: 1258304K->1258304K(1258304K), 0.0000130 secs]2022-01-17T02:06:29.798+0800: 22.735: [Tenured: 2626451K->364962K(2796224K), 0.0459486 secs] 3884755K->364962K(4054528K), [Metaspace: 2709K->2709K(1056768K)], 0.0460369 secs] [Times: user=0.05 sys=0.00, real=0.05 secs] 
2022-01-17T02:06:29.941+0800: 22.878: [GC (Allocation Failure) 2022-01-17T02:06:29.941+0800: 22.878: [DefNew: 1118528K->139775K(1258304K), 0.0280424 secs] 1483490K->606837K(4054528K), 0.0280993 secs] [Times: user=0.03 sys=0.00, real=0.03 secs] 
2022-01-17T02:06:30.067+0800: 23.004: [GC (Allocation Failure) 2022-01-17T02:06:30.067+0800: 23.004: [DefNew: 1258303K->139775K(1258304K), 0.0334627 secs] 1725365K->754318K(4054528K), 0.0335272 secs] [Times: user=0.03 sys=0.00, real=0.03 secs] 
2022-01-17T02:06:30.201+0800: 23.137: [GC (Allocation Failure) 2022-01-17T02:06:30.201+0800: 23.137: [DefNew: 1258303K->139775K(1258304K), 0.0341374 secs] 1872846K->913257K(4054528K), 0.0341956 secs] [Times: user=0.03 sys=0.00, real=0.03 secs] 
2022-01-17T02:06:30.332+0800: 23.269: [GC (Allocation Failure) 2022-01-17T02:06:30.332+0800: 23.269: [DefNew: 1258303K->139775K(1258304K), 0.0349826 secs] 2031785K->1078149K(4054528K), 0.0350496 secs] [Times: user=0.05 sys=0.00, real=0.04 secs] 
2022-01-17T02:06:30.468+0800: 23.404: [GC (Allocation Failure) 2022-01-17T02:06:30.468+0800: 23.404: [DefNew: 1258303K->139776K(1258304K), 0.0339261 secs] 2196677K->1230274K(4054528K), 0.0339860 secs] [Times: user=0.03 sys=0.00, real=0.03 secs] 
2022-01-17T02:06:30.601+0800: 23.537: [GC (Allocation Failure) 2022-01-17T02:06:30.601+0800: 23.537: [DefNew: 1258304K->139775K(1258304K), 0.0333582 secs] 2348802K->1377560K(4054528K), 0.0334254 secs] [Times: user=0.05 sys=0.00, real=0.03 secs] 
2022-01-17T02:06:30.730+0800: 23.666: [GC (Allocation Failure) 2022-01-17T02:06:30.730+0800: 23.666: [DefNew: 1258303K->139776K(1258304K), 0.0352375 secs] 2496088K->1541914K(4054528K), 0.0353032 secs] [Times: user=0.03 sys=0.00, real=0.04 secs] 
2022-01-17T02:06:30.863+0800: 23.800: [GC (Allocation Failure) 2022-01-17T02:06:30.863+0800: 23.800: [DefNew: 1258304K->139775K(1258304K), 0.0336818 secs] 2660442K->1692727K(4054528K), 0.0337498 secs] [Times: user=0.03 sys=0.00, real=0.03 secs] 
2022-01-17T02:06:31.001+0800: 23.937: [GC (Allocation Failure) 2022-01-17T02:06:31.001+0800: 23.937: [DefNew: 1258303K->139775K(1258304K), 0.0339955 secs] 2811255K->1848272K(4054528K), 0.0340591 secs] [Times: user=0.03 sys=0.00, real=0.03 secs] 
2022-01-17T02:06:31.134+0800: 24.071: [GC (Allocation Failure) 2022-01-17T02:06:31.134+0800: 24.071: [DefNew: 1258303K->139775K(1258304K), 0.0352276 secs] 2966800K->2011772K(4054528K), 0.0352771 secs] [Times: user=0.03 sys=0.00, real=0.04 secs] 
2022-01-17T02:06:31.268+0800: 24.204: [GC (Allocation Failure) 2022-01-17T02:06:31.268+0800: 24.204: [DefNew: 1258303K->139775K(1258304K), 0.0356667 secs] 3130300K->2182546K(4054528K), 0.0357326 secs] [Times: user=0.03 sys=0.00, real=0.04 secs] 
2022-01-17T02:06:31.400+0800: 24.336: [GC (Allocation Failure) 2022-01-17T02:06:31.400+0800: 24.336: [DefNew: 1258303K->139776K(1258304K), 0.0344824 secs] 3301074K->2342583K(4054528K), 0.0345406 secs] [Times: user=0.03 sys=0.00, real=0.03 secs] 
2022-01-17T02:06:31.535+0800: 24.472: [GC (Allocation Failure) 2022-01-17T02:06:31.535+0800: 24.472: [DefNew: 1258304K->139775K(1258304K), 0.0344704 secs] 3461111K->2499579K(4054528K), 0.0345393 secs] [Times: user=0.05 sys=0.00, real=0.03 secs] 
2022-01-17T02:06:31.668+0800: 24.604: [GC (Allocation Failure) 2022-01-17T02:06:31.668+0800: 24.604: [DefNew: 1258303K->139775K(1258304K), 0.0346539 secs] 3618107K->2660265K(4054528K), 0.0347046 secs] [Times: user=0.03 sys=0.00, real=0.03 secs] 
2022-01-17T02:06:31.805+0800: 24.741: [GC (Allocation Failure) 2022-01-17T02:06:31.805+0800: 24.741: [DefNew: 1258303K->139775K(1258304K), 0.0348721 secs] 3778793K->2818919K(4054528K), 0.0349421 secs] [Times: user=0.03 sys=0.00, real=0.03 secs] 
2022-01-17T02:06:31.938+0800: 24.875: [GC (Allocation Failure) 2022-01-17T02:06:31.938+0800: 24.875: [DefNew: 1258303K->1258303K(1258304K), 0.0000132 secs]2022-01-17T02:06:31.938+0800: 24.875: [Tenured: 2679143K->385663K(2796224K), 0.0481390 secs] 3937447K->385663K(4054528K), [Metaspace: 2709K->2709K(1056768K)], 0.0482255 secs] [Times: user=0.05 sys=0.00, real=0.05 secs] 
2022-01-17T02:06:32.083+0800: 25.019: [GC (Allocation Failure) 2022-01-17T02:06:32.083+0800: 25.019: [DefNew: 1118528K->139775K(1258304K), 0.0304072 secs] 1504191K->641515K(4054528K), 0.0304711 secs] [Times: user=0.03 sys=0.00, real=0.03 secs] 
2022-01-17T02:06:32.213+0800: 25.150: [GC (Allocation Failure) 2022-01-17T02:06:32.213+0800: 25.150: [DefNew: 1258303K->139775K(1258304K), 0.0341860 secs] 1760043K->801644K(4054528K), 0.0342320 secs] [Times: user=0.03 sys=0.00, real=0.03 secs] 
2022-01-17T02:06:32.342+0800: 25.279: [GC (Allocation Failure) 2022-01-17T02:06:32.342+0800: 25.279: [DefNew: 1258303K->139776K(1258304K), 0.0351793 secs] 1920172K->968206K(4054528K), 0.0352307 secs] [Times: user=0.03 sys=0.00, real=0.04 secs] 
2022-01-17T02:06:32.476+0800: 25.412: [GC (Allocation Failure) 2022-01-17T02:06:32.476+0800: 25.412: [DefNew: 1258304K->139775K(1258304K), 0.0321779 secs] 2086734K->1105895K(4054528K), 0.0322457 secs] [Times: user=0.05 sys=0.00, real=0.03 secs] 
2022-01-17T02:06:32.604+0800: 25.540: [GC (Allocation Failure) 2022-01-17T02:06:32.604+0800: 25.540: [DefNew: 1258303K->139775K(1258304K), 0.0331465 secs] 2224423K->1251134K(4054528K), 0.0332073 secs] [Times: user=0.03 sys=0.00, real=0.03 secs] 
2022-01-17T02:06:32.736+0800: 25.673: [GC (Allocation Failure) 2022-01-17T02:06:32.736+0800: 25.673: [DefNew: 1258303K->139776K(1258304K), 0.0343515 secs] 2369662K->1403830K(4054528K), 0.0344175 secs] [Times: user=0.03 sys=0.00, real=0.03 secs] 
2022-01-17T02:06:32.872+0800: 25.808: [GC (Allocation Failure) 2022-01-17T02:06:32.872+0800: 25.808: [DefNew: 1258304K->139775K(1258304K), 0.0338633 secs] 2522358K->1554180K(4054528K), 0.0339294 secs] [Times: user=0.03 sys=0.00, real=0.03 secs] 
2022-01-17T02:06:33.002+0800: 25.939: [GC (Allocation Failure) 2022-01-17T02:06:33.002+0800: 25.939: [DefNew: 1258303K->139775K(1258304K), 0.0351846 secs] 2672708K->1714592K(4054528K), 0.0352512 secs] [Times: user=0.03 sys=0.00, real=0.03 secs] 
2022-01-17T02:06:33.138+0800: 26.074: [GC (Allocation Failure) 2022-01-17T02:06:33.138+0800: 26.074: [DefNew: 1258303K->139775K(1258304K), 0.0344950 secs] 2833120K->1872232K(4054528K), 0.0345444 secs] [Times: user=0.03 sys=0.00, real=0.03 secs] 
2022-01-17T02:06:33.274+0800: 26.210: [GC (Allocation Failure) 2022-01-17T02:06:33.274+0800: 26.210: [DefNew: 1258303K->139776K(1258304K), 0.0323786 secs] 2990760K->2012105K(4054528K), 0.0324463 secs] [Times: user=0.03 sys=0.00, real=0.03 secs] 
2022-01-17T02:06:33.406+0800: 26.342: [GC (Allocation Failure) 2022-01-17T02:06:33.406+0800: 26.343: [DefNew: 1258304K->139775K(1258304K), 0.0332038 secs] 3130633K->2160234K(4054528K), 0.0332660 secs] [Times: user=0.03 sys=0.00, real=0.03 secs] 
2022-01-17T02:06:33.539+0800: 26.475: [GC (Allocation Failure) 2022-01-17T02:06:33.539+0800: 26.475: [DefNew: 1258303K->139775K(1258304K), 0.0341386 secs] 3278762K->2313506K(4054528K), 0.0342020 secs] [Times: user=0.03 sys=0.00, real=0.03 secs] 
2022-01-17T02:06:33.671+0800: 26.607: [GC (Allocation Failure) 2022-01-17T02:06:33.671+0800: 26.607: [DefNew: 1258303K->139775K(1258304K), 0.0334098 secs] 3432034K->2461990K(4054528K), 0.0334663 secs] [Times: user=0.03 sys=0.00, real=0.03 secs] 
2022-01-17T02:06:33.800+0800: 26.736: [GC (Allocation Failure) 2022-01-17T02:06:33.800+0800: 26.736: [DefNew: 1258303K->139775K(1258304K), 0.0343092 secs] 3580518K->2617019K(4054528K), 0.0343729 secs] [Times: user=0.03 sys=0.00, real=0.03 secs] 
2022-01-17T02:06:33.933+0800: 26.869: [GC (Allocation Failure) 2022-01-17T02:06:33.933+0800: 26.869: [DefNew: 1258303K->139775K(1258304K), 0.0348976 secs] 3735547K->2778165K(4054528K), 0.0349484 secs] [Times: user=0.03 sys=0.00, real=0.03 secs] 
2022-01-17T02:06:34.067+0800: 27.004: [GC (Allocation Failure) 2022-01-17T02:06:34.067+0800: 27.004: [DefNew: 1258303K->1258303K(1258304K), 0.0000135 secs]2022-01-17T02:06:34.067+0800: 27.004: [Tenured: 2638389K->397851K(2796224K), 0.0495650 secs] 3896693K->397851K(4054528K), [Metaspace: 2709K->2709K(1056768K)], 0.0496586 secs] [Times: user=0.05 sys=0.00, real=0.05 secs] 
2022-01-17T02:06:34.218+0800: 27.155: [GC (Allocation Failure) 2022-01-17T02:06:34.218+0800: 27.155: [DefNew: 1118528K->139776K(1258304K), 0.0281841 secs] 1516379K->641155K(4054528K), 0.0282442 secs] [Times: user=0.03 sys=0.00, real=0.03 secs] 
2022-01-17T02:06:34.345+0800: 27.281: [GC (Allocation Failure) 2022-01-17T02:06:34.345+0800: 27.281: [DefNew: 1258304K->139775K(1258304K), 0.0347932 secs] 1759683K->804220K(4054528K), 0.0348572 secs] [Times: user=0.03 sys=0.00, real=0.04 secs] 
2022-01-17T02:06:34.477+0800: 27.414: [GC (Allocation Failure) 2022-01-17T02:06:34.477+0800: 27.414: [DefNew: 1258303K->139775K(1258304K), 0.0341000 secs] 1922748K->961120K(4054528K), 0.0341596 secs] [Times: user=0.03 sys=0.00, real=0.03 secs] 
2022-01-17T02:06:34.610+0800: 27.547: [GC (Allocation Failure) 2022-01-17T02:06:34.610+0800: 27.547: [DefNew: 1258303K->139775K(1258304K), 0.0356602 secs] 2079648K->1132901K(4054528K), 0.0357257 secs] [Times: user=0.03 sys=0.00, real=0.04 secs] 
2022-01-17T02:06:34.743+0800: 27.679: [GC (Allocation Failure) 2022-01-17T02:06:34.743+0800: 27.679: [DefNew: 1258303K->139776K(1258304K), 0.0345325 secs] 2251429K->1286327K(4054528K), 0.0345923 secs] [Times: user=0.03 sys=0.00, real=0.03 secs] 
2022-01-17T02:06:34.873+0800: 27.809: [GC (Allocation Failure) 2022-01-17T02:06:34.873+0800: 27.809: [DefNew: 1258304K->139775K(1258304K), 0.0338793 secs] 2404855K->1439867K(4054528K), 0.0339286 secs] [Times: user=0.03 sys=0.00, real=0.03 secs] 
2022-01-17T02:06:35.008+0800: 27.944: [GC (Allocation Failure) 2022-01-17T02:06:35.008+0800: 27.944: [DefNew: 1258303K->139775K(1258304K), 0.0335444 secs] 2558395K->1591686K(4054528K), 0.0336079 secs] [Times: user=0.03 sys=0.00, real=0.03 secs] 
2022-01-17T02:06:35.139+0800: 28.076: [GC (Allocation Failure) 2022-01-17T02:06:35.139+0800: 28.076: [DefNew: 1258303K->139776K(1258304K), 0.0342958 secs] 2710214K->1746064K(4054528K), 0.0343552 secs] [Times: user=0.03 sys=0.00, real=0.04 secs] 
2022-01-17T02:06:35.276+0800: 28.212: [GC (Allocation Failure) 2022-01-17T02:06:35.276+0800: 28.212: [DefNew: 1258304K->139775K(1258304K), 0.0336313 secs] 2864592K->1896099K(4054528K), 0.0337000 secs] [Times: user=0.03 sys=0.00, real=0.03 secs] 
2022-01-17T02:06:35.406+0800: 28.343: [GC (Allocation Failure) 2022-01-17T02:06:35.406+0800: 28.343: [DefNew: 1258303K->139776K(1258304K), 0.0350890 secs] 3014627K->2059171K(4054528K), 0.0351553 secs] [Times: user=0.03 sys=0.00, real=0.04 secs] 
2022-01-17T02:06:35.538+0800: 28.474: [GC (Allocation Failure) 2022-01-17T02:06:35.538+0800: 28.474: [DefNew: 1258304K->139775K(1258304K), 0.0341263 secs] 3177699K->2212824K(4054528K), 0.0341866 secs] [Times: user=0.05 sys=0.00, real=0.03 secs] 
2022-01-17T02:06:35.668+0800: 28.605: [GC (Allocation Failure) 2022-01-17T02:06:35.668+0800: 28.605: [DefNew: 1258303K->139775K(1258304K), 0.0345910 secs] 3331352K->2373711K(4054528K), 0.0346484 secs] [Times: user=0.03 sys=0.00, real=0.04 secs] 
2022-01-17T02:06:35.802+0800: 28.739: [GC (Allocation Failure) 2022-01-17T02:06:35.802+0800: 28.739: [DefNew: 1258303K->139775K(1258304K), 0.0341670 secs] 3492239K->2529430K(4054528K), 0.0342343 secs] [Times: user=0.05 sys=0.00, real=0.03 secs] 
2022-01-17T02:06:35.935+0800: 28.871: [GC (Allocation Failure) 2022-01-17T02:06:35.935+0800: 28.871: [DefNew: 1258303K->139775K(1258304K), 0.0383199 secs] 3647958K->2690375K(4054528K), 0.0383945 secs] [Times: user=0.03 sys=0.00, real=0.04 secs] 
2022-01-17T02:06:36.073+0800: 29.010: [GC (Allocation Failure) 2022-01-17T02:06:36.074+0800: 29.010: [DefNew: 1258303K->139776K(1258304K), 0.0374603 secs] 3808903K->2853606K(4054528K), 0.0375168 secs] [Times: user=0.03 sys=0.00, real=0.04 secs] 
2022-01-17T02:06:36.212+0800: 29.149: [GC (Allocation Failure) 2022-01-17T02:06:36.212+0800: 29.149: [DefNew: 1258304K->1258304K(1258304K), 0.0000135 secs]2022-01-17T02:06:36.212+0800: 29.149: [Tenured: 2713830K->386347K(2796224K), 0.0481445 secs] 3972134K->386347K(4054528K), [Metaspace: 2709K->2709K(1056768K)], 0.0482274 secs] [Times: user=0.05 sys=0.00, real=0.05 secs] 
2022-01-17T02:06:36.360+0800: 29.297: [GC (Allocation Failure) 2022-01-17T02:06:36.360+0800: 29.297: [DefNew: 1118528K->139775K(1258304K), 0.0280534 secs] 1504875K->628316K(4054528K), 0.0281000 secs] [Times: user=0.03 sys=0.00, real=0.03 secs] 
2022-01-17T02:06:36.485+0800: 29.422: [GC (Allocation Failure) 2022-01-17T02:06:36.485+0800: 29.422: [DefNew: 1258303K->139775K(1258304K), 0.0345872 secs] 1746844K->790222K(4054528K), 0.0346518 secs] [Times: user=0.03 sys=0.00, real=0.04 secs] 
2022-01-17T02:06:36.620+0800: 29.556: [GC (Allocation Failure) 2022-01-17T02:06:36.620+0800: 29.556: [DefNew: 1258303K->139775K(1258304K), 0.0338785 secs] 1908750K->946116K(4054528K), 0.0339296 secs] [Times: user=0.03 sys=0.00, real=0.03 secs] 
2022-01-17T02:06:36.752+0800: 29.688: [GC (Allocation Failure) 2022-01-17T02:06:36.752+0800: 29.688: [DefNew: 1258303K->139775K(1258304K), 0.0335921 secs] 2064644K->1094573K(4054528K), 0.0336557 secs] [Times: user=0.03 sys=0.00, real=0.03 secs] 
2022-01-17T02:06:36.882+0800: 29.818: [GC (Allocation Failure) 2022-01-17T02:06:36.882+0800: 29.818: [DefNew: 1258303K->139775K(1258304K), 0.0324418 secs] 2213101K->1239112K(4054528K), 0.0325068 secs] [Times: user=0.05 sys=0.00, real=0.03 secs] 
2022-01-17T02:06:37.012+0800: 29.948: [GC (Allocation Failure) 2022-01-17T02:06:37.012+0800: 29.948: [DefNew: 1258303K->139775K(1258304K), 0.0345651 secs] 2357640K->1400891K(4054528K), 0.0346160 secs] [Times: user=0.03 sys=0.00, real=0.03 secs] 
Heap
 def new generation   total 1258304K, used 1153809K [0x00000006c0000000, 0x0000000715550000, 0x0000000715550000)
  eden space 1118528K,  90% used [0x00000006c0000000, 0x00000006fde446d8, 0x0000000704450000)
  from space 139776K,  99% used [0x0000000704450000, 0x000000070cccfff8, 0x000000070ccd0000)
  to   space 139776K,   0% used [0x000000070ccd0000, 0x000000070ccd0000, 0x0000000715550000)
 tenured generation   total 2796224K, used 1261115K [0x0000000715550000, 0x00000007c0000000, 0x00000007c0000000)
   the space 2796224K,  45% used [0x0000000715550000, 0x00000007624dedc8, 0x00000007624dee00, 0x00000007c0000000)
 Metaspace       used 2716K, capacity 4490K, committed 4864K, reserved 1056768K
  class space    used 291K, capacity 386K, committed 512K, reserved 1048576K
