Java HotSpot(TM) 64-Bit Server VM (25.231-b11) for windows-amd64 JRE (1.8.0_231-b11), built on Oct  5 2019 03:11:30 by "java_re" with MS VC++ 10.0 (VS2010)
Memory: 4k page, physical 16718268k(8489756k free), swap 19208636k(3949752k free)
CommandLine flags: -XX:InitialHeapSize=536870912 -XX:MaxHeapSize=536870912 -XX:+PrintGC -XX:+PrintGCDateStamps -XX:+PrintGCDetails -XX:+PrintGCTimeStamps -XX:-UseAdaptiveSizePolicy -XX:+UseCompressedClassPointers -XX:+UseCompressedOops -XX:-UseLargePagesIndividualAllocation -XX:+UseSerialGC 
2022-01-17T00:23:51.947+0800: 0.108: [GC (Allocation Failure) 2022-01-17T00:23:51.947+0800: 0.108: [DefNew: 139776K->17472K(157248K), 0.0144170 secs] 139776K->47227K(506816K), 0.0145549 secs] [Times: user=0.02 sys=0.00, real=0.01 secs] 
2022-01-17T00:23:51.976+0800: 0.137: [GC (Allocation Failure) 2022-01-17T00:23:51.976+0800: 0.137: [DefNew: 157248K->17471K(157248K), 0.0184119 secs] 187003K->91405K(506816K), 0.0184775 secs] [Times: user=0.02 sys=0.00, real=0.02 secs] 
2022-01-17T00:23:52.008+0800: 0.169: [GC (Allocation Failure) 2022-01-17T00:23:52.008+0800: 0.169: [DefNew: 157247K->17471K(157248K), 0.0171657 secs] 231181K->143277K(506816K), 0.0172268 secs] [Times: user=0.00 sys=0.02, real=0.02 secs] 
2022-01-17T00:23:52.039+0800: 0.200: [GC (Allocation Failure) 2022-01-17T00:23:52.039+0800: 0.200: [DefNew: 156685K->17471K(157248K), 0.0143193 secs] 282491K->185711K(506816K), 0.0143840 secs] [Times: user=0.00 sys=0.00, real=0.01 secs] 
2022-01-17T00:23:52.067+0800: 0.228: [GC (Allocation Failure) 2022-01-17T00:23:52.068+0800: 0.228: [DefNew: 157247K->17470K(157248K), 0.0143650 secs] 325487K->227596K(506816K), 0.0144278 secs] [Times: user=0.02 sys=0.00, real=0.02 secs] 
2022-01-17T00:23:52.095+0800: 0.256: [GC (Allocation Failure) 2022-01-17T00:23:52.095+0800: 0.256: [DefNew: 157246K->17470K(157248K), 0.0143136 secs] 367372K->269220K(506816K), 0.0143723 secs] [Times: user=0.02 sys=0.00, real=0.01 secs] 
2022-01-17T00:23:52.123+0800: 0.283: [GC (Allocation Failure) 2022-01-17T00:23:52.123+0800: 0.283: [DefNew: 157239K->17471K(157248K), 0.0167169 secs] 408989K->315937K(506816K), 0.0167969 secs] [Times: user=0.00 sys=0.02, real=0.02 secs] 
2022-01-17T00:23:52.152+0800: 0.312: [GC (Allocation Failure) 2022-01-17T00:23:52.152+0800: 0.312: [DefNew: 157014K->157014K(157248K), 0.0000127 secs]2022-01-17T00:23:52.152+0800: 0.312: [Tenured: 298465K->273857K(349568K), 0.0280483 secs] 455480K->273857K(506816K), [Metaspace: 2702K->2702K(1056768K)], 0.0281339 secs] [Times: user=0.03 sys=0.00, real=0.03 secs] 
2022-01-17T00:23:52.194+0800: 0.355: [GC (Allocation Failure) 2022-01-17T00:23:52.194+0800: 0.355: [DefNew: 139776K->17471K(157248K), 0.0071186 secs] 413633K->321757K(506816K), 0.0071736 secs] [Times: user=0.02 sys=0.00, real=0.01 secs] 
2022-01-17T00:23:52.216+0800: 0.376: [GC (Allocation Failure) 2022-01-17T00:23:52.216+0800: 0.376: [DefNew: 157247K->157247K(157248K), 0.0000128 secs]2022-01-17T00:23:52.216+0800: 0.376: [Tenured: 304286K->306905K(349568K), 0.0331582 secs] 461533K->306905K(506816K), [Metaspace: 2702K->2702K(1056768K)], 0.0332427 secs] [Times: user=0.03 sys=0.00, real=0.03 secs] 
2022-01-17T00:23:52.262+0800: 0.422: [GC (Allocation Failure) 2022-01-17T00:23:52.262+0800: 0.423: [DefNew: 139776K->139776K(157248K), 0.0000129 secs]2022-01-17T00:23:52.262+0800: 0.423: [Tenured: 306905K->320628K(349568K), 0.0363190 secs] 446681K->320628K(506816K), [Metaspace: 2702K->2702K(1056768K)], 0.0363985 secs] [Times: user=0.03 sys=0.00, real=0.04 secs] 
2022-01-17T00:23:52.312+0800: 0.472: [GC (Allocation Failure) 2022-01-17T00:23:52.312+0800: 0.473: [DefNew: 139659K->139659K(157248K), 0.0000128 secs]2022-01-17T00:23:52.312+0800: 0.473: [Tenured: 320628K->312304K(349568K), 0.0353873 secs] 460288K->312304K(506816K), [Metaspace: 2702K->2702K(1056768K)], 0.0354762 secs] [Times: user=0.03 sys=0.00, real=0.03 secs] 
2022-01-17T00:23:52.360+0800: 0.521: [GC (Allocation Failure) 2022-01-17T00:23:52.360+0800: 0.521: [DefNew: 139776K->139776K(157248K), 0.0000131 secs]2022-01-17T00:23:52.360+0800: 0.521: [Tenured: 312304K->334964K(349568K), 0.0283901 secs] 452080K->334964K(506816K), [Metaspace: 2702K->2702K(1056768K)], 0.0284750 secs] [Times: user=0.03 sys=0.00, real=0.03 secs] 
2022-01-17T00:23:52.403+0800: 0.564: [GC (Allocation Failure) 2022-01-17T00:23:52.403+0800: 0.564: [DefNew: 139776K->139776K(157248K), 0.0000128 secs]2022-01-17T00:23:52.403+0800: 0.564: [Tenured: 334964K->334847K(349568K), 0.0310845 secs] 474740K->334847K(506816K), [Metaspace: 2702K->2702K(1056768K)], 0.0311628 secs] [Times: user=0.03 sys=0.00, real=0.03 secs] 
2022-01-17T00:23:52.449+0800: 0.610: [GC (Allocation Failure) 2022-01-17T00:23:52.449+0800: 0.610: [DefNew: 139776K->139776K(157248K), 0.0000126 secs]2022-01-17T00:23:52.449+0800: 0.610: [Tenured: 334847K->340888K(349568K), 0.0358820 secs] 474623K->340888K(506816K), [Metaspace: 2702K->2702K(1056768K)], 0.0359555 secs] [Times: user=0.03 sys=0.00, real=0.04 secs] 
2022-01-17T00:23:52.499+0800: 0.659: [GC (Allocation Failure) 2022-01-17T00:23:52.499+0800: 0.659: [DefNew: 139776K->139776K(157248K), 0.0000145 secs]2022-01-17T00:23:52.499+0800: 0.659: [Tenured: 340888K->330101K(349568K), 0.0372604 secs] 480664K->330101K(506816K), [Metaspace: 2702K->2702K(1056768K)], 0.0373499 secs] [Times: user=0.03 sys=0.00, real=0.04 secs] 
2022-01-17T00:23:52.548+0800: 0.708: [GC (Allocation Failure) 2022-01-17T00:23:52.548+0800: 0.708: [DefNew: 139776K->139776K(157248K), 0.0000125 secs]2022-01-17T00:23:52.548+0800: 0.708: [Tenured: 330101K->349541K(349568K), 0.0302921 secs] 469877K->358238K(506816K), [Metaspace: 2702K->2702K(1056768K)], 0.0303824 secs] [Times: user=0.03 sys=0.00, real=0.03 secs] 
2022-01-17T00:23:52.596+0800: 0.756: [Full GC (Allocation Failure) 2022-01-17T00:23:52.596+0800: 0.756: [Tenured: 349541K->349538K(349568K), 0.0359779 secs] 506702K->361925K(506816K), [Metaspace: 2702K->2702K(1056768K)], 0.0360501 secs] [Times: user=0.03 sys=0.00, real=0.04 secs] 
2022-01-17T00:23:52.646+0800: 0.807: [Full GC (Allocation Failure) 2022-01-17T00:23:52.646+0800: 0.807: [Tenured: 349538K->349518K(349568K), 0.0372833 secs] 506631K->361781K(506816K), [Metaspace: 2702K->2702K(1056768K)], 0.0373621 secs] [Times: user=0.05 sys=0.00, real=0.04 secs] 
2022-01-17T00:23:52.698+0800: 0.859: [Full GC (Allocation Failure) 2022-01-17T00:23:52.698+0800: 0.859: [Tenured: 349518K->343973K(349568K), 0.0397371 secs] 506489K->343973K(506816K), [Metaspace: 2702K->2702K(1056768K)], 0.0397973 secs] [Times: user=0.03 sys=0.00, real=0.04 secs] 
2022-01-17T00:23:52.751+0800: 0.912: [GC (Allocation Failure) 2022-01-17T00:23:52.751+0800: 0.912: [DefNew: 139776K->139776K(157248K), 0.0000129 secs]2022-01-17T00:23:52.751+0800: 0.912: [Tenured: 343973K->349204K(349568K), 0.0258418 secs] 483749K->369924K(506816K), [Metaspace: 2702K->2702K(1056768K)], 0.0259249 secs] [Times: user=0.03 sys=0.00, real=0.03 secs] 
2022-01-17T00:23:52.791+0800: 0.951: [Full GC (Allocation Failure) 2022-01-17T00:23:52.791+0800: 0.951: [Tenured: 349406K->349533K(349568K), 0.0329967 secs] 506624K->375491K(506816K), [Metaspace: 2702K->2702K(1056768K)], 0.0331191 secs] [Times: user=0.03 sys=0.00, real=0.03 secs] 
2022-01-17T00:23:52.835+0800: 0.996: [Full GC (Allocation Failure) 2022-01-17T00:23:52.835+0800: 0.996: [Tenured: 349533K->349375K(349568K), 0.0382393 secs] 506738K->376947K(506816K), [Metaspace: 2702K->2702K(1056768K)], 0.0383031 secs] [Times: user=0.05 sys=0.00, real=0.04 secs] 
2022-01-17T00:23:52.887+0800: 1.048: [Full GC (Allocation Failure) 2022-01-17T00:23:52.888+0800: 1.048: [Tenured: 349553K->349548K(349568K), 0.0483526 secs] 506794K->370355K(506816K), [Metaspace: 2702K->2702K(1056768K)], 0.0484121 secs] [Times: user=0.05 sys=0.00, real=0.05 secs] 
2022-01-17T00:23:52.949+0800: 1.109: [Full GC (Allocation Failure) 2022-01-17T00:23:52.949+0800: 1.109: [Tenured: 349548K->349544K(349568K), 0.0287831 secs] 506796K->390568K(506816K), [Metaspace: 2702K->2702K(1056768K)], 0.0288550 secs] [Times: user=0.03 sys=0.00, real=0.03 secs] 
2022-01-17T00:23:52.989+0800: 1.149: [Full GC (Allocation Failure) 2022-01-17T00:23:52.989+0800: 1.149: [Tenured: 349544K->349414K(349568K), 0.0344540 secs] 506617K->384179K(506816K), [Metaspace: 2702K->2702K(1056768K)], 0.0345291 secs] [Times: user=0.03 sys=0.00, real=0.03 secs] 
2022-01-17T00:23:53.035+0800: 1.196: [Full GC (Allocation Failure) 2022-01-17T00:23:53.035+0800: 1.196: [Tenured: 349414K->349489K(349568K), 0.0363173 secs] 506409K->383770K(506816K), [Metaspace: 2702K->2702K(1056768K)], 0.0363919 secs] [Times: user=0.05 sys=0.00, real=0.04 secs] 
2022-01-17T00:23:53.085+0800: 1.246: [Full GC (Allocation Failure) 2022-01-17T00:23:53.085+0800: 1.246: [Tenured: 349489K->349486K(349568K), 0.0432299 secs] 506607K->366169K(506816K), [Metaspace: 2702K->2702K(1056768K)], 0.0433019 secs] [Times: user=0.05 sys=0.00, real=0.04 secs] 
2022-01-17T00:23:53.142+0800: 1.302: [Full GC (Allocation Failure) 2022-01-17T00:23:53.142+0800: 1.303: [Tenured: 349558K->349512K(349568K), 0.0251754 secs] 506771K->382288K(506816K), [Metaspace: 2702K->2702K(1056768K)], 0.0252385 secs] [Times: user=0.03 sys=0.00, real=0.03 secs] 
2022-01-17T00:23:53.178+0800: 1.339: [Full GC (Allocation Failure) 2022-01-17T00:23:53.178+0800: 1.339: [Tenured: 349512K->349308K(349568K), 0.0369599 secs] 506759K->378146K(506816K), [Metaspace: 2702K->2702K(1056768K)], 0.0370295 secs] [Times: user=0.05 sys=0.00, real=0.04 secs] 
2022-01-17T00:23:53.231+0800: 1.392: [Full GC (Allocation Failure) 2022-01-17T00:23:53.232+0800: 1.392: [Tenured: 349308K->349404K(349568K), 0.0433511 secs] 506189K->378146K(506816K), [Metaspace: 2702K->2702K(1056768K)], 0.0434245 secs] [Times: user=0.05 sys=0.00, real=0.04 secs] 
2022-01-17T00:23:53.289+0800: 1.450: [Full GC (Allocation Failure) 2022-01-17T00:23:53.289+0800: 1.450: [Tenured: 349404K->349036K(349568K), 0.0466602 secs] 506616K->361154K(506816K), [Metaspace: 2702K->2702K(1056768K)], 0.0467553 secs] [Times: user=0.05 sys=0.00, real=0.05 secs] 
2022-01-17T00:23:53.350+0800: 1.511: [Full GC (Allocation Failure) 2022-01-17T00:23:53.350+0800: 1.511: [Tenured: 349214K->349505K(349568K), 0.0254692 secs] 506462K->380674K(506816K), [Metaspace: 2702K->2702K(1056768K)], 0.0255381 secs] [Times: user=0.03 sys=0.00, real=0.03 secs] 
2022-01-17T00:23:53.387+0800: 1.547: [Full GC (Allocation Failure) 2022-01-17T00:23:53.387+0800: 1.547: [Tenured: 349505K->349489K(349568K), 0.0355280 secs] 506752K->382433K(506816K), [Metaspace: 2702K->2702K(1056768K)], 0.0355842 secs] [Times: user=0.03 sys=0.00, real=0.03 secs] 
2022-01-17T00:23:53.433+0800: 1.594: [Full GC (Allocation Failure) 2022-01-17T00:23:53.434+0800: 1.594: [Tenured: 349489K->349551K(349568K), 0.0358923 secs] 506171K->386101K(506816K), [Metaspace: 2702K->2702K(1056768K)], 0.0359634 secs] [Times: user=0.03 sys=0.00, real=0.04 secs] 
2022-01-17T00:23:53.481+0800: 1.641: [Full GC (Allocation Failure) 2022-01-17T00:23:53.481+0800: 1.642: [Tenured: 349551K->349529K(349568K), 0.0415288 secs] 506764K->369484K(506816K), [Metaspace: 2702K->2702K(1056768K)], 0.0415966 secs] [Times: user=0.03 sys=0.00, real=0.04 secs] 
2022-01-17T00:23:53.535+0800: 1.696: [Full GC (Allocation Failure) 2022-01-17T00:23:53.535+0800: 1.696: [Tenured: 349529K->349231K(349568K), 0.0325492 secs] 506253K->384609K(506816K), [Metaspace: 2702K->2702K(1056768K)], 0.0326229 secs] [Times: user=0.03 sys=0.00, real=0.03 secs] 
2022-01-17T00:23:53.581+0800: 1.742: [Full GC (Allocation Failure) 2022-01-17T00:23:53.581+0800: 1.742: [Tenured: 349375K->349079K(349568K), 0.0365734 secs] 506605K->388424K(506816K), [Metaspace: 2702K->2702K(1056768K)], 0.0366432 secs] [Times: user=0.05 sys=0.00, real=0.04 secs] 
2022-01-17T00:23:53.629+0800: 1.790: [Full GC (Allocation Failure) 2022-01-17T00:23:53.629+0800: 1.790: [Tenured: 349560K->349268K(349568K), 0.0387243 secs] 506743K->388556K(506816K), [Metaspace: 2702K->2702K(1056768K)], 0.0387904 secs] [Times: user=0.05 sys=0.00, real=0.04 secs] 
2022-01-17T00:23:53.679+0800: 1.840: [Full GC (Allocation Failure) 2022-01-17T00:23:53.679+0800: 1.840: [Tenured: 349268K->349338K(349568K), 0.0425447 secs] 506044K->371499K(506816K), [Metaspace: 2702K->2702K(1056768K)], 0.0426112 secs] [Times: user=0.05 sys=0.00, real=0.04 secs] 
2022-01-17T00:23:53.736+0800: 1.896: [Full GC (Allocation Failure) 2022-01-17T00:23:53.736+0800: 1.896: [Tenured: 349537K->349387K(349568K), 0.0326315 secs] 506772K->387510K(506816K), [Metaspace: 2702K->2702K(1056768K)], 0.0326851 secs] [Times: user=0.03 sys=0.00, real=0.03 secs] 
2022-01-17T00:23:53.780+0800: 1.941: [Full GC (Allocation Failure) 2022-01-17T00:23:53.780+0800: 1.941: [Tenured: 349459K->349460K(349568K), 0.0374564 secs] 506667K->388833K(506816K), [Metaspace: 2702K->2702K(1056768K)], 0.0375177 secs] [Times: user=0.03 sys=0.00, real=0.04 secs] 
2022-01-17T00:23:53.830+0800: 1.990: [Full GC (Allocation Failure) 2022-01-17T00:23:53.830+0800: 1.990: [Tenured: 349532K->349542K(349568K), 0.0402069 secs] 506761K->388477K(506816K), [Metaspace: 2702K->2702K(1056768K)], 0.0402625 secs] [Times: user=0.05 sys=0.00, real=0.04 secs] 
2022-01-17T00:23:53.882+0800: 2.043: [Full GC (Allocation Failure) 2022-01-17T00:23:53.882+0800: 2.043: [Tenured: 349542K->349519K(349568K), 0.0474886 secs] 506724K->369946K(506816K), [Metaspace: 2702K->2702K(1056768K)], 0.0475514 secs] [Times: user=0.06 sys=0.00, real=0.05 secs] 
2022-01-17T00:23:53.943+0800: 2.104: [Full GC (Allocation Failure) 2022-01-17T00:23:53.944+0800: 2.104: [Tenured: 349519K->349298K(349568K), 0.0275236 secs] 506607K->377650K(506816K), [Metaspace: 2702K->2702K(1056768K)], 0.0275934 secs] [Times: user=0.03 sys=0.00, real=0.03 secs] 
2022-01-17T00:23:53.983+0800: 2.144: [Full GC (Allocation Failure) 2022-01-17T00:23:53.984+0800: 2.144: [Tenured: 349298K->349521K(349568K), 0.0349737 secs] 506175K->380352K(506816K), [Metaspace: 2702K->2702K(1056768K)], 0.0350376 secs] [Times: user=0.03 sys=0.00, real=0.04 secs] 
2022-01-17T00:23:54.031+0800: 2.192: [Full GC (Allocation Failure) 2022-01-17T00:23:54.031+0800: 2.192: [Tenured: 349521K->349421K(349568K), 0.0366856 secs] 506460K->372062K(506816K), [Metaspace: 2702K->2702K(1056768K)], 0.0367563 secs] [Times: user=0.03 sys=0.00, real=0.04 secs] 
2022-01-17T00:23:54.080+0800: 2.241: [Full GC (Allocation Failure) 2022-01-17T00:23:54.081+0800: 2.241: [Tenured: 349421K->349059K(349568K), 0.0469380 secs] 506643K->356725K(506816K), [Metaspace: 2702K->2702K(1056768K)], 0.0470300 secs] [Times: user=0.05 sys=0.00, real=0.05 secs] 
2022-01-17T00:23:54.144+0800: 2.304: [Full GC (Allocation Failure) 2022-01-17T00:23:54.144+0800: 2.304: [Tenured: 349486K->349266K(349568K), 0.0296009 secs] 506732K->380213K(506816K), [Metaspace: 2702K->2702K(1056768K)], 0.0296714 secs] [Times: user=0.03 sys=0.00, real=0.03 secs] 
2022-01-17T00:23:54.185+0800: 2.346: [Full GC (Allocation Failure) 2022-01-17T00:23:54.185+0800: 2.346: [Tenured: 349437K->348949K(349568K), 0.0366400 secs] 506533K->382052K(506816K), [Metaspace: 2702K->2702K(1056768K)], 0.0367064 secs] [Times: user=0.03 sys=0.00, real=0.04 secs] 
2022-01-17T00:23:54.233+0800: 2.394: [Full GC (Allocation Failure) 2022-01-17T00:23:54.233+0800: 2.394: [Tenured: 349452K->349360K(349568K), 0.0358229 secs] 506700K->381331K(506816K), [Metaspace: 2702K->2702K(1056768K)], 0.0358894 secs] [Times: user=0.03 sys=0.00, real=0.04 secs] 
2022-01-17T00:23:54.281+0800: 2.442: [Full GC (Allocation Failure) 2022-01-17T00:23:54.281+0800: 2.442: [Tenured: 349360K->349298K(349568K), 0.0407203 secs] 506377K->365135K(506816K), [Metaspace: 2702K->2702K(1056768K)], 0.0407839 secs] [Times: user=0.05 sys=0.00, real=0.04 secs] 
2022-01-17T00:23:54.335+0800: 2.496: [Full GC (Allocation Failure) 2022-01-17T00:23:54.335+0800: 2.496: [Tenured: 349442K->349469K(349568K), 0.0268510 secs] 506646K->382646K(506816K), [Metaspace: 2702K->2702K(1056768K)], 0.0269145 secs] [Times: user=0.03 sys=0.00, real=0.03 secs] 
2022-01-17T00:23:54.375+0800: 2.535: [Full GC (Allocation Failure) 2022-01-17T00:23:54.375+0800: 2.535: [Tenured: 349469K->349113K(349568K), 0.0422726 secs] 506385K->386282K(506816K), [Metaspace: 2702K->2702K(1056768K)], 0.0423322 secs] [Times: user=0.05 sys=0.00, real=0.04 secs] 
2022-01-17T00:23:54.429+0800: 2.589: [Full GC (Allocation Failure) 2022-01-17T00:23:54.429+0800: 2.589: [Tenured: 349113K->349511K(349568K), 0.0423514 secs] 506033K->383160K(506816K), [Metaspace: 2702K->2702K(1056768K)], 0.0424289 secs] [Times: user=0.05 sys=0.00, real=0.04 secs] 
2022-01-17T00:23:54.484+0800: 2.644: [Full GC (Allocation Failure) 2022-01-17T00:23:54.484+0800: 2.644: [Tenured: 349511K->349484K(349568K), 0.0464146 secs] 506710K->361883K(506816K), [Metaspace: 2702K->2702K(1056768K)], 0.0464739 secs] [Times: user=0.05 sys=0.00, real=0.05 secs] 
2022-01-17T00:23:54.543+0800: 2.704: [Full GC (Allocation Failure) 2022-01-17T00:23:54.543+0800: 2.704: [Tenured: 349484K->349357K(349568K), 0.0243884 secs] 506535K->390628K(506816K), [Metaspace: 2702K->2702K(1056768K)], 0.0244492 secs] [Times: user=0.02 sys=0.00, real=0.02 secs] 
2022-01-17T00:23:54.583+0800: 2.744: [Full GC (Allocation Failure) 2022-01-17T00:23:54.583+0800: 2.744: [Tenured: 349357K->349497K(349568K), 0.0378488 secs] 506296K->392336K(506816K), [Metaspace: 2702K->2702K(1056768K)], 0.0379100 secs] [Times: user=0.05 sys=0.00, real=0.04 secs] 
2022-01-17T00:23:54.634+0800: 2.795: [Full GC (Allocation Failure) 2022-01-17T00:23:54.634+0800: 2.795: [Tenured: 349497K->349364K(349568K), 0.0447744 secs] 506721K->397198K(506816K), [Metaspace: 2702K->2702K(1056768K)], 0.0448406 secs] [Times: user=0.03 sys=0.00, real=0.04 secs] 
2022-01-17T00:23:54.691+0800: 2.852: [Full GC (Allocation Failure) 2022-01-17T00:23:54.691+0800: 2.852: [Tenured: 349364K->349435K(349568K), 0.0433333 secs] 506146K->381617K(506816K), [Metaspace: 2702K->2702K(1056768K)], 0.0434015 secs] [Times: user=0.05 sys=0.00, real=0.04 secs] 
2022-01-17T00:23:54.746+0800: 2.906: [Full GC (Allocation Failure) 2022-01-17T00:23:54.746+0800: 2.906: [Tenured: 349435K->349511K(349568K), 0.0283569 secs] 506323K->400346K(506816K), [Metaspace: 2702K->2702K(1056768K)], 0.0284194 secs] [Times: user=0.03 sys=0.00, real=0.03 secs] 
2022-01-17T00:23:54.785+0800: 2.945: [Full GC (Allocation Failure) 2022-01-17T00:23:54.785+0800: 2.945: [Tenured: 349511K->349345K(349568K), 0.0369966 secs] 506572K->397492K(506816K), [Metaspace: 2702K->2702K(1056768K)], 0.0370561 secs] [Times: user=0.05 sys=0.00, real=0.04 secs] 
2022-01-17T00:23:54.832+0800: 2.992: [Full GC (Allocation Failure) 2022-01-17T00:23:54.832+0800: 2.992: [Tenured: 349345K->349239K(349568K), 0.0366276 secs] 506323K->390539K(506816K), [Metaspace: 2702K->2702K(1056768K)], 0.0366994 secs] [Times: user=0.05 sys=0.00, real=0.04 secs] 
2022-01-17T00:23:54.880+0800: 3.040: [Full GC (Allocation Failure) 2022-01-17T00:23:54.880+0800: 3.040: [Tenured: 349239K->349493K(349568K), 0.0429364 secs] 506381K->377615K(506816K), [Metaspace: 2702K->2702K(1056768K)], 0.0430074 secs] [Times: user=0.05 sys=0.00, real=0.04 secs] 
Heap
 def new generation   total 157248K, used 33575K [0x00000000e0000000, 0x00000000eaaa0000, 0x00000000eaaa0000)
  eden space 139776K,  24% used [0x00000000e0000000, 0x00000000e20c9d90, 0x00000000e8880000)
  from space 17472K,   0% used [0x00000000e8880000, 0x00000000e8880000, 0x00000000e9990000)
  to   space 17472K,   0% used [0x00000000e9990000, 0x00000000e9990000, 0x00000000eaaa0000)
 tenured generation   total 349568K, used 349493K [0x00000000eaaa0000, 0x0000000100000000, 0x0000000100000000)
   the space 349568K,  99% used [0x00000000eaaa0000, 0x00000000fffed7a0, 0x00000000fffed800, 0x0000000100000000)
 Metaspace       used 2709K, capacity 4486K, committed 4864K, reserved 1056768K
  class space    used 291K, capacity 386K, committed 512K, reserved 1048576K
