Java HotSpot(TM) 64-Bit Server VM (25.231-b11) for windows-amd64 JRE (1.8.0_231-b11), built on Oct  5 2019 03:11:30 by "java_re" with MS VC++ 10.0 (VS2010)
Memory: 4k page, physical 16718268k(8482876k free), swap 19208636k(3948044k free)
CommandLine flags: -XX:InitialHeapSize=536870912 -XX:MaxHeapSize=536870912 -XX:MaxNewSize=178958336 -XX:MaxTenuringThreshold=6 -XX:NewSize=178958336 -XX:OldPLABSize=16 -XX:OldSize=357912576 -XX:+PrintGC -XX:+PrintGCDateStamps -XX:+PrintGCDetails -XX:+PrintGCTimeStamps -XX:-UseAdaptiveSizePolicy -XX:+UseCompressedClassPointers -XX:+UseCompressedOops -XX:+UseConcMarkSweepGC -XX:-UseLargePagesIndividualAllocation -XX:+UseParNewGC 
2022-01-17T00:24:13.322+0800: 0.109: [GC (Allocation Failure) 2022-01-17T00:24:13.322+0800: 0.109: [ParNew: 139776K->17471K(157248K), 0.0065913 secs] 139776K->43347K(506816K), 0.0067472 secs] [Times: user=0.00 sys=0.00, real=0.01 secs] 
2022-01-17T00:24:13.343+0800: 0.130: [GC (Allocation Failure) 2022-01-17T00:24:13.343+0800: 0.130: [ParNew: 157247K->17470K(157248K), 0.0093538 secs] 183123K->90327K(506816K), 0.0094258 secs] [Times: user=0.00 sys=0.00, real=0.01 secs] 
2022-01-17T00:24:13.365+0800: 0.152: [GC (Allocation Failure) 2022-01-17T00:24:13.365+0800: 0.152: [ParNew: 157246K->17472K(157248K), 0.0169546 secs] 230103K->136869K(506816K), 0.0170217 secs] [Times: user=0.14 sys=0.01, real=0.02 secs] 
2022-01-17T00:24:13.397+0800: 0.184: [GC (Allocation Failure) 2022-01-17T00:24:13.397+0800: 0.184: [ParNew: 157248K->17471K(157248K), 0.0162589 secs] 276645K->181342K(506816K), 0.0163234 secs] [Times: user=0.16 sys=0.00, real=0.02 secs] 
2022-01-17T00:24:13.427+0800: 0.214: [GC (Allocation Failure) 2022-01-17T00:24:13.427+0800: 0.214: [ParNew: 157247K->17471K(157248K), 0.0162554 secs] 321118K->226594K(506816K), 0.0163191 secs] [Times: user=0.16 sys=0.00, real=0.02 secs] 
2022-01-17T00:24:13.444+0800: 0.231: [GC (CMS Initial Mark) [1 CMS-initial-mark: 209123K(349568K)] 229841K(506816K), 0.0005637 secs] [Times: user=0.00 sys=0.00, real=0.00 secs] 
2022-01-17T00:24:13.444+0800: 0.231: [CMS-concurrent-mark-start]
2022-01-17T00:24:13.445+0800: 0.232: [CMS-concurrent-mark: 0.001/0.001 secs] [Times: user=0.00 sys=0.00, real=0.00 secs] 
2022-01-17T00:24:13.445+0800: 0.232: [CMS-concurrent-preclean-start]
2022-01-17T00:24:13.446+0800: 0.233: [CMS-concurrent-preclean: 0.000/0.000 secs] [Times: user=0.05 sys=0.00, real=0.00 secs] 
2022-01-17T00:24:13.446+0800: 0.233: [CMS-concurrent-abortable-preclean-start]
2022-01-17T00:24:13.459+0800: 0.245: [GC (Allocation Failure) 2022-01-17T00:24:13.459+0800: 0.246: [ParNew: 157247K->17470K(157248K), 0.0139110 secs] 366370K->266165K(506816K), 0.0139752 secs] [Times: user=0.14 sys=0.02, real=0.01 secs] 
2022-01-17T00:24:13.486+0800: 0.273: [GC (Allocation Failure) 2022-01-17T00:24:13.486+0800: 0.273: [ParNew: 156816K->17470K(157248K), 0.0161940 secs] 405511K->310504K(506816K), 0.0162572 secs] [Times: user=0.14 sys=0.01, real=0.02 secs] 
2022-01-17T00:24:13.517+0800: 0.303: [GC (Allocation Failure) 2022-01-17T00:24:13.517+0800: 0.304: [ParNew: 157246K->17471K(157248K), 0.0147438 secs] 450280K->351340K(506816K), 0.0148072 secs] [Times: user=0.14 sys=0.02, real=0.01 secs] 
2022-01-17T00:24:13.531+0800: 0.318: [CMS-concurrent-abortable-preclean: 0.002/0.086 secs] [Times: user=0.45 sys=0.05, real=0.08 secs] 
2022-01-17T00:24:13.532+0800: 0.319: [GC (CMS Final Remark) [YG occupancy: 21339 K (157248 K)]2022-01-17T00:24:13.532+0800: 0.319: [Rescan (parallel) , 0.0003321 secs]2022-01-17T00:24:13.532+0800: 0.319: [weak refs processing, 0.0000095 secs]2022-01-17T00:24:13.532+0800: 0.319: [class unloading, 0.0001800 secs]2022-01-17T00:24:13.532+0800: 0.319: [scrub symbol table, 0.0002761 secs]2022-01-17T00:24:13.532+0800: 0.319: [scrub string table, 0.0000820 secs][1 CMS-remark: 333868K(349568K)] 355208K(506816K), 0.0009375 secs] [Times: user=0.00 sys=0.00, real=0.00 secs] 
2022-01-17T00:24:13.532+0800: 0.320: [CMS-concurrent-sweep-start]
2022-01-17T00:24:13.533+0800: 0.320: [CMS-concurrent-sweep: 0.001/0.001 secs] [Times: user=0.00 sys=0.00, real=0.00 secs] 
2022-01-17T00:24:13.533+0800: 0.320: [CMS-concurrent-reset-start]
2022-01-17T00:24:13.533+0800: 0.321: [CMS-concurrent-reset: 0.000/0.000 secs] [Times: user=0.00 sys=0.00, real=0.00 secs] 
2022-01-17T00:24:13.544+0800: 0.332: [GC (Allocation Failure) 2022-01-17T00:24:13.544+0800: 0.332: [ParNew: 157247K->17471K(157248K), 0.0103507 secs] 446225K->357431K(506816K), 0.0104112 secs] [Times: user=0.16 sys=0.00, real=0.01 secs] 
2022-01-17T00:24:13.555+0800: 0.342: [GC (CMS Initial Mark) [1 CMS-initial-mark: 339960K(349568K)] 360533K(506816K), 0.0005452 secs] [Times: user=0.00 sys=0.00, real=0.00 secs] 
2022-01-17T00:24:13.556+0800: 0.343: [CMS-concurrent-mark-start]
2022-01-17T00:24:13.556+0800: 0.344: [CMS-concurrent-mark: 0.001/0.001 secs] [Times: user=0.00 sys=0.00, real=0.00 secs] 
2022-01-17T00:24:13.556+0800: 0.344: [CMS-concurrent-preclean-start]
2022-01-17T00:24:13.557+0800: 0.344: [CMS-concurrent-preclean: 0.000/0.000 secs] [Times: user=0.00 sys=0.00, real=0.00 secs] 
2022-01-17T00:24:13.557+0800: 0.344: [CMS-concurrent-abortable-preclean-start]
2022-01-17T00:24:13.557+0800: 0.344: [CMS-concurrent-abortable-preclean: 0.000/0.000 secs] [Times: user=0.00 sys=0.00, real=0.00 secs] 
2022-01-17T00:24:13.557+0800: 0.344: [GC (CMS Final Remark) [YG occupancy: 33734 K (157248 K)]2022-01-17T00:24:13.557+0800: 0.344: [Rescan (parallel) , 0.0003167 secs]2022-01-17T00:24:13.557+0800: 0.344: [weak refs processing, 0.0000097 secs]2022-01-17T00:24:13.557+0800: 0.344: [class unloading, 0.0002126 secs]2022-01-17T00:24:13.557+0800: 0.345: [scrub symbol table, 0.0002739 secs]2022-01-17T00:24:13.558+0800: 0.345: [scrub string table, 0.0000768 secs][1 CMS-remark: 339960K(349568K)] 373694K(506816K), 0.0009412 secs] [Times: user=0.00 sys=0.00, real=0.00 secs] 
2022-01-17T00:24:13.558+0800: 0.345: [CMS-concurrent-sweep-start]
2022-01-17T00:24:13.558+0800: 0.346: [CMS-concurrent-sweep: 0.001/0.001 secs] [Times: user=0.00 sys=0.00, real=0.00 secs] 
2022-01-17T00:24:13.558+0800: 0.346: [CMS-concurrent-reset-start]
2022-01-17T00:24:13.559+0800: 0.346: [CMS-concurrent-reset: 0.000/0.000 secs] [Times: user=0.00 sys=0.00, real=0.00 secs] 
2022-01-17T00:24:13.570+0800: 0.357: [GC (Allocation Failure) 2022-01-17T00:24:13.570+0800: 0.357: [ParNew: 157247K->17467K(157248K), 0.0081550 secs] 401109K->305659K(506816K), 0.0082178 secs] [Times: user=0.00 sys=0.00, real=0.01 secs] 
2022-01-17T00:24:13.578+0800: 0.366: [GC (CMS Initial Mark) [1 CMS-initial-mark: 288191K(349568K)] 309405K(506816K), 0.0005475 secs] [Times: user=0.00 sys=0.00, real=0.00 secs] 
2022-01-17T00:24:13.579+0800: 0.366: [CMS-concurrent-mark-start]
2022-01-17T00:24:13.580+0800: 0.367: [CMS-concurrent-mark: 0.001/0.001 secs] [Times: user=0.00 sys=0.00, real=0.00 secs] 
2022-01-17T00:24:13.580+0800: 0.367: [CMS-concurrent-preclean-start]
2022-01-17T00:24:13.580+0800: 0.367: [CMS-concurrent-preclean: 0.000/0.000 secs] [Times: user=0.00 sys=0.00, real=0.00 secs] 
2022-01-17T00:24:13.580+0800: 0.367: [CMS-concurrent-abortable-preclean-start]
2022-01-17T00:24:13.592+0800: 0.379: [GC (Allocation Failure) 2022-01-17T00:24:13.592+0800: 0.379: [ParNew: 157243K->17469K(157248K), 0.0083219 secs] 445435K->352711K(506816K), 0.0083906 secs] [Times: user=0.00 sys=0.00, real=0.01 secs] 
2022-01-17T00:24:13.600+0800: 0.387: [CMS-concurrent-abortable-preclean: 0.000/0.020 secs] [Times: user=0.01 sys=0.00, real=0.02 secs] 
2022-01-17T00:24:13.600+0800: 0.387: [GC (CMS Final Remark) [YG occupancy: 20350 K (157248 K)]2022-01-17T00:24:13.600+0800: 0.387: [Rescan (parallel) , 0.0003219 secs]2022-01-17T00:24:13.601+0800: 0.388: [weak refs processing, 0.0000094 secs]2022-01-17T00:24:13.601+0800: 0.388: [class unloading, 0.0001550 secs]2022-01-17T00:24:13.601+0800: 0.388: [scrub symbol table, 0.0002487 secs]2022-01-17T00:24:13.601+0800: 0.388: [scrub string table, 0.0000695 secs][1 CMS-remark: 335241K(349568K)] 355592K(506816K), 0.0008561 secs] [Times: user=0.00 sys=0.00, real=0.00 secs] 
2022-01-17T00:24:13.601+0800: 0.388: [CMS-concurrent-sweep-start]
2022-01-17T00:24:13.602+0800: 0.389: [CMS-concurrent-sweep: 0.001/0.001 secs] [Times: user=0.03 sys=0.00, real=0.00 secs] 
2022-01-17T00:24:13.602+0800: 0.389: [CMS-concurrent-reset-start]
2022-01-17T00:24:13.602+0800: 0.389: [CMS-concurrent-reset: 0.000/0.000 secs] [Times: user=0.00 sys=0.00, real=0.00 secs] 
2022-01-17T00:24:13.613+0800: 0.401: [GC (Allocation Failure) 2022-01-17T00:24:13.613+0800: 0.401: [ParNew: 157245K->157245K(157248K), 0.0000162 secs]2022-01-17T00:24:13.613+0800: 0.401: [CMS: 305131K->302355K(349568K), 0.0346948 secs] 462377K->302355K(506816K), [Metaspace: 2702K->2702K(1056768K)], 0.0347970 secs] [Times: user=0.03 sys=0.00, real=0.04 secs] 
2022-01-17T00:24:13.648+0800: 0.435: [GC (CMS Initial Mark) [1 CMS-initial-mark: 302355K(349568K)] 305314K(506816K), 0.0004900 secs] [Times: user=0.02 sys=0.00, real=0.00 secs] 
2022-01-17T00:24:13.649+0800: 0.436: [CMS-concurrent-mark-start]
2022-01-17T00:24:13.649+0800: 0.437: [CMS-concurrent-mark: 0.001/0.001 secs] [Times: user=0.00 sys=0.00, real=0.00 secs] 
2022-01-17T00:24:13.649+0800: 0.437: [CMS-concurrent-preclean-start]
2022-01-17T00:24:13.650+0800: 0.437: [CMS-concurrent-preclean: 0.000/0.000 secs] [Times: user=0.00 sys=0.00, real=0.00 secs] 
2022-01-17T00:24:13.650+0800: 0.437: [CMS-concurrent-abortable-preclean-start]
2022-01-17T00:24:13.661+0800: 0.448: [GC (Allocation Failure) 2022-01-17T00:24:13.661+0800: 0.448: [ParNew: 139776K->17470K(157248K), 0.0059779 secs] 442131K->348636K(506816K), 0.0060455 secs] [Times: user=0.16 sys=0.00, real=0.01 secs] 
2022-01-17T00:24:13.667+0800: 0.454: [CMS-concurrent-abortable-preclean: 0.001/0.017 secs] [Times: user=0.16 sys=0.00, real=0.02 secs] 
2022-01-17T00:24:13.667+0800: 0.455: [GC (CMS Final Remark) [YG occupancy: 24394 K (157248 K)]2022-01-17T00:24:13.667+0800: 0.455: [Rescan (parallel) , 0.0002558 secs]2022-01-17T00:24:13.668+0800: 0.455: [weak refs processing, 0.0000078 secs]2022-01-17T00:24:13.668+0800: 0.455: [class unloading, 0.0001586 secs]2022-01-17T00:24:13.668+0800: 0.455: [scrub symbol table, 0.0002670 secs]2022-01-17T00:24:13.668+0800: 0.455: [scrub string table, 0.0000889 secs][1 CMS-remark: 331166K(349568K)] 355560K(506816K), 0.0008260 secs] [Times: user=0.00 sys=0.00, real=0.00 secs] 
2022-01-17T00:24:13.668+0800: 0.455: [CMS-concurrent-sweep-start]
2022-01-17T00:24:13.669+0800: 0.456: [CMS-concurrent-sweep: 0.000/0.000 secs] [Times: user=0.00 sys=0.00, real=0.00 secs] 
2022-01-17T00:24:13.669+0800: 0.456: [CMS-concurrent-reset-start]
2022-01-17T00:24:13.669+0800: 0.456: [CMS-concurrent-reset: 0.000/0.000 secs] [Times: user=0.00 sys=0.00, real=0.00 secs] 
2022-01-17T00:24:13.680+0800: 0.467: [GC (Allocation Failure) 2022-01-17T00:24:13.680+0800: 0.467: [ParNew: 157158K->157158K(157248K), 0.0000176 secs]2022-01-17T00:24:13.680+0800: 0.468: [CMS: 329760K->320926K(349568K), 0.0355401 secs] 486919K->320926K(506816K), [Metaspace: 2702K->2702K(1056768K)], 0.0356218 secs] [Times: user=0.03 sys=0.00, real=0.04 secs] 
2022-01-17T00:24:13.716+0800: 0.503: [GC (CMS Initial Mark) [1 CMS-initial-mark: 320926K(349568K)] 324483K(506816K), 0.0002306 secs] [Times: user=0.00 sys=0.00, real=0.00 secs] 
2022-01-17T00:24:13.716+0800: 0.503: [CMS-concurrent-mark-start]
2022-01-17T00:24:13.717+0800: 0.504: [CMS-concurrent-mark: 0.001/0.001 secs] [Times: user=0.00 sys=0.00, real=0.00 secs] 
2022-01-17T00:24:13.717+0800: 0.504: [CMS-concurrent-preclean-start]
2022-01-17T00:24:13.717+0800: 0.504: [CMS-concurrent-preclean: 0.000/0.000 secs] [Times: user=0.00 sys=0.00, real=0.00 secs] 
2022-01-17T00:24:13.717+0800: 0.504: [CMS-concurrent-abortable-preclean-start]
2022-01-17T00:24:13.730+0800: 0.518: [GC (Allocation Failure) 2022-01-17T00:24:13.730+0800: 0.518: [ParNew: 139776K->17471K(157248K), 0.0060524 secs] 460702K->361789K(506816K), 0.0061099 secs] [Times: user=0.00 sys=0.00, real=0.01 secs] 
2022-01-17T00:24:13.737+0800: 0.524: [CMS-concurrent-abortable-preclean: 0.000/0.019 secs] [Times: user=0.02 sys=0.00, real=0.02 secs] 
2022-01-17T00:24:13.737+0800: 0.524: [GC (CMS Final Remark) [YG occupancy: 20665 K (157248 K)]2022-01-17T00:24:13.737+0800: 0.524: [Rescan (parallel) , 0.0006018 secs]2022-01-17T00:24:13.738+0800: 0.524: [weak refs processing, 0.0000094 secs]2022-01-17T00:24:13.738+0800: 0.524: [class unloading, 0.0001691 secs]2022-01-17T00:24:13.738+0800: 0.525: [scrub symbol table, 0.0002781 secs]2022-01-17T00:24:13.738+0800: 0.525: [scrub string table, 0.0000757 secs][1 CMS-remark: 344317K(349568K)] 364983K(506816K), 0.0011874 secs] [Times: user=0.00 sys=0.00, real=0.00 secs] 
2022-01-17T00:24:13.739+0800: 0.525: [CMS-concurrent-sweep-start]
2022-01-17T00:24:13.739+0800: 0.525: [CMS-concurrent-sweep: 0.000/0.000 secs] [Times: user=0.00 sys=0.00, real=0.00 secs] 
2022-01-17T00:24:13.739+0800: 0.525: [CMS-concurrent-reset-start]
2022-01-17T00:24:13.739+0800: 0.526: [CMS-concurrent-reset: 0.000/0.000 secs] [Times: user=0.00 sys=0.00, real=0.00 secs] 
2022-01-17T00:24:13.751+0800: 0.537: [GC (Allocation Failure) 2022-01-17T00:24:13.751+0800: 0.537: [ParNew: 157247K->157247K(157248K), 0.0000155 secs]2022-01-17T00:24:13.751+0800: 0.537: [CMS: 344165K->323052K(349568K), 0.0358042 secs] 501413K->323052K(506816K), [Metaspace: 2702K->2702K(1056768K)], 0.0358991 secs] [Times: user=0.03 sys=0.00, real=0.04 secs] 
2022-01-17T00:24:13.786+0800: 0.573: [GC (CMS Initial Mark) [1 CMS-initial-mark: 323052K(349568K)] 326339K(506816K), 0.0006071 secs] [Times: user=0.00 sys=0.00, real=0.00 secs] 
2022-01-17T00:24:13.787+0800: 0.574: [CMS-concurrent-mark-start]
2022-01-17T00:24:13.787+0800: 0.575: [CMS-concurrent-mark: 0.001/0.001 secs] [Times: user=0.00 sys=0.00, real=0.00 secs] 
2022-01-17T00:24:13.788+0800: 0.575: [CMS-concurrent-preclean-start]
2022-01-17T00:24:13.788+0800: 0.575: [CMS-concurrent-preclean: 0.000/0.000 secs] [Times: user=0.00 sys=0.00, real=0.00 secs] 
2022-01-17T00:24:13.788+0800: 0.575: [CMS-concurrent-abortable-preclean-start]
2022-01-17T00:24:13.798+0800: 0.586: [GC (Allocation Failure) 2022-01-17T00:24:13.798+0800: 0.586: [ParNew (promotion failed): 139776K->157247K(157248K), 0.0070451 secs]2022-01-17T00:24:13.806+0800: 0.593: [CMS2022-01-17T00:24:13.806+0800: 0.593: [CMS-concurrent-abortable-preclean: 0.000/0.018 secs] [Times: user=0.16 sys=0.02, real=0.02 secs] 
 (concurrent mode failure): 349337K->332165K(349568K), 0.0368129 secs] 462828K->332165K(506816K), [Metaspace: 2702K->2702K(1056768K)], 0.0439472 secs] [Times: user=0.17 sys=0.02, real=0.04 secs] 
2022-01-17T00:24:13.858+0800: 0.645: [GC (Allocation Failure) 2022-01-17T00:24:13.858+0800: 0.645: [ParNew: 139465K->139465K(157248K), 0.0000162 secs]2022-01-17T00:24:13.858+0800: 0.645: [CMS: 332165K->337344K(349568K), 0.0376177 secs] 471631K->337344K(506816K), [Metaspace: 2702K->2702K(1056768K)], 0.0377113 secs] [Times: user=0.03 sys=0.00, real=0.04 secs] 
2022-01-17T00:24:13.896+0800: 0.683: [GC (CMS Initial Mark) [1 CMS-initial-mark: 337344K(349568K)] 338002K(506816K), 0.0005027 secs] [Times: user=0.00 sys=0.00, real=0.00 secs] 
2022-01-17T00:24:13.897+0800: 0.683: [CMS-concurrent-mark-start]
2022-01-17T00:24:13.897+0800: 0.684: [CMS-concurrent-mark: 0.001/0.001 secs] [Times: user=0.00 sys=0.00, real=0.00 secs] 
2022-01-17T00:24:13.897+0800: 0.684: [CMS-concurrent-preclean-start]
2022-01-17T00:24:13.898+0800: 0.684: [CMS-concurrent-preclean: 0.000/0.000 secs] [Times: user=0.00 sys=0.00, real=0.00 secs] 
2022-01-17T00:24:13.898+0800: 0.684: [CMS-concurrent-abortable-preclean-start]
2022-01-17T00:24:13.898+0800: 0.685: [CMS-concurrent-abortable-preclean: 0.000/0.000 secs] [Times: user=0.00 sys=0.00, real=0.00 secs] 
2022-01-17T00:24:13.898+0800: 0.685: [GC (CMS Final Remark) [YG occupancy: 12426 K (157248 K)]2022-01-17T00:24:13.898+0800: 0.685: [Rescan (parallel) , 0.0005121 secs]2022-01-17T00:24:13.898+0800: 0.685: [weak refs processing, 0.0000083 secs]2022-01-17T00:24:13.898+0800: 0.685: [class unloading, 0.0001595 secs]2022-01-17T00:24:13.898+0800: 0.685: [scrub symbol table, 0.0002607 secs]2022-01-17T00:24:13.899+0800: 0.686: [scrub string table, 0.0000740 secs][1 CMS-remark: 337344K(349568K)] 349771K(506816K), 0.0010584 secs] [Times: user=0.01 sys=0.00, real=0.00 secs] 
2022-01-17T00:24:13.899+0800: 0.686: [CMS-concurrent-sweep-start]
2022-01-17T00:24:13.899+0800: 0.686: [CMS-concurrent-sweep: 0.000/0.000 secs] [Times: user=0.00 sys=0.00, real=0.00 secs] 
2022-01-17T00:24:13.899+0800: 0.686: [CMS-concurrent-reset-start]
2022-01-17T00:24:13.900+0800: 0.687: [CMS-concurrent-reset: 0.000/0.000 secs] [Times: user=0.00 sys=0.00, real=0.00 secs] 
2022-01-17T00:24:13.912+0800: 0.698: [GC (Allocation Failure) 2022-01-17T00:24:13.912+0800: 0.698: [ParNew: 139745K->139745K(157248K), 0.0000149 secs]2022-01-17T00:24:13.912+0800: 0.698: [CMS: 337336K->338078K(349568K), 0.0380129 secs] 477081K->338078K(506816K), [Metaspace: 2702K->2702K(1056768K)], 0.0380958 secs] [Times: user=0.05 sys=0.00, real=0.04 secs] 
2022-01-17T00:24:13.950+0800: 0.737: [GC (CMS Initial Mark) [1 CMS-initial-mark: 338078K(349568K)] 338629K(506816K), 0.0002589 secs] [Times: user=0.00 sys=0.00, real=0.00 secs] 
2022-01-17T00:24:13.950+0800: 0.737: [CMS-concurrent-mark-start]
2022-01-17T00:24:13.950+0800: 0.738: [CMS-concurrent-mark: 0.001/0.001 secs] [Times: user=0.00 sys=0.00, real=0.00 secs] 
2022-01-17T00:24:13.950+0800: 0.738: [CMS-concurrent-preclean-start]
2022-01-17T00:24:13.951+0800: 0.738: [CMS-concurrent-preclean: 0.000/0.000 secs] [Times: user=0.00 sys=0.00, real=0.00 secs] 
2022-01-17T00:24:13.951+0800: 0.738: [CMS-concurrent-abortable-preclean-start]
2022-01-17T00:24:13.951+0800: 0.738: [CMS-concurrent-abortable-preclean: 0.000/0.000 secs] [Times: user=0.00 sys=0.00, real=0.00 secs] 
2022-01-17T00:24:13.951+0800: 0.738: [GC (CMS Final Remark) [YG occupancy: 14587 K (157248 K)]2022-01-17T00:24:13.951+0800: 0.738: [Rescan (parallel) , 0.0002277 secs]2022-01-17T00:24:13.951+0800: 0.738: [weak refs processing, 0.0000095 secs]2022-01-17T00:24:13.951+0800: 0.738: [class unloading, 0.0001617 secs]2022-01-17T00:24:13.951+0800: 0.738: [scrub symbol table, 0.0002538 secs]2022-01-17T00:24:13.951+0800: 0.739: [scrub string table, 0.0000741 secs][1 CMS-remark: 338078K(349568K)] 352665K(506816K), 0.0007802 secs] [Times: user=0.00 sys=0.00, real=0.00 secs] 
2022-01-17T00:24:13.951+0800: 0.739: [CMS-concurrent-sweep-start]
2022-01-17T00:24:13.952+0800: 0.739: [CMS-concurrent-sweep: 0.000/0.000 secs] [Times: user=0.00 sys=0.00, real=0.00 secs] 
2022-01-17T00:24:13.952+0800: 0.739: [CMS-concurrent-reset-start]
2022-01-17T00:24:13.952+0800: 0.739: [CMS-concurrent-reset: 0.000/0.000 secs] [Times: user=0.00 sys=0.00, real=0.00 secs] 
2022-01-17T00:24:13.964+0800: 0.752: [GC (Allocation Failure) 2022-01-17T00:24:13.964+0800: 0.752: [ParNew: 139776K->139776K(157248K), 0.0000163 secs]2022-01-17T00:24:13.964+0800: 0.752: [CMS: 337960K->342732K(349568K), 0.0446238 secs] 477736K->342732K(506816K), [Metaspace: 2702K->2702K(1056768K)], 0.0447152 secs] [Times: user=0.05 sys=0.00, real=0.05 secs] 
2022-01-17T00:24:14.009+0800: 0.796: [GC (CMS Initial Mark) [1 CMS-initial-mark: 342732K(349568K)] 345876K(506816K), 0.0002399 secs] [Times: user=0.00 sys=0.00, real=0.00 secs] 
2022-01-17T00:24:14.010+0800: 0.797: [CMS-concurrent-mark-start]
2022-01-17T00:24:14.010+0800: 0.798: [CMS-concurrent-mark: 0.001/0.001 secs] [Times: user=0.00 sys=0.00, real=0.00 secs] 
2022-01-17T00:24:14.010+0800: 0.798: [CMS-concurrent-preclean-start]
2022-01-17T00:24:14.011+0800: 0.798: [CMS-concurrent-preclean: 0.000/0.000 secs] [Times: user=0.00 sys=0.00, real=0.00 secs] 
2022-01-17T00:24:14.011+0800: 0.798: [CMS-concurrent-abortable-preclean-start]
2022-01-17T00:24:14.011+0800: 0.798: [CMS-concurrent-abortable-preclean: 0.000/0.000 secs] [Times: user=0.00 sys=0.00, real=0.00 secs] 
2022-01-17T00:24:14.011+0800: 0.798: [GC (CMS Final Remark) [YG occupancy: 11403 K (157248 K)]2022-01-17T00:24:14.011+0800: 0.798: [Rescan (parallel) , 0.0002572 secs]2022-01-17T00:24:14.011+0800: 0.798: [weak refs processing, 0.0000099 secs]2022-01-17T00:24:14.011+0800: 0.798: [class unloading, 0.0001725 secs]2022-01-17T00:24:14.011+0800: 0.799: [scrub symbol table, 0.0002726 secs]2022-01-17T00:24:14.012+0800: 0.799: [scrub string table, 0.0000788 secs][1 CMS-remark: 342732K(349568K)] 354135K(506816K), 0.0008469 secs] [Times: user=0.00 sys=0.00, real=0.00 secs] 
2022-01-17T00:24:14.012+0800: 0.799: [CMS-concurrent-sweep-start]
2022-01-17T00:24:14.012+0800: 0.799: [CMS-concurrent-sweep: 0.000/0.000 secs] [Times: user=0.00 sys=0.00, real=0.00 secs] 
2022-01-17T00:24:14.012+0800: 0.799: [CMS-concurrent-reset-start]
2022-01-17T00:24:14.012+0800: 0.800: [CMS-concurrent-reset: 0.000/0.000 secs] [Times: user=0.00 sys=0.00, real=0.00 secs] 
2022-01-17T00:24:14.025+0800: 0.812: [GC (Allocation Failure) 2022-01-17T00:24:14.025+0800: 0.812: [ParNew: 139776K->139776K(157248K), 0.0000165 secs]2022-01-17T00:24:14.025+0800: 0.812: [CMS: 342729K->348423K(349568K), 0.0400329 secs] 482505K->348423K(506816K), [Metaspace: 2702K->2702K(1056768K)], 0.0401183 secs] [Times: user=0.03 sys=0.00, real=0.04 secs] 
2022-01-17T00:24:14.065+0800: 0.852: [GC (CMS Initial Mark) [1 CMS-initial-mark: 348423K(349568K)] 351351K(506816K), 0.0006425 secs] [Times: user=0.00 sys=0.00, real=0.00 secs] 
2022-01-17T00:24:14.066+0800: 0.853: [CMS-concurrent-mark-start]
2022-01-17T00:24:14.067+0800: 0.854: [CMS-concurrent-mark: 0.001/0.001 secs] [Times: user=0.00 sys=0.00, real=0.00 secs] 
2022-01-17T00:24:14.067+0800: 0.854: [CMS-concurrent-preclean-start]
2022-01-17T00:24:14.067+0800: 0.854: [CMS-concurrent-preclean: 0.000/0.000 secs] [Times: user=0.00 sys=0.00, real=0.00 secs] 
2022-01-17T00:24:14.067+0800: 0.854: [CMS-concurrent-abortable-preclean-start]
2022-01-17T00:24:14.067+0800: 0.854: [CMS-concurrent-abortable-preclean: 0.000/0.000 secs] [Times: user=0.00 sys=0.00, real=0.00 secs] 
2022-01-17T00:24:14.067+0800: 0.854: [GC (CMS Final Remark) [YG occupancy: 12828 K (157248 K)]2022-01-17T00:24:14.067+0800: 0.854: [Rescan (parallel) , 0.0005134 secs]2022-01-17T00:24:14.068+0800: 0.855: [weak refs processing, 0.0000083 secs]2022-01-17T00:24:14.068+0800: 0.855: [class unloading, 0.0001712 secs]2022-01-17T00:24:14.068+0800: 0.855: [scrub symbol table, 0.0002531 secs]2022-01-17T00:24:14.068+0800: 0.855: [scrub string table, 0.0000740 secs][1 CMS-remark: 348423K(349568K)] 361252K(506816K), 0.0010692 secs] [Times: user=0.00 sys=0.00, real=0.00 secs] 
2022-01-17T00:24:14.068+0800: 0.855: [CMS-concurrent-sweep-start]
2022-01-17T00:24:14.069+0800: 0.856: [CMS-concurrent-sweep: 0.000/0.000 secs] [Times: user=0.00 sys=0.00, real=0.00 secs] 
2022-01-17T00:24:14.069+0800: 0.856: [CMS-concurrent-reset-start]
2022-01-17T00:24:14.069+0800: 0.856: [CMS-concurrent-reset: 0.000/0.000 secs] [Times: user=0.00 sys=0.00, real=0.00 secs] 
2022-01-17T00:24:14.081+0800: 0.868: [GC (Allocation Failure) 2022-01-17T00:24:14.081+0800: 0.868: [ParNew: 139776K->139776K(157248K), 0.0000192 secs]2022-01-17T00:24:14.081+0800: 0.868: [CMS: 348161K->343769K(349568K), 0.0397513 secs] 487937K->343769K(506816K), [Metaspace: 2702K->2702K(1056768K)], 0.0398460 secs] [Times: user=0.05 sys=0.00, real=0.04 secs] 
2022-01-17T00:24:14.121+0800: 0.908: [GC (CMS Initial Mark) [1 CMS-initial-mark: 343769K(349568K)] 343823K(506816K), 0.0001184 secs] [Times: user=0.00 sys=0.00, real=0.00 secs] 
2022-01-17T00:24:14.121+0800: 0.908: [CMS-concurrent-mark-start]
2022-01-17T00:24:14.122+0800: 0.908: [CMS-concurrent-mark: 0.001/0.001 secs] [Times: user=0.00 sys=0.00, real=0.00 secs] 
2022-01-17T00:24:14.122+0800: 0.908: [CMS-concurrent-preclean-start]
2022-01-17T00:24:14.122+0800: 0.909: [CMS-concurrent-preclean: 0.000/0.000 secs] [Times: user=0.00 sys=0.00, real=0.00 secs] 
2022-01-17T00:24:14.122+0800: 0.909: [CMS-concurrent-abortable-preclean-start]
2022-01-17T00:24:14.122+0800: 0.909: [CMS-concurrent-abortable-preclean: 0.000/0.000 secs] [Times: user=0.00 sys=0.00, real=0.00 secs] 
2022-01-17T00:24:14.122+0800: 0.909: [GC (CMS Final Remark) [YG occupancy: 12339 K (157248 K)]2022-01-17T00:24:14.122+0800: 0.909: [Rescan (parallel) , 0.0001754 secs]2022-01-17T00:24:14.122+0800: 0.909: [weak refs processing, 0.0000082 secs]2022-01-17T00:24:14.122+0800: 0.909: [class unloading, 0.0001626 secs]2022-01-17T00:24:14.122+0800: 0.909: [scrub symbol table, 0.0002592 secs]2022-01-17T00:24:14.123+0800: 0.909: [scrub string table, 0.0000736 secs][1 CMS-remark: 343769K(349568K)] 356109K(506816K), 0.0007301 secs] [Times: user=0.00 sys=0.00, real=0.00 secs] 
2022-01-17T00:24:14.123+0800: 0.910: [CMS-concurrent-sweep-start]
2022-01-17T00:24:14.123+0800: 0.910: [CMS-concurrent-sweep: 0.001/0.001 secs] [Times: user=0.00 sys=0.00, real=0.00 secs] 
2022-01-17T00:24:14.124+0800: 0.910: [CMS-concurrent-reset-start]
2022-01-17T00:24:14.124+0800: 0.911: [CMS-concurrent-reset: 0.000/0.000 secs] [Times: user=0.00 sys=0.00, real=0.00 secs] 
2022-01-17T00:24:14.136+0800: 0.923: [GC (Allocation Failure) 2022-01-17T00:24:14.136+0800: 0.923: [ParNew: 139776K->139776K(157248K), 0.0000167 secs]2022-01-17T00:24:14.136+0800: 0.923: [CMS: 342765K->346134K(349568K), 0.0399100 secs] 482541K->346134K(506816K), [Metaspace: 2702K->2702K(1056768K)], 0.0399953 secs] [Times: user=0.03 sys=0.00, real=0.04 secs] 
2022-01-17T00:24:14.176+0800: 0.963: [GC (CMS Initial Mark) [1 CMS-initial-mark: 346134K(349568K)] 346881K(506816K), 0.0002514 secs] [Times: user=0.00 sys=0.00, real=0.00 secs] 
2022-01-17T00:24:14.177+0800: 0.963: [CMS-concurrent-mark-start]
2022-01-17T00:24:14.178+0800: 0.964: [CMS-concurrent-mark: 0.001/0.001 secs] [Times: user=0.00 sys=0.00, real=0.00 secs] 
2022-01-17T00:24:14.178+0800: 0.964: [CMS-concurrent-preclean-start]
2022-01-17T00:24:14.178+0800: 0.965: [CMS-concurrent-preclean: 0.000/0.000 secs] [Times: user=0.00 sys=0.00, real=0.00 secs] 
2022-01-17T00:24:14.178+0800: 0.965: [CMS-concurrent-abortable-preclean-start]
2022-01-17T00:24:14.178+0800: 0.965: [CMS-concurrent-abortable-preclean: 0.000/0.000 secs] [Times: user=0.00 sys=0.00, real=0.00 secs] 
2022-01-17T00:24:14.178+0800: 0.965: [GC (CMS Final Remark) [YG occupancy: 14579 K (157248 K)]2022-01-17T00:24:14.178+0800: 0.965: [Rescan (parallel) , 0.0001939 secs]2022-01-17T00:24:14.178+0800: 0.965: [weak refs processing, 0.0000100 secs]2022-01-17T00:24:14.178+0800: 0.965: [class unloading, 0.0001666 secs]2022-01-17T00:24:14.178+0800: 0.965: [scrub symbol table, 0.0002572 secs]2022-01-17T00:24:14.179+0800: 0.965: [scrub string table, 0.0000733 secs][1 CMS-remark: 346134K(349568K)] 360714K(506816K), 0.0007575 secs] [Times: user=0.00 sys=0.00, real=0.00 secs] 
2022-01-17T00:24:14.179+0800: 0.965: [CMS-concurrent-sweep-start]
2022-01-17T00:24:14.179+0800: 0.966: [CMS-concurrent-sweep: 0.000/0.000 secs] [Times: user=0.00 sys=0.00, real=0.00 secs] 
2022-01-17T00:24:14.179+0800: 0.966: [CMS-concurrent-reset-start]
2022-01-17T00:24:14.179+0800: 0.966: [CMS-concurrent-reset: 0.000/0.000 secs] [Times: user=0.00 sys=0.00, real=0.00 secs] 
2022-01-17T00:24:14.191+0800: 0.978: [GC (Allocation Failure) 2022-01-17T00:24:14.191+0800: 0.978: [ParNew: 139776K->139776K(157248K), 0.0000160 secs]2022-01-17T00:24:14.191+0800: 0.978: [CMS: 346002K->349379K(349568K), 0.0400731 secs] 485778K->352655K(506816K), [Metaspace: 2702K->2702K(1056768K)], 0.0401711 secs] [Times: user=0.05 sys=0.00, real=0.04 secs] 
2022-01-17T00:24:14.232+0800: 1.018: [GC (CMS Initial Mark) [1 CMS-initial-mark: 349379K(349568K)] 353140K(506816K), 0.0002095 secs] [Times: user=0.00 sys=0.00, real=0.00 secs] 
2022-01-17T00:24:14.232+0800: 1.019: [CMS-concurrent-mark-start]
2022-01-17T00:24:14.233+0800: 1.019: [CMS-concurrent-mark: 0.001/0.001 secs] [Times: user=0.00 sys=0.00, real=0.00 secs] 
2022-01-17T00:24:14.233+0800: 1.019: [CMS-concurrent-preclean-start]
2022-01-17T00:24:14.234+0800: 1.020: [CMS-concurrent-preclean: 0.001/0.001 secs] [Times: user=0.00 sys=0.00, real=0.00 secs] 
2022-01-17T00:24:14.234+0800: 1.020: [CMS-concurrent-abortable-preclean-start]
2022-01-17T00:24:14.234+0800: 1.020: [CMS-concurrent-abortable-preclean: 0.000/0.000 secs] [Times: user=0.00 sys=0.00, real=0.00 secs] 
2022-01-17T00:24:14.234+0800: 1.020: [GC (CMS Final Remark) [YG occupancy: 16377 K (157248 K)]2022-01-17T00:24:14.234+0800: 1.020: [Rescan (parallel) , 0.0002374 secs]2022-01-17T00:24:14.234+0800: 1.020: [weak refs processing, 0.0000148 secs]2022-01-17T00:24:14.234+0800: 1.020: [class unloading, 0.0001724 secs]2022-01-17T00:24:14.234+0800: 1.021: [scrub symbol table, 0.0002733 secs]2022-01-17T00:24:14.234+0800: 1.021: [scrub string table, 0.0000736 secs][1 CMS-remark: 349379K(349568K)] 365756K(506816K), 0.0008307 secs] [Times: user=0.00 sys=0.00, real=0.00 secs] 
2022-01-17T00:24:14.234+0800: 1.021: [CMS-concurrent-sweep-start]
2022-01-17T00:24:14.235+0800: 1.021: [CMS-concurrent-sweep: 0.000/0.000 secs] [Times: user=0.00 sys=0.00, real=0.00 secs] 
2022-01-17T00:24:14.235+0800: 1.021: [CMS-concurrent-reset-start]
2022-01-17T00:24:14.235+0800: 1.022: [CMS-concurrent-reset: 0.000/0.000 secs] [Times: user=0.00 sys=0.00, real=0.00 secs] 
2022-01-17T00:24:14.249+0800: 1.036: [GC (Allocation Failure) 2022-01-17T00:24:14.249+0800: 1.036: [ParNew: 156971K->156971K(157248K), 0.0000147 secs]2022-01-17T00:24:14.249+0800: 1.036: [CMS: 348670K->349421K(349568K), 0.0402803 secs] 505641K->355845K(506816K), [Metaspace: 2702K->2702K(1056768K)], 0.0403756 secs] [Times: user=0.03 sys=0.00, real=0.04 secs] 
2022-01-17T00:24:14.289+0800: 1.076: [GC (CMS Initial Mark) [1 CMS-initial-mark: 349421K(349568K)] 356186K(506816K), 0.0003118 secs] [Times: user=0.00 sys=0.00, real=0.00 secs] 
2022-01-17T00:24:14.289+0800: 1.076: [CMS-concurrent-mark-start]
2022-01-17T00:24:14.290+0800: 1.077: [CMS-concurrent-mark: 0.001/0.001 secs] [Times: user=0.00 sys=0.00, real=0.00 secs] 
2022-01-17T00:24:14.290+0800: 1.077: [CMS-concurrent-preclean-start]
2022-01-17T00:24:14.291+0800: 1.079: [CMS-concurrent-preclean: 0.001/0.001 secs] [Times: user=0.00 sys=0.00, real=0.00 secs] 
2022-01-17T00:24:14.291+0800: 1.079: [CMS-concurrent-abortable-preclean-start]
2022-01-17T00:24:14.291+0800: 1.079: [CMS-concurrent-abortable-preclean: 0.000/0.000 secs] [Times: user=0.00 sys=0.00, real=0.00 secs] 
2022-01-17T00:24:14.291+0800: 1.079: [GC (CMS Final Remark) [YG occupancy: 25711 K (157248 K)]2022-01-17T00:24:14.291+0800: 1.079: [Rescan (parallel) , 0.0001680 secs]2022-01-17T00:24:14.291+0800: 1.079: [weak refs processing, 0.0000105 secs]2022-01-17T00:24:14.291+0800: 1.079: [class unloading, 0.0001727 secs]2022-01-17T00:24:14.292+0800: 1.079: [scrub symbol table, 0.0002717 secs]2022-01-17T00:24:14.292+0800: 1.079: [scrub string table, 0.0000748 secs][1 CMS-remark: 349421K(349568K)] 375132K(506816K), 0.0007572 secs] [Times: user=0.00 sys=0.00, real=0.00 secs] 
2022-01-17T00:24:14.292+0800: 1.079: [CMS-concurrent-sweep-start]
2022-01-17T00:24:14.293+0800: 1.080: [CMS-concurrent-sweep: 0.000/0.000 secs] [Times: user=0.00 sys=0.00, real=0.00 secs] 
2022-01-17T00:24:14.293+0800: 1.080: [CMS-concurrent-reset-start]
2022-01-17T00:24:14.293+0800: 1.080: [CMS-concurrent-reset: 0.000/0.000 secs] [Times: user=0.00 sys=0.00, real=0.00 secs] 
2022-01-17T00:24:14.307+0800: 1.094: [GC (Allocation Failure) 2022-01-17T00:24:14.307+0800: 1.094: [ParNew: 157036K->157036K(157248K), 0.0000153 secs]2022-01-17T00:24:14.307+0800: 1.094: [CMS: 348665K->349452K(349568K), 0.0467772 secs] 505702K->363118K(506816K), [Metaspace: 2702K->2702K(1056768K)], 0.0468557 secs] [Times: user=0.05 sys=0.00, real=0.05 secs] 
2022-01-17T00:24:14.354+0800: 1.141: [GC (CMS Initial Mark) [1 CMS-initial-mark: 349452K(349568K)] 363678K(506816K), 0.0001489 secs] [Times: user=0.00 sys=0.00, real=0.00 secs] 
2022-01-17T00:24:14.354+0800: 1.141: [CMS-concurrent-mark-start]
2022-01-17T00:24:14.355+0800: 1.142: [CMS-concurrent-mark: 0.001/0.001 secs] [Times: user=0.00 sys=0.00, real=0.00 secs] 
2022-01-17T00:24:14.355+0800: 1.142: [CMS-concurrent-preclean-start]
2022-01-17T00:24:14.356+0800: 1.143: [CMS-concurrent-preclean: 0.001/0.001 secs] [Times: user=0.00 sys=0.00, real=0.00 secs] 
2022-01-17T00:24:14.356+0800: 1.143: [CMS-concurrent-abortable-preclean-start]
2022-01-17T00:24:14.356+0800: 1.143: [CMS-concurrent-abortable-preclean: 0.000/0.000 secs] [Times: user=0.00 sys=0.00, real=0.00 secs] 
2022-01-17T00:24:14.356+0800: 1.143: [GC (CMS Final Remark) [YG occupancy: 34216 K (157248 K)]2022-01-17T00:24:14.356+0800: 1.143: [Rescan (parallel) , 0.0003970 secs]2022-01-17T00:24:14.357+0800: 1.144: [weak refs processing, 0.0000129 secs]2022-01-17T00:24:14.357+0800: 1.144: [class unloading, 0.0002448 secs]2022-01-17T00:24:14.357+0800: 1.144: [scrub symbol table, 0.0002652 secs]2022-01-17T00:24:14.357+0800: 1.144: [scrub string table, 0.0000794 secs][1 CMS-remark: 349452K(349568K)] 383669K(506816K), 0.0010732 secs] [Times: user=0.00 sys=0.00, real=0.00 secs] 
2022-01-17T00:24:14.357+0800: 1.145: [CMS-concurrent-sweep-start]
2022-01-17T00:24:14.358+0800: 1.145: [CMS-concurrent-sweep: 0.000/0.000 secs] [Times: user=0.00 sys=0.00, real=0.00 secs] 
2022-01-17T00:24:14.358+0800: 1.145: [CMS-concurrent-reset-start]
2022-01-17T00:24:14.358+0800: 1.145: [CMS-concurrent-reset: 0.000/0.000 secs] [Times: user=0.00 sys=0.00, real=0.00 secs] 
2022-01-17T00:24:14.370+0800: 1.157: [GC (Allocation Failure) 2022-01-17T00:24:14.370+0800: 1.157: [ParNew: 156949K->156949K(157248K), 0.0000160 secs]2022-01-17T00:24:14.370+0800: 1.157: [CMS: 349077K->349264K(349568K), 0.0452767 secs] 506026K->363788K(506816K), [Metaspace: 2702K->2702K(1056768K)], 0.0453721 secs] [Times: user=0.05 sys=0.00, real=0.05 secs] 
2022-01-17T00:24:14.416+0800: 1.203: [GC (CMS Initial Mark) [1 CMS-initial-mark: 349264K(349568K)] 367730K(506816K), 0.0005061 secs] [Times: user=0.00 sys=0.00, real=0.00 secs] 
2022-01-17T00:24:14.416+0800: 1.204: [CMS-concurrent-mark-start]
2022-01-17T00:24:14.417+0800: 1.204: [CMS-concurrent-mark: 0.001/0.001 secs] [Times: user=0.00 sys=0.00, real=0.00 secs] 
2022-01-17T00:24:14.417+0800: 1.205: [CMS-concurrent-preclean-start]
2022-01-17T00:24:14.418+0800: 1.205: [CMS-concurrent-preclean: 0.001/0.001 secs] [Times: user=0.00 sys=0.00, real=0.00 secs] 
2022-01-17T00:24:14.418+0800: 1.205: [CMS-concurrent-abortable-preclean-start]
2022-01-17T00:24:14.418+0800: 1.205: [CMS-concurrent-abortable-preclean: 0.000/0.000 secs] [Times: user=0.00 sys=0.00, real=0.00 secs] 
2022-01-17T00:24:14.418+0800: 1.206: [GC (CMS Final Remark) [YG occupancy: 31180 K (157248 K)]2022-01-17T00:24:14.418+0800: 1.206: [Rescan (parallel) , 0.0003826 secs]2022-01-17T00:24:14.419+0800: 1.206: [weak refs processing, 0.0000103 secs]2022-01-17T00:24:14.419+0800: 1.206: [class unloading, 0.0001865 secs]2022-01-17T00:24:14.419+0800: 1.206: [scrub symbol table, 0.0002756 secs]2022-01-17T00:24:14.419+0800: 1.206: [scrub string table, 0.0000779 secs][1 CMS-remark: 349264K(349568K)] 380444K(506816K), 0.0009924 secs] [Times: user=0.00 sys=0.00, real=0.00 secs] 
2022-01-17T00:24:14.420+0800: 1.207: [CMS-concurrent-sweep-start]
2022-01-17T00:24:14.420+0800: 1.207: [CMS-concurrent-sweep: 0.000/0.000 secs] [Times: user=0.00 sys=0.00, real=0.00 secs] 
2022-01-17T00:24:14.420+0800: 1.207: [CMS-concurrent-reset-start]
2022-01-17T00:24:14.420+0800: 1.207: [CMS-concurrent-reset: 0.000/0.000 secs] [Times: user=0.00 sys=0.00, real=0.00 secs] 
2022-01-17T00:24:14.433+0800: 1.220: [GC (Allocation Failure) 2022-01-17T00:24:14.433+0800: 1.220: [ParNew: 157129K->157129K(157248K), 0.0000153 secs]2022-01-17T00:24:14.433+0800: 1.220: [CMS: 348876K->348974K(349568K), 0.0429601 secs] 506006K->357589K(506816K), [Metaspace: 2702K->2702K(1056768K)], 0.0430446 secs] [Times: user=0.03 sys=0.00, real=0.04 secs] 
2022-01-17T00:24:14.476+0800: 1.263: [GC (CMS Initial Mark) [1 CMS-initial-mark: 348974K(349568K)] 357733K(506816K), 0.0002659 secs] [Times: user=0.00 sys=0.00, real=0.00 secs] 
2022-01-17T00:24:14.476+0800: 1.263: [CMS-concurrent-mark-start]
2022-01-17T00:24:14.477+0800: 1.264: [CMS-concurrent-mark: 0.001/0.001 secs] [Times: user=0.06 sys=0.00, real=0.00 secs] 
2022-01-17T00:24:14.477+0800: 1.264: [CMS-concurrent-preclean-start]
2022-01-17T00:24:14.478+0800: 1.265: [CMS-concurrent-preclean: 0.001/0.001 secs] [Times: user=0.00 sys=0.00, real=0.00 secs] 
2022-01-17T00:24:14.478+0800: 1.265: [CMS-concurrent-abortable-preclean-start]
2022-01-17T00:24:14.478+0800: 1.265: [CMS-concurrent-abortable-preclean: 0.000/0.000 secs] [Times: user=0.00 sys=0.00, real=0.00 secs] 
2022-01-17T00:24:14.478+0800: 1.265: [GC (CMS Final Remark) [YG occupancy: 31050 K (157248 K)]2022-01-17T00:24:14.478+0800: 1.265: [Rescan (parallel) , 0.0003124 secs]2022-01-17T00:24:14.479+0800: 1.266: [weak refs processing, 0.0000095 secs]2022-01-17T00:24:14.479+0800: 1.266: [class unloading, 0.0002211 secs]2022-01-17T00:24:14.479+0800: 1.266: [scrub symbol table, 0.0003184 secs]2022-01-17T00:24:14.479+0800: 1.266: [scrub string table, 0.0000804 secs][1 CMS-remark: 348974K(349568K)] 380025K(506816K), 0.0010459 secs] [Times: user=0.00 sys=0.00, real=0.00 secs] 
2022-01-17T00:24:14.480+0800: 1.267: [CMS-concurrent-sweep-start]
2022-01-17T00:24:14.480+0800: 1.267: [CMS-concurrent-sweep: 0.000/0.000 secs] [Times: user=0.00 sys=0.00, real=0.00 secs] 
2022-01-17T00:24:14.480+0800: 1.267: [CMS-concurrent-reset-start]
2022-01-17T00:24:14.480+0800: 1.267: [CMS-concurrent-reset: 0.000/0.000 secs] [Times: user=0.00 sys=0.00, real=0.00 secs] 
2022-01-17T00:24:14.494+0800: 1.281: [GC (Allocation Failure) 2022-01-17T00:24:14.494+0800: 1.281: [ParNew: 157003K->157003K(157248K), 0.0000160 secs]2022-01-17T00:24:14.494+0800: 1.281: [CMS: 348923K->348813K(349568K), 0.0427710 secs] 505927K->356329K(506816K), [Metaspace: 2702K->2702K(1056768K)], 0.0428699 secs] [Times: user=0.03 sys=0.00, real=0.04 secs] 
2022-01-17T00:24:14.537+0800: 1.324: [GC (CMS Initial Mark) [1 CMS-initial-mark: 348813K(349568K)] 359478K(506816K), 0.0003779 secs] [Times: user=0.00 sys=0.00, real=0.00 secs] 
2022-01-17T00:24:14.537+0800: 1.324: [CMS-concurrent-mark-start]
2022-01-17T00:24:14.538+0800: 1.325: [CMS-concurrent-mark: 0.001/0.001 secs] [Times: user=0.00 sys=0.00, real=0.00 secs] 
2022-01-17T00:24:14.538+0800: 1.325: [CMS-concurrent-preclean-start]
2022-01-17T00:24:14.539+0800: 1.326: [CMS-concurrent-preclean: 0.001/0.001 secs] [Times: user=0.03 sys=0.00, real=0.00 secs] 
2022-01-17T00:24:14.539+0800: 1.326: [CMS-concurrent-abortable-preclean-start]
2022-01-17T00:24:14.539+0800: 1.326: [CMS-concurrent-abortable-preclean: 0.000/0.000 secs] [Times: user=0.00 sys=0.00, real=0.00 secs] 
2022-01-17T00:24:14.539+0800: 1.326: [GC (CMS Final Remark) [YG occupancy: 26349 K (157248 K)]2022-01-17T00:24:14.539+0800: 1.326: [Rescan (parallel) , 0.0002527 secs]2022-01-17T00:24:14.540+0800: 1.327: [weak refs processing, 0.0000114 secs]2022-01-17T00:24:14.540+0800: 1.327: [class unloading, 0.0002158 secs]2022-01-17T00:24:14.540+0800: 1.327: [scrub symbol table, 0.0002962 secs]2022-01-17T00:24:14.540+0800: 1.327: [scrub string table, 0.0000918 secs][1 CMS-remark: 348813K(349568K)] 375163K(506816K), 0.0009286 secs] [Times: user=0.00 sys=0.00, real=0.00 secs] 
2022-01-17T00:24:14.540+0800: 1.327: [CMS-concurrent-sweep-start]
2022-01-17T00:24:14.541+0800: 1.328: [CMS-concurrent-sweep: 0.000/0.000 secs] [Times: user=0.00 sys=0.00, real=0.00 secs] 
2022-01-17T00:24:14.541+0800: 1.328: [CMS-concurrent-reset-start]
2022-01-17T00:24:14.541+0800: 1.328: [CMS-concurrent-reset: 0.000/0.000 secs] [Times: user=0.00 sys=0.00, real=0.00 secs] 
2022-01-17T00:24:14.554+0800: 1.341: [GC (Allocation Failure) 2022-01-17T00:24:14.554+0800: 1.341: [ParNew: 157095K->157095K(157248K), 0.0000151 secs]2022-01-17T00:24:14.554+0800: 1.341: [CMS: 348634K->349013K(349568K), 0.0475619 secs] 505729K->354569K(506816K), [Metaspace: 2702K->2702K(1056768K)], 0.0476560 secs] [Times: user=0.06 sys=0.00, real=0.05 secs] 
2022-01-17T00:24:14.602+0800: 1.389: [GC (CMS Initial Mark) [1 CMS-initial-mark: 349013K(349568K)] 358074K(506816K), 0.0003204 secs] [Times: user=0.00 sys=0.00, real=0.00 secs] 
2022-01-17T00:24:14.603+0800: 1.389: [CMS-concurrent-mark-start]
2022-01-17T00:24:14.604+0800: 1.390: [CMS-concurrent-mark: 0.001/0.001 secs] [Times: user=0.00 sys=0.00, real=0.00 secs] 
2022-01-17T00:24:14.604+0800: 1.390: [CMS-concurrent-preclean-start]
2022-01-17T00:24:14.605+0800: 1.391: [CMS-concurrent-preclean: 0.001/0.001 secs] [Times: user=0.00 sys=0.00, real=0.00 secs] 
2022-01-17T00:24:14.605+0800: 1.391: [CMS-concurrent-abortable-preclean-start]
2022-01-17T00:24:14.605+0800: 1.391: [CMS-concurrent-abortable-preclean: 0.000/0.000 secs] [Times: user=0.00 sys=0.00, real=0.00 secs] 
2022-01-17T00:24:14.605+0800: 1.392: [GC (CMS Final Remark) [YG occupancy: 26501 K (157248 K)]2022-01-17T00:24:14.605+0800: 1.392: [Rescan (parallel) , 0.0004368 secs]2022-01-17T00:24:14.605+0800: 1.392: [weak refs processing, 0.0000100 secs]2022-01-17T00:24:14.605+0800: 1.392: [class unloading, 0.0002720 secs]2022-01-17T00:24:14.606+0800: 1.392: [scrub symbol table, 0.0002740 secs]2022-01-17T00:24:14.606+0800: 1.393: [scrub string table, 0.0000805 secs][1 CMS-remark: 349013K(349568K)] 375514K(506816K), 0.0011372 secs] [Times: user=0.00 sys=0.00, real=0.00 secs] 
2022-01-17T00:24:14.606+0800: 1.393: [CMS-concurrent-sweep-start]
2022-01-17T00:24:14.607+0800: 1.393: [CMS-concurrent-sweep: 0.000/0.000 secs] [Times: user=0.00 sys=0.00, real=0.00 secs] 
2022-01-17T00:24:14.607+0800: 1.393: [CMS-concurrent-reset-start]
2022-01-17T00:24:14.607+0800: 1.394: [CMS-concurrent-reset: 0.000/0.000 secs] [Times: user=0.00 sys=0.00, real=0.00 secs] 
2022-01-17T00:24:14.621+0800: 1.407: [GC (Allocation Failure) 2022-01-17T00:24:14.621+0800: 1.407: [ParNew: 157239K->157239K(157248K), 0.0000166 secs]2022-01-17T00:24:14.621+0800: 1.407: [CMS: 348288K->349480K(349568K), 0.0424682 secs] 505528K->352144K(506816K), [Metaspace: 2702K->2702K(1056768K)], 0.0425613 secs] [Times: user=0.03 sys=0.00, real=0.04 secs] 
2022-01-17T00:24:14.662+0800: 1.450: [GC (CMS Initial Mark) [1 CMS-initial-mark: 349480K(349568K)] 352216K(506816K), 0.0002462 secs] [Times: user=0.00 sys=0.00, real=0.00 secs] 
2022-01-17T00:24:14.663+0800: 1.450: [CMS-concurrent-mark-start]
2022-01-17T00:24:14.664+0800: 1.451: [CMS-concurrent-mark: 0.001/0.001 secs] [Times: user=0.06 sys=0.00, real=0.00 secs] 
2022-01-17T00:24:14.664+0800: 1.451: [CMS-concurrent-preclean-start]
2022-01-17T00:24:14.665+0800: 1.452: [CMS-concurrent-preclean: 0.001/0.001 secs] [Times: user=0.00 sys=0.00, real=0.00 secs] 
2022-01-17T00:24:14.665+0800: 1.452: [CMS-concurrent-abortable-preclean-start]
2022-01-17T00:24:14.665+0800: 1.452: [CMS-concurrent-abortable-preclean: 0.000/0.000 secs] [Times: user=0.00 sys=0.00, real=0.00 secs] 
2022-01-17T00:24:14.665+0800: 1.452: [GC (CMS Final Remark) [YG occupancy: 23088 K (157248 K)]2022-01-17T00:24:14.665+0800: 1.452: [Rescan (parallel) , 0.0004716 secs]2022-01-17T00:24:14.665+0800: 1.453: [weak refs processing, 0.0000089 secs]2022-01-17T00:24:14.665+0800: 1.453: [class unloading, 0.0001963 secs]2022-01-17T00:24:14.665+0800: 1.453: [scrub symbol table, 0.0003068 secs]2022-01-17T00:24:14.666+0800: 1.453: [scrub string table, 0.0000813 secs][1 CMS-remark: 349480K(349568K)] 372568K(506816K), 0.0011198 secs] [Times: user=0.00 sys=0.00, real=0.00 secs] 
2022-01-17T00:24:14.666+0800: 1.453: [CMS-concurrent-sweep-start]
2022-01-17T00:24:14.666+0800: 1.454: [CMS-concurrent-sweep: 0.000/0.000 secs] [Times: user=0.00 sys=0.00, real=0.00 secs] 
2022-01-17T00:24:14.666+0800: 1.454: [CMS-concurrent-reset-start]
2022-01-17T00:24:14.667+0800: 1.454: [CMS-concurrent-reset: 0.000/0.000 secs] [Times: user=0.00 sys=0.00, real=0.00 secs] 
2022-01-17T00:24:14.679+0800: 1.466: [GC (Allocation Failure) 2022-01-17T00:24:14.679+0800: 1.466: [ParNew: 157055K->157055K(157248K), 0.0000155 secs]2022-01-17T00:24:14.679+0800: 1.466: [CMS: 349480K->349400K(349568K), 0.0412334 secs] 506535K->355909K(506816K), [Metaspace: 2702K->2702K(1056768K)], 0.0413300 secs] [Times: user=0.03 sys=0.00, real=0.04 secs] 
2022-01-17T00:24:14.721+0800: 1.508: [GC (CMS Initial Mark) [1 CMS-initial-mark: 349400K(349568K)] 358992K(506816K), 0.0005863 secs] [Times: user=0.00 sys=0.00, real=0.00 secs] 
2022-01-17T00:24:14.721+0800: 1.508: [CMS-concurrent-mark-start]
2022-01-17T00:24:14.722+0800: 1.509: [CMS-concurrent-mark: 0.001/0.001 secs] [Times: user=0.00 sys=0.00, real=0.00 secs] 
2022-01-17T00:24:14.722+0800: 1.509: [CMS-concurrent-preclean-start]
2022-01-17T00:24:14.723+0800: 1.510: [CMS-concurrent-preclean: 0.001/0.001 secs] [Times: user=0.00 sys=0.00, real=0.00 secs] 
2022-01-17T00:24:14.723+0800: 1.510: [CMS-concurrent-abortable-preclean-start]
2022-01-17T00:24:14.723+0800: 1.510: [CMS-concurrent-abortable-preclean: 0.000/0.000 secs] [Times: user=0.00 sys=0.00, real=0.00 secs] 
2022-01-17T00:24:14.723+0800: 1.510: [GC (CMS Final Remark) [YG occupancy: 25820 K (157248 K)]2022-01-17T00:24:14.723+0800: 1.510: [Rescan (parallel) , 0.0004338 secs]2022-01-17T00:24:14.724+0800: 1.511: [weak refs processing, 0.0000090 secs]2022-01-17T00:24:14.724+0800: 1.511: [class unloading, 0.0001706 secs]2022-01-17T00:24:14.724+0800: 1.511: [scrub symbol table, 0.0002726 secs]2022-01-17T00:24:14.724+0800: 1.511: [scrub string table, 0.0000744 secs][1 CMS-remark: 349400K(349568K)] 375220K(506816K), 0.0010197 secs] [Times: user=0.00 sys=0.00, real=0.00 secs] 
2022-01-17T00:24:14.724+0800: 1.512: [CMS-concurrent-sweep-start]
2022-01-17T00:24:14.725+0800: 1.512: [CMS-concurrent-sweep: 0.001/0.001 secs] [Times: user=0.00 sys=0.00, real=0.00 secs] 
2022-01-17T00:24:14.725+0800: 1.512: [CMS-concurrent-reset-start]
2022-01-17T00:24:14.725+0800: 1.512: [CMS-concurrent-reset: 0.000/0.000 secs] [Times: user=0.00 sys=0.00, real=0.00 secs] 
2022-01-17T00:24:14.737+0800: 1.524: [GC (Allocation Failure) 2022-01-17T00:24:14.737+0800: 1.524: [ParNew: 157073K->157073K(157248K), 0.0000177 secs]2022-01-17T00:24:14.737+0800: 1.524: [CMS: 349043K->348949K(349568K), 0.0415339 secs] 506117K->364436K(506816K), [Metaspace: 2702K->2702K(1056768K)], 0.0416271 secs] [Times: user=0.05 sys=0.00, real=0.04 secs] 
2022-01-17T00:24:14.779+0800: 1.566: [GC (CMS Initial Mark) [1 CMS-initial-mark: 348949K(349568K)] 364739K(506816K), 0.0003558 secs] [Times: user=0.00 sys=0.00, real=0.00 secs] 
2022-01-17T00:24:14.779+0800: 1.566: [CMS-concurrent-mark-start]
2022-01-17T00:24:14.780+0800: 1.567: [CMS-concurrent-mark: 0.001/0.001 secs] [Times: user=0.00 sys=0.00, real=0.00 secs] 
2022-01-17T00:24:14.780+0800: 1.567: [CMS-concurrent-preclean-start]
2022-01-17T00:24:14.781+0800: 1.568: [CMS-concurrent-preclean: 0.001/0.001 secs] [Times: user=0.00 sys=0.00, real=0.00 secs] 
2022-01-17T00:24:14.781+0800: 1.568: [CMS-concurrent-abortable-preclean-start]
2022-01-17T00:24:14.781+0800: 1.568: [CMS-concurrent-abortable-preclean: 0.000/0.000 secs] [Times: user=0.00 sys=0.00, real=0.00 secs] 
2022-01-17T00:24:14.781+0800: 1.568: [GC (CMS Final Remark) [YG occupancy: 29757 K (157248 K)]2022-01-17T00:24:14.781+0800: 1.568: [Rescan (parallel) , 0.0003851 secs]2022-01-17T00:24:14.781+0800: 1.568: [weak refs processing, 0.0000079 secs]2022-01-17T00:24:14.781+0800: 1.568: [class unloading, 0.0001577 secs]2022-01-17T00:24:14.781+0800: 1.568: [scrub symbol table, 0.0002546 secs]2022-01-17T00:24:14.782+0800: 1.569: [scrub string table, 0.0000766 secs][1 CMS-remark: 348949K(349568K)] 378706K(506816K), 0.0009235 secs] [Times: user=0.00 sys=0.00, real=0.00 secs] 
2022-01-17T00:24:14.782+0800: 1.569: [CMS-concurrent-sweep-start]
2022-01-17T00:24:14.782+0800: 1.569: [CMS-concurrent-sweep: 0.000/0.000 secs] [Times: user=0.00 sys=0.00, real=0.00 secs] 
2022-01-17T00:24:14.782+0800: 1.569: [CMS-concurrent-reset-start]
2022-01-17T00:24:14.782+0800: 1.569: [CMS-concurrent-reset: 0.000/0.000 secs] [Times: user=0.00 sys=0.00, real=0.00 secs] 
2022-01-17T00:24:14.795+0800: 1.582: [GC (Allocation Failure) 2022-01-17T00:24:14.795+0800: 1.582: [ParNew: 157062K->157062K(157248K), 0.0000148 secs]2022-01-17T00:24:14.795+0800: 1.582: [CMS: 348915K->349479K(349568K), 0.0397179 secs] 505978K->362220K(506816K), [Metaspace: 2702K->2702K(1056768K)], 0.0397995 secs] [Times: user=0.03 sys=0.00, real=0.04 secs] 
2022-01-17T00:24:14.835+0800: 1.622: [GC (CMS Initial Mark) [1 CMS-initial-mark: 349479K(349568K)] 365395K(506816K), 0.0005297 secs] [Times: user=0.00 sys=0.00, real=0.00 secs] 
2022-01-17T00:24:14.835+0800: 1.622: [CMS-concurrent-mark-start]
2022-01-17T00:24:14.836+0800: 1.623: [CMS-concurrent-mark: 0.001/0.001 secs] [Times: user=0.06 sys=0.00, real=0.00 secs] 
2022-01-17T00:24:14.836+0800: 1.623: [CMS-concurrent-preclean-start]
2022-01-17T00:24:14.837+0800: 1.624: [CMS-concurrent-preclean: 0.001/0.001 secs] [Times: user=0.00 sys=0.00, real=0.00 secs] 
2022-01-17T00:24:14.837+0800: 1.624: [CMS-concurrent-abortable-preclean-start]
2022-01-17T00:24:14.837+0800: 1.624: [CMS-concurrent-abortable-preclean: 0.000/0.000 secs] [Times: user=0.00 sys=0.00, real=0.00 secs] 
2022-01-17T00:24:14.837+0800: 1.624: [GC (CMS Final Remark) [YG occupancy: 29816 K (157248 K)]2022-01-17T00:24:14.837+0800: 1.624: [Rescan (parallel) , 0.0004992 secs]2022-01-17T00:24:14.837+0800: 1.624: [weak refs processing, 0.0000079 secs]2022-01-17T00:24:14.837+0800: 1.625: [class unloading, 0.0001624 secs]2022-01-17T00:24:14.838+0800: 1.625: [scrub symbol table, 0.0002548 secs]2022-01-17T00:24:14.838+0800: 1.625: [scrub string table, 0.0000743 secs][1 CMS-remark: 349479K(349568K)] 379296K(506816K), 0.0010406 secs] [Times: user=0.00 sys=0.00, real=0.00 secs] 
2022-01-17T00:24:14.838+0800: 1.625: [CMS-concurrent-sweep-start]
2022-01-17T00:24:14.838+0800: 1.625: [CMS-concurrent-sweep: 0.000/0.000 secs] [Times: user=0.00 sys=0.00, real=0.00 secs] 
2022-01-17T00:24:14.838+0800: 1.625: [CMS-concurrent-reset-start]
2022-01-17T00:24:14.839+0800: 1.626: [CMS-concurrent-reset: 0.000/0.000 secs] [Times: user=0.00 sys=0.00, real=0.00 secs] 
2022-01-17T00:24:14.850+0800: 1.637: [GC (Allocation Failure) 2022-01-17T00:24:14.850+0800: 1.637: [ParNew: 156990K->156990K(157248K), 0.0000150 secs]2022-01-17T00:24:14.850+0800: 1.637: [CMS: 349241K->348925K(349568K), 0.0440128 secs] 506231K->363380K(506816K), [Metaspace: 2702K->2702K(1056768K)], 0.0441000 secs] [Times: user=0.05 sys=0.00, real=0.05 secs] 
2022-01-17T00:24:14.895+0800: 1.682: [GC (CMS Initial Mark) [1 CMS-initial-mark: 348925K(349568K)] 363701K(506816K), 0.0000975 secs] [Times: user=0.00 sys=0.00, real=0.00 secs] 
2022-01-17T00:24:14.895+0800: 1.682: [CMS-concurrent-mark-start]
2022-01-17T00:24:14.896+0800: 1.682: [CMS-concurrent-mark: 0.001/0.001 secs] [Times: user=0.00 sys=0.00, real=0.00 secs] 
2022-01-17T00:24:14.896+0800: 1.682: [CMS-concurrent-preclean-start]
2022-01-17T00:24:14.897+0800: 1.684: [CMS-concurrent-preclean: 0.001/0.001 secs] [Times: user=0.00 sys=0.00, real=0.00 secs] 
2022-01-17T00:24:14.897+0800: 1.684: [CMS-concurrent-abortable-preclean-start]
2022-01-17T00:24:14.897+0800: 1.684: [CMS-concurrent-abortable-preclean: 0.000/0.000 secs] [Times: user=0.00 sys=0.00, real=0.00 secs] 
2022-01-17T00:24:14.897+0800: 1.684: [GC (CMS Final Remark) [YG occupancy: 34675 K (157248 K)]2022-01-17T00:24:14.897+0800: 1.684: [Rescan (parallel) , 0.0003485 secs]2022-01-17T00:24:14.897+0800: 1.684: [weak refs processing, 0.0000108 secs]2022-01-17T00:24:14.897+0800: 1.684: [class unloading, 0.0002283 secs]2022-01-17T00:24:14.897+0800: 1.684: [scrub symbol table, 0.0003821 secs]2022-01-17T00:24:14.898+0800: 1.685: [scrub string table, 0.0000962 secs][1 CMS-remark: 348925K(349568K)] 383600K(506816K), 0.0011414 secs] [Times: user=0.00 sys=0.00, real=0.00 secs] 
2022-01-17T00:24:14.898+0800: 1.685: [CMS-concurrent-sweep-start]
2022-01-17T00:24:14.899+0800: 1.685: [CMS-concurrent-sweep: 0.001/0.001 secs] [Times: user=0.03 sys=0.00, real=0.00 secs] 
2022-01-17T00:24:14.899+0800: 1.685: [CMS-concurrent-reset-start]
2022-01-17T00:24:14.899+0800: 1.686: [CMS-concurrent-reset: 0.000/0.000 secs] [Times: user=0.00 sys=0.00, real=0.00 secs] 
2022-01-17T00:24:14.913+0800: 1.700: [GC (Allocation Failure) 2022-01-17T00:24:14.913+0800: 1.700: [ParNew: 157095K->157095K(157248K), 0.0000196 secs]2022-01-17T00:24:14.914+0800: 1.700: [CMS: 348570K->349164K(349568K), 0.0417212 secs] 505666K->359150K(506816K), [Metaspace: 2702K->2702K(1056768K)], 0.0418237 secs] [Times: user=0.03 sys=0.02, real=0.04 secs] 
2022-01-17T00:24:14.956+0800: 1.742: [GC (CMS Initial Mark) [1 CMS-initial-mark: 349164K(349568K)] 363374K(506816K), 0.0005084 secs] [Times: user=0.00 sys=0.00, real=0.00 secs] 
2022-01-17T00:24:14.956+0800: 1.743: [CMS-concurrent-mark-start]
2022-01-17T00:24:14.957+0800: 1.744: [CMS-concurrent-mark: 0.001/0.001 secs] [Times: user=0.00 sys=0.00, real=0.00 secs] 
2022-01-17T00:24:14.957+0800: 1.744: [CMS-concurrent-preclean-start]
2022-01-17T00:24:14.957+0800: 1.745: [CMS-concurrent-preclean: 0.001/0.001 secs] [Times: user=0.00 sys=0.00, real=0.00 secs] 
2022-01-17T00:24:14.957+0800: 1.745: [CMS-concurrent-abortable-preclean-start]
2022-01-17T00:24:14.957+0800: 1.745: [CMS-concurrent-abortable-preclean: 0.000/0.000 secs] [Times: user=0.00 sys=0.00, real=0.00 secs] 
2022-01-17T00:24:14.958+0800: 1.745: [GC (CMS Final Remark) [YG occupancy: 29167 K (157248 K)]2022-01-17T00:24:14.958+0800: 1.745: [Rescan (parallel) , 0.0003545 secs]2022-01-17T00:24:14.958+0800: 1.745: [weak refs processing, 0.0000094 secs]2022-01-17T00:24:14.958+0800: 1.745: [class unloading, 0.0001624 secs]2022-01-17T00:24:14.958+0800: 1.745: [scrub symbol table, 0.0002543 secs]2022-01-17T00:24:14.958+0800: 1.746: [scrub string table, 0.0000747 secs][1 CMS-remark: 349164K(349568K)] 378331K(506816K), 0.0009085 secs] [Times: user=0.00 sys=0.00, real=0.00 secs] 
2022-01-17T00:24:14.959+0800: 1.746: [CMS-concurrent-sweep-start]
2022-01-17T00:24:14.959+0800: 1.746: [CMS-concurrent-sweep: 0.000/0.000 secs] [Times: user=0.00 sys=0.00, real=0.00 secs] 
2022-01-17T00:24:14.959+0800: 1.746: [CMS-concurrent-reset-start]
2022-01-17T00:24:14.959+0800: 1.746: [CMS-concurrent-reset: 0.000/0.000 secs] [Times: user=0.00 sys=0.00, real=0.00 secs] 
2022-01-17T00:24:14.971+0800: 1.758: [GC (Allocation Failure) 2022-01-17T00:24:14.971+0800: 1.758: [ParNew: 157006K->157006K(157248K), 0.0000152 secs]2022-01-17T00:24:14.971+0800: 1.758: [CMS: 348975K->349419K(349568K), 0.0410192 secs] 505982K->356234K(506816K), [Metaspace: 2702K->2702K(1056768K)], 0.0411055 secs] [Times: user=0.05 sys=0.00, real=0.04 secs] 
2022-01-17T00:24:15.012+0800: 1.799: [GC (CMS Initial Mark) [1 CMS-initial-mark: 349419K(349568K)] 359687K(506816K), 0.0002117 secs] [Times: user=0.00 sys=0.00, real=0.00 secs] 
2022-01-17T00:24:15.012+0800: 1.800: [CMS-concurrent-mark-start]
2022-01-17T00:24:15.013+0800: 1.800: [CMS-concurrent-mark: 0.001/0.001 secs] [Times: user=0.00 sys=0.00, real=0.00 secs] 
2022-01-17T00:24:15.013+0800: 1.800: [CMS-concurrent-preclean-start]
2022-01-17T00:24:15.014+0800: 1.801: [CMS-concurrent-preclean: 0.001/0.001 secs] [Times: user=0.00 sys=0.00, real=0.00 secs] 
2022-01-17T00:24:15.014+0800: 1.801: [CMS-concurrent-abortable-preclean-start]
2022-01-17T00:24:15.014+0800: 1.801: [CMS-concurrent-abortable-preclean: 0.000/0.000 secs] [Times: user=0.00 sys=0.00, real=0.00 secs] 
2022-01-17T00:24:15.014+0800: 1.801: [GC (CMS Final Remark) [YG occupancy: 25589 K (157248 K)]2022-01-17T00:24:15.014+0800: 1.801: [Rescan (parallel) , 0.0002351 secs]2022-01-17T00:24:15.014+0800: 1.802: [weak refs processing, 0.0000082 secs]2022-01-17T00:24:15.014+0800: 1.802: [class unloading, 0.0001648 secs]2022-01-17T00:24:15.015+0800: 1.802: [scrub symbol table, 0.0002639 secs]2022-01-17T00:24:15.015+0800: 1.802: [scrub string table, 0.0000738 secs][1 CMS-remark: 349419K(349568K)] 375008K(506816K), 0.0007904 secs] [Times: user=0.00 sys=0.00, real=0.00 secs] 
2022-01-17T00:24:15.015+0800: 1.802: [CMS-concurrent-sweep-start]
2022-01-17T00:24:15.015+0800: 1.802: [CMS-concurrent-sweep: 0.000/0.000 secs] [Times: user=0.00 sys=0.00, real=0.00 secs] 
2022-01-17T00:24:15.015+0800: 1.802: [CMS-concurrent-reset-start]
2022-01-17T00:24:15.015+0800: 1.803: [CMS-concurrent-reset: 0.000/0.000 secs] [Times: user=0.00 sys=0.00, real=0.00 secs] 
2022-01-17T00:24:15.029+0800: 1.816: [GC (Allocation Failure) 2022-01-17T00:24:15.029+0800: 1.816: [ParNew: 157229K->157229K(157248K), 0.0000155 secs]2022-01-17T00:24:15.029+0800: 1.816: [CMS: 348515K->349510K(349568K), 0.0395018 secs] 505745K->358043K(506816K), [Metaspace: 2702K->2702K(1056768K)], 0.0395955 secs] [Times: user=0.03 sys=0.00, real=0.04 secs] 
2022-01-17T00:24:15.068+0800: 1.855: [GC (CMS Initial Mark) [1 CMS-initial-mark: 349510K(349568K)] 358065K(506816K), 0.0004312 secs] [Times: user=0.00 sys=0.00, real=0.00 secs] 
2022-01-17T00:24:15.069+0800: 1.856: [CMS-concurrent-mark-start]
2022-01-17T00:24:15.070+0800: 1.857: [CMS-concurrent-mark: 0.001/0.001 secs] [Times: user=0.06 sys=0.00, real=0.00 secs] 
2022-01-17T00:24:15.070+0800: 1.857: [CMS-concurrent-preclean-start]
2022-01-17T00:24:15.071+0800: 1.858: [CMS-concurrent-preclean: 0.001/0.001 secs] [Times: user=0.00 sys=0.00, real=0.00 secs] 
2022-01-17T00:24:15.071+0800: 1.858: [CMS-concurrent-abortable-preclean-start]
2022-01-17T00:24:15.071+0800: 1.858: [CMS-concurrent-abortable-preclean: 0.000/0.000 secs] [Times: user=0.00 sys=0.00, real=0.00 secs] 
2022-01-17T00:24:15.071+0800: 1.858: [GC (CMS Final Remark) [YG occupancy: 31267 K (157248 K)]2022-01-17T00:24:15.071+0800: 1.858: [Rescan (parallel) , 0.0003176 secs]2022-01-17T00:24:15.071+0800: 1.858: [weak refs processing, 0.0000093 secs]2022-01-17T00:24:15.071+0800: 1.858: [class unloading, 0.0001722 secs]2022-01-17T00:24:15.071+0800: 1.858: [scrub symbol table, 0.0002688 secs]2022-01-17T00:24:15.072+0800: 1.859: [scrub string table, 0.0000783 secs][1 CMS-remark: 349510K(349568K)] 380778K(506816K), 0.0009010 secs] [Times: user=0.00 sys=0.00, real=0.00 secs] 
2022-01-17T00:24:15.072+0800: 1.859: [CMS-concurrent-sweep-start]
2022-01-17T00:24:15.072+0800: 1.859: [CMS-concurrent-sweep: 0.000/0.000 secs] [Times: user=0.00 sys=0.00, real=0.00 secs] 
2022-01-17T00:24:15.072+0800: 1.859: [CMS-concurrent-reset-start]
2022-01-17T00:24:15.072+0800: 1.859: [CMS-concurrent-reset: 0.000/0.000 secs] [Times: user=0.00 sys=0.00, real=0.00 secs] 
2022-01-17T00:24:15.083+0800: 1.870: [GC (Allocation Failure) 2022-01-17T00:24:15.083+0800: 1.870: [ParNew: 157140K->157140K(157248K), 0.0000145 secs]2022-01-17T00:24:15.083+0800: 1.870: [CMS: 347509K->349567K(349568K), 0.0391879 secs] 504650K->356819K(506816K), [Metaspace: 2702K->2702K(1056768K)], 0.0392744 secs] [Times: user=0.05 sys=0.00, real=0.04 secs] 
2022-01-17T00:24:15.123+0800: 1.909: [GC (CMS Initial Mark) [1 CMS-initial-mark: 349567K(349568K)] 357007K(506816K), 0.0000845 secs] [Times: user=0.00 sys=0.00, real=0.00 secs] 
2022-01-17T00:24:15.123+0800: 1.909: [CMS-concurrent-mark-start]
2022-01-17T00:24:15.123+0800: 1.910: [CMS-concurrent-mark: 0.001/0.001 secs] [Times: user=0.00 sys=0.00, real=0.00 secs] 
2022-01-17T00:24:15.123+0800: 1.910: [CMS-concurrent-preclean-start]
2022-01-17T00:24:15.124+0800: 1.911: [CMS-concurrent-preclean: 0.001/0.001 secs] [Times: user=0.00 sys=0.00, real=0.00 secs] 
2022-01-17T00:24:15.124+0800: 1.911: [CMS-concurrent-abortable-preclean-start]
2022-01-17T00:24:15.124+0800: 1.911: [CMS-concurrent-abortable-preclean: 0.000/0.000 secs] [Times: user=0.00 sys=0.00, real=0.00 secs] 
2022-01-17T00:24:15.125+0800: 1.911: [GC (CMS Final Remark) [YG occupancy: 26309 K (157248 K)]2022-01-17T00:24:15.125+0800: 1.911: [Rescan (parallel) , 0.0001978 secs]2022-01-17T00:24:15.125+0800: 1.912: [weak refs processing, 0.0000086 secs]2022-01-17T00:24:15.125+0800: 1.912: [class unloading, 0.0002570 secs]2022-01-17T00:24:15.125+0800: 1.912: [scrub symbol table, 0.0002875 secs]2022-01-17T00:24:15.125+0800: 1.912: [scrub string table, 0.0000812 secs][1 CMS-remark: 349567K(349568K)] 375877K(506816K), 0.0008883 secs] [Times: user=0.00 sys=0.00, real=0.00 secs] 
2022-01-17T00:24:15.125+0800: 1.912: [CMS-concurrent-sweep-start]
2022-01-17T00:24:15.126+0800: 1.913: [CMS-concurrent-sweep: 0.000/0.000 secs] [Times: user=0.00 sys=0.00, real=0.00 secs] 
2022-01-17T00:24:15.126+0800: 1.913: [CMS-concurrent-reset-start]
2022-01-17T00:24:15.126+0800: 1.913: [CMS-concurrent-reset: 0.000/0.000 secs] [Times: user=0.00 sys=0.00, real=0.00 secs] 
2022-01-17T00:24:15.138+0800: 1.925: [GC (Allocation Failure) 2022-01-17T00:24:15.138+0800: 1.925: [ParNew: 157213K->157213K(157248K), 0.0000147 secs]2022-01-17T00:24:15.138+0800: 1.925: [CMS: 349523K->349556K(349568K), 0.0406079 secs] 506736K->361563K(506816K), [Metaspace: 2702K->2702K(1056768K)], 0.0406919 secs] [Times: user=0.03 sys=0.00, real=0.04 secs] 
2022-01-17T00:24:15.180+0800: 1.966: [GC (CMS Initial Mark) [1 CMS-initial-mark: 349556K(349568K)] 364518K(506816K), 0.0004907 secs] [Times: user=0.00 sys=0.00, real=0.00 secs] 
2022-01-17T00:24:15.180+0800: 1.967: [CMS-concurrent-mark-start]
2022-01-17T00:24:15.180+0800: 1.967: [CMS-concurrent-mark: 0.001/0.001 secs] [Times: user=0.00 sys=0.00, real=0.00 secs] 
2022-01-17T00:24:15.180+0800: 1.967: [CMS-concurrent-preclean-start]
2022-01-17T00:24:15.181+0800: 1.968: [CMS-concurrent-preclean: 0.001/0.001 secs] [Times: user=0.00 sys=0.00, real=0.00 secs] 
2022-01-17T00:24:15.181+0800: 1.968: [CMS-concurrent-abortable-preclean-start]
2022-01-17T00:24:15.181+0800: 1.968: [CMS-concurrent-abortable-preclean: 0.000/0.000 secs] [Times: user=0.00 sys=0.00, real=0.00 secs] 
2022-01-17T00:24:15.181+0800: 1.968: [GC (CMS Final Remark) [YG occupancy: 28635 K (157248 K)]2022-01-17T00:24:15.181+0800: 1.968: [Rescan (parallel) , 0.0004522 secs]2022-01-17T00:24:15.182+0800: 1.969: [weak refs processing, 0.0000079 secs]2022-01-17T00:24:15.182+0800: 1.969: [class unloading, 0.0001631 secs]2022-01-17T00:24:15.182+0800: 1.969: [scrub symbol table, 0.0002563 secs]2022-01-17T00:24:15.182+0800: 1.969: [scrub string table, 0.0000735 secs][1 CMS-remark: 349556K(349568K)] 378191K(506816K), 0.0009939 secs] [Times: user=0.00 sys=0.00, real=0.00 secs] 
2022-01-17T00:24:15.182+0800: 1.969: [CMS-concurrent-sweep-start]
2022-01-17T00:24:15.183+0800: 1.970: [CMS-concurrent-sweep: 0.000/0.000 secs] [Times: user=0.00 sys=0.00, real=0.00 secs] 
2022-01-17T00:24:15.183+0800: 1.970: [CMS-concurrent-reset-start]
2022-01-17T00:24:15.183+0800: 1.970: [CMS-concurrent-reset: 0.000/0.000 secs] [Times: user=0.00 sys=0.00, real=0.00 secs] 
2022-01-17T00:24:15.194+0800: 1.981: [GC (Allocation Failure) 2022-01-17T00:24:15.194+0800: 1.981: [ParNew: 157029K->157029K(157248K), 0.0000151 secs]2022-01-17T00:24:15.194+0800: 1.981: [CMS: 349041K->349230K(349568K), 0.0495564 secs] 506071K->368788K(506816K), [Metaspace: 2702K->2702K(1056768K)], 0.0496550 secs] [Times: user=0.06 sys=0.00, real=0.05 secs] 
2022-01-17T00:24:15.244+0800: 2.031: [GC (CMS Initial Mark) [1 CMS-initial-mark: 349230K(349568K)] 371922K(506816K), 0.0004929 secs] [Times: user=0.00 sys=0.00, real=0.00 secs] 
2022-01-17T00:24:15.244+0800: 2.031: [CMS-concurrent-mark-start]
2022-01-17T00:24:15.245+0800: 2.032: [CMS-concurrent-mark: 0.001/0.001 secs] [Times: user=0.00 sys=0.00, real=0.00 secs] 
2022-01-17T00:24:15.245+0800: 2.032: [CMS-concurrent-preclean-start]
2022-01-17T00:24:15.246+0800: 2.033: [CMS-concurrent-preclean: 0.001/0.001 secs] [Times: user=0.00 sys=0.00, real=0.00 secs] 
2022-01-17T00:24:15.246+0800: 2.033: [CMS-concurrent-abortable-preclean-start]
2022-01-17T00:24:15.246+0800: 2.033: [CMS-concurrent-abortable-preclean: 0.000/0.000 secs] [Times: user=0.00 sys=0.00, real=0.00 secs] 
2022-01-17T00:24:15.246+0800: 2.033: [GC (CMS Final Remark) [YG occupancy: 39630 K (157248 K)]2022-01-17T00:24:15.246+0800: 2.033: [Rescan (parallel) , 0.0003243 secs]2022-01-17T00:24:15.247+0800: 2.034: [weak refs processing, 0.0000115 secs]2022-01-17T00:24:15.247+0800: 2.034: [class unloading, 0.0002262 secs]2022-01-17T00:24:15.247+0800: 2.034: [scrub symbol table, 0.0003217 secs]2022-01-17T00:24:15.247+0800: 2.034: [scrub string table, 0.0000876 secs][1 CMS-remark: 349230K(349568K)] 388860K(506816K), 0.0010293 secs] [Times: user=0.00 sys=0.00, real=0.00 secs] 
2022-01-17T00:24:15.248+0800: 2.034: [CMS-concurrent-sweep-start]
2022-01-17T00:24:15.248+0800: 2.035: [CMS-concurrent-sweep: 0.000/0.000 secs] [Times: user=0.00 sys=0.00, real=0.00 secs] 
2022-01-17T00:24:15.248+0800: 2.035: [CMS-concurrent-reset-start]
2022-01-17T00:24:15.248+0800: 2.035: [CMS-concurrent-reset: 0.000/0.000 secs] [Times: user=0.00 sys=0.00, real=0.00 secs] 
2022-01-17T00:24:15.260+0800: 2.047: [GC (Allocation Failure) 2022-01-17T00:24:15.260+0800: 2.047: [ParNew: 157231K->157231K(157248K), 0.0000181 secs]2022-01-17T00:24:15.260+0800: 2.047: [CMS: 348336K->349442K(349568K), 0.0470529 secs] 505567K->371965K(506816K), [Metaspace: 2702K->2702K(1056768K)], 0.0471645 secs] [Times: user=0.05 sys=0.00, real=0.05 secs] 
2022-01-17T00:24:15.307+0800: 2.094: [GC (CMS Initial Mark) [1 CMS-initial-mark: 349442K(349568K)] 374866K(506816K), 0.0003327 secs] [Times: user=0.00 sys=0.00, real=0.00 secs] 
2022-01-17T00:24:15.308+0800: 2.095: [CMS-concurrent-mark-start]
2022-01-17T00:24:15.309+0800: 2.096: [CMS-concurrent-mark: 0.001/0.001 secs] [Times: user=0.00 sys=0.00, real=0.00 secs] 
2022-01-17T00:24:15.309+0800: 2.096: [CMS-concurrent-preclean-start]
2022-01-17T00:24:15.310+0800: 2.097: [CMS-concurrent-preclean: 0.001/0.001 secs] [Times: user=0.00 sys=0.00, real=0.00 secs] 
2022-01-17T00:24:15.310+0800: 2.097: [CMS-concurrent-abortable-preclean-start]
2022-01-17T00:24:15.310+0800: 2.097: [CMS-concurrent-abortable-preclean: 0.000/0.000 secs] [Times: user=0.00 sys=0.00, real=0.00 secs] 
2022-01-17T00:24:15.310+0800: 2.097: [GC (CMS Final Remark) [YG occupancy: 45747 K (157248 K)]2022-01-17T00:24:15.310+0800: 2.097: [Rescan (parallel) , 0.0002299 secs]2022-01-17T00:24:15.310+0800: 2.097: [weak refs processing, 0.0000097 secs]2022-01-17T00:24:15.310+0800: 2.097: [class unloading, 0.0001729 secs]2022-01-17T00:24:15.310+0800: 2.097: [scrub symbol table, 0.0004098 secs]2022-01-17T00:24:15.311+0800: 2.098: [scrub string table, 0.0001002 secs][1 CMS-remark: 349442K(349568K)] 395189K(506816K), 0.0009781 secs] [Times: user=0.00 sys=0.00, real=0.00 secs] 
2022-01-17T00:24:15.311+0800: 2.098: [CMS-concurrent-sweep-start]
2022-01-17T00:24:15.311+0800: 2.098: [CMS-concurrent-sweep: 0.000/0.000 secs] [Times: user=0.00 sys=0.00, real=0.00 secs] 
2022-01-17T00:24:15.312+0800: 2.098: [CMS-concurrent-reset-start]
2022-01-17T00:24:15.312+0800: 2.099: [CMS-concurrent-reset: 0.000/0.000 secs] [Times: user=0.00 sys=0.00, real=0.00 secs] 
2022-01-17T00:24:15.322+0800: 2.108: [GC (Allocation Failure) 2022-01-17T00:24:15.322+0800: 2.108: [ParNew: 157105K->157105K(157248K), 0.0000167 secs]2022-01-17T00:24:15.322+0800: 2.108: [CMS: 349385K->349344K(349568K), 0.0406306 secs] 506491K->367316K(506816K), [Metaspace: 2702K->2702K(1056768K)], 0.0407194 secs] [Times: user=0.03 sys=0.00, real=0.04 secs] 
2022-01-17T00:24:15.363+0800: 2.149: [GC (CMS Initial Mark) [1 CMS-initial-mark: 349344K(349568K)] 370490K(506816K), 0.0005153 secs] [Times: user=0.00 sys=0.00, real=0.00 secs] 
2022-01-17T00:24:15.363+0800: 2.150: [CMS-concurrent-mark-start]
2022-01-17T00:24:15.363+0800: 2.151: [CMS-concurrent-mark: 0.001/0.001 secs] [Times: user=0.00 sys=0.00, real=0.00 secs] 
2022-01-17T00:24:15.363+0800: 2.151: [CMS-concurrent-preclean-start]
2022-01-17T00:24:15.364+0800: 2.151: [CMS-concurrent-preclean: 0.001/0.001 secs] [Times: user=0.00 sys=0.00, real=0.00 secs] 
2022-01-17T00:24:15.364+0800: 2.152: [CMS-concurrent-abortable-preclean-start]
2022-01-17T00:24:15.364+0800: 2.152: [CMS-concurrent-abortable-preclean: 0.000/0.000 secs] [Times: user=0.00 sys=0.00, real=0.00 secs] 
2022-01-17T00:24:15.364+0800: 2.152: [GC (CMS Final Remark) [YG occupancy: 41940 K (157248 K)]2022-01-17T00:24:15.364+0800: 2.152: [Rescan (parallel) , 0.0006485 secs]2022-01-17T00:24:15.365+0800: 2.152: [weak refs processing, 0.0000082 secs]2022-01-17T00:24:15.365+0800: 2.152: [class unloading, 0.0001691 secs]2022-01-17T00:24:15.365+0800: 2.152: [scrub symbol table, 0.0002586 secs]2022-01-17T00:24:15.366+0800: 2.153: [scrub string table, 0.0000788 secs][1 CMS-remark: 349344K(349568K)] 391284K(506816K), 0.0012078 secs] [Times: user=0.00 sys=0.00, real=0.00 secs] 
2022-01-17T00:24:15.366+0800: 2.153: [CMS-concurrent-sweep-start]
2022-01-17T00:24:15.366+0800: 2.153: [CMS-concurrent-sweep: 0.000/0.000 secs] [Times: user=0.00 sys=0.00, real=0.00 secs] 
2022-01-17T00:24:15.366+0800: 2.153: [CMS-concurrent-reset-start]
2022-01-17T00:24:15.366+0800: 2.154: [CMS-concurrent-reset: 0.000/0.000 secs] [Times: user=0.00 sys=0.00, real=0.00 secs] 
2022-01-17T00:24:15.377+0800: 2.165: [GC (Allocation Failure) 2022-01-17T00:24:15.377+0800: 2.165: [ParNew: 157173K->157173K(157248K), 0.0000161 secs]2022-01-17T00:24:15.377+0800: 2.165: [CMS: 348888K->349536K(349568K), 0.0440173 secs] 506062K->368039K(506816K), [Metaspace: 2702K->2702K(1056768K)], 0.0441063 secs] [Times: user=0.05 sys=0.00, real=0.04 secs] 
2022-01-17T00:24:15.422+0800: 2.209: [GC (CMS Initial Mark) [1 CMS-initial-mark: 349536K(349568K)] 368327K(506816K), 0.0003762 secs] [Times: user=0.00 sys=0.00, real=0.00 secs] 
2022-01-17T00:24:15.422+0800: 2.209: [CMS-concurrent-mark-start]
2022-01-17T00:24:15.423+0800: 2.210: [CMS-concurrent-mark: 0.001/0.001 secs] [Times: user=0.00 sys=0.00, real=0.00 secs] 
2022-01-17T00:24:15.423+0800: 2.210: [CMS-concurrent-preclean-start]
2022-01-17T00:24:15.424+0800: 2.211: [CMS-concurrent-preclean: 0.001/0.001 secs] [Times: user=0.00 sys=0.00, real=0.00 secs] 
2022-01-17T00:24:15.424+0800: 2.211: [CMS-concurrent-abortable-preclean-start]
2022-01-17T00:24:15.424+0800: 2.211: [CMS-concurrent-abortable-preclean: 0.000/0.000 secs] [Times: user=0.00 sys=0.00, real=0.00 secs] 
2022-01-17T00:24:15.424+0800: 2.211: [GC (CMS Final Remark) [YG occupancy: 39440 K (157248 K)]2022-01-17T00:24:15.424+0800: 2.211: [Rescan (parallel) , 0.0004211 secs]2022-01-17T00:24:15.425+0800: 2.212: [weak refs processing, 0.0000083 secs]2022-01-17T00:24:15.425+0800: 2.212: [class unloading, 0.0001686 secs]2022-01-17T00:24:15.425+0800: 2.212: [scrub symbol table, 0.0002647 secs]2022-01-17T00:24:15.425+0800: 2.212: [scrub string table, 0.0000741 secs][1 CMS-remark: 349536K(349568K)] 388976K(506816K), 0.0009849 secs] [Times: user=0.00 sys=0.00, real=0.00 secs] 
2022-01-17T00:24:15.425+0800: 2.212: [CMS-concurrent-sweep-start]
2022-01-17T00:24:15.425+0800: 2.213: [CMS-concurrent-sweep: 0.000/0.000 secs] [Times: user=0.00 sys=0.00, real=0.00 secs] 
2022-01-17T00:24:15.426+0800: 2.213: [CMS-concurrent-reset-start]
2022-01-17T00:24:15.426+0800: 2.213: [CMS-concurrent-reset: 0.000/0.000 secs] [Times: user=0.00 sys=0.00, real=0.00 secs] 
2022-01-17T00:24:15.436+0800: 2.223: [GC (Allocation Failure) 2022-01-17T00:24:15.436+0800: 2.223: [ParNew: 157019K->157019K(157248K), 0.0000155 secs]2022-01-17T00:24:15.436+0800: 2.223: [CMS: 349437K->349197K(349568K), 0.0413926 secs] 506457K->376547K(506816K), [Metaspace: 2702K->2702K(1056768K)], 0.0414779 secs] [Times: user=0.05 sys=0.00, real=0.04 secs] 
2022-01-17T00:24:15.478+0800: 2.265: [GC (CMS Initial Mark) [1 CMS-initial-mark: 349197K(349568K)] 379589K(506816K), 0.0005449 secs] [Times: user=0.00 sys=0.00, real=0.00 secs] 
2022-01-17T00:24:15.479+0800: 2.266: [CMS-concurrent-mark-start]
2022-01-17T00:24:15.480+0800: 2.266: [CMS-concurrent-mark: 0.001/0.001 secs] [Times: user=0.00 sys=0.00, real=0.00 secs] 
2022-01-17T00:24:15.480+0800: 2.266: [CMS-concurrent-preclean-start]
2022-01-17T00:24:15.480+0800: 2.267: [CMS-concurrent-preclean: 0.001/0.001 secs] [Times: user=0.00 sys=0.00, real=0.00 secs] 
2022-01-17T00:24:15.480+0800: 2.267: [CMS-concurrent-abortable-preclean-start]
2022-01-17T00:24:15.480+0800: 2.267: [CMS-concurrent-abortable-preclean: 0.000/0.000 secs] [Times: user=0.00 sys=0.00, real=0.00 secs] 
2022-01-17T00:24:15.481+0800: 2.267: [GC (CMS Final Remark) [YG occupancy: 47530 K (157248 K)]2022-01-17T00:24:15.481+0800: 2.267: [Rescan (parallel) , 0.0004483 secs]2022-01-17T00:24:15.481+0800: 2.268: [weak refs processing, 0.0000103 secs]2022-01-17T00:24:15.481+0800: 2.268: [class unloading, 0.0001830 secs]2022-01-17T00:24:15.481+0800: 2.268: [scrub symbol table, 0.0002967 secs]2022-01-17T00:24:15.482+0800: 2.268: [scrub string table, 0.0001037 secs][1 CMS-remark: 349197K(349568K)] 396727K(506816K), 0.0010966 secs] [Times: user=0.00 sys=0.00, real=0.00 secs] 
2022-01-17T00:24:15.482+0800: 2.269: [CMS-concurrent-sweep-start]
2022-01-17T00:24:15.482+0800: 2.269: [CMS-concurrent-sweep: 0.000/0.000 secs] [Times: user=0.00 sys=0.00, real=0.00 secs] 
2022-01-17T00:24:15.482+0800: 2.269: [CMS-concurrent-reset-start]
2022-01-17T00:24:15.482+0800: 2.269: [CMS-concurrent-reset: 0.000/0.000 secs] [Times: user=0.00 sys=0.00, real=0.00 secs] 
2022-01-17T00:24:15.492+0800: 2.279: [GC (Allocation Failure) 2022-01-17T00:24:15.492+0800: 2.279: [ParNew: 157183K->157183K(157248K), 0.0000154 secs]2022-01-17T00:24:15.492+0800: 2.279: [CMS: 349087K->349532K(349568K), 0.0432800 secs] 506270K->373797K(506816K), [Metaspace: 2702K->2702K(1056768K)], 0.0433927 secs] [Times: user=0.03 sys=0.00, real=0.04 secs] 
2022-01-17T00:24:15.536+0800: 2.322: [GC (CMS Initial Mark) [1 CMS-initial-mark: 349532K(349568K)] 376780K(506816K), 0.0004987 secs] [Times: user=0.00 sys=0.00, real=0.00 secs] 
2022-01-17T00:24:15.536+0800: 2.323: [CMS-concurrent-mark-start]
2022-01-17T00:24:15.537+0800: 2.324: [CMS-concurrent-mark: 0.001/0.001 secs] [Times: user=0.00 sys=0.00, real=0.00 secs] 
2022-01-17T00:24:15.537+0800: 2.324: [CMS-concurrent-preclean-start]
2022-01-17T00:24:15.538+0800: 2.325: [CMS-concurrent-preclean: 0.001/0.001 secs] [Times: user=0.00 sys=0.00, real=0.00 secs] 
2022-01-17T00:24:15.538+0800: 2.325: [CMS-concurrent-abortable-preclean-start]
2022-01-17T00:24:15.538+0800: 2.325: [CMS-concurrent-abortable-preclean: 0.000/0.000 secs] [Times: user=0.00 sys=0.00, real=0.00 secs] 
2022-01-17T00:24:15.539+0800: 2.325: [GC (CMS Final Remark) [YG occupancy: 40997 K (157248 K)]2022-01-17T00:24:15.539+0800: 2.325: [Rescan (parallel) , 0.0005718 secs]2022-01-17T00:24:15.539+0800: 2.326: [weak refs processing, 0.0000103 secs]2022-01-17T00:24:15.539+0800: 2.326: [class unloading, 0.0001686 secs]2022-01-17T00:24:15.539+0800: 2.326: [scrub symbol table, 0.0002610 secs]2022-01-17T00:24:15.540+0800: 2.326: [scrub string table, 0.0000868 secs][1 CMS-remark: 349532K(349568K)] 390530K(506816K), 0.0011573 secs] [Times: user=0.00 sys=0.00, real=0.00 secs] 
2022-01-17T00:24:15.540+0800: 2.327: [CMS-concurrent-sweep-start]
2022-01-17T00:24:15.540+0800: 2.327: [CMS-concurrent-sweep: 0.000/0.000 secs] [Times: user=0.00 sys=0.00, real=0.00 secs] 
2022-01-17T00:24:15.540+0800: 2.327: [CMS-concurrent-reset-start]
2022-01-17T00:24:15.541+0800: 2.327: [CMS-concurrent-reset: 0.000/0.000 secs] [Times: user=0.00 sys=0.00, real=0.00 secs] 
2022-01-17T00:24:15.553+0800: 2.340: [GC (Allocation Failure) 2022-01-17T00:24:15.553+0800: 2.340: [ParNew: 156964K->156964K(157248K), 0.0000170 secs]2022-01-17T00:24:15.553+0800: 2.340: [CMS: 348272K->349509K(349568K), 0.0411771 secs] 505237K->368827K(506816K), [Metaspace: 2702K->2702K(1056768K)], 0.0412750 secs] [Times: user=0.05 sys=0.00, real=0.04 secs] 
2022-01-17T00:24:15.595+0800: 2.381: [GC (CMS Initial Mark) [1 CMS-initial-mark: 349509K(349568K)] 371984K(506816K), 0.0004914 secs] [Times: user=0.00 sys=0.00, real=0.00 secs] 
2022-01-17T00:24:15.595+0800: 2.382: [CMS-concurrent-mark-start]
2022-01-17T00:24:15.596+0800: 2.383: [CMS-concurrent-mark: 0.001/0.001 secs] [Times: user=0.00 sys=0.00, real=0.00 secs] 
2022-01-17T00:24:15.596+0800: 2.383: [CMS-concurrent-preclean-start]
2022-01-17T00:24:15.597+0800: 2.383: [CMS-concurrent-preclean: 0.001/0.001 secs] [Times: user=0.00 sys=0.00, real=0.00 secs] 
2022-01-17T00:24:15.597+0800: 2.383: [CMS-concurrent-abortable-preclean-start]
2022-01-17T00:24:15.597+0800: 2.383: [CMS-concurrent-abortable-preclean: 0.000/0.000 secs] [Times: user=0.00 sys=0.00, real=0.00 secs] 
2022-01-17T00:24:15.597+0800: 2.384: [GC (CMS Final Remark) [YG occupancy: 37686 K (157248 K)]2022-01-17T00:24:15.597+0800: 2.384: [Rescan (parallel) , 0.0003267 secs]2022-01-17T00:24:15.597+0800: 2.384: [weak refs processing, 0.0000103 secs]2022-01-17T00:24:15.597+0800: 2.384: [class unloading, 0.0001820 secs]2022-01-17T00:24:15.598+0800: 2.384: [scrub symbol table, 0.0002830 secs]2022-01-17T00:24:15.598+0800: 2.384: [scrub string table, 0.0000844 secs][1 CMS-remark: 349509K(349568K)] 387195K(506816K), 0.0009377 secs] [Times: user=0.00 sys=0.00, real=0.00 secs] 
2022-01-17T00:24:15.598+0800: 2.385: [CMS-concurrent-sweep-start]
2022-01-17T00:24:15.598+0800: 2.385: [CMS-concurrent-sweep: 0.000/0.000 secs] [Times: user=0.00 sys=0.00, real=0.00 secs] 
2022-01-17T00:24:15.598+0800: 2.385: [CMS-concurrent-reset-start]
2022-01-17T00:24:15.599+0800: 2.385: [CMS-concurrent-reset: 0.000/0.000 secs] [Times: user=0.00 sys=0.00, real=0.00 secs] 
2022-01-17T00:24:15.610+0800: 2.396: [GC (Allocation Failure) 2022-01-17T00:24:15.610+0800: 2.396: [ParNew: 156618K->156618K(157248K), 0.0000152 secs]2022-01-17T00:24:15.610+0800: 2.397: [CMS: 348671K->349493K(349568K), 0.0408922 secs] 505290K->366106K(506816K), [Metaspace: 2702K->2702K(1056768K)], 0.0409909 secs] [Times: user=0.05 sys=0.00, real=0.04 secs] 
2022-01-17T00:24:15.650+0800: 2.438: [GC (CMS Initial Mark) [1 CMS-initial-mark: 349493K(349568K)] 366798K(506816K), 0.0003662 secs] [Times: user=0.00 sys=0.00, real=0.00 secs] 
2022-01-17T00:24:15.651+0800: 2.438: [CMS-concurrent-mark-start]
2022-01-17T00:24:15.651+0800: 2.439: [CMS-concurrent-mark: 0.001/0.001 secs] [Times: user=0.00 sys=0.00, real=0.00 secs] 
2022-01-17T00:24:15.651+0800: 2.439: [CMS-concurrent-preclean-start]
2022-01-17T00:24:15.652+0800: 2.440: [CMS-concurrent-preclean: 0.001/0.001 secs] [Times: user=0.00 sys=0.00, real=0.00 secs] 
2022-01-17T00:24:15.652+0800: 2.440: [CMS-concurrent-abortable-preclean-start]
2022-01-17T00:24:15.652+0800: 2.440: [CMS-concurrent-abortable-preclean: 0.000/0.000 secs] [Times: user=0.00 sys=0.00, real=0.00 secs] 
2022-01-17T00:24:15.652+0800: 2.440: [GC (CMS Final Remark) [YG occupancy: 38520 K (157248 K)]2022-01-17T00:24:15.652+0800: 2.440: [Rescan (parallel) , 0.0002182 secs]2022-01-17T00:24:15.652+0800: 2.440: [weak refs processing, 0.0000082 secs]2022-01-17T00:24:15.652+0800: 2.440: [class unloading, 0.0001708 secs]2022-01-17T00:24:15.653+0800: 2.440: [scrub symbol table, 0.0002541 secs]2022-01-17T00:24:15.653+0800: 2.440: [scrub string table, 0.0000737 secs][1 CMS-remark: 349493K(349568K)] 388014K(506816K), 0.0007717 secs] [Times: user=0.00 sys=0.00, real=0.00 secs] 
2022-01-17T00:24:15.653+0800: 2.441: [CMS-concurrent-sweep-start]
2022-01-17T00:24:15.653+0800: 2.441: [CMS-concurrent-sweep: 0.000/0.000 secs] [Times: user=0.00 sys=0.00, real=0.00 secs] 
2022-01-17T00:24:15.653+0800: 2.441: [CMS-concurrent-reset-start]
2022-01-17T00:24:15.654+0800: 2.441: [CMS-concurrent-reset: 0.000/0.000 secs] [Times: user=0.00 sys=0.00, real=0.00 secs] 
2022-01-17T00:24:15.665+0800: 2.452: [GC (Allocation Failure) 2022-01-17T00:24:15.665+0800: 2.452: [ParNew: 157234K->157234K(157248K), 0.0000150 secs]2022-01-17T00:24:15.665+0800: 2.452: [CMS: 348663K->349527K(349568K), 0.0405751 secs] 505897K->365558K(506816K), [Metaspace: 2702K->2702K(1056768K)], 0.0406597 secs] [Times: user=0.03 sys=0.00, real=0.04 secs] 
2022-01-17T00:24:15.706+0800: 2.493: [GC (CMS Initial Mark) [1 CMS-initial-mark: 349527K(349568K)] 368396K(506816K), 0.0005186 secs] [Times: user=0.00 sys=0.00, real=0.00 secs] 
2022-01-17T00:24:15.706+0800: 2.493: [CMS-concurrent-mark-start]
2022-01-17T00:24:15.707+0800: 2.494: [CMS-concurrent-mark: 0.001/0.001 secs] [Times: user=0.00 sys=0.00, real=0.00 secs] 
2022-01-17T00:24:15.707+0800: 2.494: [CMS-concurrent-preclean-start]
2022-01-17T00:24:15.708+0800: 2.495: [CMS-concurrent-preclean: 0.001/0.001 secs] [Times: user=0.00 sys=0.00, real=0.00 secs] 
2022-01-17T00:24:15.708+0800: 2.495: [CMS-concurrent-abortable-preclean-start]
2022-01-17T00:24:15.708+0800: 2.495: [CMS-concurrent-abortable-preclean: 0.000/0.000 secs] [Times: user=0.00 sys=0.00, real=0.00 secs] 
2022-01-17T00:24:15.708+0800: 2.495: [GC (CMS Final Remark) [YG occupancy: 35742 K (157248 K)]2022-01-17T00:24:15.708+0800: 2.495: [Rescan (parallel) , 0.0005050 secs]2022-01-17T00:24:15.708+0800: 2.496: [weak refs processing, 0.0000117 secs]2022-01-17T00:24:15.709+0800: 2.496: [class unloading, 0.0001803 secs]2022-01-17T00:24:15.709+0800: 2.496: [scrub symbol table, 0.0002853 secs]2022-01-17T00:24:15.709+0800: 2.496: [scrub string table, 0.0000842 secs][1 CMS-remark: 349527K(349568K)] 385269K(506816K), 0.0011211 secs] [Times: user=0.00 sys=0.00, real=0.00 secs] 
2022-01-17T00:24:15.709+0800: 2.497: [CMS-concurrent-sweep-start]
2022-01-17T00:24:15.709+0800: 2.497: [CMS-concurrent-sweep: 0.000/0.000 secs] [Times: user=0.00 sys=0.00, real=0.00 secs] 
2022-01-17T00:24:15.709+0800: 2.497: [CMS-concurrent-reset-start]
2022-01-17T00:24:15.710+0800: 2.497: [CMS-concurrent-reset: 0.000/0.000 secs] [Times: user=0.00 sys=0.00, real=0.00 secs] 
2022-01-17T00:24:15.721+0800: 2.508: [GC (Allocation Failure) 2022-01-17T00:24:15.721+0800: 2.508: [ParNew: 156997K->156997K(157248K), 0.0000188 secs]2022-01-17T00:24:15.721+0800: 2.508: [CMS: 349414K->349380K(349568K), 0.0443417 secs] 506412K->369776K(506816K), [Metaspace: 2702K->2702K(1056768K)], 0.0444218 secs] [Times: user=0.05 sys=0.00, real=0.04 secs] 
2022-01-17T00:24:15.766+0800: 2.553: [GC (CMS Initial Mark) [1 CMS-initial-mark: 349380K(349568K)] 373393K(506816K), 0.0003535 secs] [Times: user=0.00 sys=0.00, real=0.00 secs] 
2022-01-17T00:24:15.766+0800: 2.553: [CMS-concurrent-mark-start]
2022-01-17T00:24:15.767+0800: 2.554: [CMS-concurrent-mark: 0.001/0.001 secs] [Times: user=0.00 sys=0.00, real=0.00 secs] 
2022-01-17T00:24:15.767+0800: 2.554: [CMS-concurrent-preclean-start]
2022-01-17T00:24:15.768+0800: 2.555: [CMS-concurrent-preclean: 0.001/0.001 secs] [Times: user=0.00 sys=0.00, real=0.00 secs] 
2022-01-17T00:24:15.768+0800: 2.555: [CMS-concurrent-abortable-preclean-start]
2022-01-17T00:24:15.768+0800: 2.555: [CMS-concurrent-abortable-preclean: 0.000/0.000 secs] [Times: user=0.00 sys=0.00, real=0.00 secs] 
2022-01-17T00:24:15.768+0800: 2.555: [GC (CMS Final Remark) [YG occupancy: 41507 K (157248 K)]2022-01-17T00:24:15.768+0800: 2.555: [Rescan (parallel) , 0.0001972 secs]2022-01-17T00:24:15.768+0800: 2.555: [weak refs processing, 0.0000088 secs]2022-01-17T00:24:15.768+0800: 2.555: [class unloading, 0.0001773 secs]2022-01-17T00:24:15.768+0800: 2.555: [scrub symbol table, 0.0002759 secs]2022-01-17T00:24:15.769+0800: 2.556: [scrub string table, 0.0000770 secs][1 CMS-remark: 349380K(349568K)] 390888K(506816K), 0.0007896 secs] [Times: user=0.00 sys=0.00, real=0.00 secs] 
2022-01-17T00:24:15.769+0800: 2.556: [CMS-concurrent-sweep-start]
2022-01-17T00:24:15.769+0800: 2.556: [CMS-concurrent-sweep: 0.000/0.000 secs] [Times: user=0.00 sys=0.00, real=0.00 secs] 
2022-01-17T00:24:15.769+0800: 2.556: [CMS-concurrent-reset-start]
2022-01-17T00:24:15.769+0800: 2.556: [CMS-concurrent-reset: 0.000/0.000 secs] [Times: user=0.00 sys=0.00, real=0.00 secs] 
2022-01-17T00:24:15.781+0800: 2.568: [GC (Allocation Failure) 2022-01-17T00:24:15.781+0800: 2.568: [ParNew: 156863K->156863K(157248K), 0.0000154 secs]2022-01-17T00:24:15.781+0800: 2.569: [CMS: 348098K->349228K(349568K), 0.0420392 secs] 504962K->364970K(506816K), [Metaspace: 2702K->2702K(1056768K)], 0.0421222 secs] [Times: user=0.05 sys=0.00, real=0.04 secs] 
2022-01-17T00:24:15.824+0800: 2.611: [GC (CMS Initial Mark) [1 CMS-initial-mark: 349228K(349568K)] 365416K(506816K), 0.0004260 secs] [Times: user=0.00 sys=0.00, real=0.00 secs] 
2022-01-17T00:24:15.824+0800: 2.611: [CMS-concurrent-mark-start]
2022-01-17T00:24:15.825+0800: 2.612: [CMS-concurrent-mark: 0.001/0.001 secs] [Times: user=0.00 sys=0.00, real=0.00 secs] 
2022-01-17T00:24:15.825+0800: 2.612: [CMS-concurrent-preclean-start]
2022-01-17T00:24:15.826+0800: 2.613: [CMS-concurrent-preclean: 0.001/0.001 secs] [Times: user=0.00 sys=0.00, real=0.00 secs] 
2022-01-17T00:24:15.826+0800: 2.613: [CMS-concurrent-abortable-preclean-start]
2022-01-17T00:24:15.826+0800: 2.613: [CMS-concurrent-abortable-preclean: 0.000/0.000 secs] [Times: user=0.00 sys=0.00, real=0.00 secs] 
2022-01-17T00:24:15.826+0800: 2.613: [GC (CMS Final Remark) [YG occupancy: 32706 K (157248 K)]2022-01-17T00:24:15.826+0800: 2.613: [Rescan (parallel) , 0.0003630 secs]2022-01-17T00:24:15.826+0800: 2.613: [weak refs processing, 0.0000085 secs]2022-01-17T00:24:15.826+0800: 2.613: [class unloading, 0.0001730 secs]2022-01-17T00:24:15.827+0800: 2.614: [scrub symbol table, 0.0005236 secs]2022-01-17T00:24:15.827+0800: 2.614: [scrub string table, 0.0001175 secs][1 CMS-remark: 349228K(349568K)] 381935K(506816K), 0.0012489 secs] [Times: user=0.00 sys=0.00, real=0.00 secs] 
2022-01-17T00:24:15.827+0800: 2.614: [CMS-concurrent-sweep-start]
2022-01-17T00:24:15.828+0800: 2.615: [CMS-concurrent-sweep: 0.001/0.001 secs] [Times: user=0.00 sys=0.00, real=0.00 secs] 
2022-01-17T00:24:15.828+0800: 2.615: [CMS-concurrent-reset-start]
2022-01-17T00:24:15.828+0800: 2.615: [CMS-concurrent-reset: 0.000/0.000 secs] [Times: user=0.00 sys=0.00, real=0.00 secs] 
2022-01-17T00:24:15.841+0800: 2.627: [GC (Allocation Failure) 2022-01-17T00:24:15.841+0800: 2.628: [ParNew: 157049K->157049K(157248K), 0.0000170 secs]2022-01-17T00:24:15.841+0800: 2.628: [CMS: 349190K->349435K(349568K), 0.0437590 secs] 506240K->364323K(506816K), [Metaspace: 2702K->2702K(1056768K)], 0.0438392 secs] [Times: user=0.05 sys=0.00, real=0.04 secs] 
2022-01-17T00:24:15.885+0800: 2.671: [GC (CMS Initial Mark) [1 CMS-initial-mark: 349435K(349568K)] 364611K(506816K), 0.0002642 secs] [Times: user=0.00 sys=0.00, real=0.00 secs] 
2022-01-17T00:24:15.885+0800: 2.672: [CMS-concurrent-mark-start]
2022-01-17T00:24:15.886+0800: 2.673: [CMS-concurrent-mark: 0.001/0.001 secs] [Times: user=0.00 sys=0.00, real=0.00 secs] 
2022-01-17T00:24:15.886+0800: 2.673: [CMS-concurrent-preclean-start]
2022-01-17T00:24:15.887+0800: 2.674: [CMS-concurrent-preclean: 0.001/0.001 secs] [Times: user=0.00 sys=0.00, real=0.00 secs] 
2022-01-17T00:24:15.887+0800: 2.674: [CMS-concurrent-abortable-preclean-start]
2022-01-17T00:24:15.887+0800: 2.674: [CMS-concurrent-abortable-preclean: 0.000/0.000 secs] [Times: user=0.00 sys=0.00, real=0.00 secs] 
2022-01-17T00:24:15.887+0800: 2.674: [GC (CMS Final Remark) [YG occupancy: 32819 K (157248 K)]2022-01-17T00:24:15.887+0800: 2.674: [Rescan (parallel) , 0.0002950 secs]2022-01-17T00:24:15.887+0800: 2.674: [weak refs processing, 0.0000111 secs]2022-01-17T00:24:15.887+0800: 2.674: [class unloading, 0.0002087 secs]2022-01-17T00:24:15.888+0800: 2.674: [scrub symbol table, 0.0003384 secs]2022-01-17T00:24:15.888+0800: 2.675: [scrub string table, 0.0000964 secs][1 CMS-remark: 349435K(349568K)] 382255K(506816K), 0.0010134 secs] [Times: user=0.00 sys=0.00, real=0.00 secs] 
2022-01-17T00:24:15.888+0800: 2.675: [CMS-concurrent-sweep-start]
2022-01-17T00:24:15.889+0800: 2.676: [CMS-concurrent-sweep: 0.001/0.001 secs] [Times: user=0.00 sys=0.00, real=0.00 secs] 
2022-01-17T00:24:15.889+0800: 2.676: [CMS-concurrent-reset-start]
2022-01-17T00:24:15.889+0800: 2.676: [CMS-concurrent-reset: 0.000/0.000 secs] [Times: user=0.00 sys=0.00, real=0.00 secs] 
2022-01-17T00:24:15.901+0800: 2.688: [GC (Allocation Failure) 2022-01-17T00:24:15.901+0800: 2.688: [ParNew: 157113K->157113K(157248K), 0.0000158 secs]2022-01-17T00:24:15.901+0800: 2.688: [CMS: 349059K->349295K(349568K), 0.0478613 secs] 506172K->372996K(506816K), [Metaspace: 2702K->2702K(1056768K)], 0.0479575 secs] [Times: user=0.05 sys=0.00, real=0.05 secs] 
2022-01-17T00:24:15.949+0800: 2.736: [GC (CMS Initial Mark) [1 CMS-initial-mark: 349295K(349568K)] 375998K(506816K), 0.0002981 secs] [Times: user=0.00 sys=0.00, real=0.00 secs] 
2022-01-17T00:24:15.949+0800: 2.736: [CMS-concurrent-mark-start]
2022-01-17T00:24:15.950+0800: 2.737: [CMS-concurrent-mark: 0.001/0.001 secs] [Times: user=0.00 sys=0.00, real=0.00 secs] 
2022-01-17T00:24:15.950+0800: 2.737: [CMS-concurrent-preclean-start]
2022-01-17T00:24:15.952+0800: 2.738: [CMS-concurrent-preclean: 0.001/0.001 secs] [Times: user=0.00 sys=0.00, real=0.00 secs] 
2022-01-17T00:24:15.952+0800: 2.738: [CMS-concurrent-abortable-preclean-start]
2022-01-17T00:24:15.952+0800: 2.738: [CMS-concurrent-abortable-preclean: 0.000/0.000 secs] [Times: user=0.00 sys=0.00, real=0.00 secs] 
2022-01-17T00:24:15.952+0800: 2.738: [GC (CMS Final Remark) [YG occupancy: 46752 K (157248 K)]2022-01-17T00:24:15.952+0800: 2.738: [Rescan (parallel) , 0.0004159 secs]2022-01-17T00:24:15.952+0800: 2.739: [weak refs processing, 0.0000102 secs]2022-01-17T00:24:15.952+0800: 2.739: [class unloading, 0.0001985 secs]2022-01-17T00:24:15.952+0800: 2.739: [scrub symbol table, 0.0003126 secs]2022-01-17T00:24:15.953+0800: 2.739: [scrub string table, 0.0000956 secs][1 CMS-remark: 349295K(349568K)] 396047K(506816K), 0.0010943 secs] [Times: user=0.00 sys=0.00, real=0.00 secs] 
2022-01-17T00:24:15.953+0800: 2.740: [CMS-concurrent-sweep-start]
2022-01-17T00:24:15.953+0800: 2.740: [CMS-concurrent-sweep: 0.000/0.000 secs] [Times: user=0.00 sys=0.00, real=0.00 secs] 
2022-01-17T00:24:15.953+0800: 2.740: [CMS-concurrent-reset-start]
2022-01-17T00:24:15.954+0800: 2.740: [CMS-concurrent-reset: 0.000/0.000 secs] [Times: user=0.00 sys=0.00, real=0.00 secs] 
2022-01-17T00:24:15.965+0800: 2.751: [GC (Allocation Failure) 2022-01-17T00:24:15.965+0800: 2.751: [ParNew: 157170K->157170K(157248K), 0.0000153 secs]2022-01-17T00:24:15.965+0800: 2.751: [CMS: 348366K->349220K(349568K), 0.0460578 secs] 505536K->378054K(506816K), [Metaspace: 2702K->2702K(1056768K)], 0.0461451 secs] [Times: user=0.05 sys=0.00, real=0.05 secs] 
2022-01-17T00:24:16.010+0800: 2.798: [GC (CMS Initial Mark) [1 CMS-initial-mark: 349220K(349568K)] 378785K(506816K), 0.0000892 secs] [Times: user=0.00 sys=0.00, real=0.00 secs] 
2022-01-17T00:24:16.010+0800: 2.798: [CMS-concurrent-mark-start]
2022-01-17T00:24:16.011+0800: 2.798: [CMS-concurrent-mark: 0.001/0.001 secs] [Times: user=0.00 sys=0.00, real=0.00 secs] 
2022-01-17T00:24:16.011+0800: 2.798: [CMS-concurrent-preclean-start]
2022-01-17T00:24:16.012+0800: 2.799: [CMS-concurrent-preclean: 0.001/0.001 secs] [Times: user=0.00 sys=0.00, real=0.00 secs] 
2022-01-17T00:24:16.012+0800: 2.799: [CMS-concurrent-abortable-preclean-start]
2022-01-17T00:24:16.012+0800: 2.799: [CMS-concurrent-abortable-preclean: 0.000/0.000 secs] [Times: user=0.00 sys=0.00, real=0.00 secs] 
2022-01-17T00:24:16.012+0800: 2.799: [GC (CMS Final Remark) [YG occupancy: 44419 K (157248 K)]2022-01-17T00:24:16.012+0800: 2.799: [Rescan (parallel) , 0.0002908 secs]2022-01-17T00:24:16.012+0800: 2.800: [weak refs processing, 0.0000086 secs]2022-01-17T00:24:16.012+0800: 2.800: [class unloading, 0.0001832 secs]2022-01-17T00:24:16.012+0800: 2.800: [scrub symbol table, 0.0002539 secs]2022-01-17T00:24:16.013+0800: 2.800: [scrub string table, 0.0000743 secs][1 CMS-remark: 349220K(349568K)] 393639K(506816K), 0.0008539 secs] [Times: user=0.00 sys=0.00, real=0.00 secs] 
2022-01-17T00:24:16.013+0800: 2.800: [CMS-concurrent-sweep-start]
2022-01-17T00:24:16.013+0800: 2.801: [CMS-concurrent-sweep: 0.000/0.000 secs] [Times: user=0.00 sys=0.00, real=0.00 secs] 
2022-01-17T00:24:16.013+0800: 2.801: [CMS-concurrent-reset-start]
2022-01-17T00:24:16.013+0800: 2.801: [CMS-concurrent-reset: 0.000/0.000 secs] [Times: user=0.00 sys=0.00, real=0.00 secs] 
2022-01-17T00:24:16.024+0800: 2.811: [GC (Allocation Failure) 2022-01-17T00:24:16.024+0800: 2.811: [ParNew: 156916K->156916K(157248K), 0.0000151 secs]2022-01-17T00:24:16.024+0800: 2.812: [CMS: 348682K->349364K(349568K), 0.0417119 secs] 505598K->378672K(506816K), [Metaspace: 2702K->2702K(1056768K)], 0.0418042 secs] [Times: user=0.03 sys=0.00, real=0.04 secs] 
2022-01-17T00:24:16.066+0800: 2.853: [GC (CMS Initial Mark) [1 CMS-initial-mark: 349364K(349568K)] 379114K(506816K), 0.0005655 secs] [Times: user=0.00 sys=0.00, real=0.00 secs] 
2022-01-17T00:24:16.067+0800: 2.854: [CMS-concurrent-mark-start]
2022-01-17T00:24:16.067+0800: 2.855: [CMS-concurrent-mark: 0.001/0.001 secs] [Times: user=0.00 sys=0.00, real=0.00 secs] 
2022-01-17T00:24:16.067+0800: 2.855: [CMS-concurrent-preclean-start]
2022-01-17T00:24:16.068+0800: 2.856: [CMS-concurrent-preclean: 0.001/0.001 secs] [Times: user=0.00 sys=0.00, real=0.00 secs] 
2022-01-17T00:24:16.068+0800: 2.856: [CMS-concurrent-abortable-preclean-start]
2022-01-17T00:24:16.068+0800: 2.856: [CMS-concurrent-abortable-preclean: 0.000/0.000 secs] [Times: user=0.00 sys=0.00, real=0.00 secs] 
2022-01-17T00:24:16.068+0800: 2.856: [GC (CMS Final Remark) [YG occupancy: 48233 K (157248 K)]2022-01-17T00:24:16.068+0800: 2.856: [Rescan (parallel) , 0.0005538 secs]2022-01-17T00:24:16.069+0800: 2.856: [weak refs processing, 0.0000080 secs]2022-01-17T00:24:16.069+0800: 2.856: [class unloading, 0.0001634 secs]2022-01-17T00:24:16.069+0800: 2.856: [scrub symbol table, 0.0002538 secs]2022-01-17T00:24:16.069+0800: 2.857: [scrub string table, 0.0000735 secs][1 CMS-remark: 349364K(349568K)] 397597K(506816K), 0.0010968 secs] [Times: user=0.00 sys=0.00, real=0.00 secs] 
2022-01-17T00:24:16.070+0800: 2.857: [CMS-concurrent-sweep-start]
2022-01-17T00:24:16.070+0800: 2.857: [CMS-concurrent-sweep: 0.000/0.000 secs] [Times: user=0.00 sys=0.00, real=0.00 secs] 
2022-01-17T00:24:16.070+0800: 2.857: [CMS-concurrent-reset-start]
2022-01-17T00:24:16.070+0800: 2.857: [CMS-concurrent-reset: 0.000/0.000 secs] [Times: user=0.00 sys=0.00, real=0.00 secs] 
2022-01-17T00:24:16.080+0800: 2.867: [GC (Allocation Failure) 2022-01-17T00:24:16.080+0800: 2.868: [ParNew: 157115K->157115K(157248K), 0.0000150 secs]2022-01-17T00:24:16.080+0800: 2.868: [CMS: 348290K->349565K(349568K), 0.0416161 secs] 505406K->375615K(506816K), [Metaspace: 2702K->2702K(1056768K)], 0.0417011 secs] [Times: user=0.05 sys=0.00, real=0.04 secs] 
2022-01-17T00:24:16.122+0800: 2.909: [GC (CMS Initial Mark) [1 CMS-initial-mark: 349565K(349568K)] 375789K(506816K), 0.0002898 secs] [Times: user=0.00 sys=0.00, real=0.00 secs] 
2022-01-17T00:24:16.122+0800: 2.910: [CMS-concurrent-mark-start]
2022-01-17T00:24:16.123+0800: 2.910: [CMS-concurrent-mark: 0.001/0.001 secs] [Times: user=0.00 sys=0.00, real=0.00 secs] 
2022-01-17T00:24:16.123+0800: 2.911: [CMS-concurrent-preclean-start]
2022-01-17T00:24:16.124+0800: 2.911: [CMS-concurrent-preclean: 0.001/0.001 secs] [Times: user=0.00 sys=0.00, real=0.00 secs] 
2022-01-17T00:24:16.124+0800: 2.911: [CMS-concurrent-abortable-preclean-start]
2022-01-17T00:24:16.124+0800: 2.911: [CMS-concurrent-abortable-preclean: 0.000/0.000 secs] [Times: user=0.00 sys=0.00, real=0.00 secs] 
2022-01-17T00:24:16.124+0800: 2.911: [GC (CMS Final Remark) [YG occupancy: 45934 K (157248 K)]2022-01-17T00:24:16.124+0800: 2.912: [Rescan (parallel) , 0.0001691 secs]2022-01-17T00:24:16.124+0800: 2.912: [weak refs processing, 0.0000092 secs]2022-01-17T00:24:16.125+0800: 2.912: [class unloading, 0.0001722 secs]2022-01-17T00:24:16.125+0800: 2.912: [scrub symbol table, 0.0002533 secs]2022-01-17T00:24:16.125+0800: 2.912: [scrub string table, 0.0000745 secs][1 CMS-remark: 349565K(349568K)] 395500K(506816K), 0.0007270 secs] [Times: user=0.00 sys=0.00, real=0.00 secs] 
2022-01-17T00:24:16.125+0800: 2.912: [CMS-concurrent-sweep-start]
2022-01-17T00:24:16.125+0800: 2.913: [CMS-concurrent-sweep: 0.000/0.000 secs] [Times: user=0.00 sys=0.00, real=0.00 secs] 
2022-01-17T00:24:16.125+0800: 2.913: [CMS-concurrent-reset-start]
2022-01-17T00:24:16.126+0800: 2.913: [CMS-concurrent-reset: 0.000/0.000 secs] [Times: user=0.00 sys=0.00, real=0.00 secs] 
2022-01-17T00:24:16.136+0800: 2.923: [GC (Allocation Failure) 2022-01-17T00:24:16.136+0800: 2.923: [ParNew: 157158K->157158K(157248K), 0.0000152 secs]2022-01-17T00:24:16.136+0800: 2.923: [CMS: 349316K->349478K(349568K), 0.0407826 secs] 506474K->374346K(506816K), [Metaspace: 2702K->2702K(1056768K)], 0.0408618 secs] [Times: user=0.03 sys=0.00, real=0.04 secs] 
2022-01-17T00:24:16.177+0800: 2.964: [GC (CMS Initial Mark) [1 CMS-initial-mark: 349478K(349568K)] 377166K(506816K), 0.0005236 secs] [Times: user=0.00 sys=0.00, real=0.00 secs] 
2022-01-17T00:24:16.178+0800: 2.964: [CMS-concurrent-mark-start]
2022-01-17T00:24:16.178+0800: 2.965: [CMS-concurrent-mark: 0.001/0.001 secs] [Times: user=0.00 sys=0.00, real=0.00 secs] 
2022-01-17T00:24:16.178+0800: 2.965: [CMS-concurrent-preclean-start]
2022-01-17T00:24:16.179+0800: 2.966: [CMS-concurrent-preclean: 0.001/0.001 secs] [Times: user=0.00 sys=0.00, real=0.00 secs] 
2022-01-17T00:24:16.179+0800: 2.966: [CMS-concurrent-abortable-preclean-start]
2022-01-17T00:24:16.179+0800: 2.966: [CMS-concurrent-abortable-preclean: 0.000/0.000 secs] [Times: user=0.00 sys=0.00, real=0.00 secs] 
2022-01-17T00:24:16.179+0800: 2.966: [GC (CMS Final Remark) [YG occupancy: 40703 K (157248 K)]2022-01-17T00:24:16.179+0800: 2.966: [Rescan (parallel) , 0.0002783 secs]2022-01-17T00:24:16.179+0800: 2.966: [weak refs processing, 0.0000080 secs]2022-01-17T00:24:16.179+0800: 2.966: [class unloading, 0.0001690 secs]2022-01-17T00:24:16.180+0800: 2.967: [scrub symbol table, 0.0002562 secs]2022-01-17T00:24:16.180+0800: 2.967: [scrub string table, 0.0000744 secs][1 CMS-remark: 349478K(349568K)] 390182K(506816K), 0.0008278 secs] [Times: user=0.02 sys=0.00, real=0.00 secs] 
2022-01-17T00:24:16.180+0800: 2.967: [CMS-concurrent-sweep-start]
2022-01-17T00:24:16.180+0800: 2.967: [CMS-concurrent-sweep: 0.000/0.000 secs] [Times: user=0.00 sys=0.00, real=0.00 secs] 
2022-01-17T00:24:16.180+0800: 2.967: [CMS-concurrent-reset-start]
2022-01-17T00:24:16.181+0800: 2.968: [CMS-concurrent-reset: 0.000/0.000 secs] [Times: user=0.00 sys=0.00, real=0.00 secs] 
2022-01-17T00:24:16.192+0800: 2.979: [GC (Allocation Failure) 2022-01-17T00:24:16.192+0800: 2.979: [ParNew: 157041K->157041K(157248K), 0.0000150 secs]2022-01-17T00:24:16.192+0800: 2.979: [CMS: 348069K->349152K(349568K), 0.0411827 secs] 505111K->368022K(506816K), [Metaspace: 2702K->2702K(1056768K)], 0.0412696 secs] [Times: user=0.05 sys=0.00, real=0.04 secs] 
2022-01-17T00:24:16.234+0800: 3.020: [GC (CMS Initial Mark) [1 CMS-initial-mark: 349152K(349568K)] 368242K(506816K), 0.0002609 secs] [Times: user=0.00 sys=0.00, real=0.00 secs] 
2022-01-17T00:24:16.234+0800: 3.021: [CMS-concurrent-mark-start]
2022-01-17T00:24:16.235+0800: 3.021: [CMS-concurrent-mark: 0.001/0.001 secs] [Times: user=0.00 sys=0.00, real=0.00 secs] 
2022-01-17T00:24:16.235+0800: 3.021: [CMS-concurrent-preclean-start]
2022-01-17T00:24:16.235+0800: 3.022: [CMS-concurrent-preclean: 0.001/0.001 secs] [Times: user=0.00 sys=0.00, real=0.00 secs] 
2022-01-17T00:24:16.235+0800: 3.022: [CMS-concurrent-abortable-preclean-start]
2022-01-17T00:24:16.235+0800: 3.022: [CMS-concurrent-abortable-preclean: 0.000/0.000 secs] [Times: user=0.00 sys=0.00, real=0.00 secs] 
2022-01-17T00:24:16.236+0800: 3.022: [GC (CMS Final Remark) [YG occupancy: 40464 K (157248 K)]2022-01-17T00:24:16.236+0800: 3.022: [Rescan (parallel) , 0.0002341 secs]2022-01-17T00:24:16.236+0800: 3.023: [weak refs processing, 0.0000079 secs]2022-01-17T00:24:16.236+0800: 3.023: [class unloading, 0.0001646 secs]2022-01-17T00:24:16.236+0800: 3.023: [scrub symbol table, 0.0002552 secs]2022-01-17T00:24:16.236+0800: 3.023: [scrub string table, 0.0000739 secs][1 CMS-remark: 349152K(349568K)] 389617K(506816K), 0.0007792 secs] [Times: user=0.00 sys=0.00, real=0.00 secs] 
2022-01-17T00:24:16.236+0800: 3.023: [CMS-concurrent-sweep-start]
2022-01-17T00:24:16.237+0800: 3.023: [CMS-concurrent-sweep: 0.000/0.000 secs] [Times: user=0.00 sys=0.00, real=0.00 secs] 
2022-01-17T00:24:16.237+0800: 3.023: [CMS-concurrent-reset-start]
2022-01-17T00:24:16.237+0800: 3.024: [CMS-concurrent-reset: 0.000/0.000 secs] [Times: user=0.00 sys=0.00, real=0.00 secs] 
2022-01-17T00:24:16.248+0800: 3.034: [GC (Allocation Failure) 2022-01-17T00:24:16.248+0800: 3.034: [ParNew: 156778K->156778K(157248K), 0.0000144 secs]2022-01-17T00:24:16.248+0800: 3.034: [CMS: 348231K->349548K(349568K), 0.0410309 secs] 505009K->371925K(506816K), [Metaspace: 2702K->2702K(1056768K)], 0.0411220 secs] [Times: user=0.05 sys=0.00, real=0.04 secs] 
2022-01-17T00:24:16.289+0800: 3.076: [GC (CMS Initial Mark) [1 CMS-initial-mark: 349548K(349568K)] 375299K(506816K), 0.0005597 secs] [Times: user=0.00 sys=0.00, real=0.00 secs] 
2022-01-17T00:24:16.290+0800: 3.076: [CMS-concurrent-mark-start]
Heap
 par new generation   total 157248K, used 28546K [0x00000000e0000000, 0x00000000eaaa0000, 0x00000000eaaa0000)
  eden space 139776K,  20% used [0x00000000e0000000, 0x00000000e1be0ae0, 0x00000000e8880000)
  from space 17472K,   0% used [0x00000000e8880000, 0x00000000e8880000, 0x00000000e9990000)
  to   space 17472K,   0% used [0x00000000e9990000, 0x00000000e9990000, 0x00000000eaaa0000)
 concurrent mark-sweep generation total 349568K, used 349548K [0x00000000eaaa0000, 0x0000000100000000, 0x0000000100000000)
 Metaspace       used 2709K, capacity 4486K, committed 4864K, reserved 1056768K
  class space    used 291K, capacity 386K, committed 512K, reserved 1048576K
