Java HotSpot(TM) 64-Bit Server VM (25.231-b11) for windows-amd64 JRE (1.8.0_231-b11), built on Oct  5 2019 03:11:30 by "java_re" with MS VC++ 10.0 (VS2010)
Memory: 4k page, physical 16718268k(8491116k free), swap 19208636k(3951692k free)
CommandLine flags: -XX:InitialHeapSize=536870912 -XX:MaxHeapSize=536870912 -XX:+PrintGC -XX:+PrintGCDateStamps -XX:+PrintGCDetails -XX:+PrintGCTimeStamps -XX:-UseAdaptiveSizePolicy -XX:+UseCompressedClassPointers -XX:+UseCompressedOops -XX:-UseLargePagesIndividualAllocation -XX:+UseParallelGC 
2022-01-17T00:23:58.047+0800: 0.105: [GC (Allocation Failure) [PSYoungGen: 131584K->21496K(153088K)] 131584K->40901K(502784K), 0.0053759 secs] [Times: user=0.00 sys=0.00, real=0.01 secs] 
2022-01-17T00:23:58.067+0800: 0.125: [GC (Allocation Failure) [PSYoungGen: 153080K->21496K(153088K)] 172485K->84730K(502784K), 0.0085028 secs] [Times: user=0.05 sys=0.11, real=0.01 secs] 
2022-01-17T00:23:58.088+0800: 0.146: [GC (Allocation Failure) [PSYoungGen: 153080K->21492K(153088K)] 216314K->133243K(502784K), 0.0087647 secs] [Times: user=0.00 sys=0.00, real=0.01 secs] 
2022-01-17T00:23:58.111+0800: 0.169: [GC (Allocation Failure) [PSYoungGen: 153076K->21501K(153088K)] 264827K->168369K(502784K), 0.0071276 secs] [Times: user=0.00 sys=0.16, real=0.01 secs] 
2022-01-17T00:23:58.131+0800: 0.189: [GC (Allocation Failure) [PSYoungGen: 152612K->21496K(153088K)] 299480K->213072K(502784K), 0.0082350 secs] [Times: user=0.16 sys=0.00, real=0.01 secs] 
2022-01-17T00:23:58.152+0800: 0.211: [GC (Allocation Failure) [PSYoungGen: 153080K->21487K(153088K)] 344656K->255373K(502784K), 0.0075192 secs] [Times: user=0.00 sys=0.00, real=0.01 secs] 
2022-01-17T00:23:58.173+0800: 0.231: [GC (Allocation Failure) [PSYoungGen: 153071K->21495K(153088K)] 386957K->295846K(502784K), 0.0075954 secs] [Times: user=0.08 sys=0.08, real=0.01 secs] 
2022-01-17T00:23:58.193+0800: 0.251: [GC (Allocation Failure) [PSYoungGen: 153079K->21486K(153088K)] 427430K->339953K(502784K), 0.0083783 secs] [Times: user=0.16 sys=0.00, real=0.01 secs] 
2022-01-17T00:23:58.201+0800: 0.259: [Full GC (Ergonomics) [PSYoungGen: 21486K->0K(153088K)] [ParOldGen: 318466K->239513K(349696K)] 339953K->239513K(502784K), [Metaspace: 2702K->2702K(1056768K)], 0.0282936 secs] [Times: user=0.31 sys=0.00, real=0.03 secs] 
2022-01-17T00:23:58.243+0800: 0.301: [GC (Allocation Failure) [PSYoungGen: 131584K->21499K(153088K)] 371097K->281913K(502784K), 0.0050832 secs] [Times: user=0.00 sys=0.00, real=0.00 secs] 
2022-01-17T00:23:58.261+0800: 0.319: [GC (Allocation Failure) [PSYoungGen: 152703K->21496K(153088K)] 413117K->323996K(502784K), 0.0071304 secs] [Times: user=0.00 sys=0.00, real=0.01 secs] 
2022-01-17T00:23:58.268+0800: 0.326: [Full GC (Ergonomics) [PSYoungGen: 21496K->0K(153088K)] [ParOldGen: 302499K->263738K(349696K)] 323996K->263738K(502784K), [Metaspace: 2702K->2702K(1056768K)], 0.0290506 secs] [Times: user=0.31 sys=0.00, real=0.03 secs] 
2022-01-17T00:23:58.310+0800: 0.368: [GC (Allocation Failure) [PSYoungGen: 131304K->21502K(153088K)] 395043K->309341K(502784K), 0.0050759 secs] [Times: user=0.00 sys=0.00, real=0.01 secs] 
2022-01-17T00:23:58.328+0800: 0.386: [GC (Allocation Failure) [PSYoungGen: 152715K->21501K(153088K)] 440554K->351476K(502784K), 0.0074148 secs] [Times: user=0.00 sys=0.00, real=0.01 secs] 
2022-01-17T00:23:58.335+0800: 0.393: [Full GC (Ergonomics) [PSYoungGen: 21501K->0K(153088K)] [ParOldGen: 329974K->296245K(349696K)] 351476K->296245K(502784K), [Metaspace: 2702K->2702K(1056768K)], 0.0321386 secs] [Times: user=0.45 sys=0.02, real=0.03 secs] 
2022-01-17T00:23:58.382+0800: 0.440: [Full GC (Ergonomics) [PSYoungGen: 131584K->0K(153088K)] [ParOldGen: 296245K->313377K(349696K)] 427829K->313377K(502784K), [Metaspace: 2702K->2702K(1056768K)], 0.0371525 secs] [Times: user=0.41 sys=0.02, real=0.04 secs] 
2022-01-17T00:23:58.436+0800: 0.493: [Full GC (Ergonomics) [PSYoungGen: 131584K->0K(153088K)] [ParOldGen: 313377K->315486K(349696K)] 444961K->315486K(502784K), [Metaspace: 2702K->2702K(1056768K)], 0.0370872 secs] [Times: user=0.28 sys=0.00, real=0.04 secs] 
2022-01-17T00:23:58.487+0800: 0.545: [Full GC (Ergonomics) [PSYoungGen: 131175K->0K(153088K)] [ParOldGen: 315486K->322262K(349696K)] 446662K->322262K(502784K), [Metaspace: 2702K->2702K(1056768K)], 0.0383250 secs] [Times: user=0.41 sys=0.00, real=0.04 secs] 
2022-01-17T00:23:58.538+0800: 0.596: [Full GC (Ergonomics) [PSYoungGen: 131584K->0K(153088K)] [ParOldGen: 322262K->333047K(349696K)] 453846K->333047K(502784K), [Metaspace: 2702K->2702K(1056768K)], 0.0381442 secs] [Times: user=0.28 sys=0.02, real=0.04 secs] 
2022-01-17T00:23:58.590+0800: 0.648: [Full GC (Ergonomics) [PSYoungGen: 131584K->0K(153088K)] [ParOldGen: 333047K->339724K(349696K)] 464631K->339724K(502784K), [Metaspace: 2702K->2702K(1056768K)], 0.0385449 secs] [Times: user=0.30 sys=0.00, real=0.04 secs] 
2022-01-17T00:23:58.643+0800: 0.701: [Full GC (Ergonomics) [PSYoungGen: 131465K->0K(153088K)] [ParOldGen: 339724K->337360K(349696K)] 471189K->337360K(502784K), [Metaspace: 2702K->2702K(1056768K)], 0.0370507 secs] [Times: user=0.31 sys=0.02, real=0.04 secs] 
2022-01-17T00:23:58.693+0800: 0.751: [Full GC (Ergonomics) [PSYoungGen: 131351K->0K(153088K)] [ParOldGen: 337360K->338234K(349696K)] 468711K->338234K(502784K), [Metaspace: 2702K->2702K(1056768K)], 0.0369770 secs] [Times: user=0.33 sys=0.00, real=0.04 secs] 
2022-01-17T00:23:58.742+0800: 0.800: [Full GC (Ergonomics) [PSYoungGen: 131584K->0K(153088K)] [ParOldGen: 338234K->345748K(349696K)] 469818K->345748K(502784K), [Metaspace: 2702K->2702K(1056768K)], 0.0374835 secs] [Times: user=0.25 sys=0.00, real=0.04 secs] 
2022-01-17T00:23:58.792+0800: 0.850: [Full GC (Ergonomics) [PSYoungGen: 131584K->2940K(153088K)] [ParOldGen: 345748K->349346K(349696K)] 477332K->352287K(502784K), [Metaspace: 2702K->2702K(1056768K)], 0.0381135 secs] [Times: user=0.31 sys=0.00, real=0.04 secs] 
2022-01-17T00:23:58.844+0800: 0.902: [Full GC (Ergonomics) [PSYoungGen: 131584K->4618K(153088K)] [ParOldGen: 349346K->349663K(349696K)] 480930K->354281K(502784K), [Metaspace: 2702K->2702K(1056768K)], 0.0379942 secs] [Times: user=0.31 sys=0.00, real=0.04 secs] 
2022-01-17T00:23:58.894+0800: 0.952: [Full GC (Ergonomics) [PSYoungGen: 131584K->11891K(153088K)] [ParOldGen: 349663K->349637K(349696K)] 481247K->361529K(502784K), [Metaspace: 2702K->2702K(1056768K)], 0.0393440 secs] [Times: user=0.47 sys=0.00, real=0.04 secs] 
2022-01-17T00:23:58.946+0800: 1.005: [Full GC (Ergonomics) [PSYoungGen: 131584K->13717K(153088K)] [ParOldGen: 349637K->349531K(349696K)] 481221K->363249K(502784K), [Metaspace: 2702K->2702K(1056768K)], 0.0429734 secs] [Times: user=0.28 sys=0.00, real=0.04 secs] 
2022-01-17T00:23:59.003+0800: 1.061: [Full GC (Ergonomics) [PSYoungGen: 131497K->12933K(153088K)] [ParOldGen: 349531K->349652K(349696K)] 481028K->362585K(502784K), [Metaspace: 2702K->2702K(1056768K)], 0.0431911 secs] [Times: user=0.42 sys=0.00, real=0.04 secs] 
2022-01-17T00:23:59.059+0800: 1.117: [Full GC (Ergonomics) [PSYoungGen: 131584K->11993K(153088K)] [ParOldGen: 349652K->349658K(349696K)] 481236K->361651K(502784K), [Metaspace: 2702K->2702K(1056768K)], 0.0425818 secs] [Times: user=0.28 sys=0.00, real=0.04 secs] 
2022-01-17T00:23:59.118+0800: 1.175: [Full GC (Ergonomics) [PSYoungGen: 131395K->15241K(153088K)] [ParOldGen: 349658K->349346K(349696K)] 481053K->364588K(502784K), [Metaspace: 2702K->2702K(1056768K)], 0.0449442 secs] [Times: user=0.24 sys=0.00, real=0.05 secs] 
2022-01-17T00:23:59.180+0800: 1.237: [Full GC (Ergonomics) [PSYoungGen: 131584K->14991K(153088K)] [ParOldGen: 349346K->349594K(349696K)] 480930K->364585K(502784K), [Metaspace: 2702K->2702K(1056768K)], 0.0440755 secs] [Times: user=0.30 sys=0.00, real=0.04 secs] 
2022-01-17T00:23:59.240+0800: 1.299: [Full GC (Ergonomics) [PSYoungGen: 131530K->16920K(153088K)] [ParOldGen: 349594K->349319K(349696K)] 481125K->366240K(502784K), [Metaspace: 2702K->2702K(1056768K)], 0.0475933 secs] [Times: user=0.19 sys=0.00, real=0.05 secs] 
2022-01-17T00:23:59.302+0800: 1.361: [Full GC (Ergonomics) [PSYoungGen: 131584K->18200K(153088K)] [ParOldGen: 349319K->349227K(349696K)] 480903K->367428K(502784K), [Metaspace: 2702K->2702K(1056768K)], 0.0445543 secs] [Times: user=0.47 sys=0.00, real=0.04 secs] 
2022-01-17T00:23:59.358+0800: 1.417: [Full GC (Ergonomics) [PSYoungGen: 131584K->14994K(153088K)] [ParOldGen: 349227K->349631K(349696K)] 480811K->364625K(502784K), [Metaspace: 2702K->2702K(1056768K)], 0.0418203 secs] [Times: user=0.47 sys=0.00, real=0.04 secs] 
2022-01-17T00:23:59.412+0800: 1.470: [Full GC (Ergonomics) [PSYoungGen: 131584K->16806K(153088K)] [ParOldGen: 349631K->349233K(349696K)] 481215K->366040K(502784K), [Metaspace: 2702K->2702K(1056768K)], 0.0433535 secs] [Times: user=0.33 sys=0.00, real=0.04 secs] 
2022-01-17T00:23:59.469+0800: 1.527: [Full GC (Ergonomics) [PSYoungGen: 131584K->14179K(153088K)] [ParOldGen: 349233K->349425K(349696K)] 480817K->363605K(502784K), [Metaspace: 2702K->2702K(1056768K)], 0.0447939 secs] [Times: user=0.42 sys=0.00, real=0.04 secs] 
2022-01-17T00:23:59.528+0800: 1.585: [Full GC (Ergonomics) [PSYoungGen: 131584K->10643K(153088K)] [ParOldGen: 349425K->349590K(349696K)] 481009K->360233K(502784K), [Metaspace: 2702K->2702K(1056768K)], 0.0414610 secs] [Times: user=0.30 sys=0.00, real=0.04 secs] 
2022-01-17T00:23:59.582+0800: 1.640: [Full GC (Ergonomics) [PSYoungGen: 131215K->13434K(153088K)] [ParOldGen: 349590K->349673K(349696K)] 480806K->363107K(502784K), [Metaspace: 2702K->2702K(1056768K)], 0.0446635 secs] [Times: user=0.45 sys=0.00, real=0.04 secs] 
2022-01-17T00:23:59.640+0800: 1.699: [Full GC (Ergonomics) [PSYoungGen: 131527K->12126K(153088K)] [ParOldGen: 349673K->349582K(349696K)] 481200K->361709K(502784K), [Metaspace: 2702K->2702K(1056768K)], 0.0415297 secs] [Times: user=0.47 sys=0.00, real=0.04 secs] 
2022-01-17T00:23:59.695+0800: 1.753: [Full GC (Ergonomics) [PSYoungGen: 131362K->13801K(153088K)] [ParOldGen: 349582K->349632K(349696K)] 480944K->363433K(502784K), [Metaspace: 2702K->2702K(1056768K)], 0.0423804 secs] [Times: user=0.31 sys=0.00, real=0.04 secs] 
2022-01-17T00:23:59.751+0800: 1.809: [Full GC (Ergonomics) [PSYoungGen: 131584K->11840K(153088K)] [ParOldGen: 349632K->349173K(349696K)] 481216K->361013K(502784K), [Metaspace: 2702K->2702K(1056768K)], 0.0434927 secs] [Times: user=0.42 sys=0.00, real=0.04 secs] 
2022-01-17T00:23:59.808+0800: 1.866: [Full GC (Ergonomics) [PSYoungGen: 131584K->10225K(153088K)] [ParOldGen: 349173K->349522K(349696K)] 480757K->359748K(502784K), [Metaspace: 2702K->2702K(1056768K)], 0.0449838 secs] [Times: user=0.28 sys=0.00, real=0.04 secs] 
2022-01-17T00:23:59.866+0800: 1.924: [Full GC (Ergonomics) [PSYoungGen: 131584K->9429K(153088K)] [ParOldGen: 349522K->349641K(349696K)] 481106K->359070K(502784K), [Metaspace: 2702K->2702K(1056768K)], 0.0401171 secs] [Times: user=0.47 sys=0.00, real=0.04 secs] 
2022-01-17T00:23:59.918+0800: 1.976: [Full GC (Ergonomics) [PSYoungGen: 131584K->7074K(153088K)] [ParOldGen: 349641K->349681K(349696K)] 481225K->356755K(502784K), [Metaspace: 2702K->2702K(1056768K)], 0.0392173 secs] [Times: user=0.31 sys=0.00, real=0.04 secs] 
2022-01-17T00:23:59.970+0800: 2.028: [Full GC (Ergonomics) [PSYoungGen: 131584K->4410K(153088K)] [ParOldGen: 349681K->349377K(349696K)] 481265K->353788K(502784K), [Metaspace: 2702K->2702K(1056768K)], 0.0383241 secs] [Times: user=0.33 sys=0.00, real=0.04 secs] 
2022-01-17T00:24:00.021+0800: 2.079: [Full GC (Ergonomics) [PSYoungGen: 131584K->8030K(153088K)] [ParOldGen: 349377K->349623K(349696K)] 480961K->357654K(502784K), [Metaspace: 2702K->2702K(1056768K)], 0.0383195 secs] [Times: user=0.45 sys=0.00, real=0.04 secs] 
2022-01-17T00:24:00.070+0800: 2.128: [Full GC (Ergonomics) [PSYoungGen: 131584K->5657K(153088K)] [ParOldGen: 349623K->349384K(349696K)] 481207K->355042K(502784K), [Metaspace: 2702K->2702K(1056768K)], 0.0411860 secs] [Times: user=0.31 sys=0.00, real=0.04 secs] 
2022-01-17T00:24:00.126+0800: 2.184: [Full GC (Ergonomics) [PSYoungGen: 131584K->1887K(153088K)] [ParOldGen: 349384K->349312K(349696K)] 480968K->351200K(502784K), [Metaspace: 2702K->2702K(1056768K)], 0.0392580 secs] [Times: user=0.47 sys=0.00, real=0.04 secs] 
2022-01-17T00:24:00.178+0800: 2.236: [Full GC (Ergonomics) [PSYoungGen: 131584K->7132K(153088K)] [ParOldGen: 349312K->349398K(349696K)] 480896K->356531K(502784K), [Metaspace: 2702K->2702K(1056768K)], 0.0425666 secs] [Times: user=0.33 sys=0.00, real=0.04 secs] 
2022-01-17T00:24:00.235+0800: 2.293: [Full GC (Ergonomics) [PSYoungGen: 131553K->10013K(153088K)] [ParOldGen: 349398K->349086K(349696K)] 480951K->359099K(502784K), [Metaspace: 2702K->2702K(1056768K)], 0.0427421 secs] [Times: user=0.34 sys=0.00, real=0.04 secs] 
2022-01-17T00:24:00.290+0800: 2.347: [Full GC (Ergonomics) [PSYoungGen: 131584K->11802K(153088K)] [ParOldGen: 349086K->349440K(349696K)] 480670K->361243K(502784K), [Metaspace: 2702K->2702K(1056768K)], 0.0422903 secs] [Times: user=0.31 sys=0.00, real=0.04 secs] 
2022-01-17T00:24:00.343+0800: 2.401: [Full GC (Ergonomics) [PSYoungGen: 131554K->15518K(153088K)] [ParOldGen: 349440K->349427K(349696K)] 480995K->364946K(502784K), [Metaspace: 2702K->2702K(1056768K)], 0.0392990 secs] [Times: user=0.31 sys=0.00, real=0.04 secs] 
2022-01-17T00:24:00.393+0800: 2.451: [Full GC (Ergonomics) [PSYoungGen: 131584K->14215K(153088K)] [ParOldGen: 349427K->349679K(349696K)] 481011K->363895K(502784K), [Metaspace: 2702K->2702K(1056768K)], 0.0404799 secs] [Times: user=0.47 sys=0.00, real=0.04 secs] 
2022-01-17T00:24:00.444+0800: 2.502: [Full GC (Ergonomics) [PSYoungGen: 131584K->17331K(153088K)] [ParOldGen: 349679K->349400K(349696K)] 481263K->366732K(502784K), [Metaspace: 2702K->2702K(1056768K)], 0.0392796 secs] [Times: user=0.47 sys=0.00, real=0.04 secs] 
2022-01-17T00:24:00.495+0800: 2.553: [Full GC (Ergonomics) [PSYoungGen: 131584K->18081K(153088K)] [ParOldGen: 349400K->349240K(349696K)] 480984K->367322K(502784K), [Metaspace: 2702K->2702K(1056768K)], 0.0414648 secs] [Times: user=0.31 sys=0.00, real=0.04 secs] 
2022-01-17T00:24:00.547+0800: 2.605: [Full GC (Ergonomics) [PSYoungGen: 131584K->19914K(153088K)] [ParOldGen: 349240K->349372K(349696K)] 480824K->369286K(502784K), [Metaspace: 2702K->2702K(1056768K)], 0.0392508 secs] [Times: user=0.47 sys=0.00, real=0.04 secs] 
2022-01-17T00:24:00.597+0800: 2.655: [Full GC (Ergonomics) [PSYoungGen: 131472K->20697K(153088K)] [ParOldGen: 349372K->349284K(349696K)] 480845K->369981K(502784K), [Metaspace: 2702K->2702K(1056768K)], 0.0395532 secs] [Times: user=0.47 sys=0.00, real=0.04 secs] 
2022-01-17T00:24:00.647+0800: 2.705: [Full GC (Ergonomics) [PSYoungGen: 131584K->17641K(153088K)] [ParOldGen: 349284K->349516K(349696K)] 480868K->367158K(502784K), [Metaspace: 2702K->2702K(1056768K)], 0.0398337 secs] [Times: user=0.47 sys=0.00, real=0.04 secs] 
2022-01-17T00:24:00.698+0800: 2.756: [Full GC (Ergonomics) [PSYoungGen: 131542K->20172K(153088K)] [ParOldGen: 349516K->349425K(349696K)] 481059K->369597K(502784K), [Metaspace: 2702K->2702K(1056768K)], 0.0400023 secs] [Times: user=0.31 sys=0.00, real=0.04 secs] 
2022-01-17T00:24:00.748+0800: 2.806: [Full GC (Ergonomics) [PSYoungGen: 131584K->18805K(153088K)] [ParOldGen: 349425K->349434K(349696K)] 481009K->368239K(502784K), [Metaspace: 2702K->2702K(1056768K)], 0.0429896 secs] [Times: user=0.45 sys=0.00, real=0.04 secs] 
2022-01-17T00:24:00.801+0800: 2.859: [Full GC (Ergonomics) [PSYoungGen: 131584K->25563K(153088K)] [ParOldGen: 349434K->349673K(349696K)] 481018K->375236K(502784K), [Metaspace: 2702K->2702K(1056768K)], 0.0403457 secs] [Times: user=0.47 sys=0.00, real=0.04 secs] 
2022-01-17T00:24:00.852+0800: 2.910: [Full GC (Ergonomics) [PSYoungGen: 131584K->21653K(153088K)] [ParOldGen: 349673K->349636K(349696K)] 481257K->371289K(502784K), [Metaspace: 2702K->2702K(1056768K)], 0.0404357 secs] [Times: user=0.31 sys=0.00, real=0.04 secs] 
2022-01-17T00:24:00.903+0800: 2.961: [Full GC (Ergonomics) [PSYoungGen: 131584K->25303K(153088K)] [ParOldGen: 349636K->349126K(349696K)] 481220K->374430K(502784K), [Metaspace: 2702K->2702K(1056768K)], 0.0399360 secs] [Times: user=0.31 sys=0.00, real=0.04 secs] 
2022-01-17T00:24:00.954+0800: 3.012: [Full GC (Ergonomics) [PSYoungGen: 131486K->31273K(153088K)] [ParOldGen: 349126K->348749K(349696K)] 480612K->380022K(502784K), [Metaspace: 2702K->2702K(1056768K)], 0.0422678 secs] [Times: user=0.47 sys=0.00, real=0.04 secs] 
Heap
 PSYoungGen      total 153088K, used 86274K [0x00000000f5580000, 0x0000000100000000, 0x0000000100000000)
  eden space 131584K, 65% used [0x00000000f5580000,0x00000000fa9c08f0,0x00000000fd600000)
  from space 21504K, 0% used [0x00000000feb00000,0x00000000feb00000,0x0000000100000000)
  to   space 21504K, 0% used [0x00000000fd600000,0x00000000fd600000,0x00000000feb00000)
 ParOldGen       total 349696K, used 348749K [0x00000000e0000000, 0x00000000f5580000, 0x00000000f5580000)
  object space 349696K, 99% used [0x00000000e0000000,0x00000000f54937d8,0x00000000f5580000)
 Metaspace       used 2709K, capacity 4486K, committed 4864K, reserved 1056768K
  class space    used 291K, capacity 386K, committed 512K, reserved 1048576K
