Java HotSpot(TM) 64-Bit Server VM (25.231-b11) for windows-amd64 JRE (1.8.0_231-b11), built on Oct  5 2019 03:11:30 by "java_re" with MS VC++ 10.0 (VS2010)
Memory: 4k page, physical 16718268k(8614108k free), swap 20725716k(5495352k free)
CommandLine flags: -XX:InitialHeapSize=8589934592 -XX:MaxHeapSize=8589934592 -XX:+PrintGC -XX:+PrintGCDateStamps -XX:+PrintGCDetails -XX:+PrintGCTimeStamps -XX:-UseAdaptiveSizePolicy -XX:+UseCompressedClassPointers -XX:+UseCompressedOops -XX:+UseG1GC -XX:-UseLargePagesIndividualAllocation 
2022-01-17T00:26:44.171+0800: 0.214: [GC pause (G1 Evacuation Pause) (young), 0.0151639 secs]
   [Parallel Time: 13.6 ms, GC Workers: 10]
      [GC Worker Start (ms): Min: 213.8, Avg: 213.9, Max: 213.9, Diff: 0.1]
      [Ext Root Scanning (ms): Min: 0.1, Avg: 0.1, Max: 0.2, Diff: 0.1, Sum: 1.1]
      [Update RS (ms): Min: 0.0, Avg: 0.0, Max: 0.0, Diff: 0.0, Sum: 0.0]
         [Processed Buffers: Min: 0, Avg: 0.0, Max: 0, Diff: 0, Sum: 0]
      [Scan RS (ms): Min: 0.0, Avg: 0.0, Max: 0.0, Diff: 0.0, Sum: 0.1]
      [Code Root Scanning (ms): Min: 0.0, Avg: 0.0, Max: 0.0, Diff: 0.0, Sum: 0.0]
      [Object Copy (ms): Min: 12.7, Avg: 12.9, Max: 13.1, Diff: 0.4, Sum: 128.9]
      [Termination (ms): Min: 0.0, Avg: 0.2, Max: 0.3, Diff: 0.3, Sum: 2.1]
         [Termination Attempts: Min: 1, Avg: 1.0, Max: 1, Diff: 0, Sum: 10]
      [GC Worker Other (ms): Min: 0.0, Avg: 0.0, Max: 0.1, Diff: 0.1, Sum: 0.3]
      [GC Worker Total (ms): Min: 13.2, Avg: 13.3, Max: 13.3, Diff: 0.1, Sum: 132.5]
      [GC Worker End (ms): Min: 227.1, Avg: 227.1, Max: 227.2, Diff: 0.1]
   [Code Root Fixup: 0.0 ms]
   [Code Root Purge: 0.0 ms]
   [Clear CT: 0.7 ms]
   [Other: 0.8 ms]
      [Choose CSet: 0.0 ms]
      [Ref Proc: 0.2 ms]
      [Ref Enq: 0.0 ms]
      [Redirty Cards: 0.3 ms]
      [Humongous Register: 0.0 ms]
      [Humongous Reclaim: 0.0 ms]
      [Free CSet: 0.0 ms]
   [Eden: 408.0M(408.0M)->0.0B(356.0M) Survivors: 0.0B->52.0M Heap: 408.0M(8192.0M)->122.0M(8192.0M)]
 [Times: user=0.05 sys=0.11, real=0.02 secs] 
2022-01-17T00:26:44.225+0800: 0.267: [GC pause (G1 Evacuation Pause) (young), 0.0180466 secs]
   [Parallel Time: 16.0 ms, GC Workers: 10]
      [GC Worker Start (ms): Min: 266.9, Avg: 267.0, Max: 267.1, Diff: 0.2]
      [Ext Root Scanning (ms): Min: 0.0, Avg: 0.1, Max: 0.2, Diff: 0.2, Sum: 0.6]
      [Update RS (ms): Min: 0.0, Avg: 0.0, Max: 0.0, Diff: 0.0, Sum: 0.1]
         [Processed Buffers: Min: 0, Avg: 1.0, Max: 2, Diff: 2, Sum: 10]
      [Scan RS (ms): Min: 0.0, Avg: 0.0, Max: 0.0, Diff: 0.0, Sum: 0.1]
      [Code Root Scanning (ms): Min: 0.0, Avg: 0.0, Max: 0.0, Diff: 0.0, Sum: 0.0]
      [Object Copy (ms): Min: 15.3, Avg: 15.4, Max: 15.5, Diff: 0.3, Sum: 154.1]
      [Termination (ms): Min: 0.0, Avg: 0.1, Max: 0.2, Diff: 0.2, Sum: 1.3]
         [Termination Attempts: Min: 1, Avg: 1.0, Max: 1, Diff: 0, Sum: 10]
      [GC Worker Other (ms): Min: 0.0, Avg: 0.0, Max: 0.0, Diff: 0.0, Sum: 0.1]
      [GC Worker Total (ms): Min: 15.6, Avg: 15.6, Max: 15.7, Diff: 0.2, Sum: 156.3]
      [GC Worker End (ms): Min: 282.6, Avg: 282.6, Max: 282.6, Diff: 0.0]
   [Code Root Fixup: 0.0 ms]
   [Code Root Purge: 0.0 ms]
   [Clear CT: 0.6 ms]
   [Other: 1.4 ms]
      [Choose CSet: 0.0 ms]
      [Ref Proc: 0.5 ms]
      [Ref Enq: 0.0 ms]
      [Redirty Cards: 0.6 ms]
      [Humongous Register: 0.0 ms]
      [Humongous Reclaim: 0.0 ms]
      [Free CSet: 0.1 ms]
   [Eden: 356.0M(356.0M)->0.0B(356.0M) Survivors: 52.0M->52.0M Heap: 478.0M(8192.0M)->217.5M(8192.0M)]
 [Times: user=0.03 sys=0.13, real=0.02 secs] 
2022-01-17T00:26:44.278+0800: 0.321: [GC pause (G1 Evacuation Pause) (young), 0.0175686 secs]
   [Parallel Time: 15.7 ms, GC Workers: 10]
      [GC Worker Start (ms): Min: 321.2, Avg: 321.3, Max: 321.3, Diff: 0.1]
      [Ext Root Scanning (ms): Min: 0.0, Avg: 0.1, Max: 0.1, Diff: 0.1, Sum: 0.8]
      [Update RS (ms): Min: 0.0, Avg: 0.1, Max: 0.5, Diff: 0.5, Sum: 1.0]
         [Processed Buffers: Min: 1, Avg: 1.3, Max: 2, Diff: 1, Sum: 13]
      [Scan RS (ms): Min: 0.0, Avg: 0.0, Max: 0.0, Diff: 0.0, Sum: 0.1]
      [Code Root Scanning (ms): Min: 0.0, Avg: 0.0, Max: 0.0, Diff: 0.0, Sum: 0.0]
      [Object Copy (ms): Min: 15.0, Avg: 15.2, Max: 15.4, Diff: 0.5, Sum: 152.4]
      [Termination (ms): Min: 0.0, Avg: 0.2, Max: 0.4, Diff: 0.4, Sum: 2.1]
         [Termination Attempts: Min: 1, Avg: 1.0, Max: 1, Diff: 0, Sum: 10]
      [GC Worker Other (ms): Min: 0.0, Avg: 0.0, Max: 0.0, Diff: 0.0, Sum: 0.1]
      [GC Worker Total (ms): Min: 15.6, Avg: 15.6, Max: 15.7, Diff: 0.1, Sum: 156.5]
      [GC Worker End (ms): Min: 336.9, Avg: 336.9, Max: 336.9, Diff: 0.0]
   [Code Root Fixup: 0.0 ms]
   [Code Root Purge: 0.0 ms]
   [Clear CT: 0.6 ms]
   [Other: 1.2 ms]
      [Choose CSet: 0.0 ms]
      [Ref Proc: 0.4 ms]
      [Ref Enq: 0.0 ms]
      [Redirty Cards: 0.6 ms]
      [Humongous Register: 0.0 ms]
      [Humongous Reclaim: 0.0 ms]
      [Free CSet: 0.0 ms]
   [Eden: 356.0M(356.0M)->0.0B(356.0M) Survivors: 52.0M->52.0M Heap: 573.5M(8192.0M)->310.5M(8192.0M)]
 [Times: user=0.05 sys=0.11, real=0.02 secs] 
2022-01-17T00:26:44.332+0800: 0.375: [GC pause (G1 Evacuation Pause) (young), 0.0181911 secs]
   [Parallel Time: 16.4 ms, GC Workers: 10]
      [GC Worker Start (ms): Min: 374.9, Avg: 375.1, Max: 375.1, Diff: 0.2]
      [Ext Root Scanning (ms): Min: 0.0, Avg: 0.1, Max: 0.2, Diff: 0.2, Sum: 0.5]
      [Update RS (ms): Min: 0.0, Avg: 0.1, Max: 0.2, Diff: 0.2, Sum: 0.6]
         [Processed Buffers: Min: 0, Avg: 1.2, Max: 2, Diff: 2, Sum: 12]
      [Scan RS (ms): Min: 0.0, Avg: 0.0, Max: 0.0, Diff: 0.0, Sum: 0.1]
      [Code Root Scanning (ms): Min: 0.0, Avg: 0.0, Max: 0.0, Diff: 0.0, Sum: 0.0]
      [Object Copy (ms): Min: 15.6, Avg: 15.7, Max: 15.8, Diff: 0.2, Sum: 157.4]
      [Termination (ms): Min: 0.0, Avg: 0.1, Max: 0.2, Diff: 0.2, Sum: 1.5]
         [Termination Attempts: Min: 1, Avg: 1.0, Max: 1, Diff: 0, Sum: 10]
      [GC Worker Other (ms): Min: 0.0, Avg: 0.0, Max: 0.0, Diff: 0.0, Sum: 0.1]
      [GC Worker Total (ms): Min: 16.0, Avg: 16.0, Max: 16.2, Diff: 0.2, Sum: 160.3]
      [GC Worker End (ms): Min: 391.1, Avg: 391.1, Max: 391.1, Diff: 0.0]
   [Code Root Fixup: 0.0 ms]
   [Code Root Purge: 0.0 ms]
   [Clear CT: 0.6 ms]
   [Other: 1.2 ms]
      [Choose CSet: 0.0 ms]
      [Ref Proc: 0.4 ms]
      [Ref Enq: 0.0 ms]
      [Redirty Cards: 0.5 ms]
      [Humongous Register: 0.0 ms]
      [Humongous Reclaim: 0.0 ms]
      [Free CSet: 0.0 ms]
   [Eden: 356.0M(356.0M)->0.0B(356.0M) Survivors: 52.0M->52.0M Heap: 666.5M(8192.0M)->409.5M(8192.0M)]
 [Times: user=0.11 sys=0.05, real=0.02 secs] 
2022-01-17T00:26:44.386+0800: 0.429: [GC pause (G1 Evacuation Pause) (young), 0.0167659 secs]
   [Parallel Time: 15.2 ms, GC Workers: 10]
      [GC Worker Start (ms): Min: 428.8, Avg: 428.9, Max: 428.9, Diff: 0.1]
      [Ext Root Scanning (ms): Min: 0.0, Avg: 0.1, Max: 0.1, Diff: 0.1, Sum: 0.7]
      [Update RS (ms): Min: 0.0, Avg: 0.1, Max: 0.3, Diff: 0.2, Sum: 0.8]
         [Processed Buffers: Min: 1, Avg: 1.1, Max: 2, Diff: 1, Sum: 11]
      [Scan RS (ms): Min: 0.0, Avg: 0.0, Max: 0.0, Diff: 0.0, Sum: 0.1]
      [Code Root Scanning (ms): Min: 0.0, Avg: 0.0, Max: 0.0, Diff: 0.0, Sum: 0.0]
      [Object Copy (ms): Min: 14.6, Avg: 14.9, Max: 15.0, Diff: 0.4, Sum: 148.8]
      [Termination (ms): Min: 0.0, Avg: 0.1, Max: 0.3, Diff: 0.3, Sum: 1.2]
         [Termination Attempts: Min: 1, Avg: 1.0, Max: 1, Diff: 0, Sum: 10]
      [GC Worker Other (ms): Min: 0.0, Avg: 0.0, Max: 0.0, Diff: 0.0, Sum: 0.1]
      [GC Worker Total (ms): Min: 15.1, Avg: 15.2, Max: 15.2, Diff: 0.1, Sum: 151.6]
      [GC Worker End (ms): Min: 444.0, Avg: 444.0, Max: 444.0, Diff: 0.0]
   [Code Root Fixup: 0.0 ms]
   [Code Root Purge: 0.0 ms]
   [Clear CT: 0.6 ms]
   [Other: 0.9 ms]
      [Choose CSet: 0.0 ms]
      [Ref Proc: 0.2 ms]
      [Ref Enq: 0.0 ms]
      [Redirty Cards: 0.4 ms]
      [Humongous Register: 0.0 ms]
      [Humongous Reclaim: 0.0 ms]
      [Free CSet: 0.0 ms]
   [Eden: 356.0M(356.0M)->0.0B(356.0M) Survivors: 52.0M->52.0M Heap: 765.5M(8192.0M)->501.4M(8192.0M)]
 [Times: user=0.05 sys=0.11, real=0.02 secs] 
2022-01-17T00:26:44.438+0800: 0.481: [GC pause (G1 Evacuation Pause) (young), 0.0170750 secs]
   [Parallel Time: 15.5 ms, GC Workers: 10]
      [GC Worker Start (ms): Min: 481.1, Avg: 481.2, Max: 481.2, Diff: 0.1]
      [Ext Root Scanning (ms): Min: 0.0, Avg: 0.1, Max: 0.2, Diff: 0.1, Sum: 0.8]
      [Update RS (ms): Min: 0.0, Avg: 0.1, Max: 0.3, Diff: 0.3, Sum: 0.7]
         [Processed Buffers: Min: 0, Avg: 1.1, Max: 2, Diff: 2, Sum: 11]
      [Scan RS (ms): Min: 0.0, Avg: 0.0, Max: 0.0, Diff: 0.0, Sum: 0.1]
      [Code Root Scanning (ms): Min: 0.0, Avg: 0.0, Max: 0.0, Diff: 0.0, Sum: 0.0]
      [Object Copy (ms): Min: 14.9, Avg: 15.1, Max: 15.2, Diff: 0.4, Sum: 151.2]
      [Termination (ms): Min: 0.0, Avg: 0.1, Max: 0.2, Diff: 0.2, Sum: 1.2]
         [Termination Attempts: Min: 1, Avg: 1.0, Max: 1, Diff: 0, Sum: 10]
      [GC Worker Other (ms): Min: 0.0, Avg: 0.0, Max: 0.0, Diff: 0.0, Sum: 0.1]
      [GC Worker Total (ms): Min: 15.4, Avg: 15.4, Max: 15.5, Diff: 0.1, Sum: 154.1]
      [GC Worker End (ms): Min: 496.6, Avg: 496.6, Max: 496.6, Diff: 0.0]
   [Code Root Fixup: 0.0 ms]
   [Code Root Purge: 0.0 ms]
   [Clear CT: 0.6 ms]
   [Other: 0.9 ms]
      [Choose CSet: 0.0 ms]
      [Ref Proc: 0.2 ms]
      [Ref Enq: 0.0 ms]
      [Redirty Cards: 0.5 ms]
      [Humongous Register: 0.0 ms]
      [Humongous Reclaim: 0.0 ms]
      [Free CSet: 0.0 ms]
   [Eden: 356.0M(356.0M)->0.0B(356.0M) Survivors: 52.0M->52.0M Heap: 857.4M(8192.0M)->590.4M(8192.0M)]
 [Times: user=0.16 sys=0.00, real=0.02 secs] 
2022-01-17T00:26:44.490+0800: 0.532: [GC pause (G1 Evacuation Pause) (young), 0.0175685 secs]
   [Parallel Time: 16.0 ms, GC Workers: 10]
      [GC Worker Start (ms): Min: 532.4, Avg: 532.5, Max: 532.5, Diff: 0.1]
      [Ext Root Scanning (ms): Min: 0.0, Avg: 0.1, Max: 0.2, Diff: 0.1, Sum: 0.7]
      [Update RS (ms): Min: 0.0, Avg: 0.1, Max: 0.2, Diff: 0.1, Sum: 0.6]
         [Processed Buffers: Min: 0, Avg: 1.1, Max: 2, Diff: 2, Sum: 11]
      [Scan RS (ms): Min: 0.0, Avg: 0.0, Max: 0.0, Diff: 0.0, Sum: 0.1]
      [Code Root Scanning (ms): Min: 0.0, Avg: 0.0, Max: 0.0, Diff: 0.0, Sum: 0.0]
      [Object Copy (ms): Min: 15.6, Avg: 15.7, Max: 15.8, Diff: 0.1, Sum: 156.9]
      [Termination (ms): Min: 0.0, Avg: 0.1, Max: 0.1, Diff: 0.1, Sum: 0.7]
         [Termination Attempts: Min: 1, Avg: 1.0, Max: 1, Diff: 0, Sum: 10]
      [GC Worker Other (ms): Min: 0.0, Avg: 0.0, Max: 0.0, Diff: 0.0, Sum: 0.1]
      [GC Worker Total (ms): Min: 15.9, Avg: 15.9, Max: 16.0, Diff: 0.1, Sum: 159.0]
      [GC Worker End (ms): Min: 548.4, Avg: 548.4, Max: 548.4, Diff: 0.0]
   [Code Root Fixup: 0.0 ms]
   [Code Root Purge: 0.0 ms]
   [Clear CT: 0.5 ms]
   [Other: 1.0 ms]
      [Choose CSet: 0.0 ms]
      [Ref Proc: 0.3 ms]
      [Ref Enq: 0.0 ms]
      [Redirty Cards: 0.4 ms]
      [Humongous Register: 0.0 ms]
      [Humongous Reclaim: 0.0 ms]
      [Free CSet: 0.0 ms]
   [Eden: 356.0M(356.0M)->0.0B(356.0M) Survivors: 52.0M->52.0M Heap: 946.4M(8192.0M)->685.2M(8192.0M)]
 [Times: user=0.16 sys=0.02, real=0.02 secs] 
2022-01-17T00:26:44.541+0800: 0.583: [GC pause (G1 Evacuation Pause) (young), 0.0174337 secs]
   [Parallel Time: 15.9 ms, GC Workers: 10]
      [GC Worker Start (ms): Min: 583.1, Avg: 583.1, Max: 583.2, Diff: 0.1]
      [Ext Root Scanning (ms): Min: 0.1, Avg: 0.1, Max: 0.1, Diff: 0.1, Sum: 0.9]
      [Update RS (ms): Min: 0.0, Avg: 0.1, Max: 0.1, Diff: 0.1, Sum: 0.8]
         [Processed Buffers: Min: 1, Avg: 1.1, Max: 2, Diff: 1, Sum: 11]
      [Scan RS (ms): Min: 0.0, Avg: 0.0, Max: 0.0, Diff: 0.0, Sum: 0.1]
      [Code Root Scanning (ms): Min: 0.0, Avg: 0.0, Max: 0.0, Diff: 0.0, Sum: 0.0]
      [Object Copy (ms): Min: 15.3, Avg: 15.5, Max: 15.6, Diff: 0.3, Sum: 154.5]
      [Termination (ms): Min: 0.0, Avg: 0.2, Max: 0.3, Diff: 0.3, Sum: 1.6]
         [Termination Attempts: Min: 1, Avg: 1.1, Max: 2, Diff: 1, Sum: 11]
      [GC Worker Other (ms): Min: 0.0, Avg: 0.0, Max: 0.0, Diff: 0.0, Sum: 0.1]
      [GC Worker Total (ms): Min: 15.8, Avg: 15.8, Max: 15.8, Diff: 0.1, Sum: 157.9]
      [GC Worker End (ms): Min: 598.9, Avg: 598.9, Max: 598.9, Diff: 0.0]
   [Code Root Fixup: 0.0 ms]
   [Code Root Purge: 0.0 ms]
   [Clear CT: 0.5 ms]
   [Other: 1.1 ms]
      [Choose CSet: 0.0 ms]
      [Ref Proc: 0.4 ms]
      [Ref Enq: 0.0 ms]
      [Redirty Cards: 0.5 ms]
      [Humongous Register: 0.0 ms]
      [Humongous Reclaim: 0.0 ms]
      [Free CSet: 0.0 ms]
   [Eden: 356.0M(356.0M)->0.0B(356.0M) Survivors: 52.0M->52.0M Heap: 1041.2M(8192.0M)->781.0M(8192.0M)]
 [Times: user=0.03 sys=0.13, real=0.02 secs] 
2022-01-17T00:26:44.593+0800: 0.635: [GC pause (G1 Evacuation Pause) (young), 0.0180752 secs]
   [Parallel Time: 16.3 ms, GC Workers: 10]
      [GC Worker Start (ms): Min: 635.4, Avg: 635.5, Max: 635.5, Diff: 0.1]
      [Ext Root Scanning (ms): Min: 0.0, Avg: 0.1, Max: 0.1, Diff: 0.1, Sum: 0.8]
      [Update RS (ms): Min: 0.0, Avg: 0.1, Max: 0.3, Diff: 0.3, Sum: 0.8]
         [Processed Buffers: Min: 1, Avg: 1.1, Max: 2, Diff: 1, Sum: 11]
      [Scan RS (ms): Min: 0.0, Avg: 0.0, Max: 0.0, Diff: 0.0, Sum: 0.1]
      [Code Root Scanning (ms): Min: 0.0, Avg: 0.0, Max: 0.0, Diff: 0.0, Sum: 0.0]
      [Object Copy (ms): Min: 15.2, Avg: 15.6, Max: 15.8, Diff: 0.5, Sum: 155.7]
      [Termination (ms): Min: 0.0, Avg: 0.2, Max: 0.3, Diff: 0.2, Sum: 1.6]
         [Termination Attempts: Min: 1, Avg: 1.0, Max: 1, Diff: 0, Sum: 10]
      [GC Worker Other (ms): Min: 0.0, Avg: 0.0, Max: 0.0, Diff: 0.0, Sum: 0.2]
      [GC Worker Total (ms): Min: 15.9, Avg: 15.9, Max: 16.0, Diff: 0.1, Sum: 159.1]
      [GC Worker End (ms): Min: 651.4, Avg: 651.4, Max: 651.4, Diff: 0.0]
   [Code Root Fixup: 0.0 ms]
   [Code Root Purge: 0.0 ms]
   [Clear CT: 0.8 ms]
   [Other: 1.0 ms]
      [Choose CSet: 0.0 ms]
      [Ref Proc: 0.2 ms]
      [Ref Enq: 0.0 ms]
      [Redirty Cards: 0.5 ms]
      [Humongous Register: 0.0 ms]
      [Humongous Reclaim: 0.0 ms]
      [Free CSet: 0.0 ms]
   [Eden: 356.0M(356.0M)->0.0B(356.0M) Survivors: 52.0M->52.0M Heap: 1137.0M(8192.0M)->875.7M(8192.0M)]
 [Times: user=0.11 sys=0.05, real=0.02 secs] 
2022-01-17T00:26:44.646+0800: 0.688: [GC pause (G1 Evacuation Pause) (young), 0.0170377 secs]
   [Parallel Time: 15.3 ms, GC Workers: 10]
      [GC Worker Start (ms): Min: 688.1, Avg: 688.2, Max: 688.3, Diff: 0.1]
      [Ext Root Scanning (ms): Min: 0.0, Avg: 0.1, Max: 0.2, Diff: 0.1, Sum: 0.7]
      [Update RS (ms): Min: 0.0, Avg: 0.1, Max: 0.2, Diff: 0.1, Sum: 0.7]
         [Processed Buffers: Min: 1, Avg: 1.1, Max: 2, Diff: 1, Sum: 11]
      [Scan RS (ms): Min: 0.0, Avg: 0.0, Max: 0.0, Diff: 0.0, Sum: 0.1]
      [Code Root Scanning (ms): Min: 0.0, Avg: 0.0, Max: 0.0, Diff: 0.0, Sum: 0.0]
      [Object Copy (ms): Min: 14.4, Avg: 14.6, Max: 14.8, Diff: 0.4, Sum: 146.3]
      [Termination (ms): Min: 0.0, Avg: 0.1, Max: 0.3, Diff: 0.3, Sum: 1.5]
         [Termination Attempts: Min: 1, Avg: 1.0, Max: 1, Diff: 0, Sum: 10]
      [GC Worker Other (ms): Min: 0.0, Avg: 0.0, Max: 0.0, Diff: 0.0, Sum: 0.1]
      [GC Worker Total (ms): Min: 14.9, Avg: 14.9, Max: 15.0, Diff: 0.1, Sum: 149.4]
      [GC Worker End (ms): Min: 703.1, Avg: 703.2, Max: 703.2, Diff: 0.0]
   [Code Root Fixup: 0.0 ms]
   [Code Root Purge: 0.0 ms]
   [Clear CT: 0.6 ms]
   [Other: 1.2 ms]
      [Choose CSet: 0.0 ms]
      [Ref Proc: 0.4 ms]
      [Ref Enq: 0.0 ms]
      [Redirty Cards: 0.5 ms]
      [Humongous Register: 0.0 ms]
      [Humongous Reclaim: 0.0 ms]
      [Free CSet: 0.0 ms]
   [Eden: 356.0M(356.0M)->0.0B(444.0M) Survivors: 52.0M->52.0M Heap: 1231.7M(8192.0M)->963.2M(8192.0M)]
 [Times: user=0.11 sys=0.05, real=0.02 secs] 
2022-01-17T00:26:44.713+0800: 0.756: [GC pause (G1 Evacuation Pause) (young), 0.0196779 secs]
   [Parallel Time: 18.0 ms, GC Workers: 10]
      [GC Worker Start (ms): Min: 756.0, Avg: 756.1, Max: 756.1, Diff: 0.2]
      [Ext Root Scanning (ms): Min: 0.0, Avg: 0.1, Max: 0.2, Diff: 0.2, Sum: 0.6]
      [Update RS (ms): Min: 0.0, Avg: 0.1, Max: 0.1, Diff: 0.1, Sum: 0.7]
         [Processed Buffers: Min: 0, Avg: 1.1, Max: 2, Diff: 2, Sum: 11]
      [Scan RS (ms): Min: 0.0, Avg: 0.0, Max: 0.0, Diff: 0.0, Sum: 0.1]
      [Code Root Scanning (ms): Min: 0.0, Avg: 0.0, Max: 0.0, Diff: 0.0, Sum: 0.0]
      [Object Copy (ms): Min: 17.4, Avg: 17.5, Max: 17.7, Diff: 0.2, Sum: 175.2]
      [Termination (ms): Min: 0.0, Avg: 0.2, Max: 0.3, Diff: 0.3, Sum: 1.6]
         [Termination Attempts: Min: 1, Avg: 1.0, Max: 1, Diff: 0, Sum: 10]
      [GC Worker Other (ms): Min: 0.0, Avg: 0.0, Max: 0.0, Diff: 0.0, Sum: 0.1]
      [GC Worker Total (ms): Min: 17.8, Avg: 17.8, Max: 17.9, Diff: 0.2, Sum: 178.3]
      [GC Worker End (ms): Min: 773.9, Avg: 773.9, Max: 773.9, Diff: 0.0]
   [Code Root Fixup: 0.0 ms]
   [Code Root Purge: 0.0 ms]
   [Clear CT: 0.7 ms]
   [Other: 0.9 ms]
      [Choose CSet: 0.0 ms]
      [Ref Proc: 0.2 ms]
      [Ref Enq: 0.0 ms]
      [Redirty Cards: 0.5 ms]
      [Humongous Register: 0.0 ms]
      [Humongous Reclaim: 0.0 ms]
      [Free CSet: 0.1 ms]
   [Eden: 444.0M(444.0M)->0.0B(520.0M) Survivors: 52.0M->64.0M Heap: 1407.2M(8192.0M)->1072.8M(8192.0M)]
 [Times: user=0.08 sys=0.08, real=0.02 secs] 
2022-01-17T00:26:44.789+0800: 0.832: [GC pause (G1 Evacuation Pause) (young), 0.0218377 secs]
   [Parallel Time: 20.3 ms, GC Workers: 10]
      [GC Worker Start (ms): Min: 831.7, Avg: 831.8, Max: 831.9, Diff: 0.2]
      [Ext Root Scanning (ms): Min: 0.0, Avg: 0.1, Max: 0.2, Diff: 0.2, Sum: 0.6]
      [Update RS (ms): Min: 0.0, Avg: 0.1, Max: 0.2, Diff: 0.2, Sum: 0.7]
         [Processed Buffers: Min: 0, Avg: 1.1, Max: 2, Diff: 2, Sum: 11]
      [Scan RS (ms): Min: 0.0, Avg: 0.0, Max: 0.0, Diff: 0.0, Sum: 0.1]
      [Code Root Scanning (ms): Min: 0.0, Avg: 0.0, Max: 0.0, Diff: 0.0, Sum: 0.0]
      [Object Copy (ms): Min: 19.7, Avg: 19.8, Max: 20.0, Diff: 0.3, Sum: 198.3]
      [Termination (ms): Min: 0.0, Avg: 0.2, Max: 0.3, Diff: 0.3, Sum: 1.8]
         [Termination Attempts: Min: 1, Avg: 1.0, Max: 1, Diff: 0, Sum: 10]
      [GC Worker Other (ms): Min: 0.0, Avg: 0.0, Max: 0.0, Diff: 0.0, Sum: 0.1]
      [GC Worker Total (ms): Min: 20.1, Avg: 20.2, Max: 20.3, Diff: 0.2, Sum: 201.6]
      [GC Worker End (ms): Min: 852.0, Avg: 852.0, Max: 852.0, Diff: 0.0]
   [Code Root Fixup: 0.0 ms]
   [Code Root Purge: 0.0 ms]
   [Clear CT: 0.6 ms]
   [Other: 1.0 ms]
      [Choose CSet: 0.0 ms]
      [Ref Proc: 0.3 ms]
      [Ref Enq: 0.0 ms]
      [Redirty Cards: 0.4 ms]
      [Humongous Register: 0.0 ms]
      [Humongous Reclaim: 0.0 ms]
      [Free CSet: 0.1 ms]
   [Eden: 520.0M(520.0M)->0.0B(940.0M) Survivors: 64.0M->76.0M Heap: 1592.8M(8192.0M)->1192.9M(8192.0M)]
 [Times: user=0.09 sys=0.06, real=0.02 secs] 
2022-01-17T00:26:44.975+0800: 1.017: [GC pause (G1 Evacuation Pause) (young), 0.0299563 secs]
   [Parallel Time: 28.2 ms, GC Workers: 10]
      [GC Worker Start (ms): Min: 1016.9, Avg: 1017.0, Max: 1017.0, Diff: 0.2]
      [Ext Root Scanning (ms): Min: 0.0, Avg: 0.1, Max: 0.2, Diff: 0.2, Sum: 0.5]
      [Update RS (ms): Min: 0.1, Avg: 0.1, Max: 0.1, Diff: 0.1, Sum: 0.7]
         [Processed Buffers: Min: 1, Avg: 1.1, Max: 2, Diff: 1, Sum: 11]
      [Scan RS (ms): Min: 0.0, Avg: 0.0, Max: 0.0, Diff: 0.0, Sum: 0.2]
      [Code Root Scanning (ms): Min: 0.0, Avg: 0.0, Max: 0.0, Diff: 0.0, Sum: 0.0]
      [Object Copy (ms): Min: 27.4, Avg: 27.5, Max: 27.6, Diff: 0.3, Sum: 275.0]
      [Termination (ms): Min: 0.0, Avg: 0.1, Max: 0.3, Diff: 0.3, Sum: 1.4]
         [Termination Attempts: Min: 1, Avg: 1.0, Max: 1, Diff: 0, Sum: 10]
      [GC Worker Other (ms): Min: 0.0, Avg: 0.0, Max: 0.0, Diff: 0.0, Sum: 0.1]
      [GC Worker Total (ms): Min: 27.7, Avg: 27.8, Max: 27.9, Diff: 0.2, Sum: 277.9]
      [GC Worker End (ms): Min: 1044.8, Avg: 1044.8, Max: 1044.8, Diff: 0.0]
   [Code Root Fixup: 0.0 ms]
   [Code Root Purge: 0.0 ms]
   [Clear CT: 0.5 ms]
   [Other: 1.2 ms]
      [Choose CSet: 0.0 ms]
      [Ref Proc: 0.4 ms]
      [Ref Enq: 0.0 ms]
      [Redirty Cards: 0.5 ms]
      [Humongous Register: 0.0 ms]
      [Humongous Reclaim: 0.0 ms]
      [Free CSet: 0.1 ms]
   [Eden: 940.0M(940.0M)->0.0B(780.0M) Survivors: 76.0M->128.0M Heap: 2132.9M(8192.0M)->1370.8M(8192.0M)]
 [Times: user=0.09 sys=0.22, real=0.03 secs] 
2022-01-17T00:26:45.081+0800: 1.124: [GC pause (G1 Evacuation Pause) (young), 0.0311142 secs]
   [Parallel Time: 29.4 ms, GC Workers: 10]
      [GC Worker Start (ms): Min: 1123.7, Avg: 1123.8, Max: 1123.9, Diff: 0.2]
      [Ext Root Scanning (ms): Min: 0.0, Avg: 0.1, Max: 0.2, Diff: 0.2, Sum: 0.5]
      [Update RS (ms): Min: 0.0, Avg: 0.1, Max: 0.3, Diff: 0.3, Sum: 0.9]
         [Processed Buffers: Min: 1, Avg: 1.1, Max: 2, Diff: 1, Sum: 11]
      [Scan RS (ms): Min: 0.0, Avg: 0.0, Max: 0.0, Diff: 0.0, Sum: 0.2]
      [Code Root Scanning (ms): Min: 0.0, Avg: 0.0, Max: 0.0, Diff: 0.0, Sum: 0.0]
      [Object Copy (ms): Min: 28.3, Avg: 28.6, Max: 28.8, Diff: 0.4, Sum: 285.5]
      [Termination (ms): Min: 0.0, Avg: 0.2, Max: 0.3, Diff: 0.3, Sum: 1.8]
         [Termination Attempts: Min: 1, Avg: 1.0, Max: 1, Diff: 0, Sum: 10]
      [GC Worker Other (ms): Min: 0.0, Avg: 0.0, Max: 0.0, Diff: 0.0, Sum: 0.1]
      [GC Worker Total (ms): Min: 28.8, Avg: 28.9, Max: 29.0, Diff: 0.2, Sum: 289.1]
      [GC Worker End (ms): Min: 1152.7, Avg: 1152.7, Max: 1152.8, Diff: 0.0]
   [Code Root Fixup: 0.0 ms]
   [Code Root Purge: 0.0 ms]
   [Clear CT: 0.7 ms]
   [Other: 1.0 ms]
      [Choose CSet: 0.0 ms]
      [Ref Proc: 0.2 ms]
      [Ref Enq: 0.0 ms]
      [Redirty Cards: 0.5 ms]
      [Humongous Register: 0.0 ms]
      [Humongous Reclaim: 0.0 ms]
      [Free CSet: 0.1 ms]
   [Eden: 780.0M(780.0M)->0.0B(952.0M) Survivors: 128.0M->116.0M Heap: 2150.8M(8192.0M)->1522.2M(8192.0M)]
 [Times: user=0.13 sys=0.19, real=0.03 secs] 
2022-01-17T00:26:45.204+0800: 1.247: [GC pause (G1 Evacuation Pause) (young), 0.0305623 secs]
   [Parallel Time: 29.1 ms, GC Workers: 10]
      [GC Worker Start (ms): Min: 1247.1, Avg: 1247.2, Max: 1247.3, Diff: 0.1]
      [Ext Root Scanning (ms): Min: 0.0, Avg: 0.1, Max: 0.2, Diff: 0.1, Sum: 0.7]
      [Update RS (ms): Min: 0.0, Avg: 0.1, Max: 0.1, Diff: 0.1, Sum: 0.8]
         [Processed Buffers: Min: 1, Avg: 1.1, Max: 2, Diff: 1, Sum: 11]
      [Scan RS (ms): Min: 0.0, Avg: 0.0, Max: 0.0, Diff: 0.0, Sum: 0.2]
      [Code Root Scanning (ms): Min: 0.0, Avg: 0.0, Max: 0.0, Diff: 0.0, Sum: 0.0]
      [Object Copy (ms): Min: 28.3, Avg: 28.4, Max: 28.5, Diff: 0.2, Sum: 283.7]
      [Termination (ms): Min: 0.0, Avg: 0.1, Max: 0.2, Diff: 0.2, Sum: 1.0]
         [Termination Attempts: Min: 1, Avg: 1.0, Max: 1, Diff: 0, Sum: 10]
      [GC Worker Other (ms): Min: 0.0, Avg: 0.0, Max: 0.1, Diff: 0.1, Sum: 0.3]
      [GC Worker Total (ms): Min: 28.6, Avg: 28.7, Max: 28.8, Diff: 0.2, Sum: 286.7]
      [GC Worker End (ms): Min: 1275.9, Avg: 1275.9, Max: 1276.0, Diff: 0.1]
   [Code Root Fixup: 0.0 ms]
   [Code Root Purge: 0.0 ms]
   [Clear CT: 0.6 ms]
   [Other: 0.9 ms]
      [Choose CSet: 0.0 ms]
      [Ref Proc: 0.2 ms]
      [Ref Enq: 0.0 ms]
      [Redirty Cards: 0.4 ms]
      [Humongous Register: 0.1 ms]
      [Humongous Reclaim: 0.0 ms]
      [Free CSet: 0.1 ms]
   [Eden: 952.0M(952.0M)->0.0B(1908.0M) Survivors: 116.0M->136.0M Heap: 2474.2M(8192.0M)->1676.4M(8192.0M)]
 [Times: user=0.17 sys=0.14, real=0.03 secs] 
2022-01-17T00:26:45.581+0800: 1.624: [GC pause (G1 Evacuation Pause) (young), 0.0378425 secs]
   [Parallel Time: 36.0 ms, GC Workers: 10]
      [GC Worker Start (ms): Min: 1623.8, Avg: 1623.9, Max: 1624.0, Diff: 0.2]
      [Ext Root Scanning (ms): Min: 0.0, Avg: 0.1, Max: 0.2, Diff: 0.2, Sum: 0.6]
      [Update RS (ms): Min: 0.0, Avg: 0.1, Max: 0.3, Diff: 0.3, Sum: 0.8]
         [Processed Buffers: Min: 0, Avg: 1.1, Max: 2, Diff: 2, Sum: 11]
      [Scan RS (ms): Min: 0.0, Avg: 0.0, Max: 0.1, Diff: 0.1, Sum: 0.5]
      [Code Root Scanning (ms): Min: 0.0, Avg: 0.0, Max: 0.0, Diff: 0.0, Sum: 0.0]
      [Object Copy (ms): Min: 35.2, Avg: 35.4, Max: 35.6, Diff: 0.3, Sum: 354.4]
      [Termination (ms): Min: 0.0, Avg: 0.1, Max: 0.2, Diff: 0.2, Sum: 1.1]
         [Termination Attempts: Min: 1, Avg: 1.1, Max: 2, Diff: 1, Sum: 11]
      [GC Worker Other (ms): Min: 0.0, Avg: 0.0, Max: 0.0, Diff: 0.0, Sum: 0.3]
      [GC Worker Total (ms): Min: 35.7, Avg: 35.8, Max: 35.9, Diff: 0.2, Sum: 357.7]
      [GC Worker End (ms): Min: 1659.6, Avg: 1659.7, Max: 1659.7, Diff: 0.0]
   [Code Root Fixup: 0.0 ms]
   [Code Root Purge: 0.0 ms]
   [Clear CT: 0.6 ms]
   [Other: 1.2 ms]
      [Choose CSet: 0.0 ms]
      [Ref Proc: 0.2 ms]
      [Ref Enq: 0.0 ms]
      [Redirty Cards: 0.6 ms]
      [Humongous Register: 0.0 ms]
      [Humongous Reclaim: 0.0 ms]
      [Free CSet: 0.2 ms]
   [Eden: 1908.0M(1908.0M)->0.0B(1828.0M) Survivors: 136.0M->256.0M Heap: 3584.4M(8192.0M)->1882.0M(8192.0M)]
 [Times: user=0.13 sys=0.34, real=0.04 secs] 
2022-01-17T00:26:45.801+0800: 1.843: [GC pause (G1 Evacuation Pause) (young), 0.0370293 secs]
   [Parallel Time: 35.7 ms, GC Workers: 10]
      [GC Worker Start (ms): Min: 1843.0, Avg: 1843.2, Max: 1843.2, Diff: 0.2]
      [Ext Root Scanning (ms): Min: 0.0, Avg: 0.1, Max: 0.2, Diff: 0.2, Sum: 0.6]
      [Update RS (ms): Min: 0.0, Avg: 0.1, Max: 0.4, Diff: 0.3, Sum: 1.0]
         [Processed Buffers: Min: 1, Avg: 1.1, Max: 2, Diff: 1, Sum: 11]
      [Scan RS (ms): Min: 0.0, Avg: 0.0, Max: 0.1, Diff: 0.1, Sum: 0.4]
      [Code Root Scanning (ms): Min: 0.0, Avg: 0.0, Max: 0.0, Diff: 0.0, Sum: 0.0]
      [Object Copy (ms): Min: 34.8, Avg: 35.1, Max: 35.2, Diff: 0.4, Sum: 350.9]
      [Termination (ms): Min: 0.0, Avg: 0.1, Max: 0.2, Diff: 0.2, Sum: 0.9]
         [Termination Attempts: Min: 1, Avg: 1.1, Max: 2, Diff: 1, Sum: 11]
      [GC Worker Other (ms): Min: 0.0, Avg: 0.0, Max: 0.0, Diff: 0.0, Sum: 0.1]
      [GC Worker Total (ms): Min: 35.3, Avg: 35.4, Max: 35.5, Diff: 0.2, Sum: 353.9]
      [GC Worker End (ms): Min: 1878.5, Avg: 1878.5, Max: 1878.6, Diff: 0.0]
   [Code Root Fixup: 0.0 ms]
   [Code Root Purge: 0.0 ms]
   [Clear CT: 0.4 ms]
   [Other: 0.9 ms]
      [Choose CSet: 0.0 ms]
      [Ref Proc: 0.3 ms]
      [Ref Enq: 0.0 ms]
      [Redirty Cards: 0.2 ms]
      [Humongous Register: 0.0 ms]
      [Humongous Reclaim: 0.0 ms]
      [Free CSet: 0.2 ms]
   [Eden: 1828.0M(1828.0M)->0.0B(3640.0M) Survivors: 256.0M->264.0M Heap: 3710.0M(8192.0M)->1977.0M(8192.0M)]
 [Times: user=0.31 sys=0.16, real=0.04 secs] 
2022-01-17T00:26:46.528+0800: 2.570: [GC pause (G1 Evacuation Pause) (young), 0.0622416 secs]
   [Parallel Time: 60.5 ms, GC Workers: 10]
      [GC Worker Start (ms): Min: 2569.8, Avg: 2569.8, Max: 2569.9, Diff: 0.1]
      [Ext Root Scanning (ms): Min: 0.1, Avg: 0.1, Max: 0.1, Diff: 0.1, Sum: 0.9]
      [Update RS (ms): Min: 0.0, Avg: 0.1, Max: 0.1, Diff: 0.1, Sum: 0.7]
         [Processed Buffers: Min: 1, Avg: 1.1, Max: 2, Diff: 1, Sum: 11]
      [Scan RS (ms): Min: 0.0, Avg: 0.1, Max: 0.1, Diff: 0.1, Sum: 0.9]
      [Code Root Scanning (ms): Min: 0.0, Avg: 0.0, Max: 0.0, Diff: 0.0, Sum: 0.0]
      [Object Copy (ms): Min: 59.8, Avg: 60.0, Max: 60.2, Diff: 0.3, Sum: 599.7]
      [Termination (ms): Min: 0.0, Avg: 0.2, Max: 0.4, Diff: 0.4, Sum: 2.0]
         [Termination Attempts: Min: 1, Avg: 1.0, Max: 1, Diff: 0, Sum: 10]
      [GC Worker Other (ms): Min: 0.0, Avg: 0.0, Max: 0.0, Diff: 0.0, Sum: 0.3]
      [GC Worker Total (ms): Min: 60.4, Avg: 60.4, Max: 60.5, Diff: 0.1, Sum: 604.4]
      [GC Worker End (ms): Min: 2630.3, Avg: 2630.3, Max: 2630.3, Diff: 0.0]
   [Code Root Fixup: 0.0 ms]
   [Code Root Purge: 0.0 ms]
   [Clear CT: 0.6 ms]
   [Other: 1.1 ms]
      [Choose CSet: 0.0 ms]
      [Ref Proc: 0.1 ms]
      [Ref Enq: 0.0 ms]
      [Redirty Cards: 0.4 ms]
      [Humongous Register: 0.0 ms]
      [Humongous Reclaim: 0.0 ms]
      [Free CSet: 0.4 ms]
   [Eden: 3640.0M(3640.0M)->0.0B(4524.0M) Survivors: 264.0M->388.0M Heap: 5617.0M(8192.0M)->2106.4M(8192.0M)]
 [Times: user=0.11 sys=0.50, real=0.06 secs] 
Heap
 garbage-first heap   total 8388608K, used 6396358K [0x00000005c0000000, 0x00000005c0404000, 0x00000007c0000000)
  region size 4096K, 1133 young (4640768K), 97 survivors (397312K)
 Metaspace       used 2716K, capacity 4490K, committed 4864K, reserved 1056768K
  class space    used 291K, capacity 386K, committed 512K, reserved 1048576K
