Java HotSpot(TM) 64-Bit Server VM (25.231-b11) for windows-amd64 JRE (1.8.0_231-b11), built on Oct  5 2019 03:11:30 by "java_re" with MS VC++ 10.0 (VS2010)
Memory: 4k page, physical 16718268k(8612232k free), swap 19773260k(4541396k free)
CommandLine flags: -XX:InitialHeapSize=8589934592 -XX:MaxHeapSize=8589934592 -XX:+PrintGC -XX:+PrintGCDateStamps -XX:+PrintGCDetails -XX:+PrintGCTimeStamps -XX:-UseAdaptiveSizePolicy -XX:+UseCompressedClassPointers -XX:+UseCompressedOops -XX:-UseLargePagesIndividualAllocation -XX:+UseSerialGC 
2022-01-17T00:26:24.951+0800: 0.744: [GC (Allocation Failure) 2022-01-17T00:26:24.951+0800: 0.744: [DefNew: 2236928K->279616K(2516544K), 0.0987548 secs] 2236928K->330699K(8108992K), 0.0989142 secs] [Times: user=0.05 sys=0.05, real=0.10 secs] 
2022-01-17T00:26:25.277+0800: 1.070: [GC (Allocation Failure) 2022-01-17T00:26:25.277+0800: 1.070: [DefNew: 2516544K->279615K(2516544K), 0.1065170 secs] 2567627K->422125K(8108992K), 0.1065784 secs] [Times: user=0.03 sys=0.08, real=0.11 secs] 
2022-01-17T00:26:25.598+0800: 1.390: [GC (Allocation Failure) 2022-01-17T00:26:25.598+0800: 1.390: [DefNew: 2516543K->279615K(2516544K), 0.0562331 secs] 2659053K->501901K(8108992K), 0.0562934 secs] [Times: user=0.03 sys=0.03, real=0.06 secs] 
2022-01-17T00:26:25.850+0800: 1.643: [GC (Allocation Failure) 2022-01-17T00:26:25.850+0800: 1.643: [DefNew: 2516543K->279615K(2516544K), 0.0585115 secs] 2738829K->593963K(8108992K), 0.0585723 secs] [Times: user=0.06 sys=0.00, real=0.06 secs] 
2022-01-17T00:26:26.112+0800: 1.905: [GC (Allocation Failure) 2022-01-17T00:26:26.112+0800: 1.905: [DefNew: 2516543K->279614K(2516544K), 0.0562442 secs] 2830891K->675847K(8108992K), 0.0563049 secs] [Times: user=0.03 sys=0.03, real=0.06 secs] 
2022-01-17T00:26:26.365+0800: 2.158: [GC (Allocation Failure) 2022-01-17T00:26:26.365+0800: 2.159: [DefNew: 2516542K->279615K(2516544K), 0.0618414 secs] 2912775K->778154K(8108992K), 0.0619039 secs] [Times: user=0.05 sys=0.02, real=0.06 secs] 
2022-01-17T00:26:26.628+0800: 2.420: [GC (Allocation Failure) 2022-01-17T00:26:26.628+0800: 2.420: [DefNew: 2516543K->279615K(2516544K), 0.0624327 secs] 3015082K->881957K(8108992K), 0.0624943 secs] [Times: user=0.05 sys=0.02, real=0.06 secs] 
2022-01-17T00:26:26.889+0800: 2.682: [GC (Allocation Failure) 2022-01-17T00:26:26.889+0800: 2.682: [DefNew: 2516543K->279615K(2516544K), 0.0551127 secs] 3118885K->961102K(8108992K), 0.0551754 secs] [Times: user=0.05 sys=0.00, real=0.06 secs] 
2022-01-17T00:26:27.151+0800: 2.944: [GC (Allocation Failure) 2022-01-17T00:26:27.151+0800: 2.944: [DefNew: 2516543K->279615K(2516544K), 0.0659783 secs] 3198030K->1060116K(8108992K), 0.0660406 secs] [Times: user=0.05 sys=0.02, real=0.07 secs] 
Heap
 def new generation   total 2516544K, used 954418K [0x00000005c0000000, 0x000000066aaa0000, 0x000000066aaa0000)
  eden space 2236928K,  30% used [0x00000005c0000000, 0x00000005e92fc820, 0x0000000648880000)
  from space 279616K,  99% used [0x0000000659990000, 0x000000066aa9fff8, 0x000000066aaa0000)
  to   space 279616K,   0% used [0x0000000648880000, 0x0000000648880000, 0x0000000659990000)
 tenured generation   total 5592448K, used 780500K [0x000000066aaa0000, 0x00000007c0000000, 0x00000007c0000000)
   the space 5592448K,  13% used [0x000000066aaa0000, 0x000000069a4d5078, 0x000000069a4d5200, 0x00000007c0000000)
 Metaspace       used 2716K, capacity 4490K, committed 4864K, reserved 1056768K
  class space    used 291K, capacity 386K, committed 512K, reserved 1048576K
